
--- Running Pipeline Option 1 (Dir -> JSON -> Excel) ---
INFO - Starting conversion for directory: C:\Users\idoca\Desktop\אישי\אקדמיה\תואר שני\מחקר\BTN\GlobalPPREstimation\regions\LME_027\validation_reports\BancArguin_20261003\extraction\skill_regression_updated_final\out
INFO - Output will be saved as: 27_regression_Fidelity_(1991).json
INFO - Biomass accumulation loaded for 1 group(s) from Biomass_accumulation.csv
INFO - Processing group: Consumer (ID: 1)
INFO -     - BA -0.006 t/km^2/year derived from rate -0.050 * B 0.12 (not stated by the source)
INFO -     - Biomass accumulation: -0.006 t/km^2/year, -0.050 /year
INFO -     - Total Diet + Import sum for Consumer: 0.98033
WARNING -     - Diet Sum is not 1 (0.98033); preserving source values for review
INFO -     - Detritus fate sum for Consumer: 0.00000
WARNING -     - Missing Detritus fate routing for Consumer (Sum = 0.0)
INFO - Processing group: Producer (ID: 2)
INFO -     -> Identified as Primary Producer (pp = 1).
INFO - Processing group: Detritus (ID: 3)
INFO -     -> Identified as Detritus group (pp = 2).
INFO - 
Success: Output saved to C:\Users\idoca\Desktop\אישי\אקדמיה\תואר שני\מחקר\BTN\GlobalPPREstimation\regions\LME_027\validation_reports\BancArguin_20261003\extraction\skill_regression_updated_final\out\27_regression_Fidelity_(1991).json
INFO - 
--- Mass balance check: INDETERMINATE ---
INFO - BA is unknown (-9999) for 3 of 3 group(s); those groups cannot be decided unless they reconcile without it.
INFO - NOTE  1 group(s) carry all four of B/P-B/Q-B/EE - Ecopath needs three, so one of them is probably a published model estimate rather than an input; record which in REPORT.md: 1 (Consumer)
INFO - NOTE  detritus pools (1): inflow ~360.1, consumption ~0 t/km^2/year, implied EE ~0.000 (indicative - export is not separated, it uses recomputed EE where the source gave none, and any unknown BA is left out of the flows entirely)
WARNING - INDET group 2 (Producer): printed EE 0.40 vs recomputed 0.000 (diff 0.400) with BA unknown - a BA of +239.8 t/km^2/year (+0.40 of production) would close it - undecidable: this may be an extraction error or the BA the source never printed
INFO - 0 error(s), 1 indeterminate, 0 warning(s), 2 note(s)
INFO - An indeterminate group is a prompt to go back to the source for biomass accumulation, not a BA to enter. A BA this check suggested and then validated itself against would prove nothing.
INFO - Mass balance section written to C:\Users\idoca\Desktop\אישי\אקדמיה\תואר שני\מחקר\BTN\GlobalPPREstimation\regions\LME_027\validation_reports\BancArguin_20261003\extraction\skill_regression_updated_final\out\MASS_BALANCE.md
INFO - Log saved to C:\Users\idoca\Desktop\אישי\אקדמיה\תואר שני\מחקר\BTN\GlobalPPREstimation\regions\LME_027\validation_reports\BancArguin_20261003\extraction\skill_regression_updated_final\out\ewe_conversion.log
INFO - Reading JSON: C:\Users\idoca\Desktop\אישי\אקדמיה\תואר שני\מחקר\BTN\GlobalPPREstimation\regions\LME_027\validation_reports\BancArguin_20261003\extraction\skill_regression_updated_final\out\27_regression_Fidelity_(1991).json
