INFO - Starting conversion for directory: C:\Users\idoca\Desktop\אישי\אקדמיה\תואר שני\מחקר\BTN\GlobalPPREstimation\regions\LME_038\models\38_38001_Java_Sea_(mid1970s)\extracted_tables
INFO - Output will be saved as: 38_Indonesian_Sea_38001_Java_Sea_(mid1970s).json
INFO - Biomass accumulation file Biomass_accumulation.csv is entirely blank: BA is UNKNOWN for every group (-9999), not zero.
INFO - Processing group: Benthic producers (ID: 1)
INFO -     - Detritus fate sum for Benthic producers: 1.00000
INFO -     -> Identified as Primary Producer (pp = 1).
INFO - Processing group: Phytoplankton (ID: 2)
INFO -     - Detritus fate sum for Phytoplankton: 1.00000
INFO -     -> Identified as Primary Producer (pp = 1).
INFO - Processing group: Small herb. zoopl. (ID: 3)
INFO -     - Total Diet + Import sum for Small herb. zoopl.: 1.00000
INFO -     - Detritus fate sum for Small herb. zoopl.: 1.00000
INFO - Processing group: Lg. herb. zoopl. (ID: 4)
INFO -     - Total Diet + Import sum for Lg. herb. zoopl.: 1.00000
INFO -     - Detritus fate sum for Lg. herb. zoopl.: 1.00000
INFO - Processing group: Carn. zoopl. (ID: 5)
INFO -     - Total Diet + Import sum for Carn. zoopl.: 1.00000
INFO -     - Detritus fate sum for Carn. zoopl.: 1.00000
INFO - Processing group: Jelly fishes (ID: 6)
INFO -     - Total Diet + Import sum for Jelly fishes: 1.00000
INFO -     - Detritus fate sum for Jelly fishes: 1.00000
INFO - Processing group: Benthic infauna (ID: 7)
INFO -     - Total Diet + Import sum for Benthic infauna: 1.00000
INFO -     - Detritus fate sum for Benthic infauna: 1.00000
INFO - Processing group: SAF (ID: 8)
INFO -     - Total Diet + Import sum for SAF: 1.00000
INFO -     - Detritus fate sum for SAF: 1.00000
INFO - Processing group: Macrozoobenthos (ID: 9)
INFO -     - Total Diet + Import sum for Macrozoobenthos: 0.66000
WARNING -     - Diet Sum is not 1 (0.66000). Normalizing to 1.0
INFO -     - Detritus fate sum for Macrozoobenthos: 1.00000
INFO - Processing group: LBS (ID: 10)
INFO -     - Total Diet + Import sum for LBS: 1.00000
INFO -     - Detritus fate sum for LBS: 1.00000
INFO - Processing group: Juv. pen. shrimps (ID: 11)
INFO -     - Total Diet + Import sum for Juv. pen. shrimps: 1.00000
INFO -     - Detritus fate sum for Juv. pen. shrimps: 1.00000
INFO - Processing group: Lg. pel. pred. (J) (ID: 12)
INFO -     - Total Diet + Import sum for Lg. pel. pred. (J): 1.00000
INFO -     - Detritus fate sum for Lg. pel. pred. (J): 1.00000
INFO - Processing group: Ad. pen. shrimps (ID: 13)
INFO -     - Total Diet + Import sum for Ad. pen. shrimps: 1.00000
INFO -     - Detritus fate sum for Ad. pen. shrimps: 1.00000
INFO - Processing group: Misc. pelagics (ID: 14)
INFO -     - Total Diet + Import sum for Misc. pelagics: 1.00000
INFO -     - Detritus fate sum for Misc. pelagics: 1.00000
INFO - Processing group: Leiognathids (ID: 15)
INFO -     - Total Diet + Import sum for Leiognathids: 1.00000
INFO -     - Detritus fate sum for Leiognathids: 1.00000
INFO - Processing group: Crabs + Lobsters (ID: 16)
INFO -     - Total Diet + Import sum for Crabs + Lobsters: 1.00000
INFO -     - Detritus fate sum for Crabs + Lobsters: 1.00000
INFO - Processing group: Cephalopods (ID: 17)
INFO -     - Total Diet + Import sum for Cephalopods: 1.00000
INFO -     - Detritus fate sum for Cephalopods: 1.00000
INFO - Processing group: Decapterus spp. (ID: 18)
INFO -     - Total Diet + Import sum for Decapterus spp.: 1.00000
INFO -     - Detritus fate sum for Decapterus spp.: 1.00000
INFO - Processing group: Rastrelliger spp. (ID: 19)
INFO -     - Total Diet + Import sum for Rastrelliger spp.: 1.00000
INFO -     - Detritus fate sum for Rastrelliger spp.: 1.00000
INFO - Processing group: Clupeoids (ID: 20)
INFO -     - Total Diet + Import sum for Clupeoids: 1.00000
INFO -     - Detritus fate sum for Clupeoids: 1.00000
INFO - Processing group: Small demersals (ID: 21)
INFO -     - Total Diet + Import sum for Small demersals: 1.00000
INFO -     - Detritus fate sum for Small demersals: 1.00000
INFO - Processing group: Med. demersals (ID: 22)
INFO -     - Total Diet + Import sum for Med. demersals: 1.00000
INFO -     - Detritus fate sum for Med. demersals: 1.00000
INFO - Processing group: Lg. dem. pred. (J) (ID: 23)
INFO -     - Total Diet + Import sum for Lg. dem. pred. (J): 1.00000
INFO -     - Detritus fate sum for Lg. dem. pred. (J): 1.00000
INFO - Processing group: Demersal rays (ID: 24)
INFO -     - Total Diet + Import sum for Demersal rays: 1.00000
INFO -     - Detritus fate sum for Demersal rays: 1.00000
INFO - Processing group: Lg. pel. pred (A) (ID: 25)
INFO -     - Total Diet + Import sum for Lg. pel. pred (A): 1.00000
INFO -     - Detritus fate sum for Lg. pel. pred (A): 1.00000
INFO - Processing group: Lg. dem. pred (A) (ID: 26)
INFO -     - Total Diet + Import sum for Lg. dem. pred (A): 1.00000
INFO -     - Detritus fate sum for Lg. dem. pred (A): 1.00000
INFO - Processing group: Marine mammals (ID: 27)
INFO -     - Total Diet + Import sum for Marine mammals: 1.00000
INFO -     - Detritus fate sum for Marine mammals: 1.00000
INFO - Processing group: Detritus (ID: 28)
INFO -     - Detritus fate sum for Detritus: 1.00000
INFO -     -> Identified as Detritus group (pp = 2).
INFO - 
Success: Output saved to C:\Users\idoca\Desktop\אישי\אקדמיה\תואר שני\מחקר\BTN\GlobalPPREstimation\regions\LME_038\models\38_38001_Java_Sea_(mid1970s)\extracted_tables\38_Indonesian_Sea_38001_Java_Sea_(mid1970s).json
INFO - 
--- Mass balance check: INDETERMINATE ---
INFO - BA is unknown (-9999) for 28 of 28 group(s); those groups cannot be decided unless they reconcile without it.
INFO - NOTE  25 group(s) carry all four of B/P-B/Q-B/EE - Ecopath needs three, so one of them is probably a published model estimate rather than an input; record which in REPORT.md: 3 (Small herb. zoopl.), 4 (Lg. herb. zoopl.), 5 (Carn. zoopl.), 6 (Jelly fishes), 7 (Benthic infauna), 8 (SAF), 9 (Macrozoobenthos), 10 (LBS) ...
INFO - NOTE  detritus pools (1): inflow ~2379, consumption ~617.4 t/km^2/year, implied EE ~0.260 (indicative - export is not separated, it uses recomputed EE where the source gave none, and any unknown BA is left out of the flows entirely)
WARNING - INDET group 5 (Carn. zoopl.): printed EE 0.238 vs recomputed 0.322 (diff 0.084) with BA unknown - a BA of -1.113 t/km^2/year (-0.08 of production) would close it - undecidable: this may be an extraction error or the BA the source never printed
WARNING - INDET group 10 (LBS): recomputed EE = 1.068 > 1 without BA, and BA is unknown - a BA of -0.1587 t/km^2/year (-0.08 of production) would close it - undecidable until the source is checked for biomass accumulation
WARNING - WARN  group 27 (Marine mammals): P/Q = 0.003 outside the usual 0.02-0.5 range - check the P/B and Q/B columns
INFO - 0 error(s), 2 indeterminate, 1 warning(s), 2 note(s)
INFO - An indeterminate group is a prompt to go back to the source for biomass accumulation, not a BA to enter. A BA this check suggested and then validated itself against would prove nothing.
INFO - Mass balance section written to C:\Users\idoca\Desktop\אישי\אקדמיה\תואר שני\מחקר\BTN\GlobalPPREstimation\regions\LME_038\models\38_38001_Java_Sea_(mid1970s)\extracted_tables\MASS_BALANCE.md
WARNING - --update-report was given but no REPORT.md was found here
INFO - Log saved to C:\Users\idoca\Desktop\אישי\אקדמיה\תואר שני\מחקר\BTN\GlobalPPREstimation\regions\LME_038\models\38_38001_Java_Sea_(mid1970s)\extracted_tables\ewe_conversion.log
INFO - Reading JSON: C:\Users\idoca\Desktop\אישי\אקדמיה\תואר שני\מחקר\BTN\GlobalPPREstimation\regions\LME_038\models\38_38001_Java_Sea_(mid1970s)\extracted_tables\38_Indonesian_Sea_38001_Java_Sea_(mid1970s).json
INFO - Writing reconstructed files to: C:\Users\idoca\Desktop\אישי\אקדמיה\תואר שני\מחקר\BTN\GlobalPPREstimation\regions\LME_038\models\38_38001_Java_Sea_(mid1970s)\extracted_tables\38_Indonesian_Sea_38001_Java_Sea_(mid1970s)_reconstructed.xlsx
INFO -   -> Included 'Landings' sheet (calculated from 'export' param)
INFO -   -> Included 'Taxonomy' sheet
INFO -   -> Included 'Detritus fate' sheet (Pools identified: 1)
INFO - 
Success! Validation file generated.
