{
  "reference": {
    "Base": {
      "model_id": "Guenette2014_BancArguin_Base_1991",
      "variant": "Base",
      "year": 2019,
      "basis": "landings",
      "taxa_n": 512,
      "catch_t": 5421499.9565191325,
      "simple_chain_ppr_tC": 244709206.36682716,
      "known_PPR_subtotal": false,
      "unknown_ppr_taxa": [],
      "missing_catch_n": 0,
      "zero_catch_n": 107,
      "missing_coefficient_n": 100,
      "resolved_membership_allocation_taxa": 512,
      "resolved_mapping_catch_pct": 100.0,
      "finite_GE_TE_coefficient_coverage": "computed separately by root from exact variant diagnostics; no inference from mapping coverage",
      "assumption_dependent_catch_pct": 50.541549322813744,
      "allocation_assumed_catch_pct": 27.596117525930655,
      "confidence": [
        {
          "confidence": "High",
          "taxa_n": 116,
          "catch_t": 2681389.8819586895,
          "catch_pct": 49.45845067718626,
          "simple_chain_ppr_tC": 91180260.33401455,
          "ppr_pct": 37.2606579408101
        },
        {
          "confidence": "Medium",
          "taxa_n": 283,
          "catch_t": 1353453.1694923872,
          "catch_pct": 24.964551883190833,
          "simple_chain_ppr_tC": 96386694.21343859,
          "ppr_pct": 39.3882582696753
        },
        {
          "confidence": "Low",
          "taxa_n": 45,
          "catch_t": 94637.6690823553,
          "catch_pct": 1.745599369941106,
          "simple_chain_ppr_tC": 23920239.854716443,
          "ppr_pct": 9.774965237253566
        },
        {
          "confidence": "Very low",
          "taxa_n": 68,
          "catch_t": 1292019.2359857,
          "catch_pct": 23.831398069681796,
          "simple_chain_ppr_tC": 33222011.964657597,
          "ppr_pct": 13.576118552261049
        },
        {
          "confidence": "Unresolved",
          "taxa_n": 0,
          "catch_t": 0,
          "catch_pct": 0.0,
          "simple_chain_ppr_tC": 0,
          "ppr_pct": 0.0
        }
      ],
      "membership_rules": [
        {
          "rule": "M1",
          "confidence": "High",
          "taxa_n": 122,
          "simple_chain_ppr_tC": 90536151.13052195,
          "ppr_pct": 36.99744381288429
        },
        {
          "rule": "M4",
          "confidence": "Medium",
          "taxa_n": 117,
          "simple_chain_ppr_tC": 48266804.53695482,
          "ppr_pct": 19.724147388472705
        },
        {
          "rule": "M5",
          "confidence": "Medium",
          "taxa_n": 58,
          "simple_chain_ppr_tC": 34403500.73488259,
          "ppr_pct": 14.058931924003959
        },
        {
          "rule": "M10",
          "confidence": "Very low",
          "taxa_n": 17,
          "simple_chain_ppr_tC": 28101670.942757037,
          "ppr_pct": 11.483699922851168
        },
        {
          "rule": "M6",
          "confidence": "Low",
          "taxa_n": 45,
          "simple_chain_ppr_tC": 23920239.854716443,
          "ppr_pct": 9.774965237253566
        },
        {
          "rule": "M9",
          "confidence": "Medium",
          "taxa_n": 80,
          "simple_chain_ppr_tC": 7571464.402405461,
          "ppr_pct": 3.0940660201625545
        },
        {
          "rule": "M3",
          "confidence": "High",
          "taxa_n": 14,
          "simple_chain_ppr_tC": 6310268.175119638,
          "ppr_pct": 2.578680331977514
        },
        {
          "rule": "M11",
          "confidence": "Very low",
          "taxa_n": 51,
          "simple_chain_ppr_tC": 5120341.021900559,
          "ppr_pct": 2.0924186294098797
        },
        {
          "rule": "M2",
          "confidence": "High",
          "taxa_n": 8,
          "simple_chain_ppr_tC": 478765.5675686614,
          "ppr_pct": 0.19564673298436352
        }
      ],
      "allocation_rules": [
        {
          "rule": "W1",
          "confidence": "High",
          "taxa_n": 366,
          "simple_chain_ppr_tC": 202110474.42590725,
          "ppr_pct": 82.59210081493093
        },
        {
          "rule": "W4",
          "confidence": "Medium",
          "taxa_n": 142,
          "simple_chain_ppr_tC": 42483492.42953762,
          "ppr_pct": 17.36080675520375
        },
        {
          "rule": "W9",
          "confidence": "Medium",
          "taxa_n": 4,
          "simple_chain_ppr_tC": 115239.51138229427,
          "ppr_pct": 0.04709242986532613
        }
      ]
    },
    "M30": {
      "model_id": "Guenette2014_BancArguin_M30_1991",
      "variant": "M30",
      "year": 2019,
      "basis": "landings",
      "taxa_n": 512,
      "catch_t": 5421499.9565191325,
      "simple_chain_ppr_tC": 244709206.36682716,
      "known_PPR_subtotal": false,
      "unknown_ppr_taxa": [],
      "missing_catch_n": 0,
      "zero_catch_n": 107,
      "missing_coefficient_n": 100,
      "resolved_membership_allocation_taxa": 512,
      "resolved_mapping_catch_pct": 100.0,
      "finite_GE_TE_coefficient_coverage": "computed separately by root from exact variant diagnostics; no inference from mapping coverage",
      "assumption_dependent_catch_pct": 50.541549322813744,
      "allocation_assumed_catch_pct": 27.596117525930655,
      "confidence": [
        {
          "confidence": "High",
          "taxa_n": 116,
          "catch_t": 2681389.8819586895,
          "catch_pct": 49.45845067718626,
          "simple_chain_ppr_tC": 91180260.33401455,
          "ppr_pct": 37.2606579408101
        },
        {
          "confidence": "Medium",
          "taxa_n": 283,
          "catch_t": 1353453.1694923872,
          "catch_pct": 24.964551883190833,
          "simple_chain_ppr_tC": 96386694.21343859,
          "ppr_pct": 39.3882582696753
        },
        {
          "confidence": "Low",
          "taxa_n": 45,
          "catch_t": 94637.6690823553,
          "catch_pct": 1.745599369941106,
          "simple_chain_ppr_tC": 23920239.854716443,
          "ppr_pct": 9.774965237253566
        },
        {
          "confidence": "Very low",
          "taxa_n": 68,
          "catch_t": 1292019.2359857,
          "catch_pct": 23.831398069681796,
          "simple_chain_ppr_tC": 33222011.964657597,
          "ppr_pct": 13.576118552261049
        },
        {
          "confidence": "Unresolved",
          "taxa_n": 0,
          "catch_t": 0,
          "catch_pct": 0.0,
          "simple_chain_ppr_tC": 0,
          "ppr_pct": 0.0
        }
      ],
      "membership_rules": [
        {
          "rule": "M1",
          "confidence": "High",
          "taxa_n": 122,
          "simple_chain_ppr_tC": 90536151.13052195,
          "ppr_pct": 36.99744381288429
        },
        {
          "rule": "M4",
          "confidence": "Medium",
          "taxa_n": 117,
          "simple_chain_ppr_tC": 48266804.53695482,
          "ppr_pct": 19.724147388472705
        },
        {
          "rule": "M5",
          "confidence": "Medium",
          "taxa_n": 58,
          "simple_chain_ppr_tC": 34403500.73488259,
          "ppr_pct": 14.058931924003959
        },
        {
          "rule": "M10",
          "confidence": "Very low",
          "taxa_n": 17,
          "simple_chain_ppr_tC": 28101670.942757037,
          "ppr_pct": 11.483699922851168
        },
        {
          "rule": "M6",
          "confidence": "Low",
          "taxa_n": 45,
          "simple_chain_ppr_tC": 23920239.854716443,
          "ppr_pct": 9.774965237253566
        },
        {
          "rule": "M9",
          "confidence": "Medium",
          "taxa_n": 80,
          "simple_chain_ppr_tC": 7571464.402405461,
          "ppr_pct": 3.0940660201625545
        },
        {
          "rule": "M3",
          "confidence": "High",
          "taxa_n": 14,
          "simple_chain_ppr_tC": 6310268.175119638,
          "ppr_pct": 2.578680331977514
        },
        {
          "rule": "M11",
          "confidence": "Very low",
          "taxa_n": 51,
          "simple_chain_ppr_tC": 5120341.021900559,
          "ppr_pct": 2.0924186294098797
        },
        {
          "rule": "M2",
          "confidence": "High",
          "taxa_n": 8,
          "simple_chain_ppr_tC": 478765.5675686614,
          "ppr_pct": 0.19564673298436352
        }
      ],
      "allocation_rules": [
        {
          "rule": "W1",
          "confidence": "High",
          "taxa_n": 366,
          "simple_chain_ppr_tC": 202110474.42590725,
          "ppr_pct": 82.59210081493093
        },
        {
          "rule": "W4",
          "confidence": "Medium",
          "taxa_n": 142,
          "simple_chain_ppr_tC": 42483492.42953762,
          "ppr_pct": 17.36080675520375
        },
        {
          "rule": "W9",
          "confidence": "Medium",
          "taxa_n": 4,
          "simple_chain_ppr_tC": 115239.51138229427,
          "ppr_pct": 0.04709242986532613
        }
      ]
    },
    "P30": {
      "model_id": "Guenette2014_BancArguin_P30_1991",
      "variant": "P30",
      "year": 2019,
      "basis": "landings",
      "taxa_n": 512,
      "catch_t": 5421499.9565191325,
      "simple_chain_ppr_tC": 244709206.36682716,
      "known_PPR_subtotal": false,
      "unknown_ppr_taxa": [],
      "missing_catch_n": 0,
      "zero_catch_n": 107,
      "missing_coefficient_n": 100,
      "resolved_membership_allocation_taxa": 512,
      "resolved_mapping_catch_pct": 100.0,
      "finite_GE_TE_coefficient_coverage": "computed separately by root from exact variant diagnostics; no inference from mapping coverage",
      "assumption_dependent_catch_pct": 50.541549322813744,
      "allocation_assumed_catch_pct": 27.596117525930655,
      "confidence": [
        {
          "confidence": "High",
          "taxa_n": 116,
          "catch_t": 2681389.8819586895,
          "catch_pct": 49.45845067718626,
          "simple_chain_ppr_tC": 91180260.33401455,
          "ppr_pct": 37.2606579408101
        },
        {
          "confidence": "Medium",
          "taxa_n": 283,
          "catch_t": 1353453.1694923872,
          "catch_pct": 24.964551883190833,
          "simple_chain_ppr_tC": 96386694.21343859,
          "ppr_pct": 39.3882582696753
        },
        {
          "confidence": "Low",
          "taxa_n": 45,
          "catch_t": 94637.6690823553,
          "catch_pct": 1.745599369941106,
          "simple_chain_ppr_tC": 23920239.854716443,
          "ppr_pct": 9.774965237253566
        },
        {
          "confidence": "Very low",
          "taxa_n": 68,
          "catch_t": 1292019.2359857,
          "catch_pct": 23.831398069681796,
          "simple_chain_ppr_tC": 33222011.964657597,
          "ppr_pct": 13.576118552261049
        },
        {
          "confidence": "Unresolved",
          "taxa_n": 0,
          "catch_t": 0,
          "catch_pct": 0.0,
          "simple_chain_ppr_tC": 0,
          "ppr_pct": 0.0
        }
      ],
      "membership_rules": [
        {
          "rule": "M1",
          "confidence": "High",
          "taxa_n": 122,
          "simple_chain_ppr_tC": 90536151.13052195,
          "ppr_pct": 36.99744381288429
        },
        {
          "rule": "M4",
          "confidence": "Medium",
          "taxa_n": 117,
          "simple_chain_ppr_tC": 48266804.53695482,
          "ppr_pct": 19.724147388472705
        },
        {
          "rule": "M5",
          "confidence": "Medium",
          "taxa_n": 58,
          "simple_chain_ppr_tC": 34403500.73488259,
          "ppr_pct": 14.058931924003959
        },
        {
          "rule": "M10",
          "confidence": "Very low",
          "taxa_n": 17,
          "simple_chain_ppr_tC": 28101670.942757037,
          "ppr_pct": 11.483699922851168
        },
        {
          "rule": "M6",
          "confidence": "Low",
          "taxa_n": 45,
          "simple_chain_ppr_tC": 23920239.854716443,
          "ppr_pct": 9.774965237253566
        },
        {
          "rule": "M9",
          "confidence": "Medium",
          "taxa_n": 80,
          "simple_chain_ppr_tC": 7571464.402405461,
          "ppr_pct": 3.0940660201625545
        },
        {
          "rule": "M3",
          "confidence": "High",
          "taxa_n": 14,
          "simple_chain_ppr_tC": 6310268.175119638,
          "ppr_pct": 2.578680331977514
        },
        {
          "rule": "M11",
          "confidence": "Very low",
          "taxa_n": 51,
          "simple_chain_ppr_tC": 5120341.021900559,
          "ppr_pct": 2.0924186294098797
        },
        {
          "rule": "M2",
          "confidence": "High",
          "taxa_n": 8,
          "simple_chain_ppr_tC": 478765.5675686614,
          "ppr_pct": 0.19564673298436352
        }
      ],
      "allocation_rules": [
        {
          "rule": "W1",
          "confidence": "High",
          "taxa_n": 366,
          "simple_chain_ppr_tC": 202110474.42590725,
          "ppr_pct": 82.59210081493093
        },
        {
          "rule": "W4",
          "confidence": "Medium",
          "taxa_n": 142,
          "simple_chain_ppr_tC": 42483492.42953762,
          "ppr_pct": 17.36080675520375
        },
        {
          "rule": "W9",
          "confidence": "Medium",
          "taxa_n": 4,
          "simple_chain_ppr_tC": 115239.51138229427,
          "ppr_pct": 0.04709242986532613
        }
      ]
    }
  },
  "verification": {
    "Base": {
      "labels_exact_match": true,
      "unique_taxa": true,
      "group_ids_names_match_source": true,
      "weight_sums_pass": true,
      "all_nonnegative_weights": true,
      "zero_candidates_retained": 142,
      "w9_taxa": [
        "Echinoidea",
        "Holothuroidea",
        "Lepas",
        "Paracentrotus lividus"
      ],
      "unresolved": [],
      "rule_tables_partition": true
    },
    "M30": {
      "labels_exact_match": true,
      "unique_taxa": true,
      "group_ids_names_match_source": true,
      "weight_sums_pass": true,
      "all_nonnegative_weights": true,
      "zero_candidates_retained": 142,
      "w9_taxa": [
        "Echinoidea",
        "Holothuroidea",
        "Lepas",
        "Paracentrotus lividus"
      ],
      "unresolved": [],
      "rule_tables_partition": true
    },
    "P30": {
      "labels_exact_match": true,
      "unique_taxa": true,
      "group_ids_names_match_source": true,
      "weight_sums_pass": true,
      "all_nonnegative_weights": true,
      "zero_candidates_retained": 142,
      "w9_taxa": [
        "Echinoidea",
        "Holothuroidea",
        "Lepas",
        "Paracentrotus lividus"
      ],
      "unresolved": [],
      "rule_tables_partition": true
    },
    "classic_annual_reconciliation_all_210": true,
    "source_sheets_frozen": "Overview, Catch, Classic PPR, NPP snapshots in frozen_workbook_evidence.json; source workbook remains read-only"
  }
}
