{
  "changes": [
    "Filename-only staging copy for ModelData parser; source model.json bytes unchanged.",
    "ModelData converts -9999 sentinels to NaN parameters and zero diet/fate entries.",
    "ModelData adds synthetic diet_import group (55) and import diet column.",
    "ModelData hardcodes lme=13 internally; actual region remains LME_024, not inferred from this field.",
    "ModelData forces detritus self-routing identity for 53 and 54; living routing remains all zero.",
    "No pooling, invented routing, source parameter repair, LIM, broad method inventory or Monte Carlo."
  ],
  "strict_source": {
    "status": "EXCEPTION",
    "exception_type": "ValueError",
    "exception": "19 consumer group(s) have a diet composition (including diet_import) that does not sum to 1 (tol=0.001): 48 (Mesozooplankton - Small)=0.9990, 38 (Nephrops)=0.9990, 37 (Commercial crustaceans)=1.0020, 33 (Pelagic - Large)=1.0020, 27 (Horse mackerel)=0.9990, 26 (Mackerel)=1.0010, 24 (Suprabenthivorous dem. fish)=1.0010, 22 (Epibenthivorous dem. fish)=1.0010, 21 (Piscivorous dem. fish)=1.0010, 20 (Plaice)=0.9980, 18 (Megrim)=0.9960, 17 (Pouts)=0.9990, 15 (Whiting)=0.9990, 12 (Hake juvenile)=1.0010, 11 (Hake adult)=0.9980, 8 (Sea bass)=1.0010, 7 (Benthivorous dem. elasmobranchs)=0.9980, 3 (Baleen whales)=0.9990, 2 (Seabirds - Surface feeders)=1.0020.",
    "traceback": "Traceback (most recent call last):\n  File \"C:\\Users\\idoca\\Desktop\\\u05d0\u05d9\u05e9\u05d9\\\u05d0\u05e7\u05d3\u05de\u05d9\u05d4\\\u05ea\u05d5\u05d0\u05e8 \u05e9\u05e0\u05d9\\\u05de\u05d7\u05e7\u05e8\\BTN\\GlobalPPREstimation\\regions\\LME_024\\models\\extraction_review_20260928\\audit_diagnostics.py\", line 46, in <module>\n    warnings.simplefilter('always');calc=fn()\n                                         ~~^^\n  File \"C:\\Users\\idoca\\Desktop\\\u05d0\u05d9\u05e9\u05d9\\\u05d0\u05e7\u05d3\u05de\u05d9\u05d4\\\u05ea\u05d5\u05d0\u05e8 \u05e9\u05e0\u05d9\\\u05de\u05d7\u05e7\u05e8\\BTN\\GlobalPPREstimation\\regions\\LME_024\\models\\extraction_review_20260928\\audit_diagnostics.py\", line 43, in <lambda>\n    for label,fn in [('strict_source',lambda:PPRCalculator.from_modeldata(data,zero_catch=False,zero_biomass_accum=False,default_gs=False)),('standard_loader_defaults',lambda:PPRCalculator.from_modeldata(data,zero_catch=True,zero_biomass_accum=True,default_gs=True)),('documented_normalize_DC_staging',lambda:PPRCalculator.from_modeldata(data,zero_catch=True,zero_biomass_accum=True,default_gs=True,normalize_DC=True))]:\n                                             ~~~~~~~~~~~~~~~~~~~~~~~~~~~~^^^^^^^^^^^^^^^^^^^^^^^^^^^^^^^^^^^^^^^^^^^^^^^^^^^^^^^^^^^^^^^^^\n  File \"C:\\Users\\idoca\\Desktop\\\u05d0\u05d9\u05e9\u05d9\\\u05d0\u05e7\u05d3\u05de\u05d9\u05d4\\\u05ea\u05d5\u05d0\u05e8 \u05e9\u05e0\u05d9\\\u05de\u05d7\u05e7\u05e8\\BTN\\GlobalPPREstimation\\tools\\scientific_code\\PPREstimation\\PPRCalculator.py\", line 178, in from_modeldata\n    instance._DC = ModelData.validate_DC(instance._DC, instance._groups_df, tol=DC_tol, normalize=normalize_DC)\n                   ~~~~~~~~~~~~~~~~~~~~~^^^^^^^^^^^^^^^^^^^^^^^^^^^^^^^^^^^^^^^^^^^^^^^^^^^^^^^^^^^^^^^^^^^^^^^\n  File \"C:\\Users\\idoca\\Desktop\\\u05d0\u05d9\u05e9\u05d9\\\u05d0\u05e7\u05d3\u05de\u05d9\u05d4\\\u05ea\u05d5\u05d0\u05e8 \u05e9\u05e0\u05d9\\\u05de\u05d7\u05e7\u05e8\\BTN\\GlobalPPREstimation\\tools\\scientific_code\\PPREstimation\\ModelData.py\", line 646, in validate_DC\n    raise ValueError(\n    ...<2 lines>...\n    )\nValueError: 19 consumer group(s) have a diet composition (including diet_import) that does not sum to 1 (tol=0.001): 48 (Mesozooplankton - Small)=0.9990, 38 (Nephrops)=0.9990, 37 (Commercial crustaceans)=1.0020, 33 (Pelagic - Large)=1.0020, 27 (Horse mackerel)=0.9990, 26 (Mackerel)=1.0010, 24 (Suprabenthivorous dem. fish)=1.0010, 22 (Epibenthivorous dem. fish)=1.0010, 21 (Piscivorous dem. fish)=1.0010, 20 (Plaice)=0.9980, 18 (Megrim)=0.9960, 17 (Pouts)=0.9990, 15 (Whiting)=0.9990, 12 (Hake juvenile)=1.0010, 11 (Hake adult)=0.9980, 8 (Sea bass)=1.0010, 7 (Benthivorous dem. elasmobranchs)=0.9980, 3 (Baleen whales)=0.9990, 2 (Seabirds - Surface feeders)=1.0020.\n"
  },
  "standard_loader_defaults": {
    "status": "EXCEPTION",
    "exception_type": "ValueError",
    "exception": "19 consumer group(s) have a diet composition (including diet_import) that does not sum to 1 (tol=0.001): 48 (Mesozooplankton - Small)=0.9990, 38 (Nephrops)=0.9990, 37 (Commercial crustaceans)=1.0020, 33 (Pelagic - Large)=1.0020, 27 (Horse mackerel)=0.9990, 26 (Mackerel)=1.0010, 24 (Suprabenthivorous dem. fish)=1.0010, 22 (Epibenthivorous dem. fish)=1.0010, 21 (Piscivorous dem. fish)=1.0010, 20 (Plaice)=0.9980, 18 (Megrim)=0.9960, 17 (Pouts)=0.9990, 15 (Whiting)=0.9990, 12 (Hake juvenile)=1.0010, 11 (Hake adult)=0.9980, 8 (Sea bass)=1.0010, 7 (Benthivorous dem. elasmobranchs)=0.9980, 3 (Baleen whales)=0.9990, 2 (Seabirds - Surface feeders)=1.0020.",
    "traceback": "Traceback (most recent call last):\n  File \"C:\\Users\\idoca\\Desktop\\\u05d0\u05d9\u05e9\u05d9\\\u05d0\u05e7\u05d3\u05de\u05d9\u05d4\\\u05ea\u05d5\u05d0\u05e8 \u05e9\u05e0\u05d9\\\u05de\u05d7\u05e7\u05e8\\BTN\\GlobalPPREstimation\\regions\\LME_024\\models\\extraction_review_20260928\\audit_diagnostics.py\", line 46, in <module>\n    warnings.simplefilter('always');calc=fn()\n                                         ~~^^\n  File \"C:\\Users\\idoca\\Desktop\\\u05d0\u05d9\u05e9\u05d9\\\u05d0\u05e7\u05d3\u05de\u05d9\u05d4\\\u05ea\u05d5\u05d0\u05e8 \u05e9\u05e0\u05d9\\\u05de\u05d7\u05e7\u05e8\\BTN\\GlobalPPREstimation\\regions\\LME_024\\models\\extraction_review_20260928\\audit_diagnostics.py\", line 43, in <lambda>\n    for label,fn in [('strict_source',lambda:PPRCalculator.from_modeldata(data,zero_catch=False,zero_biomass_accum=False,default_gs=False)),('standard_loader_defaults',lambda:PPRCalculator.from_modeldata(data,zero_catch=True,zero_biomass_accum=True,default_gs=True)),('documented_normalize_DC_staging',lambda:PPRCalculator.from_modeldata(data,zero_catch=True,zero_biomass_accum=True,default_gs=True,normalize_DC=True))]:\n                                                                                                                                                                               ~~~~~~~~~~~~~~~~~~~~~~~~~~~~^^^^^^^^^^^^^^^^^^^^^^^^^^^^^^^^^^^^^^^^^^^^^^^^^^^^^^^^^^^^^^\n  File \"C:\\Users\\idoca\\Desktop\\\u05d0\u05d9\u05e9\u05d9\\\u05d0\u05e7\u05d3\u05de\u05d9\u05d4\\\u05ea\u05d5\u05d0\u05e8 \u05e9\u05e0\u05d9\\\u05de\u05d7\u05e7\u05e8\\BTN\\GlobalPPREstimation\\tools\\scientific_code\\PPREstimation\\PPRCalculator.py\", line 178, in from_modeldata\n    instance._DC = ModelData.validate_DC(instance._DC, instance._groups_df, tol=DC_tol, normalize=normalize_DC)\n                   ~~~~~~~~~~~~~~~~~~~~~^^^^^^^^^^^^^^^^^^^^^^^^^^^^^^^^^^^^^^^^^^^^^^^^^^^^^^^^^^^^^^^^^^^^^^^\n  File \"C:\\Users\\idoca\\Desktop\\\u05d0\u05d9\u05e9\u05d9\\\u05d0\u05e7\u05d3\u05de\u05d9\u05d4\\\u05ea\u05d5\u05d0\u05e8 \u05e9\u05e0\u05d9\\\u05de\u05d7\u05e7\u05e8\\BTN\\GlobalPPREstimation\\tools\\scientific_code\\PPREstimation\\ModelData.py\", line 646, in validate_DC\n    raise ValueError(\n    ...<2 lines>...\n    )\nValueError: 19 consumer group(s) have a diet composition (including diet_import) that does not sum to 1 (tol=0.001): 48 (Mesozooplankton - Small)=0.9990, 38 (Nephrops)=0.9990, 37 (Commercial crustaceans)=1.0020, 33 (Pelagic - Large)=1.0020, 27 (Horse mackerel)=0.9990, 26 (Mackerel)=1.0010, 24 (Suprabenthivorous dem. fish)=1.0010, 22 (Epibenthivorous dem. fish)=1.0010, 21 (Piscivorous dem. fish)=1.0010, 20 (Plaice)=0.9980, 18 (Megrim)=0.9960, 17 (Pouts)=0.9990, 15 (Whiting)=0.9990, 12 (Hake juvenile)=1.0010, 11 (Hake adult)=0.9980, 8 (Sea bass)=1.0010, 7 (Benthivorous dem. elasmobranchs)=0.9980, 3 (Baleen whales)=0.9990, 2 (Seabirds - Surface feeders)=1.0020.\n"
  },
  "documented_normalize_DC_staging": {
    "status": "EXCEPTION",
    "exception_type": "ValueError",
    "exception": "det_fate carries no detritus routing for any living group. For a multi-DET model the per-pool split cannot be inferred -- supply DetritusFate data for model with detritus groups [53, 54].",
    "traceback": "Traceback (most recent call last):\n  File \"C:\\Users\\idoca\\Desktop\\\u05d0\u05d9\u05e9\u05d9\\\u05d0\u05e7\u05d3\u05de\u05d9\u05d4\\\u05ea\u05d5\u05d0\u05e8 \u05e9\u05e0\u05d9\\\u05de\u05d7\u05e7\u05e8\\BTN\\GlobalPPREstimation\\regions\\LME_024\\models\\extraction_review_20260928\\audit_diagnostics.py\", line 46, in <module>\n    warnings.simplefilter('always');calc=fn()\n                                         ~~^^\n  File \"C:\\Users\\idoca\\Desktop\\\u05d0\u05d9\u05e9\u05d9\\\u05d0\u05e7\u05d3\u05de\u05d9\u05d4\\\u05ea\u05d5\u05d0\u05e8 \u05e9\u05e0\u05d9\\\u05de\u05d7\u05e7\u05e8\\BTN\\GlobalPPREstimation\\regions\\LME_024\\models\\extraction_review_20260928\\audit_diagnostics.py\", line 43, in <lambda>\n    for label,fn in [('strict_source',lambda:PPRCalculator.from_modeldata(data,zero_catch=False,zero_biomass_accum=False,default_gs=False)),('standard_loader_defaults',lambda:PPRCalculator.from_modeldata(data,zero_catch=True,zero_biomass_accum=True,default_gs=True)),('documented_normalize_DC_staging',lambda:PPRCalculator.from_modeldata(data,zero_catch=True,zero_biomass_accum=True,default_gs=True,normalize_DC=True))]:\n                                                                                                                                                                                                                                                                                                                     ~~~~~~~~~~~~~~~~~~~~~~~~~~~~^^^^^^^^^^^^^^^^^^^^^^^^^^^^^^^^^^^^^^^^^^^^^^^^^^^^^^^^^^^^^^^^^^^^^^^^^^^^^^^^\n  File \"C:\\Users\\idoca\\Desktop\\\u05d0\u05d9\u05e9\u05d9\\\u05d0\u05e7\u05d3\u05de\u05d9\u05d4\\\u05ea\u05d5\u05d0\u05e8 \u05e9\u05e0\u05d9\\\u05de\u05d7\u05e7\u05e8\\BTN\\GlobalPPREstimation\\tools\\scientific_code\\PPREstimation\\PPRCalculator.py\", line 179, in from_modeldata\n    ModelData.validate_det_fate(instance._det_fate, instance._groups_df)\n    ~~~~~~~~~~~~~~~~~~~~~~~~~~~^^^^^^^^^^^^^^^^^^^^^^^^^^^^^^^^^^^^^^^^^\n  File \"C:\\Users\\idoca\\Desktop\\\u05d0\u05d9\u05e9\u05d9\\\u05d0\u05e7\u05d3\u05de\u05d9\u05d4\\\u05ea\u05d5\u05d0\u05e8 \u05e9\u05e0\u05d9\\\u05de\u05d7\u05e7\u05e8\\BTN\\GlobalPPREstimation\\tools\\scientific_code\\PPREstimation\\ModelData.py\", line 598, in validate_det_fate\n    raise ValueError(\n    ...<3 lines>...\n    )\nValueError: det_fate carries no detritus routing for any living group. For a multi-DET model the per-pool split cannot be inferred -- supply DetritusFate data for model with detritus groups [53, 54].\n"
  }
}
[
  {
    "TE_option": "GE",
    "call": "PPRCalculator.diagnose_sppr(TE_option='GE', short=False, flat=False)",
    "status": "NOT_RUN",
    "raw_return": null,
    "reason": "Constructor admission failed before diagnose_sppr could run. See exact exceptions in loader_audit.json.",
    "production_eligible": false
  },
  {
    "TE_option": "TE",
    "call": "PPRCalculator.diagnose_sppr(TE_option='TE', short=False, flat=False)",
    "status": "NOT_RUN",
    "raw_return": null,
    "reason": "Constructor admission failed before diagnose_sppr could run. See exact exceptions in loader_audit.json.",
    "production_eligible": false
  },
  {
    "TE_option": "With Egestion",
    "call": "PPRCalculator.diagnose_sppr(TE_option='With Egestion', short=False, flat=False)",
    "status": "NOT_RUN",
    "raw_return": null,
    "reason": "Constructor admission failed before diagnose_sppr could run. See exact exceptions in loader_audit.json.",
    "production_eligible": false
  }
]
