  # group                                B      P/B      Q/B      EE  EE calc    P/Q    catch
  1 Seabirds - Divers                    0     0.15    135.3       0        -  0.001        -
  2 Seabirds - Surface feeders           0     0.25    114.5       0        -  0.001        -
  3 Baleen whales                     0.07     0.04     4.77       0        0   0.01        -
  4 Toothed cetaceans / Seals         0.03     0.14       12       0        0   0.01        -
  5 Pelagic sharks                    0.12      0.2     1.96     0.6    0.598    0.1 0.004031
  6 Piscivorous dem. elasmobran       0.15     0.47     3.13    0.65    0.644   0.15  0.04301
  7 Benthivorous dem. elasmobra       0.22     0.52     3.48    0.65    0.646   0.15  0.07231
  8 Sea bass                          0.05     0.28     1.52    0.58    0.564   0.18 0.006221
  9 Anglerfish adult                  0.26        -     2.38    0.57        -   0.31  0.08727
 10 Anglerfish juvenile               0.04        -     6.89    0.38        -   0.19  0.01892
 11 Hake adult                         0.1        -     2.52    0.96        -   0.47  0.07503
 12 Hake juvenile                     0.05        -     5.56    0.22        -   0.24  0.00287
 13 Cod adult                         0.08        -     2.58    0.85        -   0.27  0.03144
 14 Cod juvenile                      0.02        -     5.04     0.9        -   0.19 0.007782
 15 Whiting                           0.17     0.92      3.7    0.97    0.988   0.25  0.06395
 16 Haddock                           0.06     0.86     3.33    0.98     1.01   0.26  0.02361
 17 Pouts                             0.94     1.35      5.4    0.95    0.952   0.25 0.007717
 18 Megrim                             0.3     0.45     2.24       -    0.761    0.2  0.07391
 19 Sole                              0.05     0.47     2.58    0.96    0.839   0.18  0.01438
 20 Plaice                            0.04     0.81      4.5    0.97     1.03   0.18  0.02882
 21 Piscivorous dem. fish             0.33     0.64     3.21    0.85    0.848    0.2   0.1088
 22 Epibenthivorous dem. fish          0.5     0.86      4.3    0.95    0.924    0.2  0.02143
 23 Endobenthivorous dem. fish        0.15     1.09     5.45    0.95     0.95    0.2  0.02701
 24 Suprabenthivorous dem. fish       0.49     1.88     7.52    0.95    0.957   0.25 0.000594
 25 Small benthivorous dem. fis       0.95     1.83     7.34    0.95    0.943   0.25 0.004634
 26 Mackerel                          0.95     0.26     1.04    0.97    0.908   0.25   0.1191
 27 Horse mackerel                     6.4     0.25        1    0.79     0.69   0.25   0.1762
 28 Boarfish                          0.15      1.2      4.8    0.07   0.0669   0.251.463e-08
 29 Sprat                             0.26     0.85        7    0.95    0.932   0.12  0.02947
 30 Blue whiting                      0.48     1.43      5.7    0.94    0.925   0.25  0.03743
 31 Pilchard                          0.31     0.68      6.8    0.62    0.414    0.1  0.02707
 32 Herring                           0.81     0.51     4.59    0.97    0.885   0.11  0.08454
 33 Pelagic - Large                    0.2     0.42      2.8     0.9    0.898   0.15  0.05478
 34 Pelagic - Medium                  0.16     0.88     5.93    0.95    0.892  0.148 0.001255
 35 Squids                            0.09      3.9       13     0.9    0.915    0.3 0.006797
 36 Benthic cephalopods               0.23      3.9       13     0.9    0.943    0.3  0.01728
 37 Commercial crustaceans            0.78     0.55     3.67     0.8    0.799   0.15  0.09817
 38 Nephrops                          0.22      0.6        4    0.77    0.789   0.15  0.02357
 39 Commercial bivalves                0.3      3.5     17.5    0.73     0.73    0.2  0.06309
 40 Shrimps                            1.2        3       20    0.95    0.945   0.150.0006579
 41 Carnivores/Necrophages            5.02     6.11    40.73    0.95    0.703   0.15  0.03318
 42 Suspension/Surface detritus      15.55     6.35    31.75    0.95      0.8    0.2  0.01262
 43 Subsurface deposit feeders       21.69     2.88     14.4     0.9    0.701    0.2        -
 44 Suprabenthos                      1.53      7.7     38.5    0.95    0.897    0.2        -
 45 Benthic meiofauna                11.41       10       50    0.95      0.9    0.2        -
 46 Macrozooplankton                  2.25      7.5       25    0.74    0.738   0.28        -
 47 Mesozooplankton - Large           1.98     8.01    26.69     0.9    0.896   0.28        -
 48 Mesozooplankton - Small           9.61    25.35     84.5    0.12    0.119   0.28        -
 49 Microzooplankton                  2.52     63.9      213     0.7    0.696   0.29        -
 50 Bacteria                          1.75    157.4    393.6    0.65    0.648   0.31        -
 51 Phytoplankton - Large            14.19    76.45        -    0.57    0.566      -        -
 52 Phytoplankton - Small            10.49    76.45        -    0.98    0.977      -        -
 53 Discards                          0.25        -        -    0.62        -      -        -
 54 Detritus                           124        -        -    0.79        -      -        -

NOTE  group 1 (Seabirds - Divers): all four of B/P-B/Q-B/EE given — one is probably an Ecopath estimate; record which in the report
NOTE  group 2 (Seabirds - Surface feeders): all four of B/P-B/Q-B/EE given — one is probably an Ecopath estimate; record which in the report
NOTE  group 3 (Baleen whales): all four of B/P-B/Q-B/EE given — one is probably an Ecopath estimate; record which in the report
NOTE  group 4 (Toothed cetaceans / Seals): all four of B/P-B/Q-B/EE given — one is probably an Ecopath estimate; record which in the report
NOTE  group 5 (Pelagic sharks): all four of B/P-B/Q-B/EE given — one is probably an Ecopath estimate; record which in the report
NOTE  group 6 (Piscivorous dem. elasmobranchs): all four of B/P-B/Q-B/EE given — one is probably an Ecopath estimate; record which in the report
NOTE  group 7 (Benthivorous dem. elasmobranchs): all four of B/P-B/Q-B/EE given — one is probably an Ecopath estimate; record which in the report
NOTE  group 8 (Sea bass): all four of B/P-B/Q-B/EE given — one is probably an Ecopath estimate; record which in the report
NOTE  group 15 (Whiting): all four of B/P-B/Q-B/EE given — one is probably an Ecopath estimate; record which in the report
NOTE  group 16 (Haddock): all four of B/P-B/Q-B/EE given — one is probably an Ecopath estimate; record which in the report
NOTE  group 17 (Pouts): all four of B/P-B/Q-B/EE given — one is probably an Ecopath estimate; record which in the report
NOTE  group 19 (Sole): all four of B/P-B/Q-B/EE given — one is probably an Ecopath estimate; record which in the report
NOTE  group 20 (Plaice): all four of B/P-B/Q-B/EE given — one is probably an Ecopath estimate; record which in the report
NOTE  group 21 (Piscivorous dem. fish): all four of B/P-B/Q-B/EE given — one is probably an Ecopath estimate; record which in the report
NOTE  group 22 (Epibenthivorous dem. fish): all four of B/P-B/Q-B/EE given — one is probably an Ecopath estimate; record which in the report
NOTE  group 23 (Endobenthivorous dem. fish): all four of B/P-B/Q-B/EE given — one is probably an Ecopath estimate; record which in the report
NOTE  group 24 (Suprabenthivorous dem. fish): all four of B/P-B/Q-B/EE given — one is probably an Ecopath estimate; record which in the report
NOTE  group 25 (Small benthivorous dem. fish): all four of B/P-B/Q-B/EE given — one is probably an Ecopath estimate; record which in the report
NOTE  group 26 (Mackerel): all four of B/P-B/Q-B/EE given — one is probably an Ecopath estimate; record which in the report
NOTE  group 27 (Horse mackerel): all four of B/P-B/Q-B/EE given — one is probably an Ecopath estimate; record which in the report
NOTE  group 28 (Boarfish): all four of B/P-B/Q-B/EE given — one is probably an Ecopath estimate; record which in the report
NOTE  group 29 (Sprat): all four of B/P-B/Q-B/EE given — one is probably an Ecopath estimate; record which in the report
NOTE  group 30 (Blue whiting): all four of B/P-B/Q-B/EE given — one is probably an Ecopath estimate; record which in the report
NOTE  group 31 (Pilchard): all four of B/P-B/Q-B/EE given — one is probably an Ecopath estimate; record which in the report
NOTE  group 32 (Herring): all four of B/P-B/Q-B/EE given — one is probably an Ecopath estimate; record which in the report
NOTE  group 33 (Pelagic - Large): all four of B/P-B/Q-B/EE given — one is probably an Ecopath estimate; record which in the report
NOTE  group 34 (Pelagic - Medium): all four of B/P-B/Q-B/EE given — one is probably an Ecopath estimate; record which in the report
NOTE  group 35 (Squids): all four of B/P-B/Q-B/EE given — one is probably an Ecopath estimate; record which in the report
NOTE  group 36 (Benthic cephalopods): all four of B/P-B/Q-B/EE given — one is probably an Ecopath estimate; record which in the report
NOTE  group 37 (Commercial crustaceans): all four of B/P-B/Q-B/EE given — one is probably an Ecopath estimate; record which in the report
NOTE  group 38 (Nephrops): all four of B/P-B/Q-B/EE given — one is probably an Ecopath estimate; record which in the report
NOTE  group 39 (Commercial bivalves): all four of B/P-B/Q-B/EE given — one is probably an Ecopath estimate; record which in the report
NOTE  group 40 (Shrimps): all four of B/P-B/Q-B/EE given — one is probably an Ecopath estimate; record which in the report
NOTE  group 41 (Carnivores/Necrophages): all four of B/P-B/Q-B/EE given — one is probably an Ecopath estimate; record which in the report
NOTE  group 42 (Suspension/Surface detritus Feeders): all four of B/P-B/Q-B/EE given — one is probably an Ecopath estimate; record which in the report
NOTE  group 43 (Subsurface deposit feeders): all four of B/P-B/Q-B/EE given — one is probably an Ecopath estimate; record which in the report
NOTE  group 44 (Suprabenthos): all four of B/P-B/Q-B/EE given — one is probably an Ecopath estimate; record which in the report
NOTE  group 45 (Benthic meiofauna): all four of B/P-B/Q-B/EE given — one is probably an Ecopath estimate; record which in the report
NOTE  group 46 (Macrozooplankton): all four of B/P-B/Q-B/EE given — one is probably an Ecopath estimate; record which in the report
NOTE  group 47 (Mesozooplankton - Large): all four of B/P-B/Q-B/EE given — one is probably an Ecopath estimate; record which in the report
NOTE  group 48 (Mesozooplankton - Small): all four of B/P-B/Q-B/EE given — one is probably an Ecopath estimate; record which in the report
NOTE  group 49 (Microzooplankton): all four of B/P-B/Q-B/EE given — one is probably an Ecopath estimate; record which in the report
NOTE  group 50 (Bacteria): all four of B/P-B/Q-B/EE given — one is probably an Ecopath estimate; record which in the report
NOTE  detritus pools (2): inflow ~2028, consumption ~1854 t/km2/yr, implied EE ~0.914 (indicative — export not separated, and it uses recomputed EE where the paper gave none)
WARN  group 1 (Seabirds - Divers): P/Q = 0.001 outside the usual 0.02-0.5 range — check the P/B and Q/B columns
WARN  group 2 (Seabirds - Surface feeders): P/Q = 0.001 outside the usual 0.02-0.5 range — check the P/B and Q/B columns
WARN  group 3 (Baleen whales): P/Q = 0.010 outside the usual 0.02-0.5 range — check the P/B and Q/B columns
WARN  group 4 (Toothed cetaceans / Seals): P/Q = 0.010 outside the usual 0.02-0.5 range — check the P/B and Q/B columns
WARN  group 19 (Sole): printed EE 0.96 vs recomputed 0.839 (diff 0.121) — a BA of +0.002846 t/km2/year (+0.12 of production) would close this; check whether the paper reports biomass accumulation
WARN  group 20 (Plaice): printed EE 0.97 vs recomputed 1.026 (diff 0.056)
WARN  group 26 (Mackerel): printed EE 0.97 vs recomputed 0.908 (diff 0.062) — a BA of +0.01533 t/km2/year (+0.06 of production) would close this; check whether the paper reports biomass accumulation
WARN  group 27 (Horse mackerel): printed EE 0.79 vs recomputed 0.690 (diff 0.100) — a BA of +0.1607 t/km2/year (+0.10 of production) would close this; check whether the paper reports biomass accumulation
WARN  group 31 (Pilchard): printed EE 0.62 vs recomputed 0.414 (diff 0.206) — a BA of +0.04339 t/km2/year (+0.21 of production) would close this; check whether the paper reports biomass accumulation
WARN  group 32 (Herring): printed EE 0.97 vs recomputed 0.885 (diff 0.085) — a BA of +0.03492 t/km2/year (+0.08 of production) would close this; check whether the paper reports biomass accumulation
WARN  group 34 (Pelagic - Medium): printed EE 0.95 vs recomputed 0.892 (diff 0.058) — a BA of +0.008108 t/km2/year (+0.06 of production) would close this; check whether the paper reports biomass accumulation
WARN  group 41 (Carnivores/Necrophages): printed EE 0.95 vs recomputed 0.703 (diff 0.247) — a BA of +7.573 t/km2/year (+0.25 of production) would close this; check whether the paper reports biomass accumulation
WARN  group 42 (Suspension/Surface detritus Feeders): printed EE 0.95 vs recomputed 0.800 (diff 0.150) — a BA of +14.86 t/km2/year (+0.15 of production) would close this; check whether the paper reports biomass accumulation
WARN  group 43 (Subsurface deposit feeders): printed EE 0.9 vs recomputed 0.701 (diff 0.199) — a BA of +12.43 t/km2/year (+0.20 of production) would close this; check whether the paper reports biomass accumulation
WARN  group 44 (Suprabenthos): printed EE 0.95 vs recomputed 0.897 (diff 0.053) — a BA of +0.6247 t/km2/year (+0.05 of production) would close this; check whether the paper reports biomass accumulation
ERROR group 16 (Haddock): recomputed EE = 1.012 > 1 — consumption+catch+BA (0.05224) exceeds production (0.0516)
ERROR group 20 (Plaice): recomputed EE = 1.026 > 1 — consumption+catch+BA (0.03326) exceeds production (0.0324)

2 error(s), 15 warning(s), 44 note(s)
Check each error against a rendered image of the source page before changing anything. Do not adjust numbers to make this pass.
