INFO - Starting conversion for directory: C:\Users\idoca\Desktop\אישי\אקדמיה\תואר שני\מחקר\BTN\GlobalPPREstimation\regions\LME_038\models\38_38002_North_Coast_Central_Java_(1979)\extracted_tables
INFO - Output will be saved as: 38_Indonesian_Sea_38002_North_Coast_Central_Java_(1979).json
INFO - Biomass accumulation file Biomass_accumulation.csv is entirely blank: BA is UNKNOWN for every group (-9999), not zero.
INFO - Processing group: Benthic producers (ID: 1)
INFO -     -> Identified as Primary Producer (pp = 1).
WARNING -     - Missing EE for Benthic producers
INFO - Processing group: Phytoplankton (ID: 2)
INFO -     -> Identified as Primary Producer (pp = 1).
INFO - Processing group: Small herb. Zoopl. (ID: 3)
INFO -     - Total Diet + Import sum for Small herb. Zoopl.: 1.00000
INFO -     - Detritus fate sum for Small herb. Zoopl.: 0.00000
WARNING -     - Missing Detritus fate routing for Small herb. Zoopl. (Sum = 0.0)
INFO - Processing group: Lg. Herb. Zoopl. (ID: 4)
INFO -     - Total Diet + Import sum for Lg. Herb. Zoopl.: 1.00000
INFO -     - Detritus fate sum for Lg. Herb. Zoopl.: 0.00000
WARNING -     - Missing Detritus fate routing for Lg. Herb. Zoopl. (Sum = 0.0)
INFO - Processing group: Carn. Zoopl. (ID: 5)
INFO -     - Total Diet + Import sum for Carn. Zoopl.: 1.00000
INFO -     - Detritus fate sum for Carn. Zoopl.: 0.00000
WARNING -     - Missing Detritus fate routing for Carn. Zoopl. (Sum = 0.0)
INFO - Processing group: Jelly fishes (ID: 6)
INFO -     - Total Diet + Import sum for Jelly fishes: 1.00000
INFO -     - Detritus fate sum for Jelly fishes: 0.00000
WARNING -     - Missing Detritus fate routing for Jelly fishes (Sum = 0.0)
INFO - Processing group: Benthic infauna (ID: 7)
INFO -     - Total Diet + Import sum for Benthic infauna: 1.00000
INFO -     - Detritus fate sum for Benthic infauna: 0.00000
WARNING -     - Missing Detritus fate routing for Benthic infauna (Sum = 0.0)
INFO - Processing group: SAF (ID: 8)
INFO -     - Total Diet + Import sum for SAF: 0.87000
WARNING -     - Diet Sum is not 1 (0.87000). Normalizing to 1.0
INFO -     - Detritus fate sum for SAF: 0.00000
WARNING -     - Missing Detritus fate routing for SAF (Sum = 0.0)
INFO - Processing group: Macrozoobenthos (ID: 9)
INFO -     - Total Diet + Import sum for Macrozoobenthos: 1.01000
WARNING -     - Diet Sum is not 1 (1.01000). Normalizing to 1.0
INFO -     - Detritus fate sum for Macrozoobenthos: 0.00000
WARNING -     - Missing Detritus fate routing for Macrozoobenthos (Sum = 0.0)
INFO - Processing group: LBS (ID: 10)
INFO -     - Total Diet + Import sum for LBS: 0.99000
WARNING -     - Diet Sum is not 1 (0.99000). Normalizing to 1.0
INFO -     - Detritus fate sum for LBS: 0.00000
WARNING -     - Missing Detritus fate routing for LBS (Sum = 0.0)
INFO - Processing group: Juv.pen.shrimp (ID: 11)
INFO -     - Total Diet + Import sum for Juv.pen.shrimp: 1.00000
INFO -     - Detritus fate sum for Juv.pen.shrimp: 0.00000
WARNING -     - Missing Detritus fate routing for Juv.pen.shrimp (Sum = 0.0)
INFO - Processing group: Lg.pel.pred.(J) (ID: 12)
INFO -     - Total Diet + Import sum for Lg.pel.pred.(J): 1.00000
INFO -     - Detritus fate sum for Lg.pel.pred.(J): 0.00000
WARNING -     - Missing Detritus fate routing for Lg.pel.pred.(J) (Sum = 0.0)
INFO - Processing group: Ad.pen.shrimps (ID: 13)
INFO -     - Total Diet + Import sum for Ad.pen.shrimps: 0.28000
WARNING -     - Diet Sum is not 1 (0.28000). Normalizing to 1.0
INFO -     - Detritus fate sum for Ad.pen.shrimps: 0.00000
WARNING -     - Missing Detritus fate routing for Ad.pen.shrimps (Sum = 0.0)
INFO - Processing group: Misc.pelagic (ID: 14)
INFO -     - Total Diet + Import sum for Misc.pelagic: 0.98000
WARNING -     - Diet Sum is not 1 (0.98000). Normalizing to 1.0
INFO -     - Detritus fate sum for Misc.pelagic: 0.00000
WARNING -     - Missing Detritus fate routing for Misc.pelagic (Sum = 0.0)
INFO - Processing group: Leiognathids (ID: 15)
INFO -     - Total Diet + Import sum for Leiognathids: 1.00000
INFO -     - Detritus fate sum for Leiognathids: 0.00000
WARNING -     - Missing Detritus fate routing for Leiognathids (Sum = 0.0)
INFO - Processing group: Crabs and Lobster (ID: 16)
INFO -     - Total Diet + Import sum for Crabs and Lobster: 1.00000
INFO -     - Detritus fate sum for Crabs and Lobster: 0.00000
WARNING -     - Missing Detritus fate routing for Crabs and Lobster (Sum = 0.0)
INFO - Processing group: Cephalopods (ID: 17)
INFO -     - Total Diet + Import sum for Cephalopods: 1.00000
INFO -     - Detritus fate sum for Cephalopods: 0.00000
WARNING -     - Missing Detritus fate routing for Cephalopods (Sum = 0.0)
INFO - Processing group: Decapterus spp. (ID: 18)
INFO -     - Total Diet + Import sum for Decapterus spp.: 1.00000
INFO -     - Detritus fate sum for Decapterus spp.: 0.00000
WARNING -     - Missing Detritus fate routing for Decapterus spp. (Sum = 0.0)
INFO - Processing group: Rastrelliger spp. (ID: 19)
INFO -     - Total Diet + Import sum for Rastrelliger spp.: 1.01000
WARNING -     - Diet Sum is not 1 (1.01000). Normalizing to 1.0
INFO -     - Detritus fate sum for Rastrelliger spp.: 0.00000
WARNING -     - Missing Detritus fate routing for Rastrelliger spp. (Sum = 0.0)
INFO - Processing group: Clupeoids (ID: 20)
INFO -     - Total Diet + Import sum for Clupeoids: 1.00000
INFO -     - Detritus fate sum for Clupeoids: 0.00000
WARNING -     - Missing Detritus fate routing for Clupeoids (Sum = 0.0)
INFO - Processing group: Small demersals (ID: 21)
INFO -     - Total Diet + Import sum for Small demersals: 1.00000
INFO -     - Detritus fate sum for Small demersals: 0.00000
WARNING -     - Missing Detritus fate routing for Small demersals (Sum = 0.0)
INFO - Processing group: Lg.dem.pred.(J) (ID: 22)
INFO -     - Total Diet + Import sum for Lg.dem.pred.(J): 0.99000
WARNING -     - Diet Sum is not 1 (0.99000). Normalizing to 1.0
INFO -     - Detritus fate sum for Lg.dem.pred.(J): 0.00000
WARNING -     - Missing Detritus fate routing for Lg.dem.pred.(J) (Sum = 0.0)
INFO - Processing group: Demersal rays (ID: 23)
INFO -     - Total Diet + Import sum for Demersal rays: 1.00000
INFO -     - Detritus fate sum for Demersal rays: 0.00000
WARNING -     - Missing Detritus fate routing for Demersal rays (Sum = 0.0)
INFO - Processing group: Lg.pel.pred (A) (ID: 24)
INFO -     - Total Diet + Import sum for Lg.pel.pred (A): 0.99000
WARNING -     - Diet Sum is not 1 (0.99000). Normalizing to 1.0
INFO -     - Detritus fate sum for Lg.pel.pred (A): 0.00000
WARNING -     - Missing Detritus fate routing for Lg.pel.pred (A) (Sum = 0.0)
INFO - Processing group: Lg.dem.pred (A) (ID: 25)
INFO -     - Total Diet + Import sum for Lg.dem.pred (A): 217.78000
WARNING -     - Diet Sum is not 1 (217.78000). Normalizing to 1.0
INFO -     - Detritus fate sum for Lg.dem.pred (A): 0.00000
WARNING -     - Missing Detritus fate routing for Lg.dem.pred (A) (Sum = 0.0)
INFO - Processing group: Marine mammals (ID: 26)
INFO -     - Total Diet + Import sum for Marine mammals: 1.00000
INFO -     - Detritus fate sum for Marine mammals: 0.00000
WARNING -     - Missing Detritus fate routing for Marine mammals (Sum = 0.0)
INFO - Processing group: Detritus (ID: 27)
INFO -     -> Identified as Detritus group (pp = 2).
INFO - 
Success: Output saved to C:\Users\idoca\Desktop\אישי\אקדמיה\תואר שני\מחקר\BTN\GlobalPPREstimation\regions\LME_038\models\38_38002_North_Coast_Central_Java_(1979)\extracted_tables\38_Indonesian_Sea_38002_North_Coast_Central_Java_(1979).json
INFO - 
--- Mass balance check: INDETERMINATE ---
INFO - BA is unknown (-9999) for 27 of 27 group(s); those groups cannot be decided unless they reconcile without it.
INFO - NOTE  24 group(s) carry all four of B/P-B/Q-B/EE - Ecopath needs three, so one of them is probably a published model estimate rather than an input; record which in REPORT.md: 3 (Small herb. Zoopl.), 4 (Lg. Herb. Zoopl.), 5 (Carn. Zoopl.), 6 (Jelly fishes), 7 (Benthic infauna), 8 (SAF), 9 (Macrozoobenthos), 10 (LBS) ...
INFO - NOTE  detritus pools (1): inflow ~2418, consumption ~925.2 t/km^2/year, implied EE ~0.383 (indicative - export is not separated, it uses recomputed EE where the source gave none, and any unknown BA is left out of the flows entirely)
WARNING - INDET group 4 (Lg. Herb. Zoopl.): printed EE 0.92 vs recomputed 0.980 (diff 0.060) with BA unknown - a BA of -0.675 t/km^2/year (-0.06 of production) would close it - undecidable: this may be an extraction error or the BA the source never printed
WARNING - INDET group 5 (Carn. Zoopl.): printed EE 0.21 vs recomputed 0.277 (diff 0.067) with BA unknown - a BA of -0.8846 t/km^2/year (-0.07 of production) would close it - undecidable: this may be an extraction error or the BA the source never printed
WARNING - INDET group 6 (Jelly fishes): printed EE 0.53 vs recomputed 0.456 (diff 0.074) with BA unknown - a BA of +0.03712 t/km^2/year (+0.07 of production) would close it - undecidable: this may be an extraction error or the BA the source never printed
WARNING - INDET group 7 (Benthic infauna): printed EE 0.43 vs recomputed 0.498 (diff 0.068) with BA unknown - a BA of -15.34 t/km^2/year (-0.07 of production) would close it - undecidable: this may be an extraction error or the BA the source never printed
WARNING - INDET group 8 (SAF): printed EE 0.3 vs recomputed 0.249 (diff 0.051) with BA unknown - a BA of +0.06198 t/km^2/year (+0.05 of production) would close it - undecidable: this may be an extraction error or the BA the source never printed
WARNING - INDET group 10 (LBS): recomputed EE = 1.335 > 1 without BA, and BA is unknown - a BA of -0.6724 t/km^2/year (-0.38 of production) would close it - undecidable until the source is checked for biomass accumulation
WARNING - INDET group 12 (Lg.pel.pred.(J)): printed EE 0.95 vs recomputed 0.872 (diff 0.078) with BA unknown - a BA of +0.06969 t/km^2/year (+0.08 of production) would close it - undecidable: this may be an extraction error or the BA the source never printed
WARNING - INDET group 14 (Misc.pelagic): printed EE 0.95 vs recomputed 0.892 (diff 0.058) with BA unknown - a BA of +0.0505 t/km^2/year (+0.06 of production) would close it - undecidable: this may be an extraction error or the BA the source never printed
WARNING - INDET group 19 (Rastrelliger spp.): recomputed EE = 1.039 > 1 without BA, and BA is unknown - a BA of -0.0472 t/km^2/year (-0.09 of production) would close it - undecidable until the source is checked for biomass accumulation
WARNING - INDET group 22 (Lg.dem.pred.(J)): recomputed EE = 1.402 > 1 without BA, and BA is unknown - a BA of -0.4704 t/km^2/year (-0.45 of production) would close it - undecidable until the source is checked for biomass accumulation
WARNING - INDET group 23 (Demersal rays): printed EE 0.95 vs recomputed 0.654 (diff 0.296) with BA unknown - a BA of +0.004535 t/km^2/year (+0.30 of production) would close it - undecidable: this may be an extraction error or the BA the source never printed
WARNING - INDET group 24 (Lg.pel.pred (A)): printed EE 0.95 vs recomputed 0.877 (diff 0.073) with BA unknown - a BA of +0.01494 t/km^2/year (+0.07 of production) would close it - undecidable: this may be an extraction error or the BA the source never printed
WARNING - INDET group 26 (Marine mammals): recomputed EE = 1.790 > 1 without BA, and BA is unknown - undecidable until the source is checked for biomass accumulation
WARNING - WARN  group 1 (Benthic producers): only 2 of B/P-B/Q-B/EE given (B, P/B) - Ecopath needs three
WARNING - WARN  group 23 (Demersal rays): P/Q = 0.019 outside the usual 0.02-0.5 range - check the P/B and Q/B columns
WARNING - WARN  group 26 (Marine mammals): P/Q = 0.003 outside the usual 0.02-0.5 range - check the P/B and Q/B columns
INFO - 0 error(s), 13 indeterminate, 3 warning(s), 2 note(s)
INFO - An indeterminate group is a prompt to go back to the source for biomass accumulation, not a BA to enter. A BA this check suggested and then validated itself against would prove nothing.
INFO - Mass balance section written to C:\Users\idoca\Desktop\אישי\אקדמיה\תואר שני\מחקר\BTN\GlobalPPREstimation\regions\LME_038\models\38_38002_North_Coast_Central_Java_(1979)\extracted_tables\MASS_BALANCE.md
WARNING - --update-report was given but no REPORT.md was found here
INFO - Log saved to C:\Users\idoca\Desktop\אישי\אקדמיה\תואר שני\מחקר\BTN\GlobalPPREstimation\regions\LME_038\models\38_38002_North_Coast_Central_Java_(1979)\extracted_tables\ewe_conversion.log
INFO - Reading JSON: C:\Users\idoca\Desktop\אישי\אקדמיה\תואר שני\מחקר\BTN\GlobalPPREstimation\regions\LME_038\models\38_38002_North_Coast_Central_Java_(1979)\extracted_tables\38_Indonesian_Sea_38002_North_Coast_Central_Java_(1979).json
INFO - Writing reconstructed files to: C:\Users\idoca\Desktop\אישי\אקדמיה\תואר שני\מחקר\BTN\GlobalPPREstimation\regions\LME_038\models\38_38002_North_Coast_Central_Java_(1979)\extracted_tables\38_Indonesian_Sea_38002_North_Coast_Central_Java_(1979)_reconstructed.xlsx
INFO -   -> Included 'Landings' sheet (calculated from 'export' param)
INFO -   -> Included 'Taxonomy' sheet
INFO -   -> Included 'Detritus fate' sheet (Pools identified: 1)
INFO - 
Success! Validation file generated.
