  # group                                B      P/B      Q/B      EE  EE calc    P/Q    catch
  1 Benthic producers                  153    11.88        -   0.003  0.00338      -        -
  2 Phytoplankton                    4.154      135        -    0.95     0.95      -        -
  3 Small herb. zoopl.                2.43    60.23      220    0.47     0.47  0.274        -
  4 Lg. herb. zoopl.                  0.56       20       70   0.912    0.912  0.286    0.008
  5 Carn. zoopl.                      0.31    42.58    135.1   0.238    0.238  0.315        -
  6 Jelly fishes                       0.1    5.011    25.05   0.414    0.414    0.2    0.003
  7 Benthic infauna                  18.94     6.57     27.4   0.537    0.537   0.24        -
  8 SAF                              0.377    1.188     9.28    0.75     0.75  0.128     0.01
  9 Macrozoobenthos                  2.455        3     12.5    0.75     0.75   0.24    0.001
 10 LBS                                 20      0.1      0.5   0.989    0.989    0.2      0.1
 11 Juv. pen. shrimps                0.556       13       70    0.95     0.95  0.186    0.008
 12 Lg. pel. pred. (J)                0.19     3.35    11.17     0.5    0.499    0.3    0.116
 13 Ad. pen. shrimps                 1.224        5    28.95    0.95     0.95  0.173    0.014
 14 Misc. pelagics                   0.221    2.174    10.87    0.95     0.95    0.2    0.117
 15 Leiognathids                     0.193    3.674    18.37    0.51     0.51    0.2    0.019
 16 Crabs + Lobsters                 0.765        4     21.9    0.95     0.95  0.183    0.001
 17 Cephalopods                       0.95      3.1    20.32    0.95     0.95  0.153    0.005
 18 Decapterus spp.                  0.087     2.81    14.05    0.95    0.947    0.2    0.071
 19 Rastrelliger spp.                0.044    4.248    14.16    0.95    0.956    0.3    0.035
 20 Clupeoids                        0.899     3.35    17.62    0.95     0.95   0.19    0.116
 21 Small demersals                  1.687    2.568    12.84   0.553    0.553    0.2    0.066
 22 Med. demersals                   0.046    1.828     9.14   0.575    0.575    0.2    0.015
 23 Lg. dem. pred. (J)               0.434    3.852    12.84     0.5      0.5    0.3    0.066
 24 Demersal rays                    0.009      1.3      8.2     0.6    0.581  0.159    0.006
 25 Lg. pel. pred (A)                0.104      1.2     8.65     0.5      0.5  0.139    0.051
 26 Lg. dem. pred (A)                 0.13     0.92     6.13   0.174    0.174   0.15     0.02
 27 Marine mammals                   0.138    0.045    15.36   0.289    0.289  0.003    0.001
 28 Detritus                           120        -        -   0.264        -      -        -

NOTE  group 3 (Small herb. zoopl.): all four of B/P-B/Q-B/EE given — one is probably an Ecopath estimate; record which in the report
NOTE  group 4 (Lg. herb. zoopl.): all four of B/P-B/Q-B/EE given — one is probably an Ecopath estimate; record which in the report
NOTE  group 5 (Carn. zoopl.): all four of B/P-B/Q-B/EE given — one is probably an Ecopath estimate; record which in the report
NOTE  group 6 (Jelly fishes): all four of B/P-B/Q-B/EE given — one is probably an Ecopath estimate; record which in the report
NOTE  group 7 (Benthic infauna): all four of B/P-B/Q-B/EE given — one is probably an Ecopath estimate; record which in the report
NOTE  group 8 (SAF): all four of B/P-B/Q-B/EE given — one is probably an Ecopath estimate; record which in the report
NOTE  group 9 (Macrozoobenthos): all four of B/P-B/Q-B/EE given — one is probably an Ecopath estimate; record which in the report
NOTE  group 10 (LBS): all four of B/P-B/Q-B/EE given — one is probably an Ecopath estimate; record which in the report
NOTE  group 11 (Juv. pen. shrimps): all four of B/P-B/Q-B/EE given — one is probably an Ecopath estimate; record which in the report
NOTE  group 12 (Lg. pel. pred. (J)): all four of B/P-B/Q-B/EE given — one is probably an Ecopath estimate; record which in the report
NOTE  group 13 (Ad. pen. shrimps): all four of B/P-B/Q-B/EE given — one is probably an Ecopath estimate; record which in the report
NOTE  group 14 (Misc. pelagics): all four of B/P-B/Q-B/EE given — one is probably an Ecopath estimate; record which in the report
NOTE  group 15 (Leiognathids): all four of B/P-B/Q-B/EE given — one is probably an Ecopath estimate; record which in the report
NOTE  group 16 (Crabs + Lobsters): all four of B/P-B/Q-B/EE given — one is probably an Ecopath estimate; record which in the report
NOTE  group 17 (Cephalopods): all four of B/P-B/Q-B/EE given — one is probably an Ecopath estimate; record which in the report
NOTE  group 18 (Decapterus spp.): all four of B/P-B/Q-B/EE given — one is probably an Ecopath estimate; record which in the report
NOTE  group 19 (Rastrelliger spp.): all four of B/P-B/Q-B/EE given — one is probably an Ecopath estimate; record which in the report
NOTE  group 20 (Clupeoids): all four of B/P-B/Q-B/EE given — one is probably an Ecopath estimate; record which in the report
NOTE  group 21 (Small demersals): all four of B/P-B/Q-B/EE given — one is probably an Ecopath estimate; record which in the report
NOTE  group 22 (Med. demersals): all four of B/P-B/Q-B/EE given — one is probably an Ecopath estimate; record which in the report
NOTE  group 23 (Lg. dem. pred. (J)): all four of B/P-B/Q-B/EE given — one is probably an Ecopath estimate; record which in the report
NOTE  group 24 (Demersal rays): all four of B/P-B/Q-B/EE given — one is probably an Ecopath estimate; record which in the report
NOTE  group 25 (Lg. pel. pred (A)): all four of B/P-B/Q-B/EE given — one is probably an Ecopath estimate; record which in the report
NOTE  group 26 (Lg. dem. pred (A)): all four of B/P-B/Q-B/EE given — one is probably an Ecopath estimate; record which in the report
NOTE  group 27 (Marine mammals): all four of B/P-B/Q-B/EE given — one is probably an Ecopath estimate; record which in the report
NOTE  detritus pools (1): inflow ~2379, consumption ~617.4 t/km2/yr, implied EE ~0.260 (indicative — export not separated, and it uses recomputed EE where the paper gave none)
WARN  group 27 (Marine mammals): P/Q = 0.003 outside the usual 0.02-0.5 range — check the P/B and Q/B columns

0 error(s), 1 warning(s), 26 note(s)

