Rendered 941_20070101_WCPO_Warm_Pool_Option1_(mixed_periods)
Rendered 941_20070101_WCPO_Warm_Pool_Option1_(mixed_periods)
Rendered 941_20070101_WCPO_Warm_Pool_Option1_(mixed_periods)
Rendered 077HS_1_Eastern_tropical_Pacific_(1993-1997)
Rendered CAL-2016_California_Current_2000-2014
Rendered Chiaverano2018_detailed_Northern_Humboldt_1995_1998
Rendered 13_1_Chilean_Patagonia_(1980)
Rendered PAT2024_FalklandShelf_2020_native
Rendered 22_20251990_East_Coast_of_Scotland_(1991-1995)
Rendered Hernvann_2020_Celtic_Sea_1985
Rendered Piroddi_2022_Mediterranean_1995
Rendered 27_118_Northwest_Africa_(1987)
Rendered 27_Morissette2009_Northwest_Africa_Table17
Rendered Guenette2014_BancArguin_Base_1991
Rendered Guenette2014_BancArguin_M30_1991
Rendered Guenette2014_BancArguin_P30_1991
Rendered 27_Villanueva2004_SineSaloum
Rendered 28_646_Guinea_(1998)
Rendered BEN2020_Southern_Benguela_1978
Rendered 32_1_Arabian_Sea_off_Karnataka_(2000)
Rendered 34_1_Bay_of_Bengal_(1978)
Rendered 35_412_Gulf_of_Thailande_(1963)
Rendered 36_1_South_China_Sea_SCS-2007_Northern_South_China_Sea_(2000s)
Rendered Bacalso2026_Visayan_Sea_1997_baseline
Rendered 38_38003_Java_Sea_normalized_BA_completed_(mid1970s)
Rendered 47_2_East_China_Sea_(2018)
Rendered 49_2019201301_Watari_Detritus_Pooled_Experiment_(2013)
Rendered 50_502013_Coastal_Kyoto_Inoue_(2013)
Rendered 52_1_Sea_of_Okhotsk_NE_(1980)
Rendered 52_GM2019_Fig9_Pelagic_balanced_(2000-2014)
