
--- Running Pipeline Option 1 (Dir -> JSON -> Excel) ---

INFO - Starting conversion for directory: C:\Users\idoca\Desktop\אישי\אקדמיה\תואר שני\מחקר\BTN\GlobalPPREstimation\regions\LME_052\models\52_GM2019_Fig9_Pelagic_(2000-2014)\assumption_variants\adopted_balanced_20261003\ewe_imports
INFO - Output will be saved as: 52_Sea_of_Okhotsk_GM2019-Fig9-balanced_Sea_of_Okhotsk_pelagic_balanced_assumption_reconstruction_(2000-2014).json
INFO - Biomass accumulation loaded for 21 group(s) from Biomass_accumulation.csv
INFO - Processing group: Phytoplankton (ID: 1)
INFO -     - BA rate 0/year derived from BA 0 / B 2.046632124352332 (not stated by the source)
INFO -     - Biomass accumulation: 0 t/km^2/year, 0 /year
INFO -     - Detritus fate sum for Phytoplankton: 1.00000
INFO -     -> Identified as Primary Producer (pp = 1).
WARNING -     - Missing EE for Phytoplankton
INFO - Processing group: Bacteria (ID: 2)
INFO -     - BA rate 0/year derived from BA 0 / B 3.2739637305699483 (not stated by the source)
INFO -     - Biomass accumulation: 0 t/km^2/year, 0 /year
INFO -     - Total Diet + Import sum for Bacteria: 1.00000
INFO -     - Detritus fate sum for Bacteria: 1.00000
WARNING -     - Missing EE for Bacteria
INFO - Processing group: Protozoa (ID: 3)
INFO -     - BA rate 0/year derived from BA 0 / B 1.1366580310880827 (not stated by the source)
INFO -     - Biomass accumulation: 0 t/km^2/year, 0 /year
INFO -     - Total Diet + Import sum for Protozoa: 1.00000
INFO -     - Detritus fate sum for Protozoa: 1.00000
WARNING -     - Missing EE for Protozoa
INFO - Processing group: Copepods (ID: 4)
INFO -     - BA rate 0/year derived from BA 0 / B 5.0101776461880085 (not stated by the source)
INFO -     - Biomass accumulation: 0 t/km^2/year, 0 /year
INFO -     - Total Diet + Import sum for Copepods: 1.00000
INFO -     - Detritus fate sum for Copepods: 1.00000
WARNING -     - Missing EE for Copepods
INFO - Processing group: Euphausiids (ID: 5)
INFO -     - BA rate 0/year derived from BA 0 / B 3.5866164825496143 (not stated by the source)
INFO -     - Biomass accumulation: 0 t/km^2/year, 0 /year
INFO -     - Total Diet + Import sum for Euphausiids: 1.00000
INFO -     - Detritus fate sum for Euphausiids: 1.00000
WARNING -     - Missing EE for Euphausiids
INFO - Processing group: Hyperiids (ID: 6)
INFO -     - BA rate 0/year derived from BA 0 / B 0.2635340360907629 (not stated by the source)
INFO -     - Biomass accumulation: 0 t/km^2/year, 0 /year
INFO -     - Total Diet + Import sum for Hyperiids: 1.00000
INFO -     - Detritus fate sum for Hyperiids: 1.00000
WARNING -     - Missing EE for Hyperiids
INFO - Processing group: Chaetognaths (ID: 7)
INFO -     - BA rate 0/year derived from BA 0 / B 1.3827720207253886 (not stated by the source)
INFO -     - Biomass accumulation: 0 t/km^2/year, 0 /year
INFO -     - Total Diet + Import sum for Chaetognaths: 1.00000
INFO -     - Detritus fate sum for Chaetognaths: 1.00000
WARNING -     - Missing EE for Chaetognaths
INFO - Processing group: Salmon (ID: 8)
INFO -     - BA rate 0/year derived from BA 0 / B 0.063187160369013 (not stated by the source)
INFO -     - Biomass accumulation: 0 t/km^2/year, 0 /year
INFO -     - Total Diet + Import sum for Salmon: 1.00000
INFO -     - Detritus fate sum for Salmon: 1.00000
WARNING -     - Missing EE for Salmon
INFO - Processing group: Squid III (ID: 9)
INFO -     - BA rate 0/year derived from BA 0 / B 0.0272129577219488 (not stated by the source)
INFO -     - Biomass accumulation: 0 t/km^2/year, 0 /year
INFO -     - Total Diet + Import sum for Squid III: 1.00000
INFO -     - Detritus fate sum for Squid III: 1.00000
WARNING -     - Missing EE for Squid III
INFO - Processing group: Herring (ID: 10)
INFO -     - BA rate 0/year derived from BA 0 / B 0.2248848589522164 (not stated by the source)
INFO -     - Biomass accumulation: 0 t/km^2/year, 0 /year
INFO -     - Total Diet + Import sum for Herring: 1.00000
INFO -     - Detritus fate sum for Herring: 1.00000
WARNING -     - Missing EE for Herring
INFO - Processing group: Deep-sea smelt (ID: 11)
INFO -     - BA rate 0/year derived from BA 0 / B 0.1340003573342862 (not stated by the source)
INFO -     - Biomass accumulation: 0 t/km^2/year, 0 /year
INFO -     - Total Diet + Import sum for Deep-sea smelt: 1.00000
INFO -     - Detritus fate sum for Deep-sea smelt: 1.00000
WARNING -     - Missing EE for Deep-sea smelt
INFO - Processing group: Pollock less than 30 cm (ID: 12)
INFO -     - BA rate 0/year derived from BA 0 / B 0.0507975210809712 (not stated by the source)
INFO -     - Biomass accumulation: 0 t/km^2/year, 0 /year
INFO -     - Total Diet + Import sum for Pollock less than 30 cm: 1.00000
INFO -     - Detritus fate sum for Pollock less than 30 cm: 1.00000
WARNING -     - Missing EE for Pollock less than 30 cm
INFO - Processing group: Capelin (ID: 13)
INFO -     - BA rate 0/year derived from BA 0 / B 0.0588789448893075 (not stated by the source)
INFO -     - Biomass accumulation: 0 t/km^2/year, 0 /year
INFO -     - Total Diet + Import sum for Capelin: 1.00000
INFO -     - Detritus fate sum for Capelin: 1.00000
WARNING -     - Missing EE for Capelin
INFO - Processing group: Jellyfish (ID: 14)
INFO -     - BA rate 0/year derived from BA 0 / B 0.0093108008923834 (not stated by the source)
INFO -     - Biomass accumulation: 0 t/km^2/year, 0 /year
INFO -     - Total Diet + Import sum for Jellyfish: 1.00000
INFO -     - Detritus fate sum for Jellyfish: 1.00000
WARNING -     - Missing EE for Jellyfish
INFO - Processing group: Pollock 30-60 cm (ID: 15)
INFO -     - BA rate 0/year derived from BA 0 / B 0.4966817925315847 (not stated by the source)
INFO -     - Biomass accumulation: 0 t/km^2/year, 0 /year
INFO -     - Total Diet + Import sum for Pollock 30-60 cm: 1.00000
INFO -     - Detritus fate sum for Pollock 30-60 cm: 1.00000
WARNING -     - Missing EE for Pollock 30-60 cm
INFO - Processing group: Squid IV (ID: 16)
INFO -     - BA rate 0/year derived from BA 0 / B 0.0271217920344381 (not stated by the source)
INFO -     - Biomass accumulation: 0 t/km^2/year, 0 /year
INFO -     - Total Diet + Import sum for Squid IV: 1.00000
INFO -     - Detritus fate sum for Squid IV: 1.00000
WARNING -     - Missing EE for Squid IV
INFO - Processing group: Predatory salmon (ID: 17)
INFO -     - BA rate 0/year derived from BA 0 / B 0.0015796790092253 (not stated by the source)
INFO -     - Biomass accumulation: 0 t/km^2/year, 0 /year
INFO -     - Total Diet + Import sum for Predatory salmon: 1.00000
INFO -     - Detritus fate sum for Predatory salmon: 1.00000
WARNING -     - Missing EE for Predatory salmon
INFO - Processing group: Baleen whales (ID: 18)
INFO -     - BA rate 0/year derived from BA 0 / B 0.0859979579957824 (not stated by the source)
INFO -     - Biomass accumulation: 0 t/km^2/year, 0 /year
INFO -     - Total Diet + Import sum for Baleen whales: 1.00000
INFO -     - Detritus fate sum for Baleen whales: 1.00000
WARNING -     - Missing EE for Baleen whales
INFO - Processing group: Pollock greater than 60 cm (ID: 19)
INFO -     - BA rate 0/year derived from BA 0 / B 0.0291479925194591 (not stated by the source)
INFO -     - Biomass accumulation: 0 t/km^2/year, 0 /year
INFO -     - Total Diet + Import sum for Pollock greater than 60 cm: 1.00000
INFO -     - Detritus fate sum for Pollock greater than 60 cm: 1.00000
WARNING -     - Missing EE for Pollock greater than 60 cm
INFO - Processing group: Predatory fish (ID: 20)
INFO -     - BA rate 0/year derived from BA 0 / B 0.0143131136747488 (not stated by the source)
INFO -     - Biomass accumulation: 0 t/km^2/year, 0 /year
INFO -     - Total Diet + Import sum for Predatory fish: 1.00000
INFO -     - Detritus fate sum for Predatory fish: 1.00000
WARNING -     - Missing EE for Predatory fish
INFO - Processing group: Predatory mammals (ID: 21)
INFO -     - BA rate 0/year derived from BA 0 / B 0.0291033311386559 (not stated by the source)
INFO -     - Biomass accumulation: 0 t/km^2/year, 0 /year
INFO -     - Total Diet + Import sum for Predatory mammals: 1.00000
INFO -     - Detritus fate sum for Predatory mammals: 1.00000
WARNING -     - Missing EE for Predatory mammals
INFO - Processing group: Detritus (ID: 22)
INFO -     - Detritus fate sum for Detritus: 1.00000
INFO -     -> Identified as Detritus group (pp = 2).
WARNING -     - Missing EE for Detritus
INFO - 
Success: Output saved to C:\Users\idoca\Desktop\אישי\אקדמיה\תואר שני\מחקר\BTN\GlobalPPREstimation\regions\LME_052\models\52_GM2019_Fig9_Pelagic_(2000-2014)\assumption_variants\adopted_balanced_20261003\ewe_imports\52_Sea_of_Okhotsk_GM2019-Fig9-balanced_Sea_of_Okhotsk_pelagic_balanced_assumption_reconstruction_(2000-2014).json
INFO - 
--- Mass balance check: INDETERMINATE ---
INFO - BA is unknown (-9999) for 1 of 22 group(s); those groups cannot be decided unless they reconcile without it.
INFO - NOTE  detritus pools (1): inflow ~490.5, consumption ~200.8 t/km^2/year, implied EE ~0.409 (indicative - export is not separated, it uses recomputed EE where the source gave none, and any unknown BA is left out of the flows entirely)
WARNING - INDET group 2: unassimilated fraction unknown; indicative checks use a software assumption
WARNING - INDET group 3: unassimilated fraction unknown; indicative checks use a software assumption
WARNING - INDET group 4: unassimilated fraction unknown; indicative checks use a software assumption
WARNING - INDET group 5: unassimilated fraction unknown; indicative checks use a software assumption
WARNING - INDET group 6: unassimilated fraction unknown; indicative checks use a software assumption
WARNING - INDET group 7: unassimilated fraction unknown; indicative checks use a software assumption
WARNING - INDET group 8: unassimilated fraction unknown; indicative checks use a software assumption
WARNING - INDET group 9: unassimilated fraction unknown; indicative checks use a software assumption
WARNING - INDET group 10: unassimilated fraction unknown; indicative checks use a software assumption
WARNING - INDET group 11: unassimilated fraction unknown; indicative checks use a software assumption
WARNING - INDET group 12: unassimilated fraction unknown; indicative checks use a software assumption
WARNING - INDET group 13: unassimilated fraction unknown; indicative checks use a software assumption
WARNING - INDET group 14: unassimilated fraction unknown; indicative checks use a software assumption
WARNING - INDET group 15: unassimilated fraction unknown; indicative checks use a software assumption
WARNING - INDET group 16: unassimilated fraction unknown; indicative checks use a software assumption
WARNING - INDET group 17: unassimilated fraction unknown; indicative checks use a software assumption
WARNING - INDET group 18: unassimilated fraction unknown; indicative checks use a software assumption
WARNING - INDET group 19: unassimilated fraction unknown; indicative checks use a software assumption
WARNING - INDET group 20: unassimilated fraction unknown; indicative checks use a software assumption
WARNING - INDET group 21: unassimilated fraction unknown; indicative checks use a software assumption
WARNING - WARN  group 1 (Phytoplankton): only 2 of B/P-B/Q-B/EE given (B, P/B) - Ecopath needs three
WARNING - WARN  group 4 (Copepods): P/Q = 0.641 outside the usual 0.02-0.5 range - check the P/B and Q/B columns
WARNING - WARN  group 5 (Euphausiids): P/Q = 0.638 outside the usual 0.02-0.5 range - check the P/B and Q/B columns
WARNING - WARN  group 7 (Chaetognaths): P/Q = 0.553 outside the usual 0.02-0.5 range - check the P/B and Q/B columns
WARNING - WARN  group 8 (Salmon): P/Q = 0.778 outside the usual 0.02-0.5 range - check the P/B and Q/B columns
WARNING - WARN  group 14 (Jellyfish): P/Q = 0.614 outside the usual 0.02-0.5 range - check the P/B and Q/B columns
WARNING - WARN  group 18 (Baleen whales): P/Q = 0.005 outside the usual 0.02-0.5 range - check the P/B and Q/B columns
WARNING - WARN  group 21 (Predatory mammals): P/Q = 0.010 outside the usual 0.02-0.5 range - check the P/B and Q/B columns
INFO - 0 error(s), 20 indeterminate, 8 warning(s), 1 note(s)
INFO - An indeterminate group is a prompt to go back to the source for biomass accumulation, not a BA to enter. A BA this check suggested and then validated itself against would prove nothing.
INFO - Mass balance section written to C:\Users\idoca\Desktop\אישי\אקדמיה\תואר שני\מחקר\BTN\GlobalPPREstimation\regions\LME_052\models\52_GM2019_Fig9_Pelagic_(2000-2014)\assumption_variants\adopted_balanced_20261003\ewe_imports\MASS_BALANCE.md
INFO - Log saved to C:\Users\idoca\Desktop\אישי\אקדמיה\תואר שני\מחקר\BTN\GlobalPPREstimation\regions\LME_052\models\52_GM2019_Fig9_Pelagic_(2000-2014)\assumption_variants\adopted_balanced_20261003\ewe_imports\ewe_conversion.log
INFO - Reading JSON: C:\Users\idoca\Desktop\אישי\אקדמיה\תואר שני\מחקר\BTN\GlobalPPREstimation\regions\LME_052\models\52_GM2019_Fig9_Pelagic_(2000-2014)\assumption_variants\adopted_balanced_20261003\ewe_imports\52_Sea_of_Okhotsk_GM2019-Fig9-balanced_Sea_of_Okhotsk_pelagic_balanced_assumption_reconstruction_(2000-2014).json
