  # group                                B      P/B      Q/B      EE  EE calc    P/Q    catch
  1 Phytoplankton                    2.047    219.9        -       -    0.353      -        -
  2 Bacteria                         3.274       20    61.33       -    0.943  0.326        -
  3 Protozoa                         1.137       20    61.54       -    0.933  0.325        -
  4 Copepods                          5.01    15.15    23.64       -    0.226  0.641        -
  5 Euphausiids                      3.587    10.13    15.89       -    0.184  0.638        -
  6 Hyperiids                       0.2635    11.68    23.86       -    0.163  0.489        -
  7 Chaetognaths                     1.383    5.986    10.83       -    0.155  0.553        -
  8 Salmon                         0.06319    1.076    1.383       -     0.31  0.778        -
  9 Squid III                      0.02721    2.499    45.97       -    0.707 0.0544        -
 10 Herring                         0.2249   0.3427    8.731       -    0.537 0.0393        -
 11 Deep-sea smelt                   0.134     0.29    4.087       -    0.667  0.071        -
 12 Pollock less than 30 cm         0.0508    2.512    16.65       -   0.0797  0.151        -
 13 Capelin                        0.05888     0.33    14.45       -    0.911 0.0228        -
 14 Jellyfish                     0.009311    10.02    16.31       -    0.232  0.614        -
 15 Pollock 30-60 cm                0.4967   0.7694    5.934       -    0.186   0.13        -
 16 Squid IV                       0.02712    2.388    24.71       -     0.61 0.0966        -
 17 Predatory salmon               0.00158     0.82    13.12       -        0 0.0625        -
 18 Baleen whales                    0.086 0.007531    1.613       -        00.00467        -
 19 Pollock greater than 60 cm     0.02915      0.2    1.552       -    0.633  0.129        -
 20 Predatory fish                 0.01431    0.181    5.398       -        0 0.0335        -
 21 Predatory mammals               0.0291  0.02225    2.319       -        0 0.0096        -
 22 Detritus                         10.04        -        -       -        -      -        -

NOTE  detritus pools (1): inflow ~490.5, consumption ~200.8 t/km2/yr, implied EE ~0.409 (indicative — export not separated, and it uses recomputed EE where the paper gave none)
WARN  group 1 (Phytoplankton): only 2 of B/P-B/Q-B/EE given (B, PB) — Ecopath needs three. Sweep the prose for the missing one before accepting this.
WARN  group 4 (Copepods): P/Q = 0.641 outside the usual 0.02-0.5 range — check the P/B and Q/B columns
WARN  group 5 (Euphausiids): P/Q = 0.638 outside the usual 0.02-0.5 range — check the P/B and Q/B columns
WARN  group 7 (Chaetognaths): P/Q = 0.553 outside the usual 0.02-0.5 range — check the P/B and Q/B columns
WARN  group 8 (Salmon): P/Q = 0.778 outside the usual 0.02-0.5 range — check the P/B and Q/B columns
WARN  group 14 (Jellyfish): P/Q = 0.614 outside the usual 0.02-0.5 range — check the P/B and Q/B columns
WARN  group 18 (Baleen whales): P/Q = 0.005 outside the usual 0.02-0.5 range — check the P/B and Q/B columns
WARN  group 21 (Predatory mammals): P/Q = 0.010 outside the usual 0.02-0.5 range — check the P/B and Q/B columns

0 error(s), 8 warning(s), 1 note(s)

