  # group                                B      P/B      Q/B      EE  EE calc    P/Q    catch
  1 Phytoplankton                      7.5      286        -    0.29    0.287      -        -
  2 Small zooplankton                   16     9.17       30    0.84    0.839   0.31        -
  3 Large zooplankton                14.32        4     12.5     0.9    0.901   0.32        -
  4 Infauna                           2.54       20       80     0.9    0.902   0.25        -
  5 Epifauna                          1.36    18.09    72.65    0.88    0.879   0.25  0.01509
  6 Crustacea                         2.41     2.26    13.44    0.81    0.805   0.17  0.04303
  7 Squid & Octopus                   0.09        2       15    0.95    0.918   0.13 0.003547
  8 Flatfishes                        1.11     0.71     4.28    0.91    0.908   0.17   0.1324
  9 Turbot                            0.02      0.8     3.95    0.82    0.991    0.2 0.009365
 10 Cod                               0.41     1.36     5.78    0.86    0.848   0.23   0.1528
 11 Ling                              0.06     0.97     3.25    0.94        1    0.3  0.04964
 12 Haddock                           0.54     1.39     8.09    0.92    0.927   0.17   0.2887
 13 Whiting                           0.25     1.21     7.61    0.89    0.916   0.16  0.09538
 14 Hake                              0.05     1.14     3.85    0.92    0.964    0.3   0.0467
 15 Saithe                            1.21     0.69     3.29    0.91    0.908   0.21    0.495
 16 Monkfish                          0.08     0.54     2.48    0.93     0.97   0.22  0.03812
 17 Large Dem. fish                   0.32     0.45     3.62    0.94    0.942   0.13  0.05281
 18 Herring                            2.6     1.31     6.55     0.9    0.901    0.2    1.082
 19 Small pelagics                    6.07     1.89      8.5    0.88    0.898   0.22   0.6157
 20 Large Pelagics                    2.41     0.54     4.83     0.9    0.901   0.11   0.3121
 21 Sharks & rays                     0.51     0.43     3.53    0.43    0.425   0.12  0.02917
 22 Seabirds                          0.01      0.4    66.74    0.03   0.0334   0.01        -
 23 Seals                             0.02     0.06    14.39    0.03   0.0283      0  3.4e-05
 24 Cetaceans                         0.12     0.02     8.43    0.04   0.0402      0 9.65e-05
 25 Detritus                           100        -        -    0.12        -      -        -

NOTE  group 2 (Small zooplankton): all four of B/P-B/Q-B/EE given — one is probably an Ecopath estimate; record which in the report
NOTE  group 3 (Large zooplankton): all four of B/P-B/Q-B/EE given — one is probably an Ecopath estimate; record which in the report
NOTE  group 4 (Infauna): all four of B/P-B/Q-B/EE given — one is probably an Ecopath estimate; record which in the report
NOTE  group 5 (Epifauna): all four of B/P-B/Q-B/EE given — one is probably an Ecopath estimate; record which in the report
NOTE  group 6 (Crustacea): all four of B/P-B/Q-B/EE given — one is probably an Ecopath estimate; record which in the report
NOTE  group 7 (Squid & Octopus): all four of B/P-B/Q-B/EE given — one is probably an Ecopath estimate; record which in the report
NOTE  group 8 (Flatfishes): all four of B/P-B/Q-B/EE given — one is probably an Ecopath estimate; record which in the report
NOTE  group 9 (Turbot): all four of B/P-B/Q-B/EE given — one is probably an Ecopath estimate; record which in the report
NOTE  group 10 (Cod): all four of B/P-B/Q-B/EE given — one is probably an Ecopath estimate; record which in the report
NOTE  group 11 (Ling): all four of B/P-B/Q-B/EE given — one is probably an Ecopath estimate; record which in the report
NOTE  group 12 (Haddock): all four of B/P-B/Q-B/EE given — one is probably an Ecopath estimate; record which in the report
NOTE  group 13 (Whiting): all four of B/P-B/Q-B/EE given — one is probably an Ecopath estimate; record which in the report
NOTE  group 14 (Hake): all four of B/P-B/Q-B/EE given — one is probably an Ecopath estimate; record which in the report
NOTE  group 15 (Saithe): all four of B/P-B/Q-B/EE given — one is probably an Ecopath estimate; record which in the report
NOTE  group 16 (Monkfish): all four of B/P-B/Q-B/EE given — one is probably an Ecopath estimate; record which in the report
NOTE  group 17 (Large Dem. fish): all four of B/P-B/Q-B/EE given — one is probably an Ecopath estimate; record which in the report
NOTE  group 18 (Herring): all four of B/P-B/Q-B/EE given — one is probably an Ecopath estimate; record which in the report
NOTE  group 19 (Small pelagics): all four of B/P-B/Q-B/EE given — one is probably an Ecopath estimate; record which in the report
NOTE  group 20 (Large Pelagics): all four of B/P-B/Q-B/EE given — one is probably an Ecopath estimate; record which in the report
NOTE  group 21 (Sharks & rays): all four of B/P-B/Q-B/EE given — one is probably an Ecopath estimate; record which in the report
NOTE  group 22 (Seabirds): all four of B/P-B/Q-B/EE given — one is probably an Ecopath estimate; record which in the report
NOTE  group 23 (Seals): all four of B/P-B/Q-B/EE given — one is probably an Ecopath estimate; record which in the report
NOTE  group 24 (Cetaceans): all four of B/P-B/Q-B/EE given — one is probably an Ecopath estimate; record which in the report
NOTE  detritus pools (1): inflow ~1783, consumption ~220.7 t/km2/yr, implied EE ~0.124 (indicative — export not separated, and it uses recomputed EE where the paper gave none)
WARN  group 9 (Turbot): printed EE 0.82 vs recomputed 0.991 (diff 0.171) — a BA of -0.002732 t/km2/year (-0.17 of production) would close this; check whether the paper reports biomass accumulation
WARN  group 11 (Ling): printed EE 0.94 vs recomputed 1.003 (diff 0.063) — a BA of -0.003647 t/km2/year (-0.06 of production) would close this; check whether the paper reports biomass accumulation
WARN  group 22 (Seabirds): P/Q = 0.010 outside the usual 0.02-0.5 range — check the P/B and Q/B columns
WARN  group 23 (Seals): P/Q = 0.000 outside the usual 0.02-0.5 range — check the P/B and Q/B columns
WARN  group 24 (Cetaceans): P/Q = 0.000 outside the usual 0.02-0.5 range — check the P/B and Q/B columns
ERROR group 11 (Ling): recomputed EE = 1.003 > 1 — consumption+catch+BA (0.05835) exceeds production (0.0582)

1 error(s), 5 warning(s), 24 note(s)
Check each error against a rendered image of the source page before changing anything. Do not adjust numbers to make this pass.

