INFO - 
--- Mass balance check: INDETERMINATE ---
INFO - BA is unknown (-9999) for 25 of 25 group(s); those groups cannot be decided unless they reconcile without it.
INFO - NOTE  23 group(s) carry all four of B/P-B/Q-B/EE - Ecopath needs three, so one of them is probably a published model estimate rather than an input; record which in REPORT.md: 2 (Small zooplankton), 3 (Large zooplankton), 4 (Infauna), 5 (Epifauna), 6 (Crustacea), 7 (Squid & Octopus), 8 (Flatfishes), 9 (Turbot) ...
INFO - NOTE  detritus pools (1): inflow ~1783, consumption ~220.7 t/km^2/year, implied EE ~0.124 (indicative - export is not separated, it uses recomputed EE where the source gave none, and any unknown BA is left out of the flows entirely)
WARNING - INDET group 9 (Turbot): printed EE 0.82 vs recomputed 0.991 (diff 0.171) with BA unknown - a BA of -0.002732 t/km^2/year (-0.17 of production) would close it - undecidable: this may be an extraction error or the BA the source never printed
WARNING - INDET group 11 (Ling): recomputed EE = 1.003 > 1 without BA, and BA is unknown - a BA of -0.003647 t/km^2/year (-0.06 of production) would close it - undecidable until the source is checked for biomass accumulation
WARNING - WARN  group 22 (Seabirds): P/Q = 0.006 outside the usual 0.02-0.5 range - check the P/B and Q/B columns
WARNING - WARN  group 23 (Seals): P/Q = 0.004 outside the usual 0.02-0.5 range - check the P/B and Q/B columns
WARNING - WARN  group 24 (Cetaceans): P/Q = 0.002 outside the usual 0.02-0.5 range - check the P/B and Q/B columns
INFO - 0 error(s), 2 indeterminate, 3 warning(s), 2 note(s)
INFO - An indeterminate group is a prompt to go back to the source for biomass accumulation, not a BA to enter. A BA this check suggested and then validated itself against would prove nothing.
INFO - Mass balance section written to C:\Users\idoca\Desktop\אישי\אקדמיה\תואר שני\מחקר\BTN\GlobalPPREstimation\regions\LME_022\models\NS-2025_ECS-1991-1995\extracted_tables\MASS_BALANCE.md
INFO - Reading JSON: C:\Users\idoca\Desktop\אישי\אקדמיה\תואר שני\מחקר\BTN\GlobalPPREstimation\regions\LME_022\models\NS-2025_ECS-1991-1995\extracted_tables\22_20251990_East_Coast_of_Scotland_(1991-1995).json
INFO - Writing reconstructed files to: C:\Users\idoca\Desktop\אישי\אקדמיה\תואר שני\מחקר\BTN\GlobalPPREstimation\regions\LME_022\models\NS-2025_ECS-1991-1995\extracted_tables\22_20251990_East_Coast_of_Scotland_(1991-1995)_reconstructed.xlsx
INFO -   -> Included 'Landings' sheet (calculated from 'export' param)
INFO -   -> Included 'Taxonomy' sheet
INFO -   -> Included 'Detritus fate' sheet (Pools identified: 1)
INFO - 
Success! Validation file generated.
