Overview navigation read: 366 regions, 23 selected
ModelData loaded: 61/61; no PPRCalculator/default-repair or numerical diagnostic call
Full snapshot packages checked: 26
{
  "counts": {
    "regions": 366,
    "regions_by_type": {
      "LME": 66,
      "EEZ": 282,
      "HS": 18
    },
    "models": 61,
    "selected_regions": 23,
    "snapshots": 26,
    "ModelData_loadable": 61
  },
  "errors": 0,
  "region_identity_errors": 0,
  "changed_during_verification": 0,
  "registration_stable": true,
  "central_writer_present": false
}
