INFO - Starting conversion for directory: C:\Users\idoca\Desktop\אישי\אקדמיה\תואר שני\מחקר\BTN\קוד\PPR_Ecopath_Atlas\archive\regions\LME_013\HUM-2018\extracted\13_3_Northern_Humboldt_Current_1995-1998
INFO - Output will be saved as: 13_Humboldt_Current_13_3_Northern_Humboldt_Current_(1995-1998).json
INFO - Biomass accumulation file Biomass_accumulation.csv is entirely blank: BA is UNKNOWN for every group (-9999), not zero.
INFO - Processing group: Large phytoplankton (ID: 1)
INFO -     -> Identified as Primary Producer (pp = 1).
INFO - Processing group: Small phytoplankton (ID: 2)
INFO -     -> Identified as Primary Producer (pp = 1).
INFO - Processing group: Microzooplankton (ID: 3)
INFO -     - Total Diet + Import sum for Microzooplankton: 1.00000
INFO -     - Detritus fate sum for Microzooplankton: 0.00000
WARNING -     - Missing Detritus fate routing for Microzooplankton (Sum = 0.0)
INFO - Processing group: Mesozooplakton (ID: 4)
INFO -     - Total Diet + Import sum for Mesozooplakton: 1.00000
INFO -     - Detritus fate sum for Mesozooplakton: 0.00000
WARNING -     - Missing Detritus fate routing for Mesozooplakton (Sum = 0.0)
INFO - Processing group: Macrozooplankton (ID: 5)
INFO -     - Total Diet + Import sum for Macrozooplankton: 1.00000
INFO -     - Detritus fate sum for Macrozooplankton: 0.00000
WARNING -     - Missing Detritus fate routing for Macrozooplankton (Sum = 0.0)
INFO - Processing group: Small jellyfish (ID: 6)
INFO -     - Total Diet + Import sum for Small jellyfish: 1.00000
INFO -     - Detritus fate sum for Small jellyfish: 0.00000
WARNING -     - Missing Detritus fate routing for Small jellyfish (Sum = 0.0)
INFO - Processing group: Large jellyfish (ID: 7)
INFO -     - Total Diet + Import sum for Large jellyfish: 1.04500
WARNING -     - Diet Sum is not 1 (1.04500). Normalizing to 1.0
INFO -     - Detritus fate sum for Large jellyfish: 0.00000
WARNING -     - Missing Detritus fate routing for Large jellyfish (Sum = 0.0)
INFO - Processing group: Macrobenthos (ID: 8)
INFO -     - Total Diet + Import sum for Macrobenthos: 1.00000
INFO -     - Detritus fate sum for Macrobenthos: 0.00000
WARNING -     - Missing Detritus fate routing for Macrobenthos (Sum = 0.0)
INFO - Processing group: Forage fish (ID: 9)
INFO -     - Total Diet + Import sum for Forage fish: 1.00035
WARNING -     - Diet Sum is not 1 (1.00035). Normalizing to 1.0
INFO -     - Detritus fate sum for Forage fish: 0.00000
WARNING -     - Missing Detritus fate routing for Forage fish (Sum = 0.0)
INFO - Processing group: Mesopelagics (ID: 10)
INFO -     - Total Diet + Import sum for Mesopelagics: 1.00000
INFO -     - Detritus fate sum for Mesopelagics: 0.00000
WARNING -     - Missing Detritus fate routing for Mesopelagics (Sum = 0.0)
INFO - Processing group: Cephalopods (ID: 11)
INFO -     - Total Diet + Import sum for Cephalopods: 0.99989
WARNING -     - Diet Sum is not 1 (0.99989). Normalizing to 1.0
INFO -     - Detritus fate sum for Cephalopods: 0.00000
WARNING -     - Missing Detritus fate routing for Cephalopods (Sum = 0.0)
INFO - Processing group: Pelagic planktivorous fish (ID: 12)
INFO -     - Total Diet + Import sum for Pelagic planktivorous fish: 1.00000
INFO -     - Detritus fate sum for Pelagic planktivorous fish: 0.00000
WARNING -     - Missing Detritus fate routing for Pelagic planktivorous fish (Sum = 0.0)
INFO - Processing group: Pelagic piscivorous fish (ID: 13)
INFO -     - Total Diet + Import sum for Pelagic piscivorous fish: 0.99768
WARNING -     - Diet Sum is not 1 (0.99768). Normalizing to 1.0
INFO -     - Detritus fate sum for Pelagic piscivorous fish: 0.00000
WARNING -     - Missing Detritus fate routing for Pelagic piscivorous fish (Sum = 0.0)
INFO - Processing group: Demersal piscivorous fish (ID: 14)
INFO -     - Total Diet + Import sum for Demersal piscivorous fish: 1.00017
WARNING -     - Diet Sum is not 1 (1.00017). Normalizing to 1.0
INFO -     - Detritus fate sum for Demersal piscivorous fish: 0.00000
WARNING -     - Missing Detritus fate routing for Demersal piscivorous fish (Sum = 0.0)
INFO - Processing group: Demersal planktivorous fish (ID: 15)
INFO -     - Total Diet + Import sum for Demersal planktivorous fish: 1.00002
WARNING -     - Diet Sum is not 1 (1.00002). Normalizing to 1.0
INFO -     - Detritus fate sum for Demersal planktivorous fish: 0.00000
WARNING -     - Missing Detritus fate routing for Demersal planktivorous fish (Sum = 0.0)
INFO - Processing group: Demersal benthivorous fish (ID: 16)
INFO -     - Total Diet + Import sum for Demersal benthivorous fish: 1.00013
WARNING -     - Diet Sum is not 1 (1.00013). Normalizing to 1.0
INFO -     - Detritus fate sum for Demersal benthivorous fish: 0.00000
WARNING -     - Missing Detritus fate routing for Demersal benthivorous fish (Sum = 0.0)
INFO - Processing group: Apex predatory fish (ID: 17)
INFO -     - Total Diet + Import sum for Apex predatory fish: 0.99984
WARNING -     - Diet Sum is not 1 (0.99984). Normalizing to 1.0
INFO -     - Detritus fate sum for Apex predatory fish: 0.00000
WARNING -     - Missing Detritus fate routing for Apex predatory fish (Sum = 0.0)
INFO - Processing group: Seabirds (ID: 18)
INFO -     - Total Diet + Import sum for Seabirds: 1.00020
WARNING -     - Diet Sum is not 1 (1.00020). Normalizing to 1.0
INFO -     - Detritus fate sum for Seabirds: 0.00000
WARNING -     - Missing Detritus fate routing for Seabirds (Sum = 0.0)
INFO - Processing group: Marine mammals (ID: 19)
INFO -     - Total Diet + Import sum for Marine mammals: 1.00014
WARNING -     - Diet Sum is not 1 (1.00014). Normalizing to 1.0
INFO -     - Detritus fate sum for Marine mammals: 0.00000
WARNING -     - Missing Detritus fate routing for Marine mammals (Sum = 0.0)
INFO - Processing group: Sea turtles (ID: 20)
INFO -     - Total Diet + Import sum for Sea turtles: 1.00136
WARNING -     - Diet Sum is not 1 (1.00136). Normalizing to 1.0
INFO -     - Detritus fate sum for Sea turtles: 0.00000
WARNING -     - Missing Detritus fate routing for Sea turtles (Sum = 0.0)
INFO - Processing group: Fish eggs (ID: 21)
INFO -     -> Identified as Detritus group (pp = 2).
INFO - Processing group: Detritus offal (ID: 22)
INFO -     -> Identified as Detritus group (pp = 2).
INFO - Processing group: Pelagic detritus (ID: 23)
INFO -     -> Identified as Detritus group (pp = 2).
INFO - Processing group: Benthic detritus (ID: 24)
INFO -     -> Identified as Detritus group (pp = 2).
INFO - 
Success: Output saved to C:\Users\idoca\Desktop\אישי\אקדמיה\תואר שני\מחקר\BTN\קוד\PPR_Ecopath_Atlas\archive\regions\LME_013\HUM-2018\extracted\13_3_Northern_Humboldt_Current_1995-1998\13_Humboldt_Current_13_3_Northern_Humboldt_Current_(1995-1998).json
INFO - 
--- Mass balance check: INDETERMINATE ---
INFO - BA is unknown (-9999) for 24 of 24 group(s); those groups cannot be decided unless they reconcile without it.
INFO - NOTE  18 group(s) carry all four of B/P-B/Q-B/EE - Ecopath needs three, so one of them is probably a published model estimate rather than an input; record which in REPORT.md: 3 (Microzooplankton), 4 (Mesozooplakton), 5 (Macrozooplankton), 6 (Small jellyfish), 7 (Large jellyfish), 8 (Macrobenthos), 9 (Forage fish), 10 (Mesopelagics) ...
INFO - NOTE  detritus pools (4): inflow ~6924, consumption ~6161 t/km^2/year, implied EE ~0.890 (indicative - export is not separated, it uses recomputed EE where the source gave none, and any unknown BA is left out of the flows entirely)
WARNING - INDET group 6 (Small jellyfish): recomputed EE = 3851.369 > 1 without BA, and BA is unknown - undecidable until the source is checked for biomass accumulation
WARNING - INDET group 17 (Apex predatory fish): printed EE 0.56 vs recomputed 0.408 (diff 0.152) with BA unknown - a BA of +0.00372 t/km^2/year (+0.15 of production) would close it - undecidable: this may be an extraction error or the BA the source never printed
WARNING - WARN  group 18 (Seabirds): P/Q = 0.001 outside the usual 0.02-0.5 range - check the P/B and Q/B columns
WARNING - WARN  group 19 (Marine mammals): P/Q = 0.004 outside the usual 0.02-0.5 range - check the P/B and Q/B columns
INFO - 0 error(s), 2 indeterminate, 2 warning(s), 2 note(s)
INFO - An indeterminate group is a prompt to go back to the source for biomass accumulation, not a BA to enter. A BA this check suggested and then validated itself against would prove nothing.
INFO - Mass balance section written to C:\Users\idoca\Desktop\אישי\אקדמיה\תואר שני\מחקר\BTN\קוד\PPR_Ecopath_Atlas\archive\regions\LME_013\HUM-2018\extracted\13_3_Northern_Humboldt_Current_1995-1998\MASS_BALANCE.md
INFO - Log saved to C:\Users\idoca\Desktop\אישי\אקדמיה\תואר שני\מחקר\BTN\קוד\PPR_Ecopath_Atlas\archive\regions\LME_013\HUM-2018\extracted\13_3_Northern_Humboldt_Current_1995-1998\ewe_conversion.log
INFO - Reading JSON: C:\Users\idoca\Desktop\אישי\אקדמיה\תואר שני\מחקר\BTN\קוד\PPR_Ecopath_Atlas\archive\regions\LME_013\HUM-2018\extracted\13_3_Northern_Humboldt_Current_1995-1998\13_Humboldt_Current_13_3_Northern_Humboldt_Current_(1995-1998).json
INFO - Writing reconstructed files to: C:\Users\idoca\Desktop\אישי\אקדמיה\תואר שני\מחקר\BTN\קוד\PPR_Ecopath_Atlas\archive\regions\LME_013\HUM-2018\extracted\13_3_Northern_Humboldt_Current_1995-1998\13_Humboldt_Current_13_3_Northern_Humboldt_Current_(1995-1998)_reconstructed.xlsx
INFO -   -> Included 'Landings' sheet (calculated from 'export' param)
INFO -   -> Included 'Detritus fate' sheet (Pools identified: 4)
INFO - 
Success! Validation file generated.
