INFO - Starting conversion for directory: C:\Users\idoca\Desktop\אישי\אקדמיה\תואר שני\מחקר\BTN\GlobalPPREstimation\regions\LME_027\models\27_Morissette2009_Northwest_Africa_Table17\extracted_tables
INFO - Output will be saved as: 27_Canary_Current_Morissette2009_Table17_Northwest_Africa_(late 1980s).json
INFO - Biomass accumulation file Biomass_accumulation.csv is entirely blank: BA is UNKNOWN for every group (-9999), not zero.
INFO - Processing group: Minke whales (ID: 1)
INFO -     - Total Diet + Import sum for Minke whales: 1.00000
INFO -     - Detritus fate sum for Minke whales: 0.00000
WARNING -     - Missing Detritus fate routing for Minke whales (Sum = 0.0)
INFO - Processing group: Fin whales (ID: 2)
INFO -     - Total Diet + Import sum for Fin whales: 0.99900
WARNING -     - Diet Sum is not 1 (0.99900); preserving source values for review
INFO -     - Detritus fate sum for Fin whales: 0.00000
WARNING -     - Missing Detritus fate routing for Fin whales (Sum = 0.0)
INFO - Processing group: Humpback whales (ID: 3)
INFO -     - Total Diet + Import sum for Humpback whales: 1.00100
WARNING -     - Diet Sum is not 1 (1.00100); preserving source values for review
INFO -     - Detritus fate sum for Humpback whales: 0.00000
WARNING -     - Missing Detritus fate routing for Humpback whales (Sum = 0.0)
INFO - Processing group: Brydes whales (ID: 4)
INFO -     - Total Diet + Import sum for Brydes whales: 1.00000
INFO -     - Detritus fate sum for Brydes whales: 0.00000
WARNING -     - Missing Detritus fate routing for Brydes whales (Sum = 0.0)
INFO - Processing group: Sei whales (ID: 5)
INFO -     - Total Diet + Import sum for Sei whales: 1.00100
WARNING -     - Diet Sum is not 1 (1.00100); preserving source values for review
INFO -     - Detritus fate sum for Sei whales: 0.00000
WARNING -     - Missing Detritus fate routing for Sei whales (Sum = 0.0)
INFO - Processing group: Sperm whales (ID: 6)
INFO -     - Total Diet + Import sum for Sperm whales: 0.99900
WARNING -     - Diet Sum is not 1 (0.99900); preserving source values for review
INFO -     - Detritus fate sum for Sperm whales: 0.00000
WARNING -     - Missing Detritus fate routing for Sperm whales (Sum = 0.0)
INFO - Processing group: Killer whales (ID: 7)
INFO -     - Total Diet + Import sum for Killer whales: 1.00000
INFO -     - Detritus fate sum for Killer whales: 0.00000
WARNING -     - Missing Detritus fate routing for Killer whales (Sum = 0.0)
INFO - Processing group: Baleen whales (ID: 8)
INFO -     - Total Diet + Import sum for Baleen whales: 1.00000
INFO -     - Detritus fate sum for Baleen whales: 0.00000
WARNING -     - Missing Detritus fate routing for Baleen whales (Sum = 0.0)
INFO - Processing group: Beaked whales (ID: 9)
INFO -     - Total Diet + Import sum for Beaked whales: 1.00000
INFO -     - Detritus fate sum for Beaked whales: 0.00000
WARNING -     - Missing Detritus fate routing for Beaked whales (Sum = 0.0)
INFO - Processing group: Dolphins (ID: 10)
INFO -     - Total Diet + Import sum for Dolphins: 1.00100
WARNING -     - Diet Sum is not 1 (1.00100); preserving source values for review
INFO -     - Detritus fate sum for Dolphins: 0.00000
WARNING -     - Missing Detritus fate routing for Dolphins (Sum = 0.0)
INFO - Processing group: Seabirds (ID: 11)
INFO -     - Total Diet + Import sum for Seabirds: 1.00000
INFO -     - Detritus fate sum for Seabirds: 0.00000
WARNING -     - Missing Detritus fate routing for Seabirds (Sum = 0.0)
INFO - Processing group: Large pelagics (ID: 12)
INFO -     - Total Diet + Import sum for Large pelagics: 1.00100
WARNING -     - Diet Sum is not 1 (1.00100); preserving source values for review
INFO -     - Detritus fate sum for Large pelagics: 0.00000
WARNING -     - Missing Detritus fate routing for Large pelagics (Sum = 0.0)
INFO - Processing group: Mesopelagic predators (ID: 13)
INFO -     - Total Diet + Import sum for Mesopelagic predators: 1.00000
INFO -     - Detritus fate sum for Mesopelagic predators: 0.00000
WARNING -     - Missing Detritus fate routing for Mesopelagic predators (Sum = 0.0)
INFO - Processing group: Bathydeersal predators (ID: 14)
INFO -     - Total Diet + Import sum for Bathydeersal predators: 1.00000
INFO -     - Detritus fate sum for Bathydeersal predators: 0.00000
WARNING -     - Missing Detritus fate routing for Bathydeersal predators (Sum = 0.0)
INFO - Processing group: Sharks (ID: 15)
INFO -     - Total Diet + Import sum for Sharks: 1.00000
INFO -     - Detritus fate sum for Sharks: 0.00000
WARNING -     - Missing Detritus fate routing for Sharks (Sum = 0.0)
INFO - Processing group: Rays (ID: 16)
INFO -     - Total Diet + Import sum for Rays: 1.00000
INFO -     - Detritus fate sum for Rays: 0.00000
WARNING -     - Missing Detritus fate routing for Rays (Sum = 0.0)
INFO - Processing group: Coastal tunas (ID: 17)
INFO -     - Total Diet + Import sum for Coastal tunas: 1.00100
WARNING -     - Diet Sum is not 1 (1.00100); preserving source values for review
INFO -     - Detritus fate sum for Coastal tunas: 0.00000
WARNING -     - Missing Detritus fate routing for Coastal tunas (Sum = 0.0)
INFO - Processing group: Coastal demersal (ID: 18)
INFO -     - Total Diet + Import sum for Coastal demersal: 1.00000
INFO -     - Detritus fate sum for Coastal demersal: 0.00000
WARNING -     - Missing Detritus fate routing for Coastal demersal (Sum = 0.0)
INFO - Processing group: Clupeids (ID: 19)
INFO -     - Total Diet + Import sum for Clupeids: 1.00000
INFO -     - Detritus fate sum for Clupeids: 0.00000
WARNING -     - Missing Detritus fate routing for Clupeids (Sum = 0.0)
INFO - Processing group: Other coastal pelagics (ID: 20)
INFO -     - Total Diet + Import sum for Other coastal pelagics: 1.00000
INFO -     - Detritus fate sum for Other coastal pelagics: 0.00000
WARNING -     - Missing Detritus fate routing for Other coastal pelagics (Sum = 0.0)
INFO - Processing group: Cephalopods (ID: 21)
INFO -     - Total Diet + Import sum for Cephalopods: 1.00000
INFO -     - Detritus fate sum for Cephalopods: 0.00000
WARNING -     - Missing Detritus fate routing for Cephalopods (Sum = 0.0)
INFO - Processing group: Crustaceans (ID: 22)
INFO -     - Total Diet + Import sum for Crustaceans: 1.00000
INFO -     - Detritus fate sum for Crustaceans: 0.00000
WARNING -     - Missing Detritus fate routing for Crustaceans (Sum = 0.0)
INFO - Processing group: Benthos (ID: 23)
INFO -     - Total Diet + Import sum for Benthos: 1.00000
INFO -     - Detritus fate sum for Benthos: 0.00000
WARNING -     - Missing Detritus fate routing for Benthos (Sum = 0.0)
INFO - Processing group: Benthic producers (ID: 24)
INFO -     -> Identified as Primary Producer (pp = 1).
INFO - Processing group: Zooplankton (ID: 25)
WARNING -     -> VALIDATION CONFLICT: Has Q/B value (274.805), but diet is empty!
INFO - Processing group: Phytoplankton (ID: 26)
INFO -     -> Identified as Primary Producer (pp = 1).
INFO - Processing group: Detritus (ID: 27)
INFO -     -> Identified as Detritus group (pp = 2).
INFO - 
Success: Output saved to C:\Users\idoca\Desktop\אישי\אקדמיה\תואר שני\מחקר\BTN\GlobalPPREstimation\regions\LME_027\models\27_Morissette2009_Northwest_Africa_Table17\extracted_tables\27_Canary_Current_Morissette2009_Table17_Northwest_Africa_(late 1980s).json
INFO - 
--- Mass balance check: NOT BALANCED ---
INFO - BA is unknown (-9999) for 27 of 27 group(s); those groups cannot be decided unless they reconcile without it.
INFO - NOTE  24 group(s) carry all four of B/P-B/Q-B/EE - Ecopath needs three, so one of them is probably a published model estimate rather than an input; record which in REPORT.md: 1 (Minke whales), 2 (Fin whales), 3 (Humpback whales), 4 (Brydes whales), 5 (Sei whales), 6 (Sperm whales), 7 (Killer whales), 8 (Baleen whales) ...
INFO - NOTE  detritus pools (1): inflow ~9413, consumption ~3478 t/km^2/year, implied EE ~0.370 (indicative - export is not separated, it uses recomputed EE where the source gave none, and any unknown BA is left out of the flows entirely)
WARNING - INDET group 26 (Phytoplankton): printed EE 0.5151 vs recomputed 0.015 (diff 0.500) with BA unknown - a BA of +5670 t/km^2/year (+0.50 of production) would close it - undecidable: this may be an extraction error or the BA the source never printed
WARNING - WARN  group 1 (Minke whales): P/Q = 0.012 outside the usual 0.02-0.5 range - check the P/B and Q/B columns
WARNING - WARN  group 3 (Humpback whales): P/Q = 0.019 outside the usual 0.02-0.5 range - check the P/B and Q/B columns
WARNING - WARN  group 4 (Brydes whales): P/Q = 0.016 outside the usual 0.02-0.5 range - check the P/B and Q/B columns
WARNING - WARN  group 5 (Sei whales): P/Q = 0.003 outside the usual 0.02-0.5 range - check the P/B and Q/B columns
WARNING - WARN  group 6 (Sperm whales): P/Q = 0.010 outside the usual 0.02-0.5 range - check the P/B and Q/B columns
WARNING - WARN  group 7 (Killer whales): P/Q = 0.003 outside the usual 0.02-0.5 range - check the P/B and Q/B columns
WARNING - WARN  group 8 (Baleen whales): P/Q = 0.012 outside the usual 0.02-0.5 range - check the P/B and Q/B columns
WARNING - WARN  group 9 (Beaked whales): P/Q = 0.004 outside the usual 0.02-0.5 range - check the P/B and Q/B columns
WARNING - WARN  group 10 (Dolphins): P/Q = 0.003 outside the usual 0.02-0.5 range - check the P/B and Q/B columns
WARNING - WARN  group 11 (Seabirds): P/Q = 0.001 outside the usual 0.02-0.5 range - check the P/B and Q/B columns
ERROR - ERROR group 25 (Zooplankton) has Q/B=274.805 but no diet entries - its consumption is missing from every prey's budget
INFO - 1 error(s), 1 indeterminate, 10 warning(s), 2 note(s)
INFO - Check each error against a rendered image of the source page before changing anything. Do not adjust numbers to make this pass.
INFO - An indeterminate group is a prompt to go back to the source for biomass accumulation, not a BA to enter. A BA this check suggested and then validated itself against would prove nothing.
INFO - Mass balance section written to C:\Users\idoca\Desktop\אישי\אקדמיה\תואר שני\מחקר\BTN\GlobalPPREstimation\regions\LME_027\models\27_Morissette2009_Northwest_Africa_Table17\extracted_tables\MASS_BALANCE.md
INFO - Log saved to C:\Users\idoca\Desktop\אישי\אקדמיה\תואר שני\מחקר\BTN\GlobalPPREstimation\regions\LME_027\models\27_Morissette2009_Northwest_Africa_Table17\extracted_tables\ewe_conversion.log
INFO - Reading JSON: C:\Users\idoca\Desktop\אישי\אקדמיה\תואר שני\מחקר\BTN\GlobalPPREstimation\regions\LME_027\models\27_Morissette2009_Northwest_Africa_Table17\extracted_tables\27_Canary_Current_Morissette2009_Table17_Northwest_Africa_(late 1980s).json
INFO - Writing reconstructed files to: C:\Users\idoca\Desktop\אישי\אקדמיה\תואר שני\מחקר\BTN\GlobalPPREstimation\regions\LME_027\models\27_Morissette2009_Northwest_Africa_Table17\extracted_tables\27_Canary_Current_Morissette2009_Table17_Northwest_Africa_(late 1980s)_reconstructed.xlsx
INFO -   -> Included 'Landings' sheet (calculated from 'export' param)
INFO -   -> Included 'Detritus fate' sheet (Pools identified: 1)
INFO - 
Success! Validation file generated.
