  # group                                B      P/B      Q/B      EE  EE calc    P/Q    catch
  1 Sardine                           0.85     0.69      5.8    0.86    0.868   0.12    0.286
  2 Round herring                    0.004      3.6    12.75    0.85    0.807   0.28    0.002
  3 Anchovy                           1.95     2.96    11.39    0.83    0.829   0.26    1.016
  4 Mackerel                          0.13     1.08     6.14    0.82    0.795   0.18   0.0544
  5 Jack mackerel                     0.82        2     5.97    0.87    0.863   0.34   0.3191
  6 Yellowtail                        1.41     0.93     4.87    0.42    0.416   0.19    0.546
  7 Frigate tuna                      0.15     1.08     5.61    0.33    0.324   0.19    0.043
  8 Tuna                              0.08     1.08     8.79    0.27    0.255   0.12    0.022
  9 Sailfish                          0.03     1.08     8.44    0.27    0.247   0.13    0.008
 10 Spanish mackerel                  1.99     0.93     6.22    0.84    0.837   0.15    0.767
 11 Stingray                         2e-05     0.39     5.01    0.63    0.641   0.08    5e-06
 12 Flounder                          0.04     0.56     2.26    0.76    0.687   0.25   0.0154
 13 Black porgy                       0.03      0.7     3.55    0.47    0.524    0.2    0.011
 14 Red seabream                       0.1     0.41     2.38    0.81    0.805   0.17    0.033
 15 Tilefish                          0.03      0.7     3.88    0.47    0.501   0.18  0.01052
 16 Seabass                           0.14      0.7     4.43    0.68    0.669   0.16   0.0532
 17 Flying fish                       0.25     0.69     4.49    0.57     0.57   0.15   0.0984
 18 Rockfish                          0.05      0.7     3.81    0.69    0.731   0.18     0.02
 19 Barracuda                         0.49     0.69     4.49    0.69    0.696   0.15   0.1922
 20 Flying squid                      0.51        4       25    0.57    0.571   0.16    0.065
 21 Other squids                      1.73        4       25    0.27     0.27   0.16    0.219
 22 Octopus                           0.26        4       25    0.04   0.0411   0.16   0.0331
 23 Ivory shell                      2e-05      1.5        5    0.16    0.333    0.3    1e-05
 24 Sea cucumber                       0.2     0.64     2.13    0.38    0.391    0.3     0.05
 25 Other conch                        0.1      1.5        5    0.68    0.684    0.3    0.025
 26 Crab                              0.01        3       10    0.68    0.501    0.3  0.00207
 27 Prawn                             0.02        3       10    0.63    0.485    0.3   0.0042
 28 Bivalve                           0.42        3       10    0.64    0.641    0.3    0.104
 29 Dragonet                          0.01     2.96    14.73    0.14    0.105    0.2        -
 30 Tongue sole                       0.02     2.96    14.08       0  0.00105   0.21        -
 31 Goby                              0.01     2.96    24.46    0.18     0.21   0.12        -
 32 Shrimp                            0.14        3       10    0.71    0.702    0.3        -
 33 Starfish                          0.07     0.17     0.57     0.1   0.0895    0.3        -
 34 Brittle star                      10.9      0.2     0.67    0.01  0.00717    0.3        -
 35 Polychaeta                        8.74        1     3.33     0.1   0.0999    0.3        -
 36 Hermit crab                       0.02        3       10    0.15    0.141    0.3        -
 37 Mysid                             0.01       45      150    0.44    0.611    0.3        -
 38 Zooplankton                       5.82    46.21      154    0.24    0.242    0.3        -
 39 Phytoplankton                    28.06    64.21        -     0.5      0.5      -        -
 40 Detritus                            43        -        -    0.03        -      -        -

NOTE  group 1 (Sardine): all four of B/P-B/Q-B/EE given — one is probably an Ecopath estimate; record which in the report
NOTE  group 2 (Round herring): all four of B/P-B/Q-B/EE given — one is probably an Ecopath estimate; record which in the report
NOTE  group 3 (Anchovy): all four of B/P-B/Q-B/EE given — one is probably an Ecopath estimate; record which in the report
NOTE  group 4 (Mackerel): all four of B/P-B/Q-B/EE given — one is probably an Ecopath estimate; record which in the report
NOTE  group 5 (Jack mackerel): all four of B/P-B/Q-B/EE given — one is probably an Ecopath estimate; record which in the report
NOTE  group 6 (Yellowtail): all four of B/P-B/Q-B/EE given — one is probably an Ecopath estimate; record which in the report
NOTE  group 7 (Frigate tuna): all four of B/P-B/Q-B/EE given — one is probably an Ecopath estimate; record which in the report
NOTE  group 8 (Tuna): all four of B/P-B/Q-B/EE given — one is probably an Ecopath estimate; record which in the report
NOTE  group 9 (Sailfish): all four of B/P-B/Q-B/EE given — one is probably an Ecopath estimate; record which in the report
NOTE  group 10 (Spanish mackerel): all four of B/P-B/Q-B/EE given — one is probably an Ecopath estimate; record which in the report
NOTE  group 11 (Stingray): all four of B/P-B/Q-B/EE given — one is probably an Ecopath estimate; record which in the report
NOTE  group 12 (Flounder): all four of B/P-B/Q-B/EE given — one is probably an Ecopath estimate; record which in the report
NOTE  group 13 (Black porgy): all four of B/P-B/Q-B/EE given — one is probably an Ecopath estimate; record which in the report
NOTE  group 14 (Red seabream): all four of B/P-B/Q-B/EE given — one is probably an Ecopath estimate; record which in the report
NOTE  group 15 (Tilefish): all four of B/P-B/Q-B/EE given — one is probably an Ecopath estimate; record which in the report
NOTE  group 16 (Seabass): all four of B/P-B/Q-B/EE given — one is probably an Ecopath estimate; record which in the report
NOTE  group 17 (Flying fish): all four of B/P-B/Q-B/EE given — one is probably an Ecopath estimate; record which in the report
NOTE  group 18 (Rockfish): all four of B/P-B/Q-B/EE given — one is probably an Ecopath estimate; record which in the report
NOTE  group 19 (Barracuda): all four of B/P-B/Q-B/EE given — one is probably an Ecopath estimate; record which in the report
NOTE  group 20 (Flying squid): all four of B/P-B/Q-B/EE given — one is probably an Ecopath estimate; record which in the report
NOTE  group 21 (Other squids): all four of B/P-B/Q-B/EE given — one is probably an Ecopath estimate; record which in the report
NOTE  group 22 (Octopus): all four of B/P-B/Q-B/EE given — one is probably an Ecopath estimate; record which in the report
NOTE  group 23 (Ivory shell): all four of B/P-B/Q-B/EE given — one is probably an Ecopath estimate; record which in the report
NOTE  group 24 (Sea cucumber): all four of B/P-B/Q-B/EE given — one is probably an Ecopath estimate; record which in the report
NOTE  group 25 (Other conch): all four of B/P-B/Q-B/EE given — one is probably an Ecopath estimate; record which in the report
NOTE  group 26 (Crab): all four of B/P-B/Q-B/EE given — one is probably an Ecopath estimate; record which in the report
NOTE  group 27 (Prawn): all four of B/P-B/Q-B/EE given — one is probably an Ecopath estimate; record which in the report
NOTE  group 28 (Bivalve): all four of B/P-B/Q-B/EE given — one is probably an Ecopath estimate; record which in the report
NOTE  group 29 (Dragonet): all four of B/P-B/Q-B/EE given — one is probably an Ecopath estimate; record which in the report
NOTE  group 30 (Tongue sole): all four of B/P-B/Q-B/EE given — one is probably an Ecopath estimate; record which in the report
NOTE  group 31 (Goby): all four of B/P-B/Q-B/EE given — one is probably an Ecopath estimate; record which in the report
NOTE  group 32 (Shrimp): all four of B/P-B/Q-B/EE given — one is probably an Ecopath estimate; record which in the report
NOTE  group 33 (Starfish): all four of B/P-B/Q-B/EE given — one is probably an Ecopath estimate; record which in the report
NOTE  group 34 (Brittle star): all four of B/P-B/Q-B/EE given — one is probably an Ecopath estimate; record which in the report
NOTE  group 35 (Polychaeta): all four of B/P-B/Q-B/EE given — one is probably an Ecopath estimate; record which in the report
NOTE  group 36 (Hermit crab): all four of B/P-B/Q-B/EE given — one is probably an Ecopath estimate; record which in the report
NOTE  group 37 (Mysid): all four of B/P-B/Q-B/EE given — one is probably an Ecopath estimate; record which in the report
NOTE  group 38 (Zooplankton): all four of B/P-B/Q-B/EE given — one is probably an Ecopath estimate; record which in the report
NOTE  detritus pools (1): inflow ~1339, consumption ~43.99 t/km2/yr, implied EE ~0.033 (indicative — export not separated, and it uses recomputed EE where the paper gave none)
WARN  group 12 (Flounder): printed EE 0.76 vs recomputed 0.687 (diff 0.073) — a BA of +0.001624 t/km2/year (+0.07 of production) would close this; check whether the paper reports biomass accumulation
WARN  group 13 (Black porgy): printed EE 0.47 vs recomputed 0.524 (diff 0.054) — a BA of -0.00113 t/km2/year (-0.05 of production) would close this; check whether the paper reports biomass accumulation
WARN  group 23 (Ivory shell): printed EE 0.16 vs recomputed 0.333 (diff 0.173) — a BA of -5.2e-06 t/km2/year (-0.17 of production) would close this; check whether the paper reports biomass accumulation
WARN  group 26 (Crab): printed EE 0.68 vs recomputed 0.501 (diff 0.179) — a BA of +0.00537 t/km2/year (+0.18 of production) would close this; check whether the paper reports biomass accumulation
WARN  group 27 (Prawn): printed EE 0.63 vs recomputed 0.485 (diff 0.145) — a BA of +0.008725 t/km2/year (+0.15 of production) would close this; check whether the paper reports biomass accumulation
WARN  group 37 (Mysid): printed EE 0.44 vs recomputed 0.611 (diff 0.171) — a BA of -0.07689 t/km2/year (-0.17 of production) would close this; check whether the paper reports biomass accumulation

0 error(s), 6 warning(s), 39 note(s)

