INFO - Starting conversion for directory: C:\Users\idoca\Desktop\אישי\אקדמיה\תואר שני\מחקר\BTN\GlobalPPREstimation\regions\LME_022\models\Mackinson-2007_NS-1991\extracted_tables
INFO - Output will be saved as: 22_20071991_North_Sea_report_Table_3.3_(1991).json
INFO - Biomass accumulation file Biomass_accumulation.csv is entirely blank: BA is UNKNOWN for every group (-9999), not zero.
INFO - Processing group: Baleen whales (ID: 1)
INFO -     - Total Diet + Import sum for Baleen whales: 0.99900
WARNING -     - Diet Sum is not 1 (0.99900). Normalizing to 1.0
INFO -     - Detritus fate sum for Baleen whales: 0.00000
WARNING -     - Missing Detritus fate routing for Baleen whales (Sum = 0.0)
INFO - Processing group: Toothed whales (ID: 2)
INFO -     - Total Diet + Import sum for Toothed whales: 1.00100
WARNING -     - Diet Sum is not 1 (1.00100). Normalizing to 1.0
INFO -     - Detritus fate sum for Toothed whales: 0.00000
WARNING -     - Missing Detritus fate routing for Toothed whales (Sum = 0.0)
INFO - Processing group: Seals (ID: 3)
INFO -     - Total Diet + Import sum for Seals: 0.99900
WARNING -     - Diet Sum is not 1 (0.99900). Normalizing to 1.0
INFO -     - Detritus fate sum for Seals: 0.00000
WARNING -     - Missing Detritus fate routing for Seals (Sum = 0.0)
INFO - Processing group: Seabirds (ID: 4)
INFO -     - Total Diet + Import sum for Seabirds: 1.00000
INFO -     - Detritus fate sum for Seabirds: 0.00000
WARNING -     - Missing Detritus fate routing for Seabirds (Sum = 0.0)
INFO - Processing group: Juvenile sharks (ID: 5)
INFO -     - Total Diet + Import sum for Juvenile sharks: 1.02300
WARNING -     - Diet Sum is not 1 (1.02300). Normalizing to 1.0
INFO -     - Detritus fate sum for Juvenile sharks: 0.00000
WARNING -     - Missing Detritus fate routing for Juvenile sharks (Sum = 0.0)
INFO - Processing group: Spurdog (ID: 6)
INFO -     - Total Diet + Import sum for Spurdog: 0.98100
WARNING -     - Diet Sum is not 1 (0.98100). Normalizing to 1.0
INFO -     - Detritus fate sum for Spurdog: 0.00000
WARNING -     - Missing Detritus fate routing for Spurdog (Sum = 0.0)
INFO - Processing group: Large piscivorous sharks (ID: 7)
INFO -     - Total Diet + Import sum for Large piscivorous sharks: 1.00000
INFO -     - Detritus fate sum for Large piscivorous sharks: 0.00000
WARNING -     - Missing Detritus fate routing for Large piscivorous sharks (Sum = 0.0)
INFO - Processing group: Small sharks (ID: 8)
INFO -     - Total Diet + Import sum for Small sharks: 1.00000
INFO -     - Detritus fate sum for Small sharks: 0.00000
WARNING -     - Missing Detritus fate routing for Small sharks (Sum = 0.0)
INFO - Processing group: Juvenile rays (ID: 9)
INFO -     - Total Diet + Import sum for Juvenile rays: 1.00100
WARNING -     - Diet Sum is not 1 (1.00100). Normalizing to 1.0
INFO -     - Detritus fate sum for Juvenile rays: 0.00000
WARNING -     - Missing Detritus fate routing for Juvenile rays (Sum = 0.0)
INFO - Processing group: Starry ray + others (ID: 10)
INFO -     - Total Diet + Import sum for Starry ray + others: 1.00100
WARNING -     - Diet Sum is not 1 (1.00100). Normalizing to 1.0
INFO -     - Detritus fate sum for Starry ray + others: 0.00000
WARNING -     - Missing Detritus fate routing for Starry ray + others (Sum = 0.0)
INFO - Processing group: Thornback & Spotted ray (ID: 11)
INFO -     - Total Diet + Import sum for Thornback & Spotted ray: 1.00000
INFO -     - Detritus fate sum for Thornback & Spotted ray: 0.00000
WARNING -     - Missing Detritus fate routing for Thornback & Spotted ray (Sum = 0.0)
INFO - Processing group: Skate + cuckoo ray (ID: 12)
INFO -     - Total Diet + Import sum for Skate + cuckoo ray: 1.00500
WARNING -     - Diet Sum is not 1 (1.00500). Normalizing to 1.0
INFO -     - Detritus fate sum for Skate + cuckoo ray: 0.00000
WARNING -     - Missing Detritus fate routing for Skate + cuckoo ray (Sum = 0.0)
INFO - Processing group: Juvenile Cod(0-2; 0-40cm) (ID: 13)
INFO -     - Total Diet + Import sum for Juvenile Cod(0-2; 0-40cm): 0.56200
WARNING -     - Diet Sum is not 1 (0.56200). Normalizing to 1.0
INFO -     - Detritus fate sum for Juvenile Cod(0-2; 0-40cm): 0.00000
WARNING -     - Missing Detritus fate routing for Juvenile Cod(0-2; 0-40cm) (Sum = 0.0)
INFO - Processing group: Cod (adult) (ID: 14)
INFO -     - Total Diet + Import sum for Cod (adult): 0.78400
WARNING -     - Diet Sum is not 1 (0.78400). Normalizing to 1.0
INFO -     - Detritus fate sum for Cod (adult): 0.00000
WARNING -     - Missing Detritus fate routing for Cod (adult) (Sum = 0.0)
INFO - Processing group: Juvenile Whiting (0-1; 0-20cm) (ID: 15)
INFO -     - Total Diet + Import sum for Juvenile Whiting (0-1; 0-20cm): 0.62400
WARNING -     - Diet Sum is not 1 (0.62400). Normalizing to 1.0
INFO -     - Detritus fate sum for Juvenile Whiting (0-1; 0-20cm): 0.00000
WARNING -     - Missing Detritus fate routing for Juvenile Whiting (0-1; 0-20cm) (Sum = 0.0)
INFO - Processing group: Whiting (adult) (ID: 16)
INFO -     - Total Diet + Import sum for Whiting (adult): 1.49100
WARNING -     - Diet Sum is not 1 (1.49100). Normalizing to 1.0
INFO -     - Detritus fate sum for Whiting (adult): 0.00000
WARNING -     - Missing Detritus fate routing for Whiting (adult) (Sum = 0.0)
INFO - Processing group: Juvenile Haddock (0-1; 0-20cm) (ID: 17)
INFO -     - Total Diet + Import sum for Juvenile Haddock (0-1; 0-20cm): 0.92500
WARNING -     - Diet Sum is not 1 (0.92500). Normalizing to 1.0
INFO -     - Detritus fate sum for Juvenile Haddock (0-1; 0-20cm): 0.00000
WARNING -     - Missing Detritus fate routing for Juvenile Haddock (0-1; 0-20cm) (Sum = 0.0)
INFO - Processing group: Haddock (adult) (ID: 18)
INFO -     - Total Diet + Import sum for Haddock (adult): 0.63800
WARNING -     - Diet Sum is not 1 (0.63800). Normalizing to 1.0
INFO -     - Detritus fate sum for Haddock (adult): 0.00000
WARNING -     - Missing Detritus fate routing for Haddock (adult) (Sum = 0.0)
INFO - Processing group: Juvenile Saithe (0-3; 0-40cm) (ID: 19)
INFO -     - Total Diet + Import sum for Juvenile Saithe (0-3; 0-40cm): 0.40300
WARNING -     - Diet Sum is not 1 (0.40300). Normalizing to 1.0
INFO -     - Detritus fate sum for Juvenile Saithe (0-3; 0-40cm): 0.00000
WARNING -     - Missing Detritus fate routing for Juvenile Saithe (0-3; 0-40cm) (Sum = 0.0)
INFO - Processing group: Saithe (adult) (ID: 20)
INFO -     - Total Diet + Import sum for Saithe (adult): 1.53000
WARNING -     - Diet Sum is not 1 (1.53000). Normalizing to 1.0
INFO -     - Detritus fate sum for Saithe (adult): 0.00000
WARNING -     - Missing Detritus fate routing for Saithe (adult) (Sum = 0.0)
INFO - Processing group: Hake (ID: 21)
INFO -     - Total Diet + Import sum for Hake: 1.53900
WARNING -     - Diet Sum is not 1 (1.53900). Normalizing to 1.0
INFO -     - Detritus fate sum for Hake: 0.00000
WARNING -     - Missing Detritus fate routing for Hake (Sum = 0.0)
INFO - Processing group: Blue whiting (ID: 22)
INFO -     - Total Diet + Import sum for Blue whiting: 0.38700
WARNING -     - Diet Sum is not 1 (0.38700). Normalizing to 1.0
INFO -     - Detritus fate sum for Blue whiting: 0.00000
WARNING -     - Missing Detritus fate routing for Blue whiting (Sum = 0.0)
INFO - Processing group: Norway pout (ID: 23)
INFO -     - Total Diet + Import sum for Norway pout: 0.80500
WARNING -     - Diet Sum is not 1 (0.80500). Normalizing to 1.0
INFO -     - Detritus fate sum for Norway pout: 0.00000
WARNING -     - Missing Detritus fate routing for Norway pout (Sum = 0.0)
INFO - Processing group: Other gadoids (large) (ID: 24)
INFO -     - Total Diet + Import sum for Other gadoids (large): 1.23400
WARNING -     - Diet Sum is not 1 (1.23400). Normalizing to 1.0
INFO -     - Detritus fate sum for Other gadoids (large): 0.00000
WARNING -     - Missing Detritus fate routing for Other gadoids (large) (Sum = 0.0)
INFO - Processing group: Other gadoids (small) (ID: 25)
INFO -     - Total Diet + Import sum for Other gadoids (small): 1.00200
WARNING -     - Diet Sum is not 1 (1.00200). Normalizing to 1.0
INFO -     - Detritus fate sum for Other gadoids (small): 0.00000
WARNING -     - Missing Detritus fate routing for Other gadoids (small) (Sum = 0.0)
INFO - Processing group: Monkfish (ID: 26)
INFO -     - Total Diet + Import sum for Monkfish: 1.00300
WARNING -     - Diet Sum is not 1 (1.00300). Normalizing to 1.0
INFO -     - Detritus fate sum for Monkfish: 0.00000
WARNING -     - Missing Detritus fate routing for Monkfish (Sum = 0.0)
INFO - Processing group: Gurnards (ID: 27)
INFO -     - Total Diet + Import sum for Gurnards: 1.00000
INFO -     - Detritus fate sum for Gurnards: 0.00000
WARNING -     - Missing Detritus fate routing for Gurnards (Sum = 0.0)
INFO - Processing group: Herring (juvenile 0; 1) (ID: 28)
INFO -     - Total Diet + Import sum for Herring (juvenile 0; 1): 1.00000
INFO -     - Detritus fate sum for Herring (juvenile 0; 1): 0.00000
WARNING -     - Missing Detritus fate routing for Herring (juvenile 0; 1) (Sum = 0.0)
INFO - Processing group: Herring (adult) (ID: 29)
INFO -     - Total Diet + Import sum for Herring (adult): 1.00100
WARNING -     - Diet Sum is not 1 (1.00100). Normalizing to 1.0
INFO -     - Detritus fate sum for Herring (adult): 0.00000
WARNING -     - Missing Detritus fate routing for Herring (adult) (Sum = 0.0)
INFO - Processing group: Sprat (ID: 30)
INFO -     - Total Diet + Import sum for Sprat: 1.00000
INFO -     - Detritus fate sum for Sprat: 0.00000
WARNING -     - Missing Detritus fate routing for Sprat (Sum = 0.0)
INFO - Processing group: Mackerel (ID: 31)
INFO -     - Total Diet + Import sum for Mackerel: 1.00000
INFO -     - Detritus fate sum for Mackerel: 0.00000
WARNING -     - Missing Detritus fate routing for Mackerel (Sum = 0.0)
INFO - Processing group: Horse mackerel (ID: 32)
INFO -     - Total Diet + Import sum for Horse mackerel: 1.00000
INFO -     - Detritus fate sum for Horse mackerel: 0.00000
WARNING -     - Missing Detritus fate routing for Horse mackerel (Sum = 0.0)
INFO - Processing group: Sandeels (ID: 33)
INFO -     - Total Diet + Import sum for Sandeels: 1.00100
WARNING -     - Diet Sum is not 1 (1.00100). Normalizing to 1.0
INFO -     - Detritus fate sum for Sandeels: 0.00000
WARNING -     - Missing Detritus fate routing for Sandeels (Sum = 0.0)
INFO - Processing group: Plaice (ID: 34)
INFO -     - Total Diet + Import sum for Plaice: 1.00100
WARNING -     - Diet Sum is not 1 (1.00100). Normalizing to 1.0
INFO -     - Detritus fate sum for Plaice: 0.00000
WARNING -     - Missing Detritus fate routing for Plaice (Sum = 0.0)
INFO - Processing group: Dab (ID: 35)
INFO -     - Total Diet + Import sum for Dab: 1.00100
WARNING -     - Diet Sum is not 1 (1.00100). Normalizing to 1.0
INFO -     - Detritus fate sum for Dab: 0.00000
WARNING -     - Missing Detritus fate routing for Dab (Sum = 0.0)
INFO - Processing group: Long-rough dab (ID: 36)
INFO -     - Total Diet + Import sum for Long-rough dab: 1.00000
INFO -     - Detritus fate sum for Long-rough dab: 0.00000
WARNING -     - Missing Detritus fate routing for Long-rough dab (Sum = 0.0)
INFO - Processing group: Flounder (ID: 37)
INFO -     - Total Diet + Import sum for Flounder: 1.00100
WARNING -     - Diet Sum is not 1 (1.00100). Normalizing to 1.0
INFO -     - Detritus fate sum for Flounder: 0.00000
WARNING -     - Missing Detritus fate routing for Flounder (Sum = 0.0)
INFO - Processing group: Sole (ID: 38)
INFO -     - Total Diet + Import sum for Sole: 1.00000
INFO -     - Detritus fate sum for Sole: 0.00000
WARNING -     - Missing Detritus fate routing for Sole (Sum = 0.0)
INFO - Processing group: Lemon sole (ID: 39)
INFO -     - Total Diet + Import sum for Lemon sole: 1.00000
INFO -     - Detritus fate sum for Lemon sole: 0.00000
WARNING -     - Missing Detritus fate routing for Lemon sole (Sum = 0.0)
INFO - Processing group: Witch (ID: 40)
INFO -     - Total Diet + Import sum for Witch: 0.99900
WARNING -     - Diet Sum is not 1 (0.99900). Normalizing to 1.0
INFO -     - Detritus fate sum for Witch: 0.00000
WARNING -     - Missing Detritus fate routing for Witch (Sum = 0.0)
INFO - Processing group: Turbot and brill (ID: 41)
INFO -     - Total Diet + Import sum for Turbot and brill: 1.00200
WARNING -     - Diet Sum is not 1 (1.00200). Normalizing to 1.0
INFO -     - Detritus fate sum for Turbot and brill: 0.00000
WARNING -     - Missing Detritus fate routing for Turbot and brill (Sum = 0.0)
INFO - Processing group: Megrim (ID: 42)
INFO -     - Total Diet + Import sum for Megrim: 1.00100
WARNING -     - Diet Sum is not 1 (1.00100). Normalizing to 1.0
INFO -     - Detritus fate sum for Megrim: 0.00000
WARNING -     - Missing Detritus fate routing for Megrim (Sum = 0.0)
INFO - Processing group: Halibut (ID: 43)
INFO -     - Total Diet + Import sum for Halibut: 1.00100
WARNING -     - Diet Sum is not 1 (1.00100). Normalizing to 1.0
INFO -     - Detritus fate sum for Halibut: 0.00000
WARNING -     - Missing Detritus fate routing for Halibut (Sum = 0.0)
INFO - Processing group: Dragonets (ID: 44)
INFO -     - Total Diet + Import sum for Dragonets: 1.00300
WARNING -     - Diet Sum is not 1 (1.00300). Normalizing to 1.0
INFO -     - Detritus fate sum for Dragonets: 0.00000
WARNING -     - Missing Detritus fate routing for Dragonets (Sum = 0.0)
INFO - Processing group: Catfish (Wolf-fish) (ID: 45)
INFO -     - Total Diet + Import sum for Catfish (Wolf-fish): 1.00000
INFO -     - Detritus fate sum for Catfish (Wolf-fish): 0.00000
WARNING -     - Missing Detritus fate routing for Catfish (Wolf-fish) (Sum = 0.0)
INFO - Processing group: Large demersal fish (ID: 46)
INFO -     - Total Diet + Import sum for Large demersal fish: 1.00300
WARNING -     - Diet Sum is not 1 (1.00300). Normalizing to 1.0
INFO -     - Detritus fate sum for Large demersal fish: 0.00000
WARNING -     - Missing Detritus fate routing for Large demersal fish (Sum = 0.0)
INFO - Processing group: Small demersal fish (ID: 47)
INFO -     - Total Diet + Import sum for Small demersal fish: 1.00000
INFO -     - Detritus fate sum for Small demersal fish: 0.00000
WARNING -     - Missing Detritus fate routing for Small demersal fish (Sum = 0.0)
INFO - Processing group: Miscellaneous filterfeeding pelagic fish (ID: 48)
INFO -     - Total Diet + Import sum for Miscellaneous filterfeeding pelagic fish: 1.00000
INFO -     - Detritus fate sum for Miscellaneous filterfeeding pelagic fish: 0.00000
WARNING -     - Missing Detritus fate routing for Miscellaneous filterfeeding pelagic fish (Sum = 0.0)
INFO - Processing group: Squid & cuttlefish (ID: 49)
INFO -     - Total Diet + Import sum for Squid & cuttlefish: 0.96800
WARNING -     - Diet Sum is not 1 (0.96800). Normalizing to 1.0
INFO -     - Detritus fate sum for Squid & cuttlefish: 0.00000
WARNING -     - Missing Detritus fate routing for Squid & cuttlefish (Sum = 0.0)
INFO - Processing group: Fish larvae (ID: 50)
INFO -     - Total Diet + Import sum for Fish larvae: 1.00000
INFO -     - Detritus fate sum for Fish larvae: 0.00000
WARNING -     - Missing Detritus fate routing for Fish larvae (Sum = 0.0)
INFO - Processing group: Carnivorous zooplankton (ID: 51)
INFO -     - Total Diet + Import sum for Carnivorous zooplankton: 0.99600
WARNING -     - Diet Sum is not 1 (0.99600). Normalizing to 1.0
INFO -     - Detritus fate sum for Carnivorous zooplankton: 0.00000
WARNING -     - Missing Detritus fate routing for Carnivorous zooplankton (Sum = 0.0)
INFO - Processing group: Herbivorous & Omnivorous zooplankton (copepods) (ID: 52)
INFO -     - Total Diet + Import sum for Herbivorous & Omnivorous zooplankton (copepods): 1.00000
INFO -     - Detritus fate sum for Herbivorous & Omnivorous zooplankton (copepods): 0.00000
WARNING -     - Missing Detritus fate routing for Herbivorous & Omnivorous zooplankton (copepods) (Sum = 0.0)
INFO - Processing group: Gelatinous zooplankton (ID: 53)
INFO -     - Total Diet + Import sum for Gelatinous zooplankton: 1.06900
WARNING -     - Diet Sum is not 1 (1.06900). Normalizing to 1.0
INFO -     - Detritus fate sum for Gelatinous zooplankton: 0.00000
WARNING -     - Missing Detritus fate routing for Gelatinous zooplankton (Sum = 0.0)
INFO - Processing group: Large crabs (ID: 54)
INFO -     - Total Diet + Import sum for Large crabs: 1.46800
WARNING -     - Diet Sum is not 1 (1.46800). Normalizing to 1.0
INFO -     - Detritus fate sum for Large crabs: 0.00000
WARNING -     - Missing Detritus fate routing for Large crabs (Sum = 0.0)
INFO - Processing group: Nephrops (ID: 55)
INFO -     - Total Diet + Import sum for Nephrops: 1.11500
WARNING -     - Diet Sum is not 1 (1.11500). Normalizing to 1.0
INFO -     - Detritus fate sum for Nephrops: 0.00000
WARNING -     - Missing Detritus fate routing for Nephrops (Sum = 0.0)
INFO - Processing group: Epifaunal macrobenthos (mobile grazers) (ID: 56)
INFO -     - Total Diet + Import sum for Epifaunal macrobenthos (mobile grazers): 1.00000
INFO -     - Detritus fate sum for Epifaunal macrobenthos (mobile grazers): 0.00000
WARNING -     - Missing Detritus fate routing for Epifaunal macrobenthos (mobile grazers) (Sum = 0.0)
INFO - Processing group: Infaunal macrobenthos (ID: 57)
INFO -     - Total Diet + Import sum for Infaunal macrobenthos: 1.00000
INFO -     - Detritus fate sum for Infaunal macrobenthos: 0.00000
WARNING -     - Missing Detritus fate routing for Infaunal macrobenthos (Sum = 0.0)
INFO - Processing group: Shrimp (ID: 58)
INFO -     - Total Diet + Import sum for Shrimp: 1.02600
WARNING -     - Diet Sum is not 1 (1.02600). Normalizing to 1.0
INFO -     - Detritus fate sum for Shrimp: 0.00000
WARNING -     - Missing Detritus fate routing for Shrimp (Sum = 0.0)
INFO - Processing group: Small mobile epifauna (swarming crustaceans) (ID: 59)
INFO -     - Total Diet + Import sum for Small mobile epifauna (swarming crustaceans): 1.00000
INFO -     - Detritus fate sum for Small mobile epifauna (swarming crustaceans): 0.00000
WARNING -     - Missing Detritus fate routing for Small mobile epifauna (swarming crustaceans) (Sum = 0.0)
INFO - Processing group: Small infauna (polychaetes) (ID: 60)
INFO -     - Total Diet + Import sum for Small infauna (polychaetes): 1.00000
INFO -     - Detritus fate sum for Small infauna (polychaetes): 0.00000
WARNING -     - Missing Detritus fate routing for Small infauna (polychaetes) (Sum = 0.0)
INFO - Processing group: Sessile epifauna (ID: 61)
INFO -     - Total Diet + Import sum for Sessile epifauna: 1.00000
INFO -     - Detritus fate sum for Sessile epifauna: 0.00000
WARNING -     - Missing Detritus fate routing for Sessile epifauna (Sum = 0.0)
INFO - Processing group: Meiofauna (ID: 62)
INFO -     - Total Diet + Import sum for Meiofauna: 1.00000
INFO -     - Detritus fate sum for Meiofauna: 0.00000
WARNING -     - Missing Detritus fate routing for Meiofauna (Sum = 0.0)
INFO - Processing group: Benthic microflora (incl. Bacteria; protozoa)) (ID: 63)
INFO -     - Total Diet + Import sum for Benthic microflora (incl. Bacteria; protozoa)): 1.00000
INFO -     - Detritus fate sum for Benthic microflora (incl. Bacteria; protozoa)): 0.00000
WARNING -     - Missing Detritus fate routing for Benthic microflora (incl. Bacteria; protozoa)) (Sum = 0.0)
INFO - Processing group: Planktonic microflora (incl. Bacteria; protozoa) (ID: 64)
INFO -     - Total Diet + Import sum for Planktonic microflora (incl. Bacteria; protozoa): 1.00000
INFO -     - Detritus fate sum for Planktonic microflora (incl. Bacteria; protozoa): 0.00000
WARNING -     - Missing Detritus fate routing for Planktonic microflora (incl. Bacteria; protozoa) (Sum = 0.0)
INFO - Processing group: Phytoplankton (ID: 65)
INFO -     - Detritus fate sum for Phytoplankton: 1.00000
INFO -     -> Identified as Primary Producer (pp = 1).
INFO - Processing group: Detritus - DOM -water column (ID: 66)
INFO -     - Detritus fate sum for Detritus - DOM -water column: 1.00000
INFO -     -> Identified as Detritus group (pp = 2).
INFO - Processing group: Detritus - POM - sediment (ID: 67)
INFO -     -> Identified as Detritus group (pp = 2).
INFO - Processing group: Discards (ID: 68)
INFO -     -> Identified as Detritus group (pp = 2).
INFO - 
Success: Output saved to C:\Users\idoca\Desktop\אישי\אקדמיה\תואר שני\מחקר\BTN\GlobalPPREstimation\regions\LME_022\models\Mackinson-2007_NS-1991\extracted_tables\22_20071991_North_Sea_report_Table_3.3_(1991).json
INFO - 
--- Mass balance check: NOT BALANCED ---
INFO - BA is unknown (-9999) for 68 of 68 group(s); those groups cannot be decided unless they reconcile without it.
INFO - NOTE  64 group(s) carry all four of B/P-B/Q-B/EE - Ecopath needs three, so one of them is probably a published model estimate rather than an input; record which in REPORT.md: 1 (Baleen whales), 2 (Toothed whales), 3 (Seals), 4 (Seabirds), 5 (Juvenile sharks), 6 (Spurdog), 7 (Large piscivorous sharks), 8 (Small sharks) ...
INFO - NOTE  detritus pools (3): inflow ~3865, consumption ~3649 t/km^2/year, implied EE ~0.944 (indicative - export is not separated, it uses recomputed EE where the source gave none, and any unknown BA is left out of the flows entirely)
WARNING - INDET group 6 (Spurdog): printed EE 0.95 vs recomputed 0.884 (diff 0.066) with BA unknown - a BA of +0.0006644 t/km^2/year (+0.07 of production) would close it - undecidable: this may be an extraction error or the BA the source never printed
WARNING - INDET group 13 (Juvenile Cod(0-2; 0-40cm)): printed EE 0.9359 vs recomputed 0.999 (diff 0.063) with BA unknown - a BA of -0.00892 t/km^2/year (-0.06 of production) would close it - undecidable: this may be an extraction error or the BA the source never printed
WARNING - INDET group 23 (Norway pout): recomputed EE = 1.236 > 1 without BA, and BA is unknown - a BA of -1.489 t/km^2/year (-0.49 of production) would close it - undecidable until the source is checked for biomass accumulation
WARNING - INDET group 24 (Other gadoids (large)): recomputed EE = 3.503 > 1 without BA, and BA is unknown - undecidable until the source is checked for biomass accumulation
WARNING - INDET group 25 (Other gadoids (small)): recomputed EE = 3.644 > 1 without BA, and BA is unknown - undecidable until the source is checked for biomass accumulation
WARNING - INDET group 26 (Monkfish): recomputed EE = 1.412 > 1 without BA, and BA is unknown - a BA of -0.01658 t/km^2/year (-0.56 of production) would close it - undecidable until the source is checked for biomass accumulation
WARNING - INDET group 28 (Herring (juvenile 0; 1)): printed EE 0.6718 vs recomputed 0.613 (diff 0.059) with BA unknown - a BA of +0.04844 t/km^2/year (+0.06 of production) would close it - undecidable: this may be an extraction error or the BA the source never printed
WARNING - INDET group 30 (Sprat): printed EE 0.8059 vs recomputed 0.906 (diff 0.100) with BA unknown - a BA of -0.1325 t/km^2/year (-0.10 of production) would close it - undecidable: this may be an extraction error or the BA the source never printed
WARNING - INDET group 36 (Long-rough dab): printed EE 0.6055 vs recomputed 0.780 (diff 0.174) with BA unknown - a BA of -0.04274 t/km^2/year (-0.17 of production) would close it - undecidable: this may be an extraction error or the BA the source never printed
WARNING - INDET group 41 (Turbot and brill): printed EE 0.1387 vs recomputed 0.316 (diff 0.177) with BA unknown - a BA of -0.008241 t/km^2/year (-0.18 of production) would close it - undecidable: this may be an extraction error or the BA the source never printed
WARNING - INDET group 42 (Megrim): printed EE 0.2425 vs recomputed 0.577 (diff 0.335) with BA unknown - a BA of -0.008193 t/km^2/year (-0.33 of production) would close it - undecidable: this may be an extraction error or the BA the source never printed
WARNING - INDET group 43 (Halibut): recomputed EE = 1.817 > 1 without BA, and BA is unknown - undecidable until the source is checked for biomass accumulation
WARNING - INDET group 46 (Large demersal fish): printed EE 0.9 vs recomputed 0.797 (diff 0.103) with BA unknown - a BA of +0.0009586 t/km^2/year (+0.10 of production) would close it - undecidable: this may be an extraction error or the BA the source never printed
WARNING - INDET group 47 (Small demersal fish): recomputed EE = 1.037 > 1 without BA, and BA is unknown - a BA of -0.02761 t/km^2/year (-0.06 of production) would close it - undecidable until the source is checked for biomass accumulation
WARNING - INDET group 49 (Squid & cuttlefish): printed EE 0.8876 vs recomputed 0.761 (diff 0.127) with BA unknown - a BA of +0.04568 t/km^2/year (+0.13 of production) would close it - undecidable: this may be an extraction error or the BA the source never printed
WARNING - INDET group 50 (Fish larvae): recomputed EE = 2.993 > 1 without BA, and BA is unknown - undecidable until the source is checked for biomass accumulation
WARNING - INDET group 51 (Carnivorous zooplankton): printed EE 0.99 vs recomputed 0.544 (diff 0.446) with BA unknown - a BA of +5.967 t/km^2/year (+0.45 of production) would close it - undecidable: this may be an extraction error or the BA the source never printed
WARNING - INDET group 54 (Large crabs): recomputed EE = 5.163 > 1 without BA, and BA is unknown - undecidable until the source is checked for biomass accumulation
WARNING - INDET group 55 (Nephrops): printed EE 0.9937 vs recomputed 0.885 (diff 0.108) with BA unknown - a BA of +0.04406 t/km^2/year (+0.11 of production) would close it - undecidable: this may be an extraction error or the BA the source never printed
WARNING - INDET group 56 (Epifaunal macrobenthos (mobile grazers)): printed EE 0.4315 vs recomputed 0.485 (diff 0.054) with BA unknown - a BA of -1.632 t/km^2/year (-0.05 of production) would close it - undecidable: this may be an extraction error or the BA the source never printed
WARNING - INDET group 58 (Shrimp): recomputed EE = 1.001 > 1 without BA, and BA is unknown - a BA of -0.8292 t/km^2/year (-0.55 of production) would close it - undecidable until the source is checked for biomass accumulation
WARNING - INDET group 59 (Small mobile epifauna (swarming crustaceans)): recomputed EE = 1.018 > 1 without BA, and BA is unknown - a BA of -5.298 t/km^2/year (-0.09 of production) would close it - undecidable until the source is checked for biomass accumulation
WARNING - WARN  group 1 (Baleen whales): P/Q = 0.002 outside the usual 0.02-0.5 range - check the P/B and Q/B columns
WARNING - WARN  group 2 (Toothed whales): P/Q = 0.001 outside the usual 0.02-0.5 range - check the P/B and Q/B columns
WARNING - WARN  group 3 (Seals): P/Q = 0.003 outside the usual 0.02-0.5 range - check the P/B and Q/B columns
WARNING - WARN  group 4 (Seabirds): P/Q = 0.001 outside the usual 0.02-0.5 range - check the P/B and Q/B columns
ERROR - ERROR group 53 (Gelatinous zooplankton): P/Q = 15.878 with GS = 0.2 implies non-positive respiration (needs P/Q < 0.80)
INFO - 1 error(s), 22 indeterminate, 4 warning(s), 2 note(s)
INFO - Check each error against a rendered image of the source page before changing anything. Do not adjust numbers to make this pass.
INFO - An indeterminate group is a prompt to go back to the source for biomass accumulation, not a BA to enter. A BA this check suggested and then validated itself against would prove nothing.
INFO - Mass balance section written to C:\Users\idoca\Desktop\אישי\אקדמיה\תואר שני\מחקר\BTN\GlobalPPREstimation\regions\LME_022\models\Mackinson-2007_NS-1991\extracted_tables\MASS_BALANCE.md
WARNING - --update-report was given but no REPORT.md was found here
INFO - Log saved to C:\Users\idoca\Desktop\אישי\אקדמיה\תואר שני\מחקר\BTN\GlobalPPREstimation\regions\LME_022\models\Mackinson-2007_NS-1991\extracted_tables\ewe_conversion.log
INFO - Reading JSON: C:\Users\idoca\Desktop\אישי\אקדמיה\תואר שני\מחקר\BTN\GlobalPPREstimation\regions\LME_022\models\Mackinson-2007_NS-1991\extracted_tables\22_20071991_North_Sea_report_Table_3.3_(1991).json
INFO - Writing reconstructed files to: C:\Users\idoca\Desktop\אישי\אקדמיה\תואר שני\מחקר\BTN\GlobalPPREstimation\regions\LME_022\models\Mackinson-2007_NS-1991\extracted_tables\22_20071991_North_Sea_report_Table_3.3_(1991)_reconstructed.xlsx
INFO -   -> Included 'Landings' sheet (calculated from 'export' param)
INFO -   -> Included 'Taxonomy' sheet
INFO -   -> Included 'Detritus fate' sheet (Pools identified: 3)
INFO - 
Success! Validation file generated.
