INFO - Starting conversion for directory: C:\Users\idoca\Desktop\אישי\אקדמיה\תואר שני\מחקר\BTN\GlobalPPREstimation\regions\LME_024\models\Hernvann_2020_Celtic_Sea_1985\extracted_tables
INFO - Output will be saved as: 24_2402020_Celtic_Sea_Hernvann_(1985).json
INFO - Biomass accumulation loaded for 54 group(s) from Biomass_accumulation.csv
INFO - Processing group: Seabirds - Divers (ID: 1)
WARNING -     - BA rate 0/year given but no biomass, so the absolute BA cannot be derived
INFO -     - Biomass accumulation: -9999 t/km^2/year, 0 /year
INFO -     - Total Diet + Import sum for Seabirds - Divers: 1.00000
INFO -     - Detritus fate sum for Seabirds - Divers: 0.00000
WARNING -     - Missing Detritus fate routing for Seabirds - Divers (Sum = 0.0)
INFO - Processing group: Seabirds - Surface feeders (ID: 2)
WARNING -     - BA rate 0/year given but no biomass, so the absolute BA cannot be derived
INFO -     - Biomass accumulation: -9999 t/km^2/year, 0 /year
INFO -     - Total Diet + Import sum for Seabirds - Surface feeders: 1.00200
WARNING -     - Diet Sum is not 1 (1.00200). Normalizing to 1.0
INFO -     - Detritus fate sum for Seabirds - Surface feeders: 0.00000
WARNING -     - Missing Detritus fate routing for Seabirds - Surface feeders (Sum = 0.0)
INFO - Processing group: Baleen whales (ID: 3)
INFO -     - BA 0 t/km^2/year derived from rate 0 * B 0.07 (not stated by the source)
INFO -     - Biomass accumulation: 0 t/km^2/year, 0 /year
INFO -     - Total Diet + Import sum for Baleen whales: 0.99900
WARNING -     - Diet Sum is not 1 (0.99900). Normalizing to 1.0
INFO -     - Detritus fate sum for Baleen whales: 0.00000
WARNING -     - Missing Detritus fate routing for Baleen whales (Sum = 0.0)
INFO - Processing group: Toothed cetaceans / Seals (ID: 4)
INFO -     - BA 0 t/km^2/year derived from rate 0 * B 0.03 (not stated by the source)
INFO -     - Biomass accumulation: 0 t/km^2/year, 0 /year
INFO -     - Total Diet + Import sum for Toothed cetaceans / Seals: 0.99900
WARNING -     - Diet Sum is not 1 (0.99900). Normalizing to 1.0
INFO -     - Detritus fate sum for Toothed cetaceans / Seals: 0.00000
WARNING -     - Missing Detritus fate routing for Toothed cetaceans / Seals (Sum = 0.0)
INFO - Processing group: Pelagic sharks (ID: 5)
INFO -     - BA 0 t/km^2/year derived from rate 0 * B 0.12 (not stated by the source)
INFO -     - Biomass accumulation: 0 t/km^2/year, 0 /year
INFO -     - Total Diet + Import sum for Pelagic sharks: 1.00100
WARNING -     - Diet Sum is not 1 (1.00100). Normalizing to 1.0
INFO -     - Detritus fate sum for Pelagic sharks: 0.00000
WARNING -     - Missing Detritus fate routing for Pelagic sharks (Sum = 0.0)
INFO - Processing group: Piscivorous dem. elasmobranchs (ID: 6)
INFO -     - BA 0 t/km^2/year derived from rate 0 * B 0.15 (not stated by the source)
INFO -     - Biomass accumulation: 0 t/km^2/year, 0 /year
INFO -     - Total Diet + Import sum for Piscivorous dem. elasmobranchs: 1.00100
WARNING -     - Diet Sum is not 1 (1.00100). Normalizing to 1.0
INFO -     - Detritus fate sum for Piscivorous dem. elasmobranchs: 0.00000
WARNING -     - Missing Detritus fate routing for Piscivorous dem. elasmobranchs (Sum = 0.0)
INFO - Processing group: Benthivorous dem. elasmobranchs (ID: 7)
INFO -     - BA 0 t/km^2/year derived from rate 0 * B 0.22 (not stated by the source)
INFO -     - Biomass accumulation: 0 t/km^2/year, 0 /year
INFO -     - Total Diet + Import sum for Benthivorous dem. elasmobranchs: 0.99800
WARNING -     - Diet Sum is not 1 (0.99800). Normalizing to 1.0
INFO -     - Detritus fate sum for Benthivorous dem. elasmobranchs: 0.00000
WARNING -     - Missing Detritus fate routing for Benthivorous dem. elasmobranchs (Sum = 0.0)
INFO - Processing group: Sea bass (ID: 8)
INFO -     - BA 0 t/km^2/year derived from rate 0 * B 0.05 (not stated by the source)
INFO -     - Biomass accumulation: 0 t/km^2/year, 0 /year
INFO -     - Total Diet + Import sum for Sea bass: 1.00100
WARNING -     - Diet Sum is not 1 (1.00100). Normalizing to 1.0
INFO -     - Detritus fate sum for Sea bass: 0.00000
WARNING -     - Missing Detritus fate routing for Sea bass (Sum = 0.0)
INFO - Processing group: Anglerfish adult (ID: 9)
INFO -     - BA 0 t/km^2/year derived from rate 0 * B 0.26 (not stated by the source)
INFO -     - Biomass accumulation: 0 t/km^2/year, 0 /year
INFO -     - Total Diet + Import sum for Anglerfish adult: 1.00100
WARNING -     - Diet Sum is not 1 (1.00100). Normalizing to 1.0
INFO -     - Detritus fate sum for Anglerfish adult: 0.00000
WARNING -     - Missing Detritus fate routing for Anglerfish adult (Sum = 0.0)
WARNING -     - Missing P/B for Anglerfish adult
INFO - Processing group: Anglerfish juvenile (ID: 10)
INFO -     - BA 0 t/km^2/year derived from rate 0 * B 0.04 (not stated by the source)
INFO -     - Biomass accumulation: 0 t/km^2/year, 0 /year
INFO -     - Total Diet + Import sum for Anglerfish juvenile: 1.00000
INFO -     - Detritus fate sum for Anglerfish juvenile: 0.00000
WARNING -     - Missing Detritus fate routing for Anglerfish juvenile (Sum = 0.0)
WARNING -     - Missing P/B for Anglerfish juvenile
INFO - Processing group: Hake adult (ID: 11)
INFO -     - BA 0 t/km^2/year derived from rate 0 * B 0.1 (not stated by the source)
INFO -     - Biomass accumulation: 0 t/km^2/year, 0 /year
INFO -     - Total Diet + Import sum for Hake adult: 0.99800
WARNING -     - Diet Sum is not 1 (0.99800). Normalizing to 1.0
INFO -     - Detritus fate sum for Hake adult: 0.00000
WARNING -     - Missing Detritus fate routing for Hake adult (Sum = 0.0)
WARNING -     - Missing P/B for Hake adult
INFO - Processing group: Hake juvenile (ID: 12)
INFO -     - BA 0 t/km^2/year derived from rate 0 * B 0.05 (not stated by the source)
INFO -     - Biomass accumulation: 0 t/km^2/year, 0 /year
INFO -     - Total Diet + Import sum for Hake juvenile: 1.00100
WARNING -     - Diet Sum is not 1 (1.00100). Normalizing to 1.0
INFO -     - Detritus fate sum for Hake juvenile: 0.00000
WARNING -     - Missing Detritus fate routing for Hake juvenile (Sum = 0.0)
WARNING -     - Missing P/B for Hake juvenile
INFO - Processing group: Cod adult (ID: 13)
INFO -     - BA 0 t/km^2/year derived from rate 0 * B 0.08 (not stated by the source)
INFO -     - Biomass accumulation: 0 t/km^2/year, 0 /year
INFO -     - Total Diet + Import sum for Cod adult: 1.00000
INFO -     - Detritus fate sum for Cod adult: 0.00000
WARNING -     - Missing Detritus fate routing for Cod adult (Sum = 0.0)
WARNING -     - Missing P/B for Cod adult
INFO - Processing group: Cod juvenile (ID: 14)
INFO -     - BA 0 t/km^2/year derived from rate 0 * B 0.02 (not stated by the source)
INFO -     - Biomass accumulation: 0 t/km^2/year, 0 /year
INFO -     - Total Diet + Import sum for Cod juvenile: 1.00000
INFO -     - Detritus fate sum for Cod juvenile: 0.00000
WARNING -     - Missing Detritus fate routing for Cod juvenile (Sum = 0.0)
WARNING -     - Missing P/B for Cod juvenile
INFO - Processing group: Whiting (ID: 15)
INFO -     - BA 0 t/km^2/year derived from rate 0 * B 0.17 (not stated by the source)
INFO -     - Biomass accumulation: 0 t/km^2/year, 0 /year
INFO -     - Total Diet + Import sum for Whiting: 0.99900
WARNING -     - Diet Sum is not 1 (0.99900). Normalizing to 1.0
INFO -     - Detritus fate sum for Whiting: 0.00000
WARNING -     - Missing Detritus fate routing for Whiting (Sum = 0.0)
INFO - Processing group: Haddock (ID: 16)
INFO -     - BA 0 t/km^2/year derived from rate 0 * B 0.06 (not stated by the source)
INFO -     - Biomass accumulation: 0 t/km^2/year, 0 /year
INFO -     - Total Diet + Import sum for Haddock: 1.00000
INFO -     - Detritus fate sum for Haddock: 0.00000
WARNING -     - Missing Detritus fate routing for Haddock (Sum = 0.0)
INFO - Processing group: Pouts (ID: 17)
INFO -     - BA 0 t/km^2/year derived from rate 0 * B 0.94 (not stated by the source)
INFO -     - Biomass accumulation: 0 t/km^2/year, 0 /year
INFO -     - Total Diet + Import sum for Pouts: 0.99900
WARNING -     - Diet Sum is not 1 (0.99900). Normalizing to 1.0
INFO -     - Detritus fate sum for Pouts: 0.00000
WARNING -     - Missing Detritus fate routing for Pouts (Sum = 0.0)
INFO - Processing group: Megrim (ID: 18)
INFO -     - BA 0 t/km^2/year derived from rate 0 * B 0.3 (not stated by the source)
INFO -     - Biomass accumulation: 0 t/km^2/year, 0 /year
INFO -     - Total Diet + Import sum for Megrim: 0.99600
WARNING -     - Diet Sum is not 1 (0.99600). Normalizing to 1.0
INFO -     - Detritus fate sum for Megrim: 0.00000
WARNING -     - Missing Detritus fate routing for Megrim (Sum = 0.0)
WARNING -     - Missing EE for Megrim
INFO - Processing group: Sole (ID: 19)
INFO -     - BA 0 t/km^2/year derived from rate 0 * B 0.05 (not stated by the source)
INFO -     - Biomass accumulation: 0 t/km^2/year, 0 /year
INFO -     - Total Diet + Import sum for Sole: 0.99900
WARNING -     - Diet Sum is not 1 (0.99900). Normalizing to 1.0
INFO -     - Detritus fate sum for Sole: 0.00000
WARNING -     - Missing Detritus fate routing for Sole (Sum = 0.0)
INFO - Processing group: Plaice (ID: 20)
INFO -     - BA -0.0004 t/km^2/year derived from rate -0.01 * B 0.04 (not stated by the source)
INFO -     - Biomass accumulation: -0.0004 t/km^2/year, -0.01 /year
INFO -     - Total Diet + Import sum for Plaice: 0.99800
WARNING -     - Diet Sum is not 1 (0.99800). Normalizing to 1.0
INFO -     - Detritus fate sum for Plaice: 0.00000
WARNING -     - Missing Detritus fate routing for Plaice (Sum = 0.0)
INFO - Processing group: Piscivorous dem. fish (ID: 21)
INFO -     - BA 0 t/km^2/year derived from rate 0 * B 0.33 (not stated by the source)
INFO -     - Biomass accumulation: 0 t/km^2/year, 0 /year
INFO -     - Total Diet + Import sum for Piscivorous dem. fish: 1.00100
WARNING -     - Diet Sum is not 1 (1.00100). Normalizing to 1.0
INFO -     - Detritus fate sum for Piscivorous dem. fish: 0.00000
WARNING -     - Missing Detritus fate routing for Piscivorous dem. fish (Sum = 0.0)
INFO - Processing group: Epibenthivorous dem. fish (ID: 22)
INFO -     - BA 0 t/km^2/year derived from rate 0 * B 0.5 (not stated by the source)
INFO -     - Biomass accumulation: 0 t/km^2/year, 0 /year
INFO -     - Total Diet + Import sum for Epibenthivorous dem. fish: 1.00100
WARNING -     - Diet Sum is not 1 (1.00100). Normalizing to 1.0
INFO -     - Detritus fate sum for Epibenthivorous dem. fish: 0.00000
WARNING -     - Missing Detritus fate routing for Epibenthivorous dem. fish (Sum = 0.0)
INFO - Processing group: Endobenthivorous dem. fish (ID: 23)
INFO -     - BA 0 t/km^2/year derived from rate 0 * B 0.15 (not stated by the source)
INFO -     - Biomass accumulation: 0 t/km^2/year, 0 /year
INFO -     - Total Diet + Import sum for Endobenthivorous dem. fish: 1.00000
INFO -     - Detritus fate sum for Endobenthivorous dem. fish: 0.00000
WARNING -     - Missing Detritus fate routing for Endobenthivorous dem. fish (Sum = 0.0)
INFO - Processing group: Suprabenthivorous dem. fish (ID: 24)
INFO -     - BA 0 t/km^2/year derived from rate 0 * B 0.49 (not stated by the source)
INFO -     - Biomass accumulation: 0 t/km^2/year, 0 /year
INFO -     - Total Diet + Import sum for Suprabenthivorous dem. fish: 1.00100
WARNING -     - Diet Sum is not 1 (1.00100). Normalizing to 1.0
INFO -     - Detritus fate sum for Suprabenthivorous dem. fish: 0.00000
WARNING -     - Missing Detritus fate routing for Suprabenthivorous dem. fish (Sum = 0.0)
INFO - Processing group: Small benthivorous dem. fish (ID: 25)
INFO -     - BA 0 t/km^2/year derived from rate 0 * B 0.95 (not stated by the source)
INFO -     - Biomass accumulation: 0 t/km^2/year, 0 /year
INFO -     - Total Diet + Import sum for Small benthivorous dem. fish: 1.00000
INFO -     - Detritus fate sum for Small benthivorous dem. fish: 0.00000
WARNING -     - Missing Detritus fate routing for Small benthivorous dem. fish (Sum = 0.0)
INFO - Processing group: Mackerel (ID: 26)
INFO -     - BA 0 t/km^2/year derived from rate 0 * B 0.95 (not stated by the source)
INFO -     - Biomass accumulation: 0 t/km^2/year, 0 /year
INFO -     - Total Diet + Import sum for Mackerel: 1.00100
WARNING -     - Diet Sum is not 1 (1.00100). Normalizing to 1.0
INFO -     - Detritus fate sum for Mackerel: 0.00000
WARNING -     - Missing Detritus fate routing for Mackerel (Sum = 0.0)
INFO - Processing group: Horse mackerel (ID: 27)
INFO -     - BA 0 t/km^2/year derived from rate 0 * B 6.4 (not stated by the source)
INFO -     - Biomass accumulation: 0 t/km^2/year, 0 /year
INFO -     - Total Diet + Import sum for Horse mackerel: 0.99900
WARNING -     - Diet Sum is not 1 (0.99900). Normalizing to 1.0
INFO -     - Detritus fate sum for Horse mackerel: 0.00000
WARNING -     - Missing Detritus fate routing for Horse mackerel (Sum = 0.0)
INFO - Processing group: Boarfish (ID: 28)
INFO -     - BA 0 t/km^2/year derived from rate 0 * B 0.15 (not stated by the source)
INFO -     - Biomass accumulation: 0 t/km^2/year, 0 /year
INFO -     - Total Diet + Import sum for Boarfish: 1.00000
INFO -     - Detritus fate sum for Boarfish: 0.00000
WARNING -     - Missing Detritus fate routing for Boarfish (Sum = 0.0)
INFO - Processing group: Sprat (ID: 29)
INFO -     - BA 0 t/km^2/year derived from rate 0 * B 0.26 (not stated by the source)
INFO -     - Biomass accumulation: 0 t/km^2/year, 0 /year
INFO -     - Total Diet + Import sum for Sprat: 1.00000
INFO -     - Detritus fate sum for Sprat: 0.00000
WARNING -     - Missing Detritus fate routing for Sprat (Sum = 0.0)
INFO - Processing group: Blue whiting (ID: 30)
INFO -     - BA 0 t/km^2/year derived from rate 0 * B 0.48 (not stated by the source)
INFO -     - Biomass accumulation: 0 t/km^2/year, 0 /year
INFO -     - Total Diet + Import sum for Blue whiting: 1.00000
INFO -     - Detritus fate sum for Blue whiting: 0.00000
WARNING -     - Missing Detritus fate routing for Blue whiting (Sum = 0.0)
INFO - Processing group: Pilchard (ID: 31)
INFO -     - BA 0 t/km^2/year derived from rate 0 * B 0.31 (not stated by the source)
INFO -     - Biomass accumulation: 0 t/km^2/year, 0 /year
INFO -     - Total Diet + Import sum for Pilchard: 1.00000
INFO -     - Detritus fate sum for Pilchard: 0.00000
WARNING -     - Missing Detritus fate routing for Pilchard (Sum = 0.0)
INFO - Processing group: Herring (ID: 32)
INFO -     - BA 0 t/km^2/year derived from rate 0 * B 0.81 (not stated by the source)
INFO -     - Biomass accumulation: 0 t/km^2/year, 0 /year
INFO -     - Total Diet + Import sum for Herring: 1.00000
INFO -     - Detritus fate sum for Herring: 0.00000
WARNING -     - Missing Detritus fate routing for Herring (Sum = 0.0)
INFO - Processing group: Pelagic - Large (ID: 33)
INFO -     - BA 0 t/km^2/year derived from rate 0 * B 0.2 (not stated by the source)
INFO -     - Biomass accumulation: 0 t/km^2/year, 0 /year
INFO -     - Total Diet + Import sum for Pelagic - Large: 1.00200
WARNING -     - Diet Sum is not 1 (1.00200). Normalizing to 1.0
INFO -     - Detritus fate sum for Pelagic - Large: 0.00000
WARNING -     - Missing Detritus fate routing for Pelagic - Large (Sum = 0.0)
INFO - Processing group: Pelagic - Medium (ID: 34)
INFO -     - BA 0 t/km^2/year derived from rate 0 * B 0.16 (not stated by the source)
INFO -     - Biomass accumulation: 0 t/km^2/year, 0 /year
INFO -     - Total Diet + Import sum for Pelagic - Medium: 1.00000
INFO -     - Detritus fate sum for Pelagic - Medium: 0.00000
WARNING -     - Missing Detritus fate routing for Pelagic - Medium (Sum = 0.0)
INFO - Processing group: Squids (ID: 35)
INFO -     - BA 0 t/km^2/year derived from rate 0 * B 0.09 (not stated by the source)
INFO -     - Biomass accumulation: 0 t/km^2/year, 0 /year
INFO -     - Total Diet + Import sum for Squids: 1.00000
INFO -     - Detritus fate sum for Squids: 0.00000
WARNING -     - Missing Detritus fate routing for Squids (Sum = 0.0)
INFO - Processing group: Benthic cephalopods (ID: 36)
INFO -     - BA 0 t/km^2/year derived from rate 0 * B 0.23 (not stated by the source)
INFO -     - Biomass accumulation: 0 t/km^2/year, 0 /year
INFO -     - Total Diet + Import sum for Benthic cephalopods: 1.00100
WARNING -     - Diet Sum is not 1 (1.00100). Normalizing to 1.0
INFO -     - Detritus fate sum for Benthic cephalopods: 0.00000
WARNING -     - Missing Detritus fate routing for Benthic cephalopods (Sum = 0.0)
INFO - Processing group: Commercial crustaceans (ID: 37)
INFO -     - BA 0 t/km^2/year derived from rate 0 * B 0.78 (not stated by the source)
INFO -     - Biomass accumulation: 0 t/km^2/year, 0 /year
INFO -     - Total Diet + Import sum for Commercial crustaceans: 1.00200
WARNING -     - Diet Sum is not 1 (1.00200). Normalizing to 1.0
INFO -     - Detritus fate sum for Commercial crustaceans: 0.00000
WARNING -     - Missing Detritus fate routing for Commercial crustaceans (Sum = 0.0)
INFO - Processing group: Nephrops (ID: 38)
INFO -     - BA 0 t/km^2/year derived from rate 0 * B 0.22 (not stated by the source)
INFO -     - Biomass accumulation: 0 t/km^2/year, 0 /year
INFO -     - Total Diet + Import sum for Nephrops: 0.99900
WARNING -     - Diet Sum is not 1 (0.99900). Normalizing to 1.0
INFO -     - Detritus fate sum for Nephrops: 0.00000
WARNING -     - Missing Detritus fate routing for Nephrops (Sum = 0.0)
INFO - Processing group: Commercial bivalves (ID: 39)
INFO -     - BA 0 t/km^2/year derived from rate 0 * B 0.3 (not stated by the source)
INFO -     - Biomass accumulation: 0 t/km^2/year, 0 /year
INFO -     - Total Diet + Import sum for Commercial bivalves: 1.00000
INFO -     - Detritus fate sum for Commercial bivalves: 0.00000
WARNING -     - Missing Detritus fate routing for Commercial bivalves (Sum = 0.0)
INFO - Processing group: Shrimps (ID: 40)
INFO -     - BA 0 t/km^2/year derived from rate 0 * B 1.2 (not stated by the source)
INFO -     - Biomass accumulation: 0 t/km^2/year, 0 /year
INFO -     - Total Diet + Import sum for Shrimps: 1.00000
INFO -     - Detritus fate sum for Shrimps: 0.00000
WARNING -     - Missing Detritus fate routing for Shrimps (Sum = 0.0)
INFO - Processing group: Carnivores/Necrophages (ID: 41)
INFO -     - BA 0 t/km^2/year derived from rate 0 * B 5.02 (not stated by the source)
INFO -     - Biomass accumulation: 0 t/km^2/year, 0 /year
INFO -     - Total Diet + Import sum for Carnivores/Necrophages: 1.00100
WARNING -     - Diet Sum is not 1 (1.00100). Normalizing to 1.0
INFO -     - Detritus fate sum for Carnivores/Necrophages: 0.00000
WARNING -     - Missing Detritus fate routing for Carnivores/Necrophages (Sum = 0.0)
INFO - Processing group: Suspension/Surface detritus Feeders (ID: 42)
INFO -     - BA 0 t/km^2/year derived from rate 0 * B 15.55 (not stated by the source)
INFO -     - Biomass accumulation: 0 t/km^2/year, 0 /year
INFO -     - Total Diet + Import sum for Suspension/Surface detritus Feeders: 0.99900
WARNING -     - Diet Sum is not 1 (0.99900). Normalizing to 1.0
INFO -     - Detritus fate sum for Suspension/Surface detritus Feeders: 0.00000
WARNING -     - Missing Detritus fate routing for Suspension/Surface detritus Feeders (Sum = 0.0)
INFO - Processing group: Subsurface deposit feeders (ID: 43)
INFO -     - BA 0 t/km^2/year derived from rate 0 * B 21.69 (not stated by the source)
INFO -     - Biomass accumulation: 0 t/km^2/year, 0 /year
INFO -     - Total Diet + Import sum for Subsurface deposit feeders: 0.99900
WARNING -     - Diet Sum is not 1 (0.99900). Normalizing to 1.0
INFO -     - Detritus fate sum for Subsurface deposit feeders: 0.00000
WARNING -     - Missing Detritus fate routing for Subsurface deposit feeders (Sum = 0.0)
INFO - Processing group: Suprabenthos (ID: 44)
INFO -     - BA 0 t/km^2/year derived from rate 0 * B 1.53 (not stated by the source)
INFO -     - Biomass accumulation: 0 t/km^2/year, 0 /year
INFO -     - Total Diet + Import sum for Suprabenthos: 1.00000
INFO -     - Detritus fate sum for Suprabenthos: 0.00000
WARNING -     - Missing Detritus fate routing for Suprabenthos (Sum = 0.0)
INFO - Processing group: Benthic meiofauna (ID: 45)
INFO -     - BA 0 t/km^2/year derived from rate 0 * B 11.41 (not stated by the source)
INFO -     - Biomass accumulation: 0 t/km^2/year, 0 /year
INFO -     - Total Diet + Import sum for Benthic meiofauna: 1.00000
INFO -     - Detritus fate sum for Benthic meiofauna: 0.00000
WARNING -     - Missing Detritus fate routing for Benthic meiofauna (Sum = 0.0)
INFO - Processing group: Macrozooplankton (ID: 46)
INFO -     - BA 0 t/km^2/year derived from rate 0 * B 2.25 (not stated by the source)
INFO -     - Biomass accumulation: 0 t/km^2/year, 0 /year
INFO -     - Total Diet + Import sum for Macrozooplankton: 1.00000
INFO -     - Detritus fate sum for Macrozooplankton: 0.00000
WARNING -     - Missing Detritus fate routing for Macrozooplankton (Sum = 0.0)
INFO - Processing group: Mesozooplankton - Large (ID: 47)
INFO -     - BA 0 t/km^2/year derived from rate 0 * B 1.98 (not stated by the source)
INFO -     - Biomass accumulation: 0 t/km^2/year, 0 /year
INFO -     - Total Diet + Import sum for Mesozooplankton - Large: 1.00000
INFO -     - Detritus fate sum for Mesozooplankton - Large: 0.00000
WARNING -     - Missing Detritus fate routing for Mesozooplankton - Large (Sum = 0.0)
INFO - Processing group: Mesozooplankton - Small (ID: 48)
INFO -     - BA 0 t/km^2/year derived from rate 0 * B 9.61 (not stated by the source)
INFO -     - Biomass accumulation: 0 t/km^2/year, 0 /year
INFO -     - Total Diet + Import sum for Mesozooplankton - Small: 0.99900
WARNING -     - Diet Sum is not 1 (0.99900). Normalizing to 1.0
INFO -     - Detritus fate sum for Mesozooplankton - Small: 0.00000
WARNING -     - Missing Detritus fate routing for Mesozooplankton - Small (Sum = 0.0)
INFO - Processing group: Microzooplankton (ID: 49)
INFO -     - BA 0 t/km^2/year derived from rate 0 * B 2.52 (not stated by the source)
INFO -     - Biomass accumulation: 0 t/km^2/year, 0 /year
INFO -     - Total Diet + Import sum for Microzooplankton: 1.00000
INFO -     - Detritus fate sum for Microzooplankton: 0.00000
WARNING -     - Missing Detritus fate routing for Microzooplankton (Sum = 0.0)
INFO - Processing group: Bacteria (ID: 50)
INFO -     - BA 0 t/km^2/year derived from rate 0 * B 1.75 (not stated by the source)
INFO -     - Biomass accumulation: 0 t/km^2/year, 0 /year
INFO -     - Total Diet + Import sum for Bacteria: 1.00000
INFO -     - Detritus fate sum for Bacteria: 0.00000
WARNING -     - Missing Detritus fate routing for Bacteria (Sum = 0.0)
INFO - Processing group: Phytoplankton - Large (ID: 51)
INFO -     - BA 0 t/km^2/year derived from rate 0 * B 14.19 (not stated by the source)
INFO -     - Biomass accumulation: 0 t/km^2/year, 0 /year
INFO -     -> Identified as Primary Producer (pp = 1).
INFO - Processing group: Phytoplankton - Small (ID: 52)
INFO -     - BA 0 t/km^2/year derived from rate 0 * B 10.49 (not stated by the source)
INFO -     - Biomass accumulation: 0 t/km^2/year, 0 /year
INFO -     -> Identified as Primary Producer (pp = 1).
INFO - Processing group: Discards (ID: 53)
INFO -     - BA 0.1 t/km^2/year derived from rate 0.40 * B 0.25 (not stated by the source)
INFO -     - Biomass accumulation: 0.1 t/km^2/year, 0.40 /year
INFO -     -> Identified as Detritus group (pp = 2).
INFO - Processing group: Detritus (ID: 54)
INFO -     - BA 481.12 t/km^2/year derived from rate 3.88 * B 124.0 (not stated by the source)
INFO -     - Biomass accumulation: 481.12 t/km^2/year, 3.88 /year
INFO -     -> Identified as Detritus group (pp = 2).
INFO - 
Success: Output saved to C:\Users\idoca\Desktop\אישי\אקדמיה\תואר שני\מחקר\BTN\GlobalPPREstimation\regions\LME_024\models\Hernvann_2020_Celtic_Sea_1985\extracted_tables\24_2402020_Celtic_Sea_Hernvann_(1985).json
INFO - 
--- Mass balance check: NOT BALANCED ---
INFO - BA is unknown (-9999) for 2 of 54 group(s); those groups cannot be decided unless they reconcile without it.
INFO - NOTE  43 group(s) carry all four of B/P-B/Q-B/EE - Ecopath needs three, so one of them is probably a published model estimate rather than an input; record which in REPORT.md: 1 (Seabirds - Divers), 2 (Seabirds - Surface feeders), 3 (Baleen whales), 4 (Toothed cetaceans / Seals), 5 (Pelagic sharks), 6 (Piscivorous dem. elasmobranchs), 7 (Benthivorous dem. elasmobranchs), 8 (Sea bass) ...
INFO - NOTE  detritus pools (2): inflow ~2028, consumption ~1854 t/km^2/year, implied EE ~0.914 (indicative - export is not separated, it uses recomputed EE where the source gave none, and any unknown BA is left out of the flows entirely)
WARNING - WARN  group 1 (Seabirds - Divers): P/Q = 0.001 outside the usual 0.02-0.5 range - check the P/B and Q/B columns
WARNING - WARN  group 2 (Seabirds - Surface feeders): P/Q = 0.002 outside the usual 0.02-0.5 range - check the P/B and Q/B columns
WARNING - WARN  group 3 (Baleen whales): P/Q = 0.008 outside the usual 0.02-0.5 range - check the P/B and Q/B columns
WARNING - WARN  group 4 (Toothed cetaceans / Seals): P/Q = 0.012 outside the usual 0.02-0.5 range - check the P/B and Q/B columns
WARNING - WARN  group 19 (Sole): printed EE 0.96 vs recomputed 0.839 (diff 0.121), BA 0 carried
WARNING - WARN  group 20 (Plaice): printed EE 0.97 vs recomputed 1.027 (diff 0.057), BA -0.0004 carried
WARNING - WARN  group 26 (Mackerel): printed EE 0.97 vs recomputed 0.908 (diff 0.062), BA 0 carried
WARNING - WARN  group 27 (Horse mackerel): printed EE 0.79 vs recomputed 0.689 (diff 0.101), BA 0 carried
WARNING - WARN  group 31 (Pilchard): printed EE 0.62 vs recomputed 0.414 (diff 0.206), BA 0 carried
WARNING - WARN  group 32 (Herring): printed EE 0.97 vs recomputed 0.886 (diff 0.084), BA 0 carried
WARNING - WARN  group 34 (Pelagic - Medium): printed EE 0.95 vs recomputed 0.893 (diff 0.057), BA 0 carried
WARNING - WARN  group 41 (Carnivores/Necrophages): printed EE 0.95 vs recomputed 0.703 (diff 0.247), BA 0 carried
WARNING - WARN  group 42 (Suspension/Surface detritus Feeders): printed EE 0.95 vs recomputed 0.799 (diff 0.151), BA 0 carried
WARNING - WARN  group 43 (Subsurface deposit feeders): printed EE 0.9 vs recomputed 0.700 (diff 0.200), BA 0 carried
WARNING - WARN  group 44 (Suprabenthos): printed EE 0.95 vs recomputed 0.897 (diff 0.053), BA 0 carried
ERROR - ERROR group 16 (Haddock): recomputed EE = 1.012 > 1 - catch+BA+predation (0.05224) exceeds production (0.0516)
ERROR - ERROR group 20 (Plaice): recomputed EE = 1.027 > 1 - catch+BA+predation (0.03326) exceeds production (0.0324)
INFO - 2 error(s), 0 indeterminate, 15 warning(s), 2 note(s)
INFO - Check each error against a rendered image of the source page before changing anything. Do not adjust numbers to make this pass.
INFO - Mass balance section written to C:\Users\idoca\Desktop\אישי\אקדמיה\תואר שני\מחקר\BTN\GlobalPPREstimation\regions\LME_024\models\Hernvann_2020_Celtic_Sea_1985\extracted_tables\MASS_BALANCE.md
INFO - Log saved to C:\Users\idoca\Desktop\אישי\אקדמיה\תואר שני\מחקר\BTN\GlobalPPREstimation\regions\LME_024\models\Hernvann_2020_Celtic_Sea_1985\extracted_tables\ewe_conversion.log
INFO - Reading JSON: C:\Users\idoca\Desktop\אישי\אקדמיה\תואר שני\מחקר\BTN\GlobalPPREstimation\regions\LME_024\models\Hernvann_2020_Celtic_Sea_1985\extracted_tables\24_2402020_Celtic_Sea_Hernvann_(1985).json
INFO - Writing reconstructed files to: C:\Users\idoca\Desktop\אישי\אקדמיה\תואר שני\מחקר\BTN\GlobalPPREstimation\regions\LME_024\models\Hernvann_2020_Celtic_Sea_1985\extracted_tables\24_2402020_Celtic_Sea_Hernvann_(1985)_reconstructed.xlsx
INFO -   -> Included 'Biomass accumulation' sheet
INFO -   -> Included 'Landings' sheet (calculated from 'export' param)
INFO -   -> Included 'Taxonomy' sheet
INFO -   -> Included 'Detritus fate' sheet (Pools identified: 2)
INFO - 
Success! Validation file generated.
