Traceback (most recent call last):
  File "C:\Users\idoca\Desktop\אישי\אקדמיה\תואר שני\מחקר\BTN\GlobalPPREstimation\original_research_archive\research\warm_pool_candidate_review_20260928\build_griffiths_pooled_experiment.py", line 86, in <module>
    result=calc.diagnose_sppr(TE_option=option,short=False,flat=False)
           ^^^^^^^^^^^^^^^^^^^^^^^^^^^^^^^^^^^^^^^^^^^^^^^^^^^^^^^^^^^
  File "C:\Users\idoca\Desktop\אישי\אקדמיה\תואר שני\מחקר\BTN\GlobalPPREstimation\regions\EEZ_941\models\941_20190101_Warm_Pool_Detritus_Pooled_Experiment_(2005)\diagnostics\executed_code\PPRCalculator.py", line 1138, in diagnose_sppr
    SPPR, A, L = self.SPPR_new(TE_option=TE_option, **sppr_kwargs)
                 ^^^^^^^^^^^^^^^^^^^^^^^^^^^^^^^^^^^^^^^^^^^^^^^^^
  File "C:\Users\idoca\Desktop\אישי\אקדמיה\תואר שני\מחקר\BTN\GlobalPPREstimation\regions\EEZ_941\models\941_20190101_Warm_Pool_Detritus_Pooled_Experiment_(2005)\diagnostics\executed_code\PPRCalculator.py", line 2537, in SPPR_new
    non_DET_sppr = SPPR.drop(columns=DET_seq).sum(axis=1)
                   ^^^^^^^^^^^^^^^^^^^^^^^^^^
  File "C:\Users\idoca\AppData\Roaming\Python\Python311\site-packages\pandas\core\frame.py", line 5603, in drop
    return super().drop(
           ^^^^^^^^^^^^^
  File "C:\Users\idoca\AppData\Roaming\Python\Python311\site-packages\pandas\core\generic.py", line 4810, in drop
    obj = obj._drop_axis(labels, axis, level=level, errors=errors)
          ^^^^^^^^^^^^^^^^^^^^^^^^^^^^^^^^^^^^^^^^^^^^^^^^^^^^^^^^
  File "C:\Users\idoca\AppData\Roaming\Python\Python311\site-packages\pandas\core\generic.py", line 4852, in _drop_axis
    new_axis = axis.drop(labels, errors=errors)
               ^^^^^^^^^^^^^^^^^^^^^^^^^^^^^^^^
  File "C:\Users\idoca\AppData\Roaming\Python\Python311\site-packages\pandas\core\indexes\base.py", line 7136, in drop
    raise KeyError(f"{labels[mask].tolist()} not found in axis")
KeyError: '[45] not found in axis'
Traceback (most recent call last):
  File "C:\Users\idoca\Desktop\אישי\אקדמיה\תואר שני\מחקר\BTN\GlobalPPREstimation\original_research_archive\research\warm_pool_candidate_review_20260928\build_griffiths_pooled_experiment.py", line 86, in <module>
    result=calc.diagnose_sppr(TE_option=option,short=False,flat=False)
           ^^^^^^^^^^^^^^^^^^^^^^^^^^^^^^^^^^^^^^^^^^^^^^^^^^^^^^^^^^^
  File "C:\Users\idoca\Desktop\אישי\אקדמיה\תואר שני\מחקר\BTN\GlobalPPREstimation\regions\EEZ_941\models\941_20190101_Warm_Pool_Detritus_Pooled_Experiment_(2005)\diagnostics\executed_code\PPRCalculator.py", line 1138, in diagnose_sppr
    SPPR, A, L = self.SPPR_new(TE_option=TE_option, **sppr_kwargs)
                 ^^^^^^^^^^^^^^^^^^^^^^^^^^^^^^^^^^^^^^^^^^^^^^^^^
  File "C:\Users\idoca\Desktop\אישי\אקדמיה\תואר שני\מחקר\BTN\GlobalPPREstimation\regions\EEZ_941\models\941_20190101_Warm_Pool_Detritus_Pooled_Experiment_(2005)\diagnostics\executed_code\PPRCalculator.py", line 2537, in SPPR_new
    non_DET_sppr = SPPR.drop(columns=DET_seq).sum(axis=1)
                   ^^^^^^^^^^^^^^^^^^^^^^^^^^
  File "C:\Users\idoca\AppData\Roaming\Python\Python311\site-packages\pandas\core\frame.py", line 5603, in drop
    return super().drop(
           ^^^^^^^^^^^^^
  File "C:\Users\idoca\AppData\Roaming\Python\Python311\site-packages\pandas\core\generic.py", line 4810, in drop
    obj = obj._drop_axis(labels, axis, level=level, errors=errors)
          ^^^^^^^^^^^^^^^^^^^^^^^^^^^^^^^^^^^^^^^^^^^^^^^^^^^^^^^^
  File "C:\Users\idoca\AppData\Roaming\Python\Python311\site-packages\pandas\core\generic.py", line 4852, in _drop_axis
    new_axis = axis.drop(labels, errors=errors)
               ^^^^^^^^^^^^^^^^^^^^^^^^^^^^^^^^
  File "C:\Users\idoca\AppData\Roaming\Python\Python311\site-packages\pandas\core\indexes\base.py", line 7136, in drop
    raise KeyError(f"{labels[mask].tolist()} not found in axis")
KeyError: '[45] not found in axis'
Traceback (most recent call last):
  File "C:\Users\idoca\Desktop\אישי\אקדמיה\תואר שני\מחקר\BTN\GlobalPPREstimation\original_research_archive\research\warm_pool_candidate_review_20260928\build_griffiths_pooled_experiment.py", line 86, in <module>
    result=calc.diagnose_sppr(TE_option=option,short=False,flat=False)
           ^^^^^^^^^^^^^^^^^^^^^^^^^^^^^^^^^^^^^^^^^^^^^^^^^^^^^^^^^^^
  File "C:\Users\idoca\Desktop\אישי\אקדמיה\תואר שני\מחקר\BTN\GlobalPPREstimation\regions\EEZ_941\models\941_20190101_Warm_Pool_Detritus_Pooled_Experiment_(2005)\diagnostics\executed_code\PPRCalculator.py", line 1138, in diagnose_sppr
    SPPR, A, L = self.SPPR_new(TE_option=TE_option, **sppr_kwargs)
                 ^^^^^^^^^^^^^^^^^^^^^^^^^^^^^^^^^^^^^^^^^^^^^^^^^
  File "C:\Users\idoca\Desktop\אישי\אקדמיה\תואר שני\מחקר\BTN\GlobalPPREstimation\regions\EEZ_941\models\941_20190101_Warm_Pool_Detritus_Pooled_Experiment_(2005)\diagnostics\executed_code\PPRCalculator.py", line 2537, in SPPR_new
    non_DET_sppr = SPPR.drop(columns=DET_seq).sum(axis=1)
                   ^^^^^^^^^^^^^^^^^^^^^^^^^^
  File "C:\Users\idoca\AppData\Roaming\Python\Python311\site-packages\pandas\core\frame.py", line 5603, in drop
    return super().drop(
           ^^^^^^^^^^^^^
  File "C:\Users\idoca\AppData\Roaming\Python\Python311\site-packages\pandas\core\generic.py", line 4810, in drop
    obj = obj._drop_axis(labels, axis, level=level, errors=errors)
          ^^^^^^^^^^^^^^^^^^^^^^^^^^^^^^^^^^^^^^^^^^^^^^^^^^^^^^^^
  File "C:\Users\idoca\AppData\Roaming\Python\Python311\site-packages\pandas\core\generic.py", line 4852, in _drop_axis
    new_axis = axis.drop(labels, errors=errors)
               ^^^^^^^^^^^^^^^^^^^^^^^^^^^^^^^^
  File "C:\Users\idoca\AppData\Roaming\Python\Python311\site-packages\pandas\core\indexes\base.py", line 7136, in drop
    raise KeyError(f"{labels[mask].tolist()} not found in axis")
KeyError: '[45] not found in axis'
