  # group                                B      P/B      Q/B      EE  EE calc    P/Q    catch
  1 Benthic producers                  153    11.86        -       -  0.00286      -        -
  2 Phytoplankton                     4.68      135        -    0.95     0.95      -        -
  3 Small herb. Zoopl.                2.43    60.22      220    0.46    0.445  0.274        -
  4 Lg. Herb. Zoopl.                  0.56       20       70    0.92    0.979  0.286     0.02
  5 Carn. Zoopl.                      0.31    42.58    135.1    0.21    0.278  0.315        -
  6 Jelly fishes                       0.1     5.01    25.05    0.53    0.449    0.2     0.05
  7 Benthic infauna                  34.48     6.57     27.4    0.43    0.427   0.24        -
  8 SAF                               0.32     3.81     7.63     0.3    0.297  0.499     0.03
  9 Macrozoobenthos                   2.21        3     12.5    0.75    0.749   0.24     0.01
 10 LBS                              17.48      0.1      0.5    0.95    0.781    0.2     0.26
 11 Juv.pen.shrimp                    0.47       13       70    0.95    0.953  0.186     0.02
 12 Lg.pel.pred.(J)                   0.19     4.73    15.75    0.95    0.872    0.3     0.71
 13 Ad.pen.shrimps                    1.27        5    28.94    0.95    0.951  0.173      0.1
 14 Misc.pelagic                       0.3     2.91    14.57    0.95     0.89    0.2     0.43
 15 Leiognathids                      0.71     3.52    15.59    0.28    0.269  0.226      0.2
 16 Crabs and Lobster                 0.63        4     21.9    0.95    0.936  0.183        -
 17 Cephalopods                        0.9      3.1    20.32    0.95    0.949  0.153     0.05
 18 Decapterus spp.                   0.24     3.73    13.89    0.95    0.946  0.269     0.63
 19 Rastrelliger spp.                 0.12     4.43    14.16    0.95     1.04  0.313     0.39
 20 Clupeoids                         0.81      6.2    15.75    0.95    0.962  0.394     0.71
 21 Small demersals                    0.5     3.25    15.24    0.98     0.98  0.213     0.39
 22 Lg.dem.pred.(J)                   0.32    3.254     15.2    0.95      110  0.214     0.39
 23 Demersal rays                     0.09     0.17      9.1    0.95    0.654 0.0187     0.01
 24 Lg.pel.pred (A)                   0.09     2.28    11.39    0.95    0.877    0.2     0.18
 25 Lg.dem.pred (A)                   0.07      3.5     7.49    0.26    0.286  0.467     0.07
 26 Marine mammals                    0.14     0.04    15.36    0.09     2.72 0.0026     0.01
 27 Detritus                         17.14        -        -   0.372        -      -        -

NOTE  group 3 (Small herb. Zoopl.): all four of B/P-B/Q-B/EE given — one is probably an Ecopath estimate; record which in the report
NOTE  group 4 (Lg. Herb. Zoopl.): all four of B/P-B/Q-B/EE given — one is probably an Ecopath estimate; record which in the report
NOTE  group 5 (Carn. Zoopl.): all four of B/P-B/Q-B/EE given — one is probably an Ecopath estimate; record which in the report
NOTE  group 6 (Jelly fishes): all four of B/P-B/Q-B/EE given — one is probably an Ecopath estimate; record which in the report
NOTE  group 7 (Benthic infauna): all four of B/P-B/Q-B/EE given — one is probably an Ecopath estimate; record which in the report
NOTE  group 8 (SAF): all four of B/P-B/Q-B/EE given — one is probably an Ecopath estimate; record which in the report
NOTE  group 9 (Macrozoobenthos): all four of B/P-B/Q-B/EE given — one is probably an Ecopath estimate; record which in the report
NOTE  group 10 (LBS): all four of B/P-B/Q-B/EE given — one is probably an Ecopath estimate; record which in the report
NOTE  group 11 (Juv.pen.shrimp): all four of B/P-B/Q-B/EE given — one is probably an Ecopath estimate; record which in the report
NOTE  group 12 (Lg.pel.pred.(J)): all four of B/P-B/Q-B/EE given — one is probably an Ecopath estimate; record which in the report
NOTE  group 13 (Ad.pen.shrimps): all four of B/P-B/Q-B/EE given — one is probably an Ecopath estimate; record which in the report
NOTE  group 14 (Misc.pelagic): all four of B/P-B/Q-B/EE given — one is probably an Ecopath estimate; record which in the report
NOTE  group 15 (Leiognathids): all four of B/P-B/Q-B/EE given — one is probably an Ecopath estimate; record which in the report
NOTE  group 16 (Crabs and Lobster): all four of B/P-B/Q-B/EE given — one is probably an Ecopath estimate; record which in the report
NOTE  group 17 (Cephalopods): all four of B/P-B/Q-B/EE given — one is probably an Ecopath estimate; record which in the report
NOTE  group 18 (Decapterus spp.): all four of B/P-B/Q-B/EE given — one is probably an Ecopath estimate; record which in the report
NOTE  group 19 (Rastrelliger spp.): all four of B/P-B/Q-B/EE given — one is probably an Ecopath estimate; record which in the report
NOTE  group 20 (Clupeoids): all four of B/P-B/Q-B/EE given — one is probably an Ecopath estimate; record which in the report
NOTE  group 21 (Small demersals): all four of B/P-B/Q-B/EE given — one is probably an Ecopath estimate; record which in the report
NOTE  group 22 (Lg.dem.pred.(J)): all four of B/P-B/Q-B/EE given — one is probably an Ecopath estimate; record which in the report
NOTE  group 23 (Demersal rays): all four of B/P-B/Q-B/EE given — one is probably an Ecopath estimate; record which in the report
NOTE  group 24 (Lg.pel.pred (A)): all four of B/P-B/Q-B/EE given — one is probably an Ecopath estimate; record which in the report
NOTE  group 25 (Lg.dem.pred (A)): all four of B/P-B/Q-B/EE given — one is probably an Ecopath estimate; record which in the report
NOTE  group 26 (Marine mammals): all four of B/P-B/Q-B/EE given — one is probably an Ecopath estimate; record which in the report
NOTE  detritus pools (1): inflow ~2418, consumption ~917.6 t/km2/yr, implied EE ~0.380 (indicative — export not separated, and it uses recomputed EE where the paper gave none)
WARN  group 1 (Benthic producers): only 2 of B/P-B/Q-B/EE given (B, PB) — Ecopath needs three. Sweep the prose for the missing one before accepting this.
WARN  group 4 (Lg. Herb. Zoopl.): printed EE 0.92 vs recomputed 0.979 (diff 0.059) — a BA of -0.6662 t/km2/year (-0.06 of production) would close this; check whether the paper reports biomass accumulation
WARN  group 5 (Carn. Zoopl.): printed EE 0.21 vs recomputed 0.278 (diff 0.068) — a BA of -0.8974 t/km2/year (-0.07 of production) would close this; check whether the paper reports biomass accumulation
WARN  group 6 (Jelly fishes): printed EE 0.53 vs recomputed 0.449 (diff 0.081) — a BA of +0.04069 t/km2/year (+0.08 of production) would close this; check whether the paper reports biomass accumulation
WARN  group 10 (LBS): printed EE 0.95 vs recomputed 0.781 (diff 0.169) — a BA of +0.2955 t/km2/year (+0.17 of production) would close this; check whether the paper reports biomass accumulation
WARN  group 12 (Lg.pel.pred.(J)): printed EE 0.95 vs recomputed 0.872 (diff 0.078) — a BA of +0.07 t/km2/year (+0.08 of production) would close this; check whether the paper reports biomass accumulation
WARN  group 14 (Misc.pelagic): printed EE 0.95 vs recomputed 0.890 (diff 0.060) — a BA of +0.05205 t/km2/year (+0.06 of production) would close this; check whether the paper reports biomass accumulation
WARN  group 19 (Rastrelliger spp.): printed EE 0.95 vs recomputed 1.039 (diff 0.089) — a BA of -0.0472 t/km2/year (-0.09 of production) would close this; check whether the paper reports biomass accumulation
WARN  group 22 (Lg.dem.pred.(J)): printed EE 0.95 vs recomputed 110.103 (diff 109.153)
WARN  group 23 (Demersal rays): printed EE 0.95 vs recomputed 0.654 (diff 0.296) — a BA of +0.004535 t/km2/year (+0.30 of production) would close this; check whether the paper reports biomass accumulation
WARN  group 23 (Demersal rays): P/Q = 0.019 outside the usual 0.02-0.5 range — check the P/B and Q/B columns
WARN  group 24 (Lg.pel.pred (A)): printed EE 0.95 vs recomputed 0.877 (diff 0.073) — a BA of +0.01494 t/km2/year (+0.07 of production) would close this; check whether the paper reports biomass accumulation
WARN  group 26 (Marine mammals): printed EE 0.09 vs recomputed 2.722 (diff 2.632)
WARN  group 26 (Marine mammals): P/Q = 0.003 outside the usual 0.02-0.5 range — check the P/B and Q/B columns
ERROR group 19 (Rastrelliger spp.): recomputed EE = 1.039 > 1 — consumption+catch+BA (0.5522) exceeds production (0.5316)
ERROR group 22 (Lg.dem.pred.(J)): recomputed EE = 110.103 > 1 — consumption+catch+BA (114.6) exceeds production (1.041)
ERROR group 26 (Marine mammals): recomputed EE = 2.722 > 1 — consumption+catch+BA (0.01524) exceeds production (0.0056)

3 error(s), 14 warning(s), 25 note(s)
Check each error against a rendered image of the source page before changing anything. Do not adjust numbers to make this pass.

