INFO - 
--- Mass balance check: INDETERMINATE ---
INFO - BA is unknown (-9999) for 27 of 27 group(s); those groups cannot be decided unless they reconcile without it.
INFO - NOTE  24 group(s) carry all four of B/P-B/Q-B/EE - Ecopath needs three, so one of them is probably a published model estimate rather than an input; record which in REPORT.md: 3 (Small herb. Zoopl.), 4 (Lg. Herb. Zoopl.), 5 (Carn. Zoopl.), 6 (Jelly fishes), 7 (Benthic infauna), 8 (SAF), 9 (Macrozoobenthos), 10 (LBS) ...
INFO - NOTE  detritus pools (1): inflow ~2418, consumption ~917.6 t/km^2/year, implied EE ~0.380 (indicative - export is not separated, it uses recomputed EE where the source gave none, and any unknown BA is left out of the flows entirely)
WARNING - INDET group 4 (Lg. Herb. Zoopl.): printed EE 0.92 vs recomputed 0.979 (diff 0.059) with BA unknown - a BA of -0.6662 t/km^2/year (-0.06 of production) would close it - undecidable: this may be an extraction error or the BA the source never printed
WARNING - INDET group 5 (Carn. Zoopl.): printed EE 0.21 vs recomputed 0.278 (diff 0.068) with BA unknown - a BA of -0.8974 t/km^2/year (-0.07 of production) would close it - undecidable: this may be an extraction error or the BA the source never printed
WARNING - INDET group 6 (Jelly fishes): printed EE 0.53 vs recomputed 0.449 (diff 0.081) with BA unknown - a BA of +0.04069 t/km^2/year (+0.08 of production) would close it - undecidable: this may be an extraction error or the BA the source never printed
WARNING - INDET group 10 (LBS): printed EE 0.95 vs recomputed 0.781 (diff 0.169) with BA unknown - a BA of +0.2955 t/km^2/year (+0.17 of production) would close it - undecidable: this may be an extraction error or the BA the source never printed
WARNING - INDET group 12 (Lg.pel.pred.(J)): printed EE 0.95 vs recomputed 0.872 (diff 0.078) with BA unknown - a BA of +0.07 t/km^2/year (+0.08 of production) would close it - undecidable: this may be an extraction error or the BA the source never printed
WARNING - INDET group 14 (Misc.pelagic): printed EE 0.95 vs recomputed 0.890 (diff 0.060) with BA unknown - a BA of +0.05205 t/km^2/year (+0.06 of production) would close it - undecidable: this may be an extraction error or the BA the source never printed
WARNING - INDET group 19 (Rastrelliger spp.): recomputed EE = 1.039 > 1 without BA, and BA is unknown - a BA of -0.0472 t/km^2/year (-0.09 of production) would close it - undecidable until the source is checked for biomass accumulation
WARNING - INDET group 22 (Lg.dem.pred.(J)): recomputed EE = 110.103 > 1 without BA, and BA is unknown - undecidable until the source is checked for biomass accumulation
WARNING - INDET group 23 (Demersal rays): printed EE 0.95 vs recomputed 0.654 (diff 0.296) with BA unknown - a BA of +0.004535 t/km^2/year (+0.30 of production) would close it - undecidable: this may be an extraction error or the BA the source never printed
WARNING - INDET group 24 (Lg.pel.pred (A)): printed EE 0.95 vs recomputed 0.877 (diff 0.073) with BA unknown - a BA of +0.01494 t/km^2/year (+0.07 of production) would close it - undecidable: this may be an extraction error or the BA the source never printed
WARNING - INDET group 26 (Marine mammals): recomputed EE = 2.722 > 1 without BA, and BA is unknown - undecidable until the source is checked for biomass accumulation
WARNING - WARN  group 1 (Benthic producers): only 2 of B/P-B/Q-B/EE given (B, P/B) - Ecopath needs three
WARNING - WARN  group 23 (Demersal rays): P/Q = 0.019 outside the usual 0.02-0.5 range - check the P/B and Q/B columns
WARNING - WARN  group 26 (Marine mammals): P/Q = 0.003 outside the usual 0.02-0.5 range - check the P/B and Q/B columns
INFO - 0 error(s), 11 indeterminate, 3 warning(s), 2 note(s)
INFO - An indeterminate group is a prompt to go back to the source for biomass accumulation, not a BA to enter. A BA this check suggested and then validated itself against would prove nothing.
INFO - Mass balance section written to C:\Users\idoca\Desktop\אישי\אקדמיה\תואר שני\מחקר\BTN\GlobalPPREstimation\regions\LME_038\models\38_38002_North_Coast_Central_Java_(1979)\extracted_tables\MASS_BALANCE.md
INFO - Reading JSON: C:\Users\idoca\Desktop\אישי\אקדמיה\תואר שני\מחקר\BTN\GlobalPPREstimation\regions\LME_038\models\38_38002_North_Coast_Central_Java_(1979)\extracted_tables\38_Indonesian_Sea_38002_North_Coast_Central_Java_(1979).json
INFO - Writing reconstructed files to: C:\Users\idoca\Desktop\אישי\אקדמיה\תואר שני\מחקר\BTN\GlobalPPREstimation\regions\LME_038\models\38_38002_North_Coast_Central_Java_(1979)\extracted_tables\38_Indonesian_Sea_38002_North_Coast_Central_Java_(1979)_reconstructed.xlsx
INFO -   -> Included 'Landings' sheet (calculated from 'export' param)
INFO -   -> Included 'Taxonomy' sheet
INFO -   -> Included 'Detritus fate' sheet (Pools identified: 1)
INFO - 
Success! Validation file generated.
