INFO - Starting conversion for directory: C:\Users\idoca\Desktop\אישי\אקדמיה\תואר שני\מחקר\BTN\GlobalPPREstimation\regions\LME_050\models\50_502013_Coastal_Kyoto_Inoue_(2013)\extracted_tables
INFO - Output will be saved as: 50_Sea_of_Japan_502013_Coastal_Kyoto_Inoue_(2013).json
INFO - Biomass accumulation file Biomass_accumulation.csv is entirely blank: BA is UNKNOWN for every group (-9999), not zero.
INFO - Processing group: Sardine (ID: 1)
INFO -     - Total Diet + Import sum for Sardine: 1.00000
INFO -     - Detritus fate sum for Sardine: 0.00000
WARNING -     - Missing Detritus fate routing for Sardine (Sum = 0.0)
INFO - Processing group: Round herring (ID: 2)
INFO -     - Total Diet + Import sum for Round herring: 1.00000
INFO -     - Detritus fate sum for Round herring: 0.00000
WARNING -     - Missing Detritus fate routing for Round herring (Sum = 0.0)
INFO - Processing group: Anchovy (ID: 3)
INFO -     - Total Diet + Import sum for Anchovy: 1.00000
INFO -     - Detritus fate sum for Anchovy: 0.00000
WARNING -     - Missing Detritus fate routing for Anchovy (Sum = 0.0)
INFO - Processing group: Mackerel (ID: 4)
INFO -     - Total Diet + Import sum for Mackerel: 1.00000
INFO -     - Detritus fate sum for Mackerel: 0.00000
WARNING -     - Missing Detritus fate routing for Mackerel (Sum = 0.0)
INFO - Processing group: Jack mackerel (ID: 5)
INFO -     - Total Diet + Import sum for Jack mackerel: 1.00000
INFO -     - Detritus fate sum for Jack mackerel: 0.00000
WARNING -     - Missing Detritus fate routing for Jack mackerel (Sum = 0.0)
INFO - Processing group: Yellowtail (ID: 6)
INFO -     - Total Diet + Import sum for Yellowtail: 1.00050
WARNING -     - Diet Sum is not 1 (1.00050). Normalizing to 1.0
INFO -     - Detritus fate sum for Yellowtail: 0.00000
WARNING -     - Missing Detritus fate routing for Yellowtail (Sum = 0.0)
INFO - Processing group: Frigate tuna (ID: 7)
INFO -     - Total Diet + Import sum for Frigate tuna: 1.00000
INFO -     - Detritus fate sum for Frigate tuna: 0.00000
WARNING -     - Missing Detritus fate routing for Frigate tuna (Sum = 0.0)
INFO - Processing group: Tuna (ID: 8)
INFO -     - Total Diet + Import sum for Tuna: 1.00000
INFO -     - Detritus fate sum for Tuna: 0.00000
WARNING -     - Missing Detritus fate routing for Tuna (Sum = 0.0)
INFO - Processing group: Sailfish (ID: 9)
INFO -     - Total Diet + Import sum for Sailfish: 1.00000
INFO -     - Detritus fate sum for Sailfish: 0.00000
WARNING -     - Missing Detritus fate routing for Sailfish (Sum = 0.0)
INFO - Processing group: Spanish mackerel (ID: 10)
INFO -     - Total Diet + Import sum for Spanish mackerel: 1.00050
WARNING -     - Diet Sum is not 1 (1.00050). Normalizing to 1.0
INFO -     - Detritus fate sum for Spanish mackerel: 0.00000
WARNING -     - Missing Detritus fate routing for Spanish mackerel (Sum = 0.0)
INFO - Processing group: Stingray (ID: 11)
INFO -     - Total Diet + Import sum for Stingray: 1.01000
WARNING -     - Diet Sum is not 1 (1.01000). Normalizing to 1.0
INFO -     - Detritus fate sum for Stingray: 0.00000
WARNING -     - Missing Detritus fate routing for Stingray (Sum = 0.0)
INFO - Processing group: Flounder (ID: 12)
INFO -     - Total Diet + Import sum for Flounder: 1.01000
WARNING -     - Diet Sum is not 1 (1.01000). Normalizing to 1.0
INFO -     - Detritus fate sum for Flounder: 0.00000
WARNING -     - Missing Detritus fate routing for Flounder (Sum = 0.0)
INFO - Processing group: Black porgy (ID: 13)
INFO -     - Total Diet + Import sum for Black porgy: 1.00000
INFO -     - Detritus fate sum for Black porgy: 0.00000
WARNING -     - Missing Detritus fate routing for Black porgy (Sum = 0.0)
INFO - Processing group: Red seabream (ID: 14)
INFO -     - Total Diet + Import sum for Red seabream: 1.00000
INFO -     - Detritus fate sum for Red seabream: 0.00000
WARNING -     - Missing Detritus fate routing for Red seabream (Sum = 0.0)
INFO - Processing group: Tilefish (ID: 15)
INFO -     - Total Diet + Import sum for Tilefish: 1.00000
INFO -     - Detritus fate sum for Tilefish: 0.00000
WARNING -     - Missing Detritus fate routing for Tilefish (Sum = 0.0)
INFO - Processing group: Seabass (ID: 16)
INFO -     - Total Diet + Import sum for Seabass: 1.00010
WARNING -     - Diet Sum is not 1 (1.00010). Normalizing to 1.0
INFO -     - Detritus fate sum for Seabass: 0.00000
WARNING -     - Missing Detritus fate routing for Seabass (Sum = 0.0)
INFO - Processing group: Flying fish (ID: 17)
INFO -     - Total Diet + Import sum for Flying fish: 1.00000
INFO -     - Detritus fate sum for Flying fish: 0.00000
WARNING -     - Missing Detritus fate routing for Flying fish (Sum = 0.0)
INFO - Processing group: Rockfish (ID: 18)
INFO -     - Total Diet + Import sum for Rockfish: 1.00000
INFO -     - Detritus fate sum for Rockfish: 0.00000
WARNING -     - Missing Detritus fate routing for Rockfish (Sum = 0.0)
INFO - Processing group: Barracuda (ID: 19)
INFO -     - Total Diet + Import sum for Barracuda: 1.00000
INFO -     - Detritus fate sum for Barracuda: 0.00000
WARNING -     - Missing Detritus fate routing for Barracuda (Sum = 0.0)
INFO - Processing group: Flying squid (ID: 20)
INFO -     - Total Diet + Import sum for Flying squid: 1.00010
WARNING -     - Diet Sum is not 1 (1.00010). Normalizing to 1.0
INFO -     - Detritus fate sum for Flying squid: 0.00000
WARNING -     - Missing Detritus fate routing for Flying squid (Sum = 0.0)
INFO - Processing group: Other squids (ID: 21)
INFO -     - Total Diet + Import sum for Other squids: 0.99970
WARNING -     - Diet Sum is not 1 (0.99970). Normalizing to 1.0
INFO -     - Detritus fate sum for Other squids: 0.00000
WARNING -     - Missing Detritus fate routing for Other squids (Sum = 0.0)
INFO - Processing group: Octopus (ID: 22)
INFO -     - Total Diet + Import sum for Octopus: 1.00050
WARNING -     - Diet Sum is not 1 (1.00050). Normalizing to 1.0
INFO -     - Detritus fate sum for Octopus: 0.00000
WARNING -     - Missing Detritus fate routing for Octopus (Sum = 0.0)
INFO - Processing group: Ivory shell (ID: 23)
INFO -     - Total Diet + Import sum for Ivory shell: 1.00050
WARNING -     - Diet Sum is not 1 (1.00050). Normalizing to 1.0
INFO -     - Detritus fate sum for Ivory shell: 0.00000
WARNING -     - Missing Detritus fate routing for Ivory shell (Sum = 0.0)
INFO - Processing group: Sea cucumber (ID: 24)
INFO -     - Total Diet + Import sum for Sea cucumber: 1.00000
INFO -     - Detritus fate sum for Sea cucumber: 0.00000
WARNING -     - Missing Detritus fate routing for Sea cucumber (Sum = 0.0)
INFO - Processing group: Other conch (ID: 25)
INFO -     - Total Diet + Import sum for Other conch: 1.00000
INFO -     - Detritus fate sum for Other conch: 0.00000
WARNING -     - Missing Detritus fate routing for Other conch (Sum = 0.0)
INFO - Processing group: Crab (ID: 26)
INFO -     - Total Diet + Import sum for Crab: 1.00000
INFO -     - Detritus fate sum for Crab: 0.00000
WARNING -     - Missing Detritus fate routing for Crab (Sum = 0.0)
INFO - Processing group: Prawn (ID: 27)
INFO -     - Total Diet + Import sum for Prawn: 1.00000
INFO -     - Detritus fate sum for Prawn: 0.00000
WARNING -     - Missing Detritus fate routing for Prawn (Sum = 0.0)
INFO - Processing group: Bivalve (ID: 28)
INFO -     - Total Diet + Import sum for Bivalve: 1.00000
INFO -     - Detritus fate sum for Bivalve: 0.00000
WARNING -     - Missing Detritus fate routing for Bivalve (Sum = 0.0)
INFO - Processing group: Dragonet (ID: 29)
INFO -     - Total Diet + Import sum for Dragonet: 1.00000
INFO -     - Detritus fate sum for Dragonet: 0.00000
WARNING -     - Missing Detritus fate routing for Dragonet (Sum = 0.0)
INFO - Processing group: Tongue sole (ID: 30)
INFO -     - Total Diet + Import sum for Tongue sole: 1.00000
INFO -     - Detritus fate sum for Tongue sole: 0.00000
WARNING -     - Missing Detritus fate routing for Tongue sole (Sum = 0.0)
INFO - Processing group: Goby (ID: 31)
INFO -     - Total Diet + Import sum for Goby: 1.00000
INFO -     - Detritus fate sum for Goby: 0.00000
WARNING -     - Missing Detritus fate routing for Goby (Sum = 0.0)
INFO - Processing group: Shrimp (ID: 32)
INFO -     - Total Diet + Import sum for Shrimp: 1.00000
INFO -     - Detritus fate sum for Shrimp: 0.00000
WARNING -     - Missing Detritus fate routing for Shrimp (Sum = 0.0)
INFO - Processing group: Starfish (ID: 33)
INFO -     - Total Diet + Import sum for Starfish: 1.00000
INFO -     - Detritus fate sum for Starfish: 0.00000
WARNING -     - Missing Detritus fate routing for Starfish (Sum = 0.0)
INFO - Processing group: Brittle star (ID: 34)
INFO -     - Total Diet + Import sum for Brittle star: 1.00000
INFO -     - Detritus fate sum for Brittle star: 0.00000
WARNING -     - Missing Detritus fate routing for Brittle star (Sum = 0.0)
INFO - Processing group: Polychaeta (ID: 35)
INFO -     - Total Diet + Import sum for Polychaeta: 1.00000
INFO -     - Detritus fate sum for Polychaeta: 0.00000
WARNING -     - Missing Detritus fate routing for Polychaeta (Sum = 0.0)
INFO - Processing group: Hermit crab (ID: 36)
INFO -     - Total Diet + Import sum for Hermit crab: 1.00000
INFO -     - Detritus fate sum for Hermit crab: 0.00000
WARNING -     - Missing Detritus fate routing for Hermit crab (Sum = 0.0)
INFO - Processing group: Mysid (ID: 37)
INFO -     - Total Diet + Import sum for Mysid: 1.00000
INFO -     - Detritus fate sum for Mysid: 0.00000
WARNING -     - Missing Detritus fate routing for Mysid (Sum = 0.0)
INFO - Processing group: Zooplankton (ID: 38)
INFO -     - Total Diet + Import sum for Zooplankton: 1.00000
INFO -     - Detritus fate sum for Zooplankton: 0.00000
WARNING -     - Missing Detritus fate routing for Zooplankton (Sum = 0.0)
INFO - Processing group: Phytoplankton (ID: 39)
INFO -     -> Identified as Primary Producer (pp = 1).
INFO - Processing group: Detritus (ID: 40)
INFO -     -> Identified as Detritus group (pp = 2).
INFO - 
Success: Output saved to C:\Users\idoca\Desktop\אישי\אקדמיה\תואר שני\מחקר\BTN\GlobalPPREstimation\regions\LME_050\models\50_502013_Coastal_Kyoto_Inoue_(2013)\extracted_tables\50_Sea_of_Japan_502013_Coastal_Kyoto_Inoue_(2013).json
INFO - 
--- Mass balance check: INDETERMINATE ---
INFO - BA is unknown (-9999) for 40 of 40 group(s); those groups cannot be decided unless they reconcile without it.
INFO - NOTE  38 group(s) carry all four of B/P-B/Q-B/EE - Ecopath needs three, so one of them is probably a published model estimate rather than an input; record which in REPORT.md: 1 (Sardine), 2 (Round herring), 3 (Anchovy), 4 (Mackerel), 5 (Jack mackerel), 6 (Yellowtail), 7 (Frigate tuna), 8 (Tuna) ...
INFO - NOTE  detritus pools (1): inflow ~1339, consumption ~43.99 t/km^2/year, implied EE ~0.033 (indicative - export is not separated, it uses recomputed EE where the source gave none, and any unknown BA is left out of the flows entirely)
WARNING - INDET group 12 (Flounder): printed EE 0.76 vs recomputed 0.687 (diff 0.073) with BA unknown - a BA of +0.001624 t/km^2/year (+0.07 of production) would close it - undecidable: this may be an extraction error or the BA the source never printed
WARNING - INDET group 13 (Black porgy): printed EE 0.47 vs recomputed 0.524 (diff 0.054) with BA unknown - a BA of -0.00113 t/km^2/year (-0.05 of production) would close it - undecidable: this may be an extraction error or the BA the source never printed
WARNING - INDET group 23 (Ivory shell): printed EE 0.16 vs recomputed 0.333 (diff 0.173) with BA unknown - a BA of -5.2e-06 t/km^2/year (-0.17 of production) would close it - undecidable: this may be an extraction error or the BA the source never printed
WARNING - INDET group 26 (Crab): printed EE 0.68 vs recomputed 0.501 (diff 0.179) with BA unknown - a BA of +0.00537 t/km^2/year (+0.18 of production) would close it - undecidable: this may be an extraction error or the BA the source never printed
WARNING - INDET group 27 (Prawn): printed EE 0.63 vs recomputed 0.485 (diff 0.145) with BA unknown - a BA of +0.00872 t/km^2/year (+0.15 of production) would close it - undecidable: this may be an extraction error or the BA the source never printed
WARNING - INDET group 37 (Mysid): printed EE 0.44 vs recomputed 0.610 (diff 0.170) with BA unknown - a BA of -0.07671 t/km^2/year (-0.17 of production) would close it - undecidable: this may be an extraction error or the BA the source never printed
INFO - 0 error(s), 6 indeterminate, 0 warning(s), 2 note(s)
INFO - An indeterminate group is a prompt to go back to the source for biomass accumulation, not a BA to enter. A BA this check suggested and then validated itself against would prove nothing.
INFO - Mass balance section written to C:\Users\idoca\Desktop\אישי\אקדמיה\תואר שני\מחקר\BTN\GlobalPPREstimation\regions\LME_050\models\50_502013_Coastal_Kyoto_Inoue_(2013)\extracted_tables\MASS_BALANCE.md
INFO - Updated the 'Mass balance' section of C:\Users\idoca\Desktop\אישי\אקדמיה\תואר שני\מחקר\BTN\GlobalPPREstimation\regions\LME_050\models\50_502013_Coastal_Kyoto_Inoue_(2013)\extracted_tables\REPORT.md
INFO - Log saved to C:\Users\idoca\Desktop\אישי\אקדמיה\תואר שני\מחקר\BTN\GlobalPPREstimation\regions\LME_050\models\50_502013_Coastal_Kyoto_Inoue_(2013)\extracted_tables\ewe_conversion.log
INFO - Reading JSON: C:\Users\idoca\Desktop\אישי\אקדמיה\תואר שני\מחקר\BTN\GlobalPPREstimation\regions\LME_050\models\50_502013_Coastal_Kyoto_Inoue_(2013)\extracted_tables\50_Sea_of_Japan_502013_Coastal_Kyoto_Inoue_(2013).json
INFO - Writing reconstructed files to: C:\Users\idoca\Desktop\אישי\אקדמיה\תואר שני\מחקר\BTN\GlobalPPREstimation\regions\LME_050\models\50_502013_Coastal_Kyoto_Inoue_(2013)\extracted_tables\50_Sea_of_Japan_502013_Coastal_Kyoto_Inoue_(2013)_reconstructed.xlsx
INFO -   -> Included 'Landings' sheet (calculated from 'export' param)
INFO -   -> Included 'Taxonomy' sheet
INFO -   -> Included 'Detritus fate' sheet (Pools identified: 1)
INFO - 
Success! Validation file generated.
