INFO - Starting conversion for directory: C:\Users\idoca\Desktop\אישי\אקדמיה\תואר שני\מחקר\BTN\GlobalPPREstimation\regions\EEZ_941\models\941_200701_WCPO_Warm_Pool_Final_(mixed_periods)\extracted_tables
INFO - Output will be saved as: 941_EEZ_Kiribati_Gilbert_Islands_proxy_200701_WCPO_Warm_Pool_Final_(mixed_periods).json
INFO - Biomass accumulation loaded for 7 group(s) from Biomass_accumulation.csv
INFO - Processing group: Swordfish (ID: 1)
INFO -     - Total Diet + Import sum for Swordfish: 1.00000
INFO -     - Detritus fate sum for Swordfish: 1.00000
INFO - Processing group: Other Billfish (ID: 2)
INFO -     - Total Diet + Import sum for Other Billfish: 1.00000
INFO -     - Detritus fate sum for Other Billfish: 1.00000
INFO - Processing group: Blue Shark (ID: 3)
INFO -     - Total Diet + Import sum for Blue Shark: 1.00000
INFO -     - Detritus fate sum for Blue Shark: 1.00000
INFO - Processing group: Other Sharks (ID: 4)
INFO -     - Total Diet + Import sum for Other Sharks: 1.00000
INFO -     - Detritus fate sum for Other Sharks: 1.00000
INFO - Processing group: BET (ID: 5)
INFO -     - BA 0 t/km^2/year derived from rate 0 * B 0.00162 (not stated by the source)
INFO -     - Biomass accumulation: 0 t/km^2/year, 0 /year
INFO -     - Total Diet + Import sum for BET: 1.00000
INFO -     - Detritus fate sum for BET: 1.00000
INFO - Processing group: YFT (ID: 6)
INFO -     - BA 0 t/km^2/year derived from rate 0 * B 0.00799 (not stated by the source)
INFO -     - Biomass accumulation: 0 t/km^2/year, 0 /year
INFO -     - Total Diet + Import sum for YFT: 0.99800
WARNING -     - Diet Sum is not 1 (0.99800). Normalizing to 1.0
INFO -     - Detritus fate sum for YFT: 1.00000
INFO - Processing group: SKJ (ID: 7)
INFO -     - BA 0 t/km^2/year derived from rate 0 * B 0.0842 (not stated by the source)
INFO -     - Biomass accumulation: 0 t/km^2/year, 0 /year
INFO -     - Total Diet + Import sum for SKJ: 0.99900
WARNING -     - Diet Sum is not 1 (0.99900). Normalizing to 1.0
INFO -     - Detritus fate sum for SKJ: 1.00000
INFO - Processing group: Piscivorous fish (ID: 8)
INFO -     - Total Diet + Import sum for Piscivorous fish: 1.00200
WARNING -     - Diet Sum is not 1 (1.00200). Normalizing to 1.0
INFO -     - Detritus fate sum for Piscivorous fish: 1.00000
INFO - Processing group: Small Billfish (ID: 9)
INFO -     - Total Diet + Import sum for Small Billfish: 1.00000
INFO -     - Detritus fate sum for Small Billfish: 1.00000
INFO - Processing group: Small Sharks (ID: 10)
INFO -     - Total Diet + Import sum for Small Sharks: 1.00100
WARNING -     - Diet Sum is not 1 (1.00100). Normalizing to 1.0
INFO -     - Detritus fate sum for Small Sharks: 1.00000
INFO - Processing group: Small BET (ID: 11)
INFO -     - BA 0 t/km^2/year derived from rate 0 * B 0.00241 (not stated by the source)
INFO -     - Biomass accumulation: 0 t/km^2/year, 0 /year
INFO -     - Total Diet + Import sum for Small BET: 1.00039
WARNING -     - Diet Sum is not 1 (1.00039). Normalizing to 1.0
INFO -     - Detritus fate sum for Small BET: 1.00000
INFO - Processing group: Small YFT (ID: 12)
INFO -     - BA 0 t/km^2/year derived from rate 0 * B 0.0128 (not stated by the source)
INFO -     - Biomass accumulation: 0 t/km^2/year, 0 /year
INFO -     - Total Diet + Import sum for Small YFT: 1.00063
WARNING -     - Diet Sum is not 1 (1.00063). Normalizing to 1.0
INFO -     - Detritus fate sum for Small YFT: 1.00000
INFO - Processing group: Small SKJ (ID: 13)
INFO -     - BA 0 t/km^2/year derived from rate 0 * B 0.0194 (not stated by the source)
INFO -     - Biomass accumulation: 0 t/km^2/year, 0 /year
INFO -     - Total Diet + Import sum for Small SKJ: 1.00100
WARNING -     - Diet Sum is not 1 (1.00100). Normalizing to 1.0
INFO -     - Detritus fate sum for Small SKJ: 1.00000
INFO - Processing group: baby SKJ (ID: 14)
INFO -     - BA 0 t/km^2/year derived from rate 0 * B 0.00659 (not stated by the source)
INFO -     - Biomass accumulation: 0 t/km^2/year, 0 /year
INFO -     - Total Diet + Import sum for baby SKJ: 1.00000
INFO -     - Detritus fate sum for baby SKJ: 1.00000
INFO - Processing group: Epi crust (ID: 15)
INFO -     - Total Diet + Import sum for Epi crust: 1.00000
INFO -     - Detritus fate sum for Epi crust: 1.00000
INFO - Processing group: Epi fish (ID: 16)
INFO -     - Total Diet + Import sum for Epi fish: 1.00000
INFO -     - Detritus fate sum for Epi fish: 1.00000
INFO - Processing group: Epi small fish (ID: 17)
INFO -     - Total Diet + Import sum for Epi small fish: 1.00000
INFO -     - Detritus fate sum for Epi small fish: 1.00000
INFO - Processing group: Epi mollusc (ID: 18)
INFO -     - Total Diet + Import sum for Epi mollusc: 0.99900
WARNING -     - Diet Sum is not 1 (0.99900). Normalizing to 1.0
INFO -     - Detritus fate sum for Epi mollusc: 1.00000
INFO - Processing group: Epi small mollusc (ID: 19)
INFO -     - Total Diet + Import sum for Epi small mollusc: 1.00000
INFO -     - Detritus fate sum for Epi small mollusc: 1.00000
INFO - Processing group: M Meso fish+other (ID: 20)
INFO -     - Total Diet + Import sum for M Meso fish+other: 1.00000
INFO -     - Detritus fate sum for M Meso fish+other: 1.00000
INFO - Processing group: M meso mollusc (ID: 21)
INFO -     - Total Diet + Import sum for M meso mollusc: 1.00000
INFO -     - Detritus fate sum for M meso mollusc: 1.00000
INFO - Processing group: Meso fish + other (ID: 22)
INFO -     - Total Diet + Import sum for Meso fish + other: 1.00000
INFO -     - Detritus fate sum for Meso fish + other: 1.00000
INFO - Processing group: Meso mollusc (ID: 23)
INFO -     - Total Diet + Import sum for Meso mollusc: 1.00000
INFO -     - Detritus fate sum for Meso mollusc: 1.00000
INFO - Processing group: HM Bathy forage (ID: 24)
INFO -     - Total Diet + Import sum for HM Bathy forage: 1.00000
INFO -     - Detritus fate sum for HM Bathy forage: 1.00000
INFO - Processing group: M Bathy forage (ID: 25)
INFO -     - Total Diet + Import sum for M Bathy forage: 1.00000
INFO -     - Detritus fate sum for M Bathy forage: 1.00000
INFO - Processing group: Bathy forage (ID: 26)
INFO -     - Total Diet + Import sum for Bathy forage: 1.00000
INFO -     - Detritus fate sum for Bathy forage: 1.00000
INFO - Processing group: Mesozpk (ID: 27)
INFO -     - Total Diet + Import sum for Mesozpk: 1.00000
INFO -     - Detritus fate sum for Mesozpk: 1.00000
INFO - Processing group: Microzpk (ID: 28)
INFO -     - Total Diet + Import sum for Microzpk: 1.00000
INFO -     - Detritus fate sum for Microzpk: 1.00000
INFO - Processing group: Large phyto (ID: 29)
INFO -     - Detritus fate sum for Large phyto: 1.00000
INFO -     -> Identified as Primary Producer (pp = 1).
INFO - Processing group: Small phyto (ID: 30)
INFO -     - Detritus fate sum for Small phyto: 1.00000
INFO -     -> Identified as Primary Producer (pp = 1).
INFO - Processing group: Detritus (ID: 31)
INFO -     -> Identified as Detritus group (pp = 2).
INFO - 
Success: Output saved to C:\Users\idoca\Desktop\אישי\אקדמיה\תואר שני\מחקר\BTN\GlobalPPREstimation\regions\EEZ_941\models\941_200701_WCPO_Warm_Pool_Final_(mixed_periods)\extracted_tables\941_EEZ_Kiribati_Gilbert_Islands_proxy_200701_WCPO_Warm_Pool_Final_(mixed_periods).json
INFO - 
--- Mass balance check: NOT BALANCED ---
INFO - BA is unknown (-9999) for 24 of 31 group(s); those groups cannot be decided unless they reconcile without it.
INFO - NOTE  28 group(s) carry all four of B/P-B/Q-B/EE - Ecopath needs three, so one of them is probably a published model estimate rather than an input; record which in REPORT.md: 1 (Swordfish), 2 (Other Billfish), 3 (Blue Shark), 4 (Other Sharks), 5 (BET), 6 (YFT), 7 (SKJ), 8 (Piscivorous fish) ...
INFO - NOTE  detritus pools (1): inflow ~996.7, consumption ~788.6 t/km^2/year, implied EE ~0.791 (indicative - export is not separated, it uses recomputed EE where the source gave none, and any unknown BA is left out of the flows entirely)
WARNING - WARN  group 11 (Small BET): printed EE 0.644 vs recomputed 1.338 (diff 0.694), BA 0 carried
WARNING - WARN  group 12 (Small YFT): printed EE 0.849 vs recomputed 1.125 (diff 0.276), BA 0 carried
ERROR - ERROR group 11 (Small BET): recomputed EE = 1.338 > 1 - catch+BA+predation (0.00269) exceeds production (0.00201)
ERROR - ERROR group 12 (Small YFT): recomputed EE = 1.125 > 1 - catch+BA+predation (0.02856) exceeds production (0.02538)
INFO - 2 error(s), 0 indeterminate, 2 warning(s), 2 note(s)
INFO - Check each error against a rendered image of the source page before changing anything. Do not adjust numbers to make this pass.
INFO - Mass balance section written to C:\Users\idoca\Desktop\אישי\אקדמיה\תואר שני\מחקר\BTN\GlobalPPREstimation\regions\EEZ_941\models\941_200701_WCPO_Warm_Pool_Final_(mixed_periods)\extracted_tables\MASS_BALANCE.md
INFO - Updated the 'Mass balance' section of C:\Users\idoca\Desktop\אישי\אקדמיה\תואר שני\מחקר\BTN\GlobalPPREstimation\regions\EEZ_941\models\941_200701_WCPO_Warm_Pool_Final_(mixed_periods)\extracted_tables\REPORT.md
INFO - Log saved to C:\Users\idoca\Desktop\אישי\אקדמיה\תואר שני\מחקר\BTN\GlobalPPREstimation\regions\EEZ_941\models\941_200701_WCPO_Warm_Pool_Final_(mixed_periods)\extracted_tables\ewe_conversion.log
INFO - Reading JSON: C:\Users\idoca\Desktop\אישי\אקדמיה\תואר שני\מחקר\BTN\GlobalPPREstimation\regions\EEZ_941\models\941_200701_WCPO_Warm_Pool_Final_(mixed_periods)\extracted_tables\941_EEZ_Kiribati_Gilbert_Islands_proxy_200701_WCPO_Warm_Pool_Final_(mixed_periods).json
INFO - Writing reconstructed files to: C:\Users\idoca\Desktop\אישי\אקדמיה\תואר שני\מחקר\BTN\GlobalPPREstimation\regions\EEZ_941\models\941_200701_WCPO_Warm_Pool_Final_(mixed_periods)\extracted_tables\941_EEZ_Kiribati_Gilbert_Islands_proxy_200701_WCPO_Warm_Pool_Final_(mixed_periods)_reconstructed.xlsx
INFO -   -> Included 'Biomass accumulation' sheet
INFO -   -> Included 'Landings' sheet (calculated from 'export' param)
INFO -   -> Included 'Taxonomy' sheet
INFO -   -> Included 'Detritus fate' sheet (Pools identified: 1)
INFO - 
Success! Validation file generated.
