{
  "selected": "38_38003_Java_Sea_normalized_BA_completed_(mid1970s)",
  "methods": 22,
  "health": [
    [
      "GE",
      "OK"
    ],
    [
      "TE",
      "WARN"
    ],
    [
      "With Egestion",
      "OK"
    ]
  ],
  "mc": [
    {
      "method": "MC_new_GE",
      "n_samples": 100,
      "n_accepted": 100,
      "n_rejected_negative": 0,
      "n_rejected_diverged": 0,
      "reject_frac": 0,
      "reject_frac_negative": 0,
      "reject_frac_diverged": 0
    },
    {
      "method": "MC_new_TE_EEfix",
      "n_samples": 100,
      "n_accepted": 100,
      "n_rejected_negative": 0,
      "n_rejected_diverged": 0,
      "reject_frac": 0,
      "reject_frac_negative": 0,
      "reject_frac_diverged": 0
    }
  ],
  "metrics": [
    {
      "method": "new_GE",
      "catch_basis": "landings",
      "status": "ok",
      "1950": 8741761.120470272,
      "2019": 212623522.1735625
    },
    {
      "method": "new_GE",
      "catch_basis": "catch",
      "status": "ok",
      "1950": 8899554.564511059,
      "2019": 225671274.575262
    },
    {
      "method": "new_GE",
      "catch_basis": "discards",
      "status": "ok",
      "1950": 157793.4440407867,
      "2019": 13047752.40169949
    },
    {
      "method": "new_TE_EEfix",
      "catch_basis": "landings",
      "status": "ok",
      "1950": 63408034.39267929,
      "2019": 1580560816.828318
    },
    {
      "method": "new_TE_EEfix",
      "catch_basis": "catch",
      "status": "ok",
      "1950": 64663397.28991597,
      "2019": 1705131510.581165
    },
    {
      "method": "new_TE_EEfix",
      "catch_basis": "discards",
      "status": "ok",
      "1950": 1255362.89723668,
      "2019": 124570693.7528468
    },
    {
      "method": "new_WithEgestion",
      "catch_basis": "landings",
      "status": "ok",
      "1950": 3623298.481947175,
      "2019": 89272642.62625776
    },
    {
      "method": "new_WithEgestion",
      "catch_basis": "catch",
      "status": "ok",
      "1950": 3688654.210847689,
      "2019": 94652763.17303877
    },
    {
      "method": "new_WithEgestion",
      "catch_basis": "discards",
      "status": "ok",
      "1950": 65355.72890051432,
      "2019": 5380120.546781003
    }
  ],
  "ratios2019": [
    {
      "new_GE": 3.150991170609494
    },
    {
      "new_TE_EEfix": 23.42324653230023
    },
    {
      "new_WithEgestion": 1.322983016256756
    }
  ],
  "coverage": {
    "landings": {
      "1950": {
        "total_tonnes": 116479.5292903677,
        "mapped_tonnes": 111720.2385763757,
        "coverage_fraction": 0.9591405396039356
      },
      "2019": {
        "total_tonnes": 2741447.824026478,
        "mapped_tonnes": 2652610.816898822,
        "coverage_fraction": 0.9675948575971154
      }
    },
    "catch": {
      "1950": {
        "total_tonnes": 118783.9746783303,
        "mapped_tonnes": 113919.3904492129,
        "coverage_fraction": 0.9590467969918433
      },
      "2019": {
        "total_tonnes": 2883541.9537540907,
        "mapped_tonnes": 2787544.988310194,
        "coverage_fraction": 0.9667086635174779
      }
    },
    "discards": {
      "1950": {
        "total_tonnes": 2304.4453879626,
        "mapped_tonnes": 2199.1518728372,
        "coverage_fraction": 0.9543085222694334
      },
      "2019": {
        "total_tonnes": 142094.1297276131,
        "mapped_tonnes": 134934.1714113723,
        "coverage_fraction": 0.9496111603627395
      }
    }
  },
  "reports_saved": true
}
