INFO - Starting conversion for directory: C:\Users\idoca\Desktop\אישי\אקדמיה\תואר שני\מחקר\BTN\GlobalPPREstimation\regions\LME_052\models\52_GM2019_Fig9_Pelagic_(2000-2014)\assumption_variants\researcher_readings_20261003\import_tables
INFO - Output will be saved as: 52_Sea_of_Okhotsk_GM2019-Fig9_Sea_of_Okhotsk_pelagic_figure_reconstruction_(2000-2014).json
INFO - Biomass accumulation file Biomass_accumulation.csv is entirely blank: BA is UNKNOWN for every group (-9999), not zero.
INFO - Processing group: Phytoplankton (ID: 1)
INFO -     -> Identified as Primary Producer (pp = 1).
WARNING -     - Missing EE for Phytoplankton
INFO - Processing group: Copepods (ID: 4)
INFO -     -> Identified as Primary Producer (pp = 1).
WARNING -     - Missing EE for Copepods
INFO - Processing group: Euphausiids (ID: 5)
INFO -     -> Identified as Primary Producer (pp = 1).
WARNING -     - Missing EE for Euphausiids
INFO - Processing group: Hyperiids (ID: 6)
INFO -     - Total Diet + Import sum for Hyperiids: 1.00000
INFO -     - Detritus fate sum for Hyperiids: 0.00000
WARNING -     - Missing Detritus fate routing for Hyperiids (Sum = 0.0)
WARNING -     - Missing EE for Hyperiids
INFO - Processing group: Chaetognaths (ID: 7)
INFO -     - Total Diet + Import sum for Chaetognaths: 1.00000
INFO -     - Detritus fate sum for Chaetognaths: 0.00000
WARNING -     - Missing Detritus fate routing for Chaetognaths (Sum = 0.0)
WARNING -     - Missing EE for Chaetognaths
INFO - Processing group: Salmon (ID: 8)
INFO -     - Total Diet + Import sum for Salmon: 1.00000
INFO -     - Detritus fate sum for Salmon: 0.00000
WARNING -     - Missing Detritus fate routing for Salmon (Sum = 0.0)
WARNING -     - Missing EE for Salmon
INFO - Processing group: Squid III (ID: 9)
INFO -     - Total Diet + Import sum for Squid III: 1.00000
INFO -     - Detritus fate sum for Squid III: 0.00000
WARNING -     - Missing Detritus fate routing for Squid III (Sum = 0.0)
WARNING -     - Missing EE for Squid III
INFO - Processing group: Herring (ID: 10)
INFO -     - Total Diet + Import sum for Herring: 1.00000
INFO -     - Detritus fate sum for Herring: 0.00000
WARNING -     - Missing Detritus fate routing for Herring (Sum = 0.0)
WARNING -     - Missing EE for Herring
INFO - Processing group: Deep-sea smelt (ID: 11)
INFO -     - Total Diet + Import sum for Deep-sea smelt: 1.00000
INFO -     - Detritus fate sum for Deep-sea smelt: 0.00000
WARNING -     - Missing Detritus fate routing for Deep-sea smelt (Sum = 0.0)
WARNING -     - Missing EE for Deep-sea smelt
INFO - Processing group: Pollock less than 30 cm (ID: 12)
INFO -     - Total Diet + Import sum for Pollock less than 30 cm: 1.00000
INFO -     - Detritus fate sum for Pollock less than 30 cm: 0.00000
WARNING -     - Missing Detritus fate routing for Pollock less than 30 cm (Sum = 0.0)
WARNING -     - Missing EE for Pollock less than 30 cm
INFO - Processing group: Capelin (ID: 13)
INFO -     - Total Diet + Import sum for Capelin: 1.00000
INFO -     - Detritus fate sum for Capelin: 0.00000
WARNING -     - Missing Detritus fate routing for Capelin (Sum = 0.0)
WARNING -     - Missing EE for Capelin
INFO - Processing group: Jellyfish (ID: 14)
INFO -     - Total Diet + Import sum for Jellyfish: 1.00000
INFO -     - Detritus fate sum for Jellyfish: 0.00000
WARNING -     - Missing Detritus fate routing for Jellyfish (Sum = 0.0)
WARNING -     - Missing EE for Jellyfish
INFO - Processing group: Pollock 30-60 cm (ID: 15)
INFO -     - Total Diet + Import sum for Pollock 30-60 cm: 1.00000
INFO -     - Detritus fate sum for Pollock 30-60 cm: 0.00000
WARNING -     - Missing Detritus fate routing for Pollock 30-60 cm (Sum = 0.0)
WARNING -     - Missing EE for Pollock 30-60 cm
INFO - Processing group: Squid IV (ID: 16)
INFO -     - Total Diet + Import sum for Squid IV: 1.00000
INFO -     - Detritus fate sum for Squid IV: 0.00000
WARNING -     - Missing Detritus fate routing for Squid IV (Sum = 0.0)
WARNING -     - Missing EE for Squid IV
INFO - Processing group: Predatory salmon (ID: 17)
INFO -     - Total Diet + Import sum for Predatory salmon: 1.00000
INFO -     - Detritus fate sum for Predatory salmon: 0.00000
WARNING -     - Missing Detritus fate routing for Predatory salmon (Sum = 0.0)
WARNING -     - Missing EE for Predatory salmon
INFO - Processing group: Baleen whales (ID: 18)
INFO -     - Total Diet + Import sum for Baleen whales: 1.00000
INFO -     - Detritus fate sum for Baleen whales: 0.00000
WARNING -     - Missing Detritus fate routing for Baleen whales (Sum = 0.0)
WARNING -     - Missing EE for Baleen whales
INFO - Processing group: Pollock greater than 60 cm (ID: 19)
INFO -     - Total Diet + Import sum for Pollock greater than 60 cm: 1.00000
INFO -     - Detritus fate sum for Pollock greater than 60 cm: 0.00000
WARNING -     - Missing Detritus fate routing for Pollock greater than 60 cm (Sum = 0.0)
WARNING -     - Missing EE for Pollock greater than 60 cm
INFO - Processing group: Predatory fish (ID: 20)
INFO -     - Total Diet + Import sum for Predatory fish: 1.00000
INFO -     - Detritus fate sum for Predatory fish: 0.00000
WARNING -     - Missing Detritus fate routing for Predatory fish (Sum = 0.0)
WARNING -     - Missing EE for Predatory fish
INFO - Processing group: Predatory mammals (ID: 21)
INFO -     - Total Diet + Import sum for Predatory mammals: 1.00000
INFO -     - Detritus fate sum for Predatory mammals: 0.00000
WARNING -     - Missing Detritus fate routing for Predatory mammals (Sum = 0.0)
WARNING -     - Missing EE for Predatory mammals
INFO - 
Success: Output saved to C:\Users\idoca\Desktop\אישי\אקדמיה\תואר שני\מחקר\BTN\GlobalPPREstimation\regions\LME_052\models\52_GM2019_Fig9_Pelagic_(2000-2014)\assumption_variants\researcher_readings_20261003\import_tables\52_Sea_of_Okhotsk_GM2019-Fig9_Sea_of_Okhotsk_pelagic_figure_reconstruction_(2000-2014).json
INFO - 
--- Mass balance check: NOT BALANCED ---
INFO - BA is unknown (-9999) for 19 of 19 group(s); those groups cannot be decided unless they reconcile without it.
WARNING - INDET group 9 (Squid III): recomputed EE = 6.634 > 1 without BA, and BA is unknown - undecidable until the source is checked for biomass accumulation
WARNING - INDET group 10 (Herring): recomputed EE = 8.870 > 1 without BA, and BA is unknown - undecidable until the source is checked for biomass accumulation
WARNING - INDET group 11 (Deep-sea smelt): recomputed EE = 2.426 > 1 without BA, and BA is unknown - undecidable until the source is checked for biomass accumulation
WARNING - INDET group 13 (Capelin): recomputed EE = 24.433 > 1 without BA, and BA is unknown - undecidable until the source is checked for biomass accumulation
WARNING - INDET group 16 (Squid IV): recomputed EE = 1.509 > 1 without BA, and BA is unknown - undecidable until the source is checked for biomass accumulation
WARNING - INDET group 19 (Pollock greater than 60 cm): recomputed EE = 6.333 > 1 without BA, and BA is unknown - undecidable until the source is checked for biomass accumulation
WARNING - WARN  group 1 (Phytoplankton): only 2 of B/P-B/Q-B/EE given (B, P/B) - Ecopath needs three
WARNING - WARN  group 4 (Copepods): only 2 of B/P-B/Q-B/EE given (B, P/B) - Ecopath needs three
WARNING - WARN  group 5 (Euphausiids): only 2 of B/P-B/Q-B/EE given (B, P/B) - Ecopath needs three
WARNING - WARN  group 17 (Predatory salmon): P/Q = 0.015 outside the usual 0.02-0.5 range - check the P/B and Q/B columns
WARNING - WARN  group 18 (Baleen whales): P/Q = 0.003 outside the usual 0.02-0.5 range - check the P/B and Q/B columns
WARNING - WARN  group 20 (Predatory fish): P/Q = 0.005 outside the usual 0.02-0.5 range - check the P/B and Q/B columns
WARNING - WARN  group 21 (Predatory mammals): P/Q = 0.006 outside the usual 0.02-0.5 range - check the P/B and Q/B columns
ERROR - ERROR group 6 (Hyperiids): P/Q = 1.143 with GS = 0.2 implies non-positive respiration (needs P/Q < 0.80)
ERROR - ERROR group 7 (Chaetognaths): P/Q = 0.891 with GS = 0.2 implies non-positive respiration (needs P/Q < 0.80)
ERROR - ERROR group 8 (Salmon): P/Q = 0.914 with GS = 0.2 implies non-positive respiration (needs P/Q < 0.80)
ERROR - ERROR group 14 (Jellyfish): P/Q = 56.700 with GS = 0.2 implies non-positive respiration (needs P/Q < 0.80)
INFO - 4 error(s), 6 indeterminate, 7 warning(s), 0 note(s)
INFO - Check each error against a rendered image of the source page before changing anything. Do not adjust numbers to make this pass.
INFO - An indeterminate group is a prompt to go back to the source for biomass accumulation, not a BA to enter. A BA this check suggested and then validated itself against would prove nothing.
INFO - Mass balance section written to C:\Users\idoca\Desktop\אישי\אקדמיה\תואר שני\מחקר\BTN\GlobalPPREstimation\regions\LME_052\models\52_GM2019_Fig9_Pelagic_(2000-2014)\assumption_variants\researcher_readings_20261003\import_tables\MASS_BALANCE.md
INFO - Updated the 'Mass balance' section of C:\Users\idoca\Desktop\אישי\אקדמיה\תואר שני\מחקר\BTN\GlobalPPREstimation\regions\LME_052\models\52_GM2019_Fig9_Pelagic_(2000-2014)\assumption_variants\researcher_readings_20261003\import_tables\REPORT.md
INFO - Log saved to C:\Users\idoca\Desktop\אישי\אקדמיה\תואר שני\מחקר\BTN\GlobalPPREstimation\regions\LME_052\models\52_GM2019_Fig9_Pelagic_(2000-2014)\assumption_variants\researcher_readings_20261003\import_tables\ewe_conversion.log
INFO - Reading JSON: C:\Users\idoca\Desktop\אישי\אקדמיה\תואר שני\מחקר\BTN\GlobalPPREstimation\regions\LME_052\models\52_GM2019_Fig9_Pelagic_(2000-2014)\assumption_variants\researcher_readings_20261003\import_tables\52_Sea_of_Okhotsk_GM2019-Fig9_Sea_of_Okhotsk_pelagic_figure_reconstruction_(2000-2014).json
INFO - Writing reconstructed files to: C:\Users\idoca\Desktop\אישי\אקדמיה\תואר שני\מחקר\BTN\GlobalPPREstimation\regions\LME_052\models\52_GM2019_Fig9_Pelagic_(2000-2014)\assumption_variants\researcher_readings_20261003\import_tables\52_Sea_of_Okhotsk_GM2019-Fig9_Sea_of_Okhotsk_pelagic_figure_reconstruction_(2000-2014)_reconstructed.xlsx
INFO - 
Success! Validation file generated.
