INFO - Starting conversion for directory: C:\Users\idoca\Desktop\אישי\אקדמיה\תואר שני\מחקר\BTN\קוד\PPR_Ecopath_Atlas\archive\regions\LME_013\HUM-2018\extracted\13_2_Northern_Humboldt_Current_1995-1998
INFO - Output will be saved as: 13_Humboldt_Current_13_2_Northern_Humboldt_Current_(1995-1998).json
INFO - Biomass accumulation file Biomass_accumulation.csv is entirely blank: BA is UNKNOWN for every group (-9999), not zero.
INFO - Processing group: Diatoms (ID: 1)
INFO -     - Detritus fate sum for Diatoms: 1.00000
INFO -     -> Identified as Primary Producer (pp = 1).
INFO - Processing group: Dino/silicoflagellates (ID: 2)
INFO -     - Detritus fate sum for Dino/silicoflagellates: 1.00000
INFO -     -> Identified as Primary Producer (pp = 1).
INFO - Processing group: Microzooplankton (ID: 3)
INFO -     - Total Diet + Import sum for Microzooplankton: 1.00000
INFO -     - Detritus fate sum for Microzooplankton: 1.00000
INFO - Processing group: Mesozooplankton (ID: 4)
INFO -     - Total Diet + Import sum for Mesozooplankton: 1.00000
INFO -     - Detritus fate sum for Mesozooplankton: 1.00000
INFO - Processing group: Macrozooplankton (ID: 5)
INFO -     - Total Diet + Import sum for Macrozooplankton: 1.00000
INFO -     - Detritus fate sum for Macrozooplankton: 1.00000
INFO - Processing group: Gelatinous zooplankton (ID: 6)
INFO -     - Total Diet + Import sum for Gelatinous zooplankton: 1.00000
INFO -     - Detritus fate sum for Gelatinous zooplankton: 1.00000
INFO - Processing group: Chrysaora plocamia (ID: 7)
INFO -     - Total Diet + Import sum for Chrysaora plocamia: 1.04500
WARNING -     - Diet Sum is not 1 (1.04500). Normalizing to 1.0
INFO -     - Detritus fate sum for Chrysaora plocamia: 1.00000
INFO - Processing group: Macrobenthos (ID: 8)
INFO -     - Total Diet + Import sum for Macrobenthos: 1.00000
INFO -     - Detritus fate sum for Macrobenthos: 1.00000
INFO - Processing group: Sardine (ID: 9)
INFO -     - Total Diet + Import sum for Sardine: 1.00006
WARNING -     - Diet Sum is not 1 (1.00006). Normalizing to 1.0
INFO -     - Detritus fate sum for Sardine: 1.00000
INFO - Processing group: Anchovy (ID: 10)
INFO -     - Total Diet + Import sum for Anchovy: 1.00039
WARNING -     - Diet Sum is not 1 (1.00039). Normalizing to 1.0
INFO -     - Detritus fate sum for Anchovy: 1.00000
INFO - Processing group: Mesopelagic fish (ID: 11)
INFO -     - Total Diet + Import sum for Mesopelagic fish: 1.00000
INFO -     - Detritus fate sum for Mesopelagic fish: 1.00000
INFO - Processing group: Jumbo squid (ID: 12)
INFO -     - Total Diet + Import sum for Jumbo squid: 0.99970
WARNING -     - Diet Sum is not 1 (0.99970). Normalizing to 1.0
INFO -     - Detritus fate sum for Jumbo squid: 1.00000
INFO - Processing group: Other cephalopods (ID: 13)
INFO -     - Total Diet + Import sum for Other cephalopods: 1.00000
INFO -     - Detritus fate sum for Other cephalopods: 1.00000
INFO - Processing group: Other small pelagic fish (ID: 14)
INFO -     - Total Diet + Import sum for Other small pelagic fish: 1.00000
INFO -     - Detritus fate sum for Other small pelagic fish: 1.00000
INFO - Processing group: Horse mackerel (ID: 15)
INFO -     - Total Diet + Import sum for Horse mackerel: 1.00001
INFO -     - Detritus fate sum for Horse mackerel: 1.00000
INFO - Processing group: Chub mackerel (ID: 16)
INFO -     - Total Diet + Import sum for Chub mackerel: 0.99523
WARNING -     - Diet Sum is not 1 (0.99523). Normalizing to 1.0
INFO -     - Detritus fate sum for Chub mackerel: 1.00000
INFO - Processing group: Other large pelagic fish (ID: 17)
INFO -     - Total Diet + Import sum for Other large pelagic fish: 1.00009
WARNING -     - Diet Sum is not 1 (1.00009). Normalizing to 1.0
INFO -     - Detritus fate sum for Other large pelagic fish: 1.00000
INFO - Processing group: Small hake (ID: 18)
INFO -     - Total Diet + Import sum for Small hake: 1.00000
INFO -     - Detritus fate sum for Small hake: 1.00000
INFO - Processing group: Medium hake (ID: 19)
INFO -     - Total Diet + Import sum for Medium hake: 1.00000
INFO -     - Detritus fate sum for Medium hake: 1.00000
INFO - Processing group: Large hake (ID: 20)
INFO -     - Total Diet + Import sum for Large hake: 1.00905
WARNING -     - Diet Sum is not 1 (1.00905). Normalizing to 1.0
INFO -     - Detritus fate sum for Large hake: 1.00000
INFO - Processing group: Flatfish (ID: 21)
INFO -     - Total Diet + Import sum for Flatfish: 1.00000
INFO -     - Detritus fate sum for Flatfish: 1.00000
INFO - Processing group: Small demersal fish (ID: 22)
INFO -     - Total Diet + Import sum for Small demersal fish: 1.00000
INFO -     - Detritus fate sum for Small demersal fish: 1.00000
INFO - Processing group: Benthic elasmobranchs (ID: 23)
INFO -     - Total Diet + Import sum for Benthic elasmobranchs: 0.99993
WARNING -     - Diet Sum is not 1 (0.99993). Normalizing to 1.0
INFO -     - Detritus fate sum for Benthic elasmobranchs: 1.00000
INFO - Processing group: Butter fishes (ID: 24)
INFO -     - Total Diet + Import sum for Butter fishes: 1.00015
WARNING -     - Diet Sum is not 1 (1.00015). Normalizing to 1.0
INFO -     - Detritus fate sum for Butter fishes: 1.00000
INFO - Processing group: Conger (ID: 25)
INFO -     - Total Diet + Import sum for Conger: 0.99990
WARNING -     - Diet Sum is not 1 (0.99990). Normalizing to 1.0
INFO -     - Detritus fate sum for Conger: 1.00000
INFO - Processing group: Medium demersal fish (ID: 26)
INFO -     - Total Diet + Import sum for Medium demersal fish: 0.99975
WARNING -     - Diet Sum is not 1 (0.99975). Normalizing to 1.0
INFO -     - Detritus fate sum for Medium demersal fish: 1.00000
INFO - Processing group: Medium sciaenids (ID: 27)
INFO -     - Total Diet + Import sum for Medium sciaenids: 1.00085
WARNING -     - Diet Sum is not 1 (1.00085). Normalizing to 1.0
INFO -     - Detritus fate sum for Medium sciaenids: 1.00000
INFO - Processing group: Sea robin (ID: 28)
INFO -     - Total Diet + Import sum for Sea robin: 1.00015
WARNING -     - Diet Sum is not 1 (1.00015). Normalizing to 1.0
INFO -     - Detritus fate sum for Sea robin: 1.00000
INFO - Processing group: Catfish (ID: 29)
INFO -     - Total Diet + Import sum for Catfish: 1.00006
WARNING -     - Diet Sum is not 1 (1.00006). Normalizing to 1.0
INFO -     - Detritus fate sum for Catfish: 1.00000
INFO - Processing group: Chondrichthyans (ID: 30)
INFO -     - Total Diet + Import sum for Chondrichthyans: 0.99984
WARNING -     - Diet Sum is not 1 (0.99984). Normalizing to 1.0
INFO -     - Detritus fate sum for Chondrichthyans: 1.00000
INFO - Processing group: Seabirds (ID: 31)
INFO -     - Total Diet + Import sum for Seabirds: 1.00020
WARNING -     - Diet Sum is not 1 (1.00020). Normalizing to 1.0
INFO -     - Detritus fate sum for Seabirds: 1.00000
INFO - Processing group: Pinnipeds (ID: 32)
INFO -     - Total Diet + Import sum for Pinnipeds: 1.00022
WARNING -     - Diet Sum is not 1 (1.00022). Normalizing to 1.0
INFO -     - Detritus fate sum for Pinnipeds: 1.00000
INFO - Processing group: Cetaceans (ID: 33)
INFO -     - Total Diet + Import sum for Cetaceans: 1.00000
INFO -     - Detritus fate sum for Cetaceans: 1.00000
INFO - Processing group: Green sea turtle (ID: 34)
INFO -     - Total Diet + Import sum for Green sea turtle: 1.00200
WARNING -     - Diet Sum is not 1 (1.00200). Normalizing to 1.0
INFO -     - Detritus fate sum for Green sea turtle: 1.00000
INFO - Processing group: Leatherback turtle (ID: 35)
INFO -     - Total Diet + Import sum for Leatherback turtle: 1.00000
INFO -     - Detritus fate sum for Leatherback turtle: 1.00000
INFO - Processing group: Anchovy eggs (ID: 36)
INFO -     - Detritus fate sum for Anchovy eggs: 1.00000
INFO -     -> Identified as Detritus group (pp = 2).
INFO - Processing group: Fishery offal (ID: 37)
INFO -     - Detritus fate sum for Fishery offal: 1.00000
INFO -     -> Identified as Detritus group (pp = 2).
INFO - Processing group: Pelagic detritus (ID: 38)
INFO -     - Detritus fate sum for Pelagic detritus: 1.00000
INFO -     -> Identified as Detritus group (pp = 2).
INFO - Processing group: Benthic detritus (ID: 39)
INFO -     -> Identified as Detritus group (pp = 2).
INFO - 
Success: Output saved to C:\Users\idoca\Desktop\אישי\אקדמיה\תואר שני\מחקר\BTN\קוד\PPR_Ecopath_Atlas\archive\regions\LME_013\HUM-2018\extracted\13_2_Northern_Humboldt_Current_1995-1998\13_Humboldt_Current_13_2_Northern_Humboldt_Current_(1995-1998).json
INFO - 
--- Mass balance check: INDETERMINATE ---
INFO - BA is unknown (-9999) for 39 of 39 group(s); those groups cannot be decided unless they reconcile without it.
INFO - NOTE  33 group(s) carry all four of B/P-B/Q-B/EE - Ecopath needs three, so one of them is probably a published model estimate rather than an input; record which in REPORT.md: 3 (Microzooplankton), 4 (Mesozooplankton), 5 (Macrozooplankton), 6 (Gelatinous zooplankton), 7 (Chrysaora plocamia), 8 (Macrobenthos), 9 (Sardine), 10 (Anchovy) ...
INFO - NOTE  detritus pools (4): inflow ~6925, consumption ~6162 t/km^2/year, implied EE ~0.890 (indicative - export is not separated, it uses recomputed EE where the source gave none, and any unknown BA is left out of the flows entirely)
WARNING - INDET group 6 (Gelatinous zooplankton): recomputed EE = 4220.108 > 1 without BA, and BA is unknown - undecidable until the source is checked for biomass accumulation
WARNING - WARN  group 31 (Seabirds): P/Q = 0.001 outside the usual 0.02-0.5 range - check the P/B and Q/B columns
WARNING - WARN  group 32 (Pinnipeds): P/Q = 0.003 outside the usual 0.02-0.5 range - check the P/B and Q/B columns
WARNING - WARN  group 33 (Cetaceans): P/Q = 0.005 outside the usual 0.02-0.5 range - check the P/B and Q/B columns
INFO - 0 error(s), 1 indeterminate, 3 warning(s), 2 note(s)
INFO - An indeterminate group is a prompt to go back to the source for biomass accumulation, not a BA to enter. A BA this check suggested and then validated itself against would prove nothing.
INFO - Mass balance section written to C:\Users\idoca\Desktop\אישי\אקדמיה\תואר שני\מחקר\BTN\קוד\PPR_Ecopath_Atlas\archive\regions\LME_013\HUM-2018\extracted\13_2_Northern_Humboldt_Current_1995-1998\MASS_BALANCE.md
INFO - Log saved to C:\Users\idoca\Desktop\אישי\אקדמיה\תואר שני\מחקר\BTN\קוד\PPR_Ecopath_Atlas\archive\regions\LME_013\HUM-2018\extracted\13_2_Northern_Humboldt_Current_1995-1998\ewe_conversion.log
INFO - Reading JSON: C:\Users\idoca\Desktop\אישי\אקדמיה\תואר שני\מחקר\BTN\קוד\PPR_Ecopath_Atlas\archive\regions\LME_013\HUM-2018\extracted\13_2_Northern_Humboldt_Current_1995-1998\13_Humboldt_Current_13_2_Northern_Humboldt_Current_(1995-1998).json
INFO - Writing reconstructed files to: C:\Users\idoca\Desktop\אישי\אקדמיה\תואר שני\מחקר\BTN\קוד\PPR_Ecopath_Atlas\archive\regions\LME_013\HUM-2018\extracted\13_2_Northern_Humboldt_Current_1995-1998\13_Humboldt_Current_13_2_Northern_Humboldt_Current_(1995-1998)_reconstructed.xlsx
INFO -   -> Included 'Landings' sheet (calculated from 'export' param)
INFO -   -> Included 'Detritus fate' sheet (Pools identified: 4)
INFO - 
Success! Validation file generated.
