INFO - Starting conversion for directory: C:\Users\idoca\Desktop\אישי\אקדמיה\תואר שני\מחקר\BTN\GlobalPPREstimation\regions\LME_050\models\50_501985_Coastal_Kyoto_Inoue_(1985)\extracted_tables
INFO - Output will be saved as: 50_Sea_of_Japan_501985_Coastal_Kyoto_Inoue_(1985).json
INFO - Biomass accumulation file Biomass_accumulation.csv is entirely blank: BA is UNKNOWN for every group (-9999), not zero.
INFO - Processing group: Sardine (ID: 1)
INFO -     - Total Diet + Import sum for Sardine: 1.00000
INFO -     - Detritus fate sum for Sardine: 0.00000
WARNING -     - Missing Detritus fate routing for Sardine (Sum = 0.0)
INFO - Processing group: Round herring (ID: 2)
INFO -     - Total Diet + Import sum for Round herring: 1.00000
INFO -     - Detritus fate sum for Round herring: 0.00000
WARNING -     - Missing Detritus fate routing for Round herring (Sum = 0.0)
INFO - Processing group: Anchovy (ID: 3)
INFO -     - Total Diet + Import sum for Anchovy: 1.00000
INFO -     - Detritus fate sum for Anchovy: 0.00000
WARNING -     - Missing Detritus fate routing for Anchovy (Sum = 0.0)
INFO - Processing group: Mackerel (ID: 4)
INFO -     - Total Diet + Import sum for Mackerel: 1.00000
INFO -     - Detritus fate sum for Mackerel: 0.00000
WARNING -     - Missing Detritus fate routing for Mackerel (Sum = 0.0)
INFO - Processing group: Jack mackerel (ID: 5)
INFO -     - Total Diet + Import sum for Jack mackerel: 1.00000
INFO -     - Detritus fate sum for Jack mackerel: 0.00000
WARNING -     - Missing Detritus fate routing for Jack mackerel (Sum = 0.0)
INFO - Processing group: Yellowtail (ID: 6)
INFO -     - Total Diet + Import sum for Yellowtail: 1.00050
WARNING -     - Diet Sum is not 1 (1.00050). Normalizing to 1.0
INFO -     - Detritus fate sum for Yellowtail: 0.00000
WARNING -     - Missing Detritus fate routing for Yellowtail (Sum = 0.0)
INFO - Processing group: Frigate tuna (ID: 7)
INFO -     - Total Diet + Import sum for Frigate tuna: 1.00000
INFO -     - Detritus fate sum for Frigate tuna: 0.00000
WARNING -     - Missing Detritus fate routing for Frigate tuna (Sum = 0.0)
INFO - Processing group: Tuna (ID: 8)
INFO -     - Total Diet + Import sum for Tuna: 1.00000
INFO -     - Detritus fate sum for Tuna: 0.00000
WARNING -     - Missing Detritus fate routing for Tuna (Sum = 0.0)
INFO - Processing group: Sailfish (ID: 9)
INFO -     - Total Diet + Import sum for Sailfish: 1.00000
INFO -     - Detritus fate sum for Sailfish: 0.00000
WARNING -     - Missing Detritus fate routing for Sailfish (Sum = 0.0)
INFO - Processing group: Spanish mackerel (ID: 10)
INFO -     - Total Diet + Import sum for Spanish mackerel: 1.00050
WARNING -     - Diet Sum is not 1 (1.00050). Normalizing to 1.0
INFO -     - Detritus fate sum for Spanish mackerel: 0.00000
WARNING -     - Missing Detritus fate routing for Spanish mackerel (Sum = 0.0)
INFO - Processing group: Stingray (ID: 11)
INFO -     - Total Diet + Import sum for Stingray: 1.01000
WARNING -     - Diet Sum is not 1 (1.01000). Normalizing to 1.0
INFO -     - Detritus fate sum for Stingray: 0.00000
WARNING -     - Missing Detritus fate routing for Stingray (Sum = 0.0)
INFO - Processing group: Flounder (ID: 12)
INFO -     - Total Diet + Import sum for Flounder: 1.01000
WARNING -     - Diet Sum is not 1 (1.01000). Normalizing to 1.0
INFO -     - Detritus fate sum for Flounder: 0.00000
WARNING -     - Missing Detritus fate routing for Flounder (Sum = 0.0)
INFO - Processing group: Black porgy (ID: 13)
INFO -     - Total Diet + Import sum for Black porgy: 1.00000
INFO -     - Detritus fate sum for Black porgy: 0.00000
WARNING -     - Missing Detritus fate routing for Black porgy (Sum = 0.0)
INFO - Processing group: Red seabream (ID: 14)
INFO -     - Total Diet + Import sum for Red seabream: 1.00000
INFO -     - Detritus fate sum for Red seabream: 0.00000
WARNING -     - Missing Detritus fate routing for Red seabream (Sum = 0.0)
INFO - Processing group: Tilefish (ID: 15)
INFO -     - Total Diet + Import sum for Tilefish: 1.00000
INFO -     - Detritus fate sum for Tilefish: 0.00000
WARNING -     - Missing Detritus fate routing for Tilefish (Sum = 0.0)
INFO - Processing group: Seabass (ID: 16)
INFO -     - Total Diet + Import sum for Seabass: 1.00010
WARNING -     - Diet Sum is not 1 (1.00010). Normalizing to 1.0
INFO -     - Detritus fate sum for Seabass: 0.00000
WARNING -     - Missing Detritus fate routing for Seabass (Sum = 0.0)
INFO - Processing group: Flying fish (ID: 17)
INFO -     - Total Diet + Import sum for Flying fish: 1.00000
INFO -     - Detritus fate sum for Flying fish: 0.00000
WARNING -     - Missing Detritus fate routing for Flying fish (Sum = 0.0)
INFO - Processing group: Rockfish (ID: 18)
INFO -     - Total Diet + Import sum for Rockfish: 1.00000
INFO -     - Detritus fate sum for Rockfish: 0.00000
WARNING -     - Missing Detritus fate routing for Rockfish (Sum = 0.0)
INFO - Processing group: Barracuda (ID: 19)
INFO -     - Total Diet + Import sum for Barracuda: 1.00000
INFO -     - Detritus fate sum for Barracuda: 0.00000
WARNING -     - Missing Detritus fate routing for Barracuda (Sum = 0.0)
INFO - Processing group: Flying squid (ID: 20)
INFO -     - Total Diet + Import sum for Flying squid: 1.00010
WARNING -     - Diet Sum is not 1 (1.00010). Normalizing to 1.0
INFO -     - Detritus fate sum for Flying squid: 0.00000
WARNING -     - Missing Detritus fate routing for Flying squid (Sum = 0.0)
INFO - Processing group: Other squids (ID: 21)
INFO -     - Total Diet + Import sum for Other squids: 0.99970
WARNING -     - Diet Sum is not 1 (0.99970). Normalizing to 1.0
INFO -     - Detritus fate sum for Other squids: 0.00000
WARNING -     - Missing Detritus fate routing for Other squids (Sum = 0.0)
INFO - Processing group: Octopus (ID: 22)
INFO -     - Total Diet + Import sum for Octopus: 1.00050
WARNING -     - Diet Sum is not 1 (1.00050). Normalizing to 1.0
INFO -     - Detritus fate sum for Octopus: 0.00000
WARNING -     - Missing Detritus fate routing for Octopus (Sum = 0.0)
INFO - Processing group: Ivory shell (ID: 23)
INFO -     - Total Diet + Import sum for Ivory shell: 1.00050
WARNING -     - Diet Sum is not 1 (1.00050). Normalizing to 1.0
INFO -     - Detritus fate sum for Ivory shell: 0.00000
WARNING -     - Missing Detritus fate routing for Ivory shell (Sum = 0.0)
INFO - Processing group: Sea cucumber (ID: 24)
INFO -     - Total Diet + Import sum for Sea cucumber: 1.00000
INFO -     - Detritus fate sum for Sea cucumber: 0.00000
WARNING -     - Missing Detritus fate routing for Sea cucumber (Sum = 0.0)
INFO - Processing group: Other conch (ID: 25)
INFO -     - Total Diet + Import sum for Other conch: 1.00000
INFO -     - Detritus fate sum for Other conch: 0.00000
WARNING -     - Missing Detritus fate routing for Other conch (Sum = 0.0)
INFO - Processing group: Crab (ID: 26)
INFO -     - Total Diet + Import sum for Crab: 1.00000
INFO -     - Detritus fate sum for Crab: 0.00000
WARNING -     - Missing Detritus fate routing for Crab (Sum = 0.0)
INFO - Processing group: Prawn (ID: 27)
INFO -     - Total Diet + Import sum for Prawn: 1.00000
INFO -     - Detritus fate sum for Prawn: 0.00000
WARNING -     - Missing Detritus fate routing for Prawn (Sum = 0.0)
INFO - Processing group: Bivalve (ID: 28)
INFO -     - Total Diet + Import sum for Bivalve: 1.00000
INFO -     - Detritus fate sum for Bivalve: 0.00000
WARNING -     - Missing Detritus fate routing for Bivalve (Sum = 0.0)
INFO - Processing group: Dragonet (ID: 29)
INFO -     - Total Diet + Import sum for Dragonet: 1.00000
INFO -     - Detritus fate sum for Dragonet: 0.00000
WARNING -     - Missing Detritus fate routing for Dragonet (Sum = 0.0)
INFO - Processing group: Tongue sole (ID: 30)
INFO -     - Total Diet + Import sum for Tongue sole: 1.00000
INFO -     - Detritus fate sum for Tongue sole: 0.00000
WARNING -     - Missing Detritus fate routing for Tongue sole (Sum = 0.0)
INFO - Processing group: Goby (ID: 31)
INFO -     - Total Diet + Import sum for Goby: 1.00000
INFO -     - Detritus fate sum for Goby: 0.00000
WARNING -     - Missing Detritus fate routing for Goby (Sum = 0.0)
INFO - Processing group: Shrimp (ID: 32)
INFO -     - Total Diet + Import sum for Shrimp: 1.00000
INFO -     - Detritus fate sum for Shrimp: 0.00000
WARNING -     - Missing Detritus fate routing for Shrimp (Sum = 0.0)
INFO - Processing group: Starfish (ID: 33)
INFO -     - Total Diet + Import sum for Starfish: 1.00000
INFO -     - Detritus fate sum for Starfish: 0.00000
WARNING -     - Missing Detritus fate routing for Starfish (Sum = 0.0)
INFO - Processing group: Brittle star (ID: 34)
INFO -     - Total Diet + Import sum for Brittle star: 1.00000
INFO -     - Detritus fate sum for Brittle star: 0.00000
WARNING -     - Missing Detritus fate routing for Brittle star (Sum = 0.0)
INFO - Processing group: Polychaeta (ID: 35)
INFO -     - Total Diet + Import sum for Polychaeta: 1.00000
INFO -     - Detritus fate sum for Polychaeta: 0.00000
WARNING -     - Missing Detritus fate routing for Polychaeta (Sum = 0.0)
INFO - Processing group: Hermit crab (ID: 36)
INFO -     - Total Diet + Import sum for Hermit crab: 1.00000
INFO -     - Detritus fate sum for Hermit crab: 0.00000
WARNING -     - Missing Detritus fate routing for Hermit crab (Sum = 0.0)
INFO - Processing group: Mysid (ID: 37)
INFO -     - Total Diet + Import sum for Mysid: 1.00000
INFO -     - Detritus fate sum for Mysid: 0.00000
WARNING -     - Missing Detritus fate routing for Mysid (Sum = 0.0)
INFO - Processing group: Zooplankton (ID: 38)
INFO -     - Total Diet + Import sum for Zooplankton: 1.00000
INFO -     - Detritus fate sum for Zooplankton: 0.00000
WARNING -     - Missing Detritus fate routing for Zooplankton (Sum = 0.0)
INFO - Processing group: Phytoplankton (ID: 39)
INFO -     -> Identified as Primary Producer (pp = 1).
INFO - Processing group: Detritus (ID: 40)
INFO -     -> Identified as Detritus group (pp = 2).
INFO - 
Success: Output saved to C:\Users\idoca\Desktop\אישי\אקדמיה\תואר שני\מחקר\BTN\GlobalPPREstimation\regions\LME_050\models\50_501985_Coastal_Kyoto_Inoue_(1985)\extracted_tables\50_Sea_of_Japan_501985_Coastal_Kyoto_Inoue_(1985).json
INFO - 
--- Mass balance check: INDETERMINATE ---
INFO - BA is unknown (-9999) for 40 of 40 group(s); those groups cannot be decided unless they reconcile without it.
INFO - NOTE  38 group(s) carry all four of B/P-B/Q-B/EE - Ecopath needs three, so one of them is probably a published model estimate rather than an input; record which in REPORT.md: 1 (Sardine), 2 (Round herring), 3 (Anchovy), 4 (Mackerel), 5 (Jack mackerel), 6 (Yellowtail), 7 (Frigate tuna), 8 (Tuna) ...
INFO - NOTE  detritus pools (1): inflow ~2878, consumption ~58.1 t/km^2/year, implied EE ~0.020 (indicative - export is not separated, it uses recomputed EE where the source gave none, and any unknown BA is left out of the flows entirely)
WARNING - INDET group 1 (Sardine): printed EE 0.51 vs recomputed 0.203 (diff 0.307) with BA unknown - a BA of +24.35 t/km^2/year (+0.31 of production) would close it - undecidable: this may be an extraction error or the BA the source never printed
WARNING - INDET group 2 (Round herring): printed EE 0.77 vs recomputed 0.135 (diff 0.635) with BA unknown - a BA of +0.5483 t/km^2/year (+0.63 of production) would close it - undecidable: this may be an extraction error or the BA the source never printed
WARNING - INDET group 3 (Anchovy): printed EE 0.46 vs recomputed 0.533 (diff 0.073) with BA unknown - a BA of -0.9457 t/km^2/year (-0.07 of production) would close it - undecidable: this may be an extraction error or the BA the source never printed
WARNING - INDET group 4 (Mackerel): printed EE 0.78 vs recomputed 0.439 (diff 0.341) with BA unknown - a BA of +0.9618 t/km^2/year (+0.34 of production) would close it - undecidable: this may be an extraction error or the BA the source never printed
WARNING - INDET group 5 (Jack mackerel): printed EE 0.56 vs recomputed 0.306 (diff 0.254) with BA unknown - a BA of +0.5595 t/km^2/year (+0.25 of production) would close it - undecidable: this may be an extraction error or the BA the source never printed
WARNING - INDET group 6 (Yellowtail): printed EE 0.6 vs recomputed 0.451 (diff 0.149) with BA unknown - a BA of +0.09443 t/km^2/year (+0.15 of production) would close it - undecidable: this may be an extraction error or the BA the source never printed
WARNING - INDET group 9 (Sailfish): printed EE 0.46 vs recomputed 0.401 (diff 0.059) with BA unknown - a BA of +0.001904 t/km^2/year (+0.06 of production) would close it - undecidable: this may be an extraction error or the BA the source never printed
WARNING - INDET group 10 (Spanish mackerel): recomputed EE = 6.076 > 1 without BA, and BA is unknown - undecidable until the source is checked for biomass accumulation
WARNING - INDET group 11 (Stingray): printed EE 0.63 vs recomputed 0.564 (diff 0.066) with BA unknown - a BA of +0.000514 t/km^2/year (+0.07 of production) would close it - undecidable: this may be an extraction error or the BA the source never printed
WARNING - INDET group 13 (Black porgy): printed EE 0.5 vs recomputed 0.631 (diff 0.131) with BA unknown - a BA of -0.00092 t/km^2/year (-0.13 of production) would close it - undecidable: this may be an extraction error or the BA the source never printed
WARNING - INDET group 15 (Tilefish): printed EE 0.5 vs recomputed 0.576 (diff 0.076) with BA unknown - a BA of -0.00016 t/km^2/year (-0.08 of production) would close it - undecidable: this may be an extraction error or the BA the source never printed
WARNING - INDET group 18 (Rockfish): printed EE 0.53 vs recomputed 0.590 (diff 0.060) with BA unknown - a BA of -0.002517 t/km^2/year (-0.06 of production) would close it - undecidable: this may be an extraction error or the BA the source never printed
WARNING - INDET group 19 (Barracuda): printed EE 0.8 vs recomputed 0.462 (diff 0.338) with BA unknown - a BA of +0.2754 t/km^2/year (+0.34 of production) would close it - undecidable: this may be an extraction error or the BA the source never printed
WARNING - INDET group 20 (Flying squid): recomputed EE = 6.596 > 1 without BA, and BA is unknown - undecidable until the source is checked for biomass accumulation
WARNING - INDET group 21 (Other squids): printed EE 0.41 vs recomputed 0.554 (diff 0.144) with BA unknown - a BA of -0.3857 t/km^2/year (-0.14 of production) would close it - undecidable: this may be an extraction error or the BA the source never printed
WARNING - INDET group 22 (Octopus): printed EE 0.46 vs recomputed 0.092 (diff 0.368) with BA unknown - a BA of +0.1618 t/km^2/year (+0.37 of production) would close it - undecidable: this may be an extraction error or the BA the source never printed
WARNING - INDET group 27 (Prawn): printed EE 0.28 vs recomputed 0.123 (diff 0.157) with BA unknown - a BA of +0.03297 t/km^2/year (+0.16 of production) would close it - undecidable: this may be an extraction error or the BA the source never printed
WARNING - INDET group 28 (Bivalve): recomputed EE = 1.302 > 1 without BA, and BA is unknown - a BA of -0.1506 t/km^2/year (-0.60 of production) would close it - undecidable until the source is checked for biomass accumulation
WARNING - INDET group 29 (Dragonet): recomputed EE = 1.212 > 1 without BA, and BA is unknown - undecidable until the source is checked for biomass accumulation
WARNING - INDET group 31 (Goby): recomputed EE = 1.670 > 1 without BA, and BA is unknown - undecidable until the source is checked for biomass accumulation
WARNING - INDET group 38 (Zooplankton): printed EE 0.86 vs recomputed 0.682 (diff 0.178) with BA unknown - a BA of +123.3 t/km^2/year (+0.18 of production) would close it - undecidable: this may be an extraction error or the BA the source never printed
WARNING - INDET group 39 (Phytoplankton): printed EE 0.5 vs recomputed 0.556 (diff 0.056) with BA unknown - a BA of -231.4 t/km^2/year (-0.06 of production) would close it - undecidable: this may be an extraction error or the BA the source never printed
INFO - 0 error(s), 22 indeterminate, 0 warning(s), 2 note(s)
INFO - An indeterminate group is a prompt to go back to the source for biomass accumulation, not a BA to enter. A BA this check suggested and then validated itself against would prove nothing.
INFO - Mass balance section written to C:\Users\idoca\Desktop\אישי\אקדמיה\תואר שני\מחקר\BTN\GlobalPPREstimation\regions\LME_050\models\50_501985_Coastal_Kyoto_Inoue_(1985)\extracted_tables\MASS_BALANCE.md
INFO - Updated the 'Mass balance' section of C:\Users\idoca\Desktop\אישי\אקדמיה\תואר שני\מחקר\BTN\GlobalPPREstimation\regions\LME_050\models\50_501985_Coastal_Kyoto_Inoue_(1985)\extracted_tables\REPORT.md
INFO - Log saved to C:\Users\idoca\Desktop\אישי\אקדמיה\תואר שני\מחקר\BTN\GlobalPPREstimation\regions\LME_050\models\50_501985_Coastal_Kyoto_Inoue_(1985)\extracted_tables\ewe_conversion.log
INFO - Reading JSON: C:\Users\idoca\Desktop\אישי\אקדמיה\תואר שני\מחקר\BTN\GlobalPPREstimation\regions\LME_050\models\50_501985_Coastal_Kyoto_Inoue_(1985)\extracted_tables\50_Sea_of_Japan_501985_Coastal_Kyoto_Inoue_(1985).json
INFO - Writing reconstructed files to: C:\Users\idoca\Desktop\אישי\אקדמיה\תואר שני\מחקר\BTN\GlobalPPREstimation\regions\LME_050\models\50_501985_Coastal_Kyoto_Inoue_(1985)\extracted_tables\50_Sea_of_Japan_501985_Coastal_Kyoto_Inoue_(1985)_reconstructed.xlsx
INFO -   -> Included 'Landings' sheet (calculated from 'export' param)
INFO -   -> Included 'Taxonomy' sheet
INFO -   -> Included 'Detritus fate' sheet (Pools identified: 1)
INFO - 
Success! Validation file generated.
