  # group                                B      P/B      Q/B      EE  EE calc    P/Q    catch
  1 Sardine                          114.9     0.69      5.8    0.51    0.203   0.12    15.76
  2 Round herring                     0.24      3.6    12.75    0.77    0.135   0.28    0.115
  3 Anchovy                           4.36     2.96    11.39    0.46    0.533   0.26    1.963
  4 Mackerel                          4.27     0.66     6.14    0.78    0.439   0.11    1.217
  5 Jack mackerel                     1.45     1.52     5.97    0.56    0.306   0.25    0.442
  6 Yellowtail                        0.68     0.93     4.87     0.6    0.451   0.19    0.285
  7 Frigate tuna                      0.34     1.08     5.61     0.5    0.499   0.19   0.1693
  8 Tuna                              0.13     1.08     8.79    0.46    0.463   0.12    0.065
  9 Sailfish                          0.03     1.08     8.44    0.46    0.401   0.13    0.013
 10 Spanish mackerel                  0.09     0.93     6.22    0.45     6.08   0.15    0.038
 11 Stingray                          0.02     0.39     5.01    0.63    0.564   0.08   0.0044
 12 Flounder                          0.07     0.56     2.26     0.7    0.667   0.25  0.02614
 13 Black porgy                       0.01      0.7     3.55     0.5    0.631    0.2  0.00442
 14 Red seabream                      0.05     0.41     2.38    0.86    0.833   0.17  0.01708
 15 Tilefish                         0.003      0.7     3.88     0.5    0.576   0.18  0.00121
 16 Seabass                           0.02      0.7     4.43    0.64    0.614   0.16  0.00804
 17 Flying fish                       1.63     0.69     4.49    0.45     0.44   0.15    0.495
 18 Rockfish                          0.06      0.7     3.81    0.53     0.59   0.18    0.023
 19 Barracuda                         1.18     0.69     4.49     0.8    0.462   0.15   0.3592
 20 Flying squid                      0.04        4       25     0.3      6.6   0.16   0.0142
 21 Other squids                      0.67        4       25    0.41    0.554   0.16   0.2272
 22 Octopus                           0.11        4       25    0.46   0.0923   0.16   0.0382
 23 Ivory shell                       0.02      1.5        5       0        0    0.3        -
 24 Sea cucumber                      0.35     0.64     2.13    0.38    0.385    0.3   0.0863
 25 Other conch                       0.06      1.5        5    0.68    0.641    0.3  0.01403
 26 Crab                               0.2        3       10    0.12   0.0875    0.3  0.04832
 27 Prawn                             0.07        3       10    0.28    0.123    0.3  0.01603
 28 Bivalve                           0.05        5    16.67     0.7      1.3    0.3    0.012
 29 Dragonet                        0.0004     2.96    14.73    0.16     1.22    0.2        -
 30 Tongue sole                      0.001     2.96    14.08    0.01  0.00299   0.21        -
 31 Goby                             0.001      3.5    24.46    0.01     1.68   0.14        -
 32 Shrimp                            0.08        3       10    0.51     0.54    0.3        -
 33 Starfish                          0.14     0.17     0.57    0.02   0.0149    0.3        -
 34 Brittle star                     29.99      0.2     0.67       0  0.00152    0.3        -
 35 Polychaeta                        9.53        1     3.33    0.12    0.127    0.3        -
 36 Hermit crab                       0.04        3       10    0.02   0.0197    0.3        -
 37 Mysid                             0.01       45      150     0.1    0.117    0.3        -
 38 Zooplankton                         15    46.21      154    0.86    0.682    0.3        -
 39 Phytoplankton                    64.83    64.21        -     0.5    0.556      -        -
 40 Detritus                            43        -        -     0.1        -      -        -

NOTE  group 1 (Sardine): all four of B/P-B/Q-B/EE given — one is probably an Ecopath estimate; record which in the report
NOTE  group 2 (Round herring): all four of B/P-B/Q-B/EE given — one is probably an Ecopath estimate; record which in the report
NOTE  group 3 (Anchovy): all four of B/P-B/Q-B/EE given — one is probably an Ecopath estimate; record which in the report
NOTE  group 4 (Mackerel): all four of B/P-B/Q-B/EE given — one is probably an Ecopath estimate; record which in the report
NOTE  group 5 (Jack mackerel): all four of B/P-B/Q-B/EE given — one is probably an Ecopath estimate; record which in the report
NOTE  group 6 (Yellowtail): all four of B/P-B/Q-B/EE given — one is probably an Ecopath estimate; record which in the report
NOTE  group 7 (Frigate tuna): all four of B/P-B/Q-B/EE given — one is probably an Ecopath estimate; record which in the report
NOTE  group 8 (Tuna): all four of B/P-B/Q-B/EE given — one is probably an Ecopath estimate; record which in the report
NOTE  group 9 (Sailfish): all four of B/P-B/Q-B/EE given — one is probably an Ecopath estimate; record which in the report
NOTE  group 10 (Spanish mackerel): all four of B/P-B/Q-B/EE given — one is probably an Ecopath estimate; record which in the report
NOTE  group 11 (Stingray): all four of B/P-B/Q-B/EE given — one is probably an Ecopath estimate; record which in the report
NOTE  group 12 (Flounder): all four of B/P-B/Q-B/EE given — one is probably an Ecopath estimate; record which in the report
NOTE  group 13 (Black porgy): all four of B/P-B/Q-B/EE given — one is probably an Ecopath estimate; record which in the report
NOTE  group 14 (Red seabream): all four of B/P-B/Q-B/EE given — one is probably an Ecopath estimate; record which in the report
NOTE  group 15 (Tilefish): all four of B/P-B/Q-B/EE given — one is probably an Ecopath estimate; record which in the report
NOTE  group 16 (Seabass): all four of B/P-B/Q-B/EE given — one is probably an Ecopath estimate; record which in the report
NOTE  group 17 (Flying fish): all four of B/P-B/Q-B/EE given — one is probably an Ecopath estimate; record which in the report
NOTE  group 18 (Rockfish): all four of B/P-B/Q-B/EE given — one is probably an Ecopath estimate; record which in the report
NOTE  group 19 (Barracuda): all four of B/P-B/Q-B/EE given — one is probably an Ecopath estimate; record which in the report
NOTE  group 20 (Flying squid): all four of B/P-B/Q-B/EE given — one is probably an Ecopath estimate; record which in the report
NOTE  group 21 (Other squids): all four of B/P-B/Q-B/EE given — one is probably an Ecopath estimate; record which in the report
NOTE  group 22 (Octopus): all four of B/P-B/Q-B/EE given — one is probably an Ecopath estimate; record which in the report
NOTE  group 23 (Ivory shell): all four of B/P-B/Q-B/EE given — one is probably an Ecopath estimate; record which in the report
NOTE  group 24 (Sea cucumber): all four of B/P-B/Q-B/EE given — one is probably an Ecopath estimate; record which in the report
NOTE  group 25 (Other conch): all four of B/P-B/Q-B/EE given — one is probably an Ecopath estimate; record which in the report
NOTE  group 26 (Crab): all four of B/P-B/Q-B/EE given — one is probably an Ecopath estimate; record which in the report
NOTE  group 27 (Prawn): all four of B/P-B/Q-B/EE given — one is probably an Ecopath estimate; record which in the report
NOTE  group 28 (Bivalve): all four of B/P-B/Q-B/EE given — one is probably an Ecopath estimate; record which in the report
NOTE  group 29 (Dragonet): all four of B/P-B/Q-B/EE given — one is probably an Ecopath estimate; record which in the report
NOTE  group 30 (Tongue sole): all four of B/P-B/Q-B/EE given — one is probably an Ecopath estimate; record which in the report
NOTE  group 31 (Goby): all four of B/P-B/Q-B/EE given — one is probably an Ecopath estimate; record which in the report
NOTE  group 32 (Shrimp): all four of B/P-B/Q-B/EE given — one is probably an Ecopath estimate; record which in the report
NOTE  group 33 (Starfish): all four of B/P-B/Q-B/EE given — one is probably an Ecopath estimate; record which in the report
NOTE  group 34 (Brittle star): all four of B/P-B/Q-B/EE given — one is probably an Ecopath estimate; record which in the report
NOTE  group 35 (Polychaeta): all four of B/P-B/Q-B/EE given — one is probably an Ecopath estimate; record which in the report
NOTE  group 36 (Hermit crab): all four of B/P-B/Q-B/EE given — one is probably an Ecopath estimate; record which in the report
NOTE  group 37 (Mysid): all four of B/P-B/Q-B/EE given — one is probably an Ecopath estimate; record which in the report
NOTE  group 38 (Zooplankton): all four of B/P-B/Q-B/EE given — one is probably an Ecopath estimate; record which in the report
NOTE  detritus pools (1): inflow ~2878, consumption ~58.1 t/km2/yr, implied EE ~0.020 (indicative — export not separated, and it uses recomputed EE where the paper gave none)
WARN  group 1 (Sardine): printed EE 0.51 vs recomputed 0.203 (diff 0.307) — a BA of +24.35 t/km2/year (+0.31 of production) would close this; check whether the paper reports biomass accumulation
WARN  group 2 (Round herring): printed EE 0.77 vs recomputed 0.135 (diff 0.635) — a BA of +0.5483 t/km2/year (+0.63 of production) would close this; check whether the paper reports biomass accumulation
WARN  group 3 (Anchovy): printed EE 0.46 vs recomputed 0.533 (diff 0.073) — a BA of -0.9463 t/km2/year (-0.07 of production) would close this; check whether the paper reports biomass accumulation
WARN  group 4 (Mackerel): printed EE 0.78 vs recomputed 0.439 (diff 0.341) — a BA of +0.9618 t/km2/year (+0.34 of production) would close this; check whether the paper reports biomass accumulation
WARN  group 5 (Jack mackerel): printed EE 0.56 vs recomputed 0.306 (diff 0.254) — a BA of +0.5595 t/km2/year (+0.25 of production) would close this; check whether the paper reports biomass accumulation
WARN  group 6 (Yellowtail): printed EE 0.6 vs recomputed 0.451 (diff 0.149) — a BA of +0.09443 t/km2/year (+0.15 of production) would close this; check whether the paper reports biomass accumulation
WARN  group 9 (Sailfish): printed EE 0.46 vs recomputed 0.401 (diff 0.059) — a BA of +0.001904 t/km2/year (+0.06 of production) would close this; check whether the paper reports biomass accumulation
WARN  group 10 (Spanish mackerel): printed EE 0.45 vs recomputed 6.078 (diff 5.628)
WARN  group 11 (Stingray): printed EE 0.63 vs recomputed 0.564 (diff 0.066) — a BA of +0.000514 t/km2/year (+0.07 of production) would close this; check whether the paper reports biomass accumulation
WARN  group 13 (Black porgy): printed EE 0.5 vs recomputed 0.631 (diff 0.131) — a BA of -0.00092 t/km2/year (-0.13 of production) would close this; check whether the paper reports biomass accumulation
WARN  group 15 (Tilefish): printed EE 0.5 vs recomputed 0.576 (diff 0.076) — a BA of -0.00016 t/km2/year (-0.08 of production) would close this; check whether the paper reports biomass accumulation
WARN  group 18 (Rockfish): printed EE 0.53 vs recomputed 0.590 (diff 0.060) — a BA of -0.002517 t/km2/year (-0.06 of production) would close this; check whether the paper reports biomass accumulation
WARN  group 19 (Barracuda): printed EE 0.8 vs recomputed 0.462 (diff 0.338) — a BA of +0.2754 t/km2/year (+0.34 of production) would close this; check whether the paper reports biomass accumulation
WARN  group 20 (Flying squid): printed EE 0.3 vs recomputed 6.596 (diff 6.296)
WARN  group 21 (Other squids): printed EE 0.41 vs recomputed 0.554 (diff 0.144) — a BA of -0.3859 t/km2/year (-0.14 of production) would close this; check whether the paper reports biomass accumulation
WARN  group 22 (Octopus): printed EE 0.46 vs recomputed 0.092 (diff 0.368) — a BA of +0.1618 t/km2/year (+0.37 of production) would close this; check whether the paper reports biomass accumulation
WARN  group 27 (Prawn): printed EE 0.28 vs recomputed 0.123 (diff 0.157) — a BA of +0.03297 t/km2/year (+0.16 of production) would close this; check whether the paper reports biomass accumulation
WARN  group 28 (Bivalve): printed EE 0.7 vs recomputed 1.303 (diff 0.603) — a BA of -0.1509 t/km2/year (-0.60 of production) would close this; check whether the paper reports biomass accumulation
WARN  group 29 (Dragonet): printed EE 0.16 vs recomputed 1.220 (diff 1.060)
WARN  group 31 (Goby): printed EE 0.01 vs recomputed 1.685 (diff 1.675)
WARN  group 38 (Zooplankton): printed EE 0.86 vs recomputed 0.682 (diff 0.178) — a BA of +123.3 t/km2/year (+0.18 of production) would close this; check whether the paper reports biomass accumulation
WARN  group 39 (Phytoplankton): printed EE 0.5 vs recomputed 0.556 (diff 0.056) — a BA of -231.4 t/km2/year (-0.06 of production) would close this; check whether the paper reports biomass accumulation
ERROR group 10 (Spanish mackerel): recomputed EE = 6.078 > 1 — consumption+catch+BA (0.5088) exceeds production (0.0837)
ERROR group 20 (Flying squid): recomputed EE = 6.596 > 1 — consumption+catch+BA (1.055) exceeds production (0.16)
ERROR group 28 (Bivalve): recomputed EE = 1.303 > 1 — consumption+catch+BA (0.3259) exceeds production (0.25)
ERROR group 29 (Dragonet): recomputed EE = 1.220 > 1 — consumption+catch+BA (0.001445) exceeds production (0.001184)
ERROR group 31 (Goby): recomputed EE = 1.685 > 1 — consumption+catch+BA (0.005896) exceeds production (0.0035)

5 error(s), 22 warning(s), 39 note(s)
Check each error against a rendered image of the source page before changing anything. Do not adjust numbers to make this pass.

