INFO - 
--- Mass balance check: BALANCED ---
INFO - BA is unknown (-9999) for 0 of 68 group(s); those groups cannot be decided unless they reconcile without it.
INFO - NOTE  65 group(s) carry all four of B/P-B/Q-B/EE - Ecopath needs three, so one of them is probably a published model estimate rather than an input; record which in REPORT.md: 1 (Baleen whales), 63 (Benthic microflora (incl. Bacteria, protozoa))), 22 (Blue whiting), 51 (Carnivorous zooplankton), 45 (Catfish (Wolf-fish)), 14 (Cod (adult)), 35 (Dab), 44 (Dragonets) ...
INFO - NOTE  detritus pools (3): inflow ~3969, consumption ~3649 t/km^2/year, implied EE ~0.919 (indicative - export is not separated, it uses recomputed EE where the source gave none, and any unknown BA is left out of the flows entirely)
WARNING - WARN  group 1 (Baleen whales): P/Q = 0.002 outside the usual 0.02-0.5 range - check the P/B and Q/B columns
WARNING - WARN  group 4 (Seabirds): P/Q = 0.001 outside the usual 0.02-0.5 range - check the P/B and Q/B columns
WARNING - WARN  group 3 (Seals): P/Q = 0.003 outside the usual 0.02-0.5 range - check the P/B and Q/B columns
WARNING - WARN  group 2 (Toothed whales): P/Q = 0.001 outside the usual 0.02-0.5 range - check the P/B and Q/B columns
INFO - 0 error(s), 0 indeterminate, 4 warning(s), 2 note(s)
INFO - Mass balance section written to C:\Users\idoca\Desktop\אישי\אקדמיה\תואר שני\מחקר\BTN\GlobalPPREstimation\regions\LME_022\models\EcoBase-457_NS-1991\repository_roundtrip\MASS_BALANCE.md
INFO - Reading JSON: C:\Users\idoca\Desktop\אישי\אקדמיה\תואר שני\מחקר\BTN\GlobalPPREstimation\regions\LME_022\models\EcoBase-457_NS-1991\repository_roundtrip\457_457_North_Sea_(1991).json
INFO - Writing reconstructed files to: C:\Users\idoca\Desktop\אישי\אקדמיה\תואר שני\מחקר\BTN\GlobalPPREstimation\regions\LME_022\models\EcoBase-457_NS-1991\repository_roundtrip\457_457_North_Sea_(1991)_reconstructed.xlsx
INFO -   -> Included 'Biomass accumulation' sheet
INFO -   -> Included 'Landings' sheet (calculated from 'export' param)
INFO -   -> Included 'Taxonomy' sheet
INFO -   -> Included 'Detritus fate' sheet (Pools identified: 3)
INFO - 
Success! Validation file generated.
Source evidence copied; repository round trip and source hash manifest retained.
