INFO - 
--- Mass balance check: NOT BALANCED ---
INFO - BA is unknown (-9999) for 68 of 68 group(s); those groups cannot be decided unless they reconcile without it.
INFO - NOTE  64 group(s) carry all four of B/P-B/Q-B/EE - Ecopath needs three, so one of them is probably a published model estimate rather than an input; record which in REPORT.md: 1 (Baleen whales), 2 (Toothed whales), 3 (Seals), 4 (Seabirds), 5 (Juvenile sharks), 6 (Spurdog), 7 (Large piscivorous sharks), 8 (Small sharks) ...
INFO - NOTE  detritus pools (3): inflow ~3865, consumption ~3649 t/km^2/year, implied EE ~0.944 (indicative - export is not separated, it uses recomputed EE where the source gave none, and any unknown BA is left out of the flows entirely)
WARNING - INDET group 6 (Spurdog): printed EE 0.95 vs recomputed 0.884 (diff 0.066) with BA unknown - a BA of +0.0006633 t/km^2/year (+0.07 of production) would close it - undecidable: this may be an extraction error or the BA the source never printed
WARNING - INDET group 23 (Norway pout): recomputed EE = 1.145 > 1 without BA, and BA is unknown - a BA of -1.209 t/km^2/year (-0.39 of production) would close it - undecidable until the source is checked for biomass accumulation
WARNING - INDET group 24 (Other gadoids (large)): recomputed EE = 2.534 > 1 without BA, and BA is unknown - undecidable until the source is checked for biomass accumulation
WARNING - INDET group 25 (Other gadoids (small)): recomputed EE = 3.865 > 1 without BA, and BA is unknown - undecidable until the source is checked for biomass accumulation
WARNING - INDET group 26 (Monkfish): recomputed EE = 1.394 > 1 without BA, and BA is unknown - a BA of -0.01605 t/km^2/year (-0.55 of production) would close it - undecidable until the source is checked for biomass accumulation
WARNING - INDET group 36 (Long-rough dab): printed EE 0.6055 vs recomputed 0.708 (diff 0.103) with BA unknown - a BA of -0.0252 t/km^2/year (-0.10 of production) would close it - undecidable: this may be an extraction error or the BA the source never printed
WARNING - INDET group 41 (Turbot and brill): printed EE 0.1387 vs recomputed 0.310 (diff 0.172) with BA unknown - a BA of -0.007975 t/km^2/year (-0.17 of production) would close it - undecidable: this may be an extraction error or the BA the source never printed
WARNING - INDET group 42 (Megrim): printed EE 0.2425 vs recomputed 0.566 (diff 0.324) with BA unknown - a BA of -0.007928 t/km^2/year (-0.32 of production) would close it - undecidable: this may be an extraction error or the BA the source never printed
WARNING - INDET group 43 (Halibut): recomputed EE = 1.767 > 1 without BA, and BA is unknown - undecidable until the source is checked for biomass accumulation
WARNING - INDET group 46 (Large demersal fish): printed EE 0.9 vs recomputed 0.798 (diff 0.102) with BA unknown - a BA of +0.0009574 t/km^2/year (+0.10 of production) would close it - undecidable: this may be an extraction error or the BA the source never printed
WARNING - INDET group 48 (Miscellaneous filterfeeding pelagic fish): printed EE 0.98 vs recomputed 0.705 (diff 0.275) with BA unknown - a BA of +0.03275 t/km^2/year (+0.27 of production) would close it - undecidable: this may be an extraction error or the BA the source never printed
WARNING - INDET group 49 (Squid & cuttlefish): printed EE 0.8876 vs recomputed 0.682 (diff 0.205) with BA unknown - a BA of +0.07394 t/km^2/year (+0.21 of production) would close it - undecidable: this may be an extraction error or the BA the source never printed
WARNING - INDET group 50 (Fish larvae): recomputed EE = 2.983 > 1 without BA, and BA is unknown - undecidable until the source is checked for biomass accumulation
WARNING - INDET group 51 (Carnivorous zooplankton): printed EE 0.99 vs recomputed 0.542 (diff 0.448) with BA unknown - a BA of +5.994 t/km^2/year (+0.45 of production) would close it - undecidable: this may be an extraction error or the BA the source never printed
WARNING - INDET group 53 (Gelatinous zooplankton): printed EE 0.7604 vs recomputed 0.706 (diff 0.055) with BA unknown - a BA of +0.01028 t/km^2/year (+0.05 of production) would close it - undecidable: this may be an extraction error or the BA the source never printed
WARNING - INDET group 54 (Large crabs): recomputed EE = 4.283 > 1 without BA, and BA is unknown - undecidable until the source is checked for biomass accumulation
WARNING - INDET group 56 (Epifaunal macrobenthos (mobile grazers)): printed EE 0.4315 vs recomputed 0.485 (diff 0.054) with BA unknown - a BA of -1.621 t/km^2/year (-0.05 of production) would close it - undecidable: this may be an extraction error or the BA the source never printed
WARNING - INDET group 58 (Shrimp): printed EE 0.4486 vs recomputed 0.869 (diff 0.420) with BA unknown - a BA of -0.6305 t/km^2/year (-0.42 of production) would close it - undecidable: this may be an extraction error or the BA the source never printed
WARNING - INDET group 59 (Small mobile epifauna (swarming crustaceans)): recomputed EE = 1.014 > 1 without BA, and BA is unknown - a BA of -5.102 t/km^2/year (-0.09 of production) would close it - undecidable until the source is checked for biomass accumulation
WARNING - WARN  group 1 (Baleen whales): P/Q = 0.002 outside the usual 0.02-0.5 range - check the P/B and Q/B columns
WARNING - WARN  group 2 (Toothed whales): P/Q = 0.001 outside the usual 0.02-0.5 range - check the P/B and Q/B columns
WARNING - WARN  group 3 (Seals): P/Q = 0.003 outside the usual 0.02-0.5 range - check the P/B and Q/B columns
WARNING - WARN  group 4 (Seabirds): P/Q = 0.001 outside the usual 0.02-0.5 range - check the P/B and Q/B columns
ERROR - ERROR group 53 (Gelatinous zooplankton): P/Q = 15.878 with GS = 0.2 implies non-positive respiration (needs P/Q < 0.80)
INFO - 1 error(s), 19 indeterminate, 4 warning(s), 2 note(s)
INFO - Check each error against a rendered image of the source page before changing anything. Do not adjust numbers to make this pass.
INFO - An indeterminate group is a prompt to go back to the source for biomass accumulation, not a BA to enter. A BA this check suggested and then validated itself against would prove nothing.
INFO - Mass balance section written to C:\Users\idoca\Desktop\אישי\אקדמיה\תואר שני\מחקר\BTN\GlobalPPREstimation\regions\LME_022\models\Mackinson-2007_NS-1991\extracted_tables\MASS_BALANCE.md
INFO - Reading JSON: C:\Users\idoca\Desktop\אישי\אקדמיה\תואר שני\מחקר\BTN\GlobalPPREstimation\regions\LME_022\models\Mackinson-2007_NS-1991\extracted_tables\22_20071991_North_Sea_report_Table_3.3_(1991).json
INFO - Writing reconstructed files to: C:\Users\idoca\Desktop\אישי\אקדמיה\תואר שני\מחקר\BTN\GlobalPPREstimation\regions\LME_022\models\Mackinson-2007_NS-1991\extracted_tables\22_20071991_North_Sea_report_Table_3.3_(1991)_reconstructed.xlsx
INFO -   -> Included 'Landings' sheet (calculated from 'export' param)
INFO -   -> Included 'Taxonomy' sheet
INFO -   -> Included 'Detritus fate' sheet (Pools identified: 3)
INFO - 
Success! Validation file generated.
Mackinson-2007_NS-1991 validate.py 1
Mackinson-2007_NS-1991 massbalance_check.py 1
Mackinson-2007_NS-1991 database_json.py 0
