{
  "checks": {
    "independent_classic_keys_status_inputs_year_values_preserved": true,
    "unrelated_central_records_preserved": true,
    "one_selected_LME052_model": true,
    "unique_central_model_identity": true,
    "unique_map_model_identity": true,
    "unique_trends_model_identity": true,
    "central_regional_model_identity": true,
    "central_regional_workbook_hash": true,
    "regional_hash_matches_adoption": true,
    "exact_frozen_model_hash": true,
    "all_central_regional_hashes_fresh": true,
    "selected_paper_correct": true,
    "production_eligibility_false": true,
    "no_fabricated_researcher_signoff": true,
    "map_payload_contains_model": true,
    "map_model_current_regional_hash": true,
    "trends_model_current_regional_hash": true,
    "map_selected_article_exact": true,
    "native_source_link_exists": true,
    "native_source_link_exact_adopted_sppr": true,
    "map_default_selected_index": true,
    "trends_default_selected_id": true,
    "map_current_project_hash": true,
    "trends_current_project_hash": true
  },
  "unaffected_tables": 13,
  "passed": true
}
