node:assert:152
  throw new AssertionError(obj);
  ^

AssertionError [ERR_ASSERTION]: Unselected researcher exclusions and manual selections do not describe the trend
+ actual - expected

+ '6 groups excluded from displayed PPR by researcher · 1 models with user selections'
- 'All model groups included'

    at Object.<anonymous> (C:\Users\idoca\Desktop\אישי\אקדמיה\תואר שני\מחקר\BTN\GlobalPPREstimation\tools\workflow_checks\check_review_selection_summary.js:11:8)
    at Module._compile (node:internal/modules/cjs/loader:1872:14)
    at Object..js (node:internal/modules/cjs/loader:2003:10)
    at Module.load (node:internal/modules/cjs/loader:1594:32)
    at Module._load (node:internal/modules/cjs/loader:1396:12)
    at wrapModuleLoad (node:internal/modules/cjs/loader:255:19)
    at Module.executeUserEntryPoint [as runMain] (node:internal/modules/run_main:154:5)
    at node:internal/main/run_main_module:33:47 {
  generatedMessage: false,
  code: 'ERR_ASSERTION',
  actual: '6 groups excluded from displayed PPR by researcher · 1 models with user selections',
  expected: 'All model groups included',
  operator: 'strictEqual',
  diff: 'simple'
}

Node.js v24.19.0
