BASELINE 13_2_Northern_Humboldt_Current_(1995-1998)
13_2_Northern_Humboldt_Current_(1995-1998) S0 0.0 completed
13_2_Northern_Humboldt_Current_(1995-1998) SC 0.0 completed
13_2_Northern_Humboldt_Current_(1995-1998) SM 0.0 completed
13_2_Northern_Humboldt_Current_(1995-1998) SE 0.0 completed
13_2_Northern_Humboldt_Current_(1995-1998) SR 0.0 completed
13_2_Northern_Humboldt_Current_(1995-1998) SC 0.01 completed
13_2_Northern_Humboldt_Current_(1995-1998) SM 0.01 completed
13_2_Northern_Humboldt_Current_(1995-1998) SE 0.01 completed
13_2_Northern_Humboldt_Current_(1995-1998) SR 0.01 completed
13_2_Northern_Humboldt_Current_(1995-1998) SC 0.05 completed
13_2_Northern_Humboldt_Current_(1995-1998) SM 0.05 completed
13_2_Northern_Humboldt_Current_(1995-1998) SE 0.05 completed
13_2_Northern_Humboldt_Current_(1995-1998) SR 0.05 completed
13_2_Northern_Humboldt_Current_(1995-1998) SC 0.1 completed
13_2_Northern_Humboldt_Current_(1995-1998) SM 0.1 completed
13_2_Northern_Humboldt_Current_(1995-1998) SE 0.1 completed
13_2_Northern_Humboldt_Current_(1995-1998) SR 0.1 completed
13_2_Northern_Humboldt_Current_(1995-1998) SC 0.2 completed
13_2_Northern_Humboldt_Current_(1995-1998) SM 0.2 completed
13_2_Northern_Humboldt_Current_(1995-1998) SE 0.2 completed
13_2_Northern_Humboldt_Current_(1995-1998) SR 0.2 completed
13_2_Northern_Humboldt_Current_(1995-1998) SC 0.3 completed
13_2_Northern_Humboldt_Current_(1995-1998) SM 0.3 completed
13_2_Northern_Humboldt_Current_(1995-1998) SE 0.3 completed
13_2_Northern_Humboldt_Current_(1995-1998) SR 0.3 completed
13_2_Northern_Humboldt_Current_(1995-1998) SC 0.4 completed
13_2_Northern_Humboldt_Current_(1995-1998) SM 0.4 completed
13_2_Northern_Humboldt_Current_(1995-1998) SE 0.4 completed
13_2_Northern_Humboldt_Current_(1995-1998) SR 0.4 completed
13_2_Northern_Humboldt_Current_(1995-1998) SC 0.5 completed
13_2_Northern_Humboldt_Current_(1995-1998) SM 0.5 completed
13_2_Northern_Humboldt_Current_(1995-1998) SE 0.5 completed
13_2_Northern_Humboldt_Current_(1995-1998) SR 0.5 completed
13_2_Northern_Humboldt_Current_(1995-1998) SC 0.75 completed
13_2_Northern_Humboldt_Current_(1995-1998) SM 0.75 completed
13_2_Northern_Humboldt_Current_(1995-1998) SE 0.75 completed
13_2_Northern_Humboldt_Current_(1995-1998) SR 0.75 completed
13_2_Northern_Humboldt_Current_(1995-1998) SC 1.0 completed
13_2_Northern_Humboldt_Current_(1995-1998) SM 1.0 completed
13_2_Northern_Humboldt_Current_(1995-1998) SE 1.0 completed
13_2_Northern_Humboldt_Current_(1995-1998) SR 1.0 completed
BASELINE 28_646_Guinea_(1998)
28_646_Guinea_(1998) S0 0.0 completed
28_646_Guinea_(1998) SC 0.0 completed
28_646_Guinea_(1998) SM 0.0 completed
28_646_Guinea_(1998) SE 0.0 completed
28_646_Guinea_(1998) SR 0.0 completed
28_646_Guinea_(1998) SC 0.01 completed
28_646_Guinea_(1998) SM 0.01 completed
28_646_Guinea_(1998) SE 0.01 completed
28_646_Guinea_(1998) SR 0.01 completed
28_646_Guinea_(1998) SC 0.05 completed
28_646_Guinea_(1998) SM 0.05 completed
28_646_Guinea_(1998) SE 0.05 completed
28_646_Guinea_(1998) SR 0.05 completed
28_646_Guinea_(1998) SC 0.1 completed
28_646_Guinea_(1998) SM 0.1 completed
28_646_Guinea_(1998) SE 0.1 completed
28_646_Guinea_(1998) SR 0.1 completed
28_646_Guinea_(1998) SC 0.2 completed
28_646_Guinea_(1998) SM 0.2 completed
28_646_Guinea_(1998) SE 0.2 completed
28_646_Guinea_(1998) SR 0.2 completed
28_646_Guinea_(1998) SC 0.3 completed
28_646_Guinea_(1998) SM 0.3 completed
28_646_Guinea_(1998) SE 0.3 completed
28_646_Guinea_(1998) SR 0.3 completed
28_646_Guinea_(1998) SC 0.4 completed
28_646_Guinea_(1998) SM 0.4 completed
28_646_Guinea_(1998) SE 0.4 completed
28_646_Guinea_(1998) SR 0.4 completed
28_646_Guinea_(1998) SC 0.5 completed
28_646_Guinea_(1998) SM 0.5 completed
28_646_Guinea_(1998) SE 0.5 completed
28_646_Guinea_(1998) SR 0.5 completed
28_646_Guinea_(1998) SC 0.75 completed
28_646_Guinea_(1998) SM 0.75 completed
28_646_Guinea_(1998) SE 0.75 completed
28_646_Guinea_(1998) SR 0.75 completed
28_646_Guinea_(1998) SC 1.0 completed
28_646_Guinea_(1998) SM 1.0 completed
28_646_Guinea_(1998) SE 1.0 completed
28_646_Guinea_(1998) SR 1.0 completed
BASELINE 34_1_Bay_of_Bengal_(1978)
34_1_Bay_of_Bengal_(1978) S0 0.0 completed
34_1_Bay_of_Bengal_(1978) SC 0.0 completed
34_1_Bay_of_Bengal_(1978) SM 0.0 completed
34_1_Bay_of_Bengal_(1978) SE 0.0 completed
34_1_Bay_of_Bengal_(1978) SR 0.0 completed
34_1_Bay_of_Bengal_(1978) SC 0.01 completed
34_1_Bay_of_Bengal_(1978) SM 0.01 completed
34_1_Bay_of_Bengal_(1978) SE 0.01 completed
34_1_Bay_of_Bengal_(1978) SR 0.01 completed
34_1_Bay_of_Bengal_(1978) SC 0.05 completed
34_1_Bay_of_Bengal_(1978) SM 0.05 completed
34_1_Bay_of_Bengal_(1978) SE 0.05 completed
34_1_Bay_of_Bengal_(1978) SR 0.05 completed
34_1_Bay_of_Bengal_(1978) SC 0.1 completed
34_1_Bay_of_Bengal_(1978) SM 0.1 completed
34_1_Bay_of_Bengal_(1978) SE 0.1 completed
34_1_Bay_of_Bengal_(1978) SR 0.1 completed
34_1_Bay_of_Bengal_(1978) SC 0.2 completed
34_1_Bay_of_Bengal_(1978) SM 0.2 completed
34_1_Bay_of_Bengal_(1978) SE 0.2 completed
34_1_Bay_of_Bengal_(1978) SR 0.2 completed
34_1_Bay_of_Bengal_(1978) SC 0.3 completed
34_1_Bay_of_Bengal_(1978) SM 0.3 completed
34_1_Bay_of_Bengal_(1978) SE 0.3 completed
34_1_Bay_of_Bengal_(1978) SR 0.3 completed
34_1_Bay_of_Bengal_(1978) SC 0.4 completed
34_1_Bay_of_Bengal_(1978) SM 0.4 completed
34_1_Bay_of_Bengal_(1978) SE 0.4 completed
34_1_Bay_of_Bengal_(1978) SR 0.4 completed
34_1_Bay_of_Bengal_(1978) SC 0.5 completed
34_1_Bay_of_Bengal_(1978) SM 0.5 completed
34_1_Bay_of_Bengal_(1978) SE 0.5 completed
34_1_Bay_of_Bengal_(1978) SR 0.5 completed
34_1_Bay_of_Bengal_(1978) SC 0.75 completed
34_1_Bay_of_Bengal_(1978) SM 0.75 completed
34_1_Bay_of_Bengal_(1978) SE 0.75 completed
34_1_Bay_of_Bengal_(1978) SR 0.75 completed
34_1_Bay_of_Bengal_(1978) SC 1.0 completed
34_1_Bay_of_Bengal_(1978) SM 1.0 completed
34_1_Bay_of_Bengal_(1978) SE 1.0 completed
34_1_Bay_of_Bengal_(1978) SR 1.0 completed
BASELINE 52_1_Sea_of_Okhotsk_NE_(1980)
52_1_Sea_of_Okhotsk_NE_(1980) S0 0.0 completed
52_1_Sea_of_Okhotsk_NE_(1980) SC 0.0 completed
52_1_Sea_of_Okhotsk_NE_(1980) SM 0.0 completed
52_1_Sea_of_Okhotsk_NE_(1980) SE 0.0 completed
52_1_Sea_of_Okhotsk_NE_(1980) SR 0.0 completed
52_1_Sea_of_Okhotsk_NE_(1980) SC 0.01 completed
52_1_Sea_of_Okhotsk_NE_(1980) SM 0.01 completed
52_1_Sea_of_Okhotsk_NE_(1980) SE 0.01 completed
52_1_Sea_of_Okhotsk_NE_(1980) SR 0.01 completed
52_1_Sea_of_Okhotsk_NE_(1980) SC 0.05 completed
52_1_Sea_of_Okhotsk_NE_(1980) SM 0.05 completed
52_1_Sea_of_Okhotsk_NE_(1980) SE 0.05 completed
52_1_Sea_of_Okhotsk_NE_(1980) SR 0.05 completed
52_1_Sea_of_Okhotsk_NE_(1980) SC 0.1 completed
52_1_Sea_of_Okhotsk_NE_(1980) SM 0.1 completed
52_1_Sea_of_Okhotsk_NE_(1980) SE 0.1 completed
52_1_Sea_of_Okhotsk_NE_(1980) SR 0.1 completed
52_1_Sea_of_Okhotsk_NE_(1980) SC 0.2 completed
52_1_Sea_of_Okhotsk_NE_(1980) SM 0.2 completed
52_1_Sea_of_Okhotsk_NE_(1980) SE 0.2 completed
52_1_Sea_of_Okhotsk_NE_(1980) SR 0.2 completed
52_1_Sea_of_Okhotsk_NE_(1980) SC 0.3 completed
52_1_Sea_of_Okhotsk_NE_(1980) SM 0.3 completed
52_1_Sea_of_Okhotsk_NE_(1980) SE 0.3 completed
52_1_Sea_of_Okhotsk_NE_(1980) SR 0.3 completed
52_1_Sea_of_Okhotsk_NE_(1980) SC 0.4 completed
52_1_Sea_of_Okhotsk_NE_(1980) SM 0.4 completed
52_1_Sea_of_Okhotsk_NE_(1980) SE 0.4 completed
52_1_Sea_of_Okhotsk_NE_(1980) SR 0.4 completed
52_1_Sea_of_Okhotsk_NE_(1980) SC 0.5 completed
52_1_Sea_of_Okhotsk_NE_(1980) SM 0.5 completed
52_1_Sea_of_Okhotsk_NE_(1980) SE 0.5 completed
52_1_Sea_of_Okhotsk_NE_(1980) SR 0.5 completed
52_1_Sea_of_Okhotsk_NE_(1980) SC 0.75 completed
52_1_Sea_of_Okhotsk_NE_(1980) SM 0.75 completed
52_1_Sea_of_Okhotsk_NE_(1980) SE 0.75 completed
52_1_Sea_of_Okhotsk_NE_(1980) SR 0.75 completed
52_1_Sea_of_Okhotsk_NE_(1980) SC 1.0 completed
52_1_Sea_of_Okhotsk_NE_(1980) SM 1.0 completed
52_1_Sea_of_Okhotsk_NE_(1980) SE 1.0 completed
52_1_Sea_of_Okhotsk_NE_(1980) SR 1.0 completed
Finished 3936 records 85960 group coefficients 325.5 seconds
