INFO - Starting conversion for directory: C:\Users\idoca\Desktop\אישי\אקדמיה\תואר שני\מחקר\BTN\GlobalPPREstimation\regions\LME_014\models\PAT2024_FalklandShelf_2020_native\extracted_tables
INFO - Output will be saved as: 14_Patagonian_Shelf_PAT2024-native_Falkland_Shelf_(2020).json
INFO - Biomass accumulation loaded for 36 group(s) from Biomass_accumulation.csv
INFO - Processing group: Baleen Whales (ID: 1)
INFO -     - BA 0.0 t/km^2/year is per habitat area; scaled by hab area 0.2000000029802322 to 0 to match the 'biomass' field
INFO -     - BA rate 0/year derived from BA 0.0 / B 0.0125000006984919 (not stated by the source)
INFO -     - Biomass accumulation: 0 t/km^2/year, 0 /year
INFO -     - Total Diet + Import sum for Baleen Whales: 1.00000
INFO -     - Detritus fate sum for Baleen Whales: 1.00000
WARNING -     - Missing EE for Baleen Whales
INFO - Processing group: Benthic Crustaceans (ID: 2)
WARNING -     - BA 0.0 given but no biomass, so the BA rate cannot be derived
INFO -     - Biomass accumulation: 0.0 t/km^2/year, -9999 /year
INFO -     - Total Diet + Import sum for Benthic Crustaceans: 1.00000
INFO -     - Detritus fate sum for Benthic Crustaceans: 1.00000
WARNING -     - Missing Biomass for Benthic Crustaceans
INFO - Processing group: Blue Whiting (ID: 3)
INFO -     - BA rate 0/year derived from BA 0.0 / B 0.011459999717772 (not stated by the source)
INFO -     - Biomass accumulation: 0.0 t/km^2/year, 0 /year
INFO -     - Total Diet + Import sum for Blue Whiting: 1.00000
INFO -     - Detritus fate sum for Blue Whiting: 1.00000
WARNING -     - Missing EE for Blue Whiting
INFO - Processing group: Dogfish (ID: 4)
INFO -     - BA rate 0/year derived from BA 0.0 / B 0.0509999990463256 (not stated by the source)
INFO -     - Biomass accumulation: 0.0 t/km^2/year, 0 /year
INFO -     - Total Diet + Import sum for Dogfish: 1.00000
INFO -     - Detritus fate sum for Dogfish: 1.00000
WARNING -     - Missing EE for Dogfish
INFO - Processing group: Flounder (ID: 5)
INFO -     - BA rate 0/year derived from BA 0.0 / B 0.0004799999878741 (not stated by the source)
INFO -     - Biomass accumulation: 0.0 t/km^2/year, 0 /year
INFO -     - Total Diet + Import sum for Flounder: 1.00000
INFO -     - Detritus fate sum for Flounder: 1.00000
WARNING -     - Missing EE for Flounder
INFO - Processing group: Grenadier (ID: 6)
WARNING -     - BA 0.0 given but no biomass, so the BA rate cannot be derived
INFO -     - Biomass accumulation: 0.0 t/km^2/year, -9999 /year
INFO -     - Total Diet + Import sum for Grenadier: 1.00000
INFO -     - Detritus fate sum for Grenadier: 1.00000
WARNING -     - Missing Biomass for Grenadier
INFO - Processing group: Hake Austral (ID: 7)
INFO -     - BA rate 0/year derived from BA 0.0 / B 0.003000000026077 (not stated by the source)
INFO -     - Biomass accumulation: 0.0 t/km^2/year, 0 /year
INFO -     - Total Diet + Import sum for Hake Austral: 1.00000
INFO -     - Detritus fate sum for Hake Austral: 1.00000
WARNING -     - Missing EE for Hake Austral
INFO - Processing group: Hake Common (ID: 8)
INFO -     - BA rate 0/year derived from BA 0.0 / B 1.179746389389038 (not stated by the source)
INFO -     - Biomass accumulation: 0.0 t/km^2/year, 0 /year
INFO -     - Total Diet + Import sum for Hake Common: 1.00000
INFO -     - Detritus fate sum for Hake Common: 1.00000
WARNING -     - Missing EE for Hake Common
INFO - Processing group: Hoki (ID: 9)
INFO -     - BA rate 0/year derived from BA 0.0 / B 0.3133066296577453 (not stated by the source)
INFO -     - Biomass accumulation: 0.0 t/km^2/year, 0 /year
INFO -     - Total Diet + Import sum for Hoki: 1.00000
INFO -     - Detritus fate sum for Hoki: 1.00000
WARNING -     - Missing EE for Hoki
INFO - Processing group: I. argentinus (ID: 10)
INFO -     - BA 0.0 t/km^2/year is per habitat area; scaled by hab area 0.5 to 0 to match the 'biomass' field
INFO -     - BA rate 0/year derived from BA 0.0 / B 1.3211948871612549 (not stated by the source)
INFO -     - Biomass accumulation: 0 t/km^2/year, 0 /year
INFO -     - Total Diet + Import sum for I. argentinus: 1.00000
INFO -     - Detritus fate sum for I. argentinus: 1.00000
WARNING -     - Missing EE for I. argentinus
INFO - Processing group: Jellyfish (ID: 11)
WARNING -     - BA 0.0 given but no biomass, so the BA rate cannot be derived
INFO -     - Biomass accumulation: 0.0 t/km^2/year, -9999 /year
INFO -     - Total Diet + Import sum for Jellyfish: 1.00000
INFO -     - Detritus fate sum for Jellyfish: 1.00000
WARNING -     - Missing Biomass for Jellyfish
INFO - Processing group: Kelp (ID: 12)
INFO -     - BA rate 0/year derived from BA 0.0 / B 100.0 (not stated by the source)
INFO -     - Biomass accumulation: 0.0 t/km^2/year, 0 /year
INFO -     - Detritus fate sum for Kelp: 1.00000
INFO -     -> Identified as Primary Producer (pp = 1).
WARNING -     - Missing EE for Kelp
INFO - Processing group: Kingclip (ID: 13)
INFO -     - BA rate 0/year derived from BA 0.0 / B 0.04657768830657 (not stated by the source)
INFO -     - Biomass accumulation: 0.0 t/km^2/year, 0 /year
INFO -     - Total Diet + Import sum for Kingclip: 1.00000
INFO -     - Detritus fate sum for Kingclip: 1.00000
WARNING -     - Missing EE for Kingclip
INFO - Processing group: Large Demersal Fish (ID: 14)
WARNING -     - BA 0.0 given but no biomass, so the BA rate cannot be derived
INFO -     - Biomass accumulation: 0.0 t/km^2/year, -9999 /year
INFO -     - Total Diet + Import sum for Large Demersal Fish: 1.00000
INFO -     - Detritus fate sum for Large Demersal Fish: 1.00000
WARNING -     - Missing Biomass for Large Demersal Fish
INFO - Processing group: Large Zoobenthos (ID: 15)
WARNING -     - BA 0.0 given but no biomass, so the BA rate cannot be derived
INFO -     - Biomass accumulation: 0.0 t/km^2/year, -9999 /year
INFO -     - Total Diet + Import sum for Large Zoobenthos: 1.00000
INFO -     - Detritus fate sum for Large Zoobenthos: 1.00000
WARNING -     - Missing Biomass for Large Zoobenthos
INFO - Processing group: D. gahi ASC (ID: 16)
INFO -     - BA 0.0 t/km^2/year is per habitat area; scaled by hab area 0.6600000262260437 to 0 to match the 'biomass' field
INFO -     - BA rate 0/year derived from BA 0.0 / B 0.2700000216744154 (not stated by the source)
INFO -     - Biomass accumulation: 0 t/km^2/year, 0 /year
INFO -     - Total Diet + Import sum for D. gahi ASC: 1.00000
INFO -     - Detritus fate sum for D. gahi ASC: 1.00000
WARNING -     - Missing EE for D. gahi ASC
INFO - Processing group: D. gahi SSC (ID: 17)
INFO -     - BA 0.0 t/km^2/year is per habitat area; scaled by hab area 0.6600000262260437 to 0 to match the 'biomass' field
INFO -     - BA rate 0/year derived from BA 0.0 / B 0.5150000049670534 (not stated by the source)
INFO -     - Biomass accumulation: 0 t/km^2/year, 0 /year
INFO -     - Total Diet + Import sum for D. gahi SSC: 1.00000
INFO -     - Detritus fate sum for D. gahi SSC: 1.00000
WARNING -     - Missing EE for D. gahi SSC
INFO - Processing group: Myctophidae (ID: 18)
WARNING -     - BA 0.0 given but no biomass, so the BA rate cannot be derived
INFO -     - Biomass accumulation: 0.0 t/km^2/year, -9999 /year
INFO -     - Total Diet + Import sum for Myctophidae: 1.00000
INFO -     - Detritus fate sum for Myctophidae: 1.00000
WARNING -     - Missing Biomass for Myctophidae
INFO - Processing group: Octopods (ID: 19)
WARNING -     - BA 0.0 given but no biomass, so the BA rate cannot be derived
INFO -     - Biomass accumulation: 0.0 t/km^2/year, -9999 /year
INFO -     - Total Diet + Import sum for Octopods: 1.00000
INFO -     - Detritus fate sum for Octopods: 1.00000
WARNING -     - Missing Biomass for Octopods
INFO - Processing group: Pelagic Fish (ID: 20)
INFO -     - BA rate 0/year derived from BA 0.0 / B 0.6549999713897705 (not stated by the source)
INFO -     - Biomass accumulation: 0.0 t/km^2/year, 0 /year
INFO -     - Total Diet + Import sum for Pelagic Fish: 1.00000
INFO -     - Detritus fate sum for Pelagic Fish: 1.00000
WARNING -     - Missing EE for Pelagic Fish
INFO - Processing group: Penguins (ID: 21)
INFO -     - BA 0.0 t/km^2/year is per habitat area; scaled by hab area 0.75 to 0 to match the 'biomass' field
INFO -     - BA rate 0/year derived from BA 0.0 / B 0.0091169029474258 (not stated by the source)
INFO -     - Biomass accumulation: 0 t/km^2/year, 0 /year
INFO -     - Total Diet + Import sum for Penguins: 1.00000
INFO -     - Detritus fate sum for Penguins: 1.00000
WARNING -     - Missing EE for Penguins
INFO - Processing group: Phytoplankton (ID: 22)
WARNING -     - BA 0.0 given but no biomass, so the BA rate cannot be derived
INFO -     - Biomass accumulation: 0.0 t/km^2/year, -9999 /year
INFO -     - Detritus fate sum for Phytoplankton: 1.00000
INFO -     -> Identified as Primary Producer (pp = 1).
WARNING -     - Missing Biomass for Phytoplankton
INFO - Processing group: Red Cod (ID: 23)
INFO -     - BA rate 0/year derived from BA 0.0 / B 0.113305002450943 (not stated by the source)
INFO -     - Biomass accumulation: 0.0 t/km^2/year, 0 /year
INFO -     - Total Diet + Import sum for Red Cod: 1.00000
INFO -     - Detritus fate sum for Red Cod: 1.00000
WARNING -     - Missing EE for Red Cod
INFO - Processing group: Rock Cod (ID: 24)
INFO -     - BA rate 0/year derived from BA 0.0 / B 0.1112300008535385 (not stated by the source)
INFO -     - Biomass accumulation: 0.0 t/km^2/year, 0 /year
INFO -     - Total Diet + Import sum for Rock Cod: 1.00000
INFO -     - Detritus fate sum for Rock Cod: 1.00000
WARNING -     - Missing EE for Rock Cod
INFO - Processing group: Seabirds (ID: 25)
INFO -     - BA rate 0/year derived from BA 0.0 / B 0.0199999995529651 (not stated by the source)
INFO -     - Biomass accumulation: 0.0 t/km^2/year, 0 /year
INFO -     - Total Diet + Import sum for Seabirds: 1.00000
INFO -     - Detritus fate sum for Seabirds: 1.00000
WARNING -     - Missing EE for Seabirds
INFO - Processing group: Seals and Sea Lion (ID: 26)
INFO -     - BA rate 0/year derived from BA 0.0 / B 0.0210564993321895 (not stated by the source)
INFO -     - Biomass accumulation: 0.0 t/km^2/year, 0 /year
INFO -     - Total Diet + Import sum for Seals and Sea Lion: 1.00000
INFO -     - Detritus fate sum for Seals and Sea Lion: 1.00000
WARNING -     - Missing EE for Seals and Sea Lion
INFO - Processing group: Sharks (ID: 27)
INFO -     - BA rate 0/year derived from BA 0.0 / B 0.0003000000142492 (not stated by the source)
INFO -     - Biomass accumulation: 0.0 t/km^2/year, 0 /year
INFO -     - Total Diet + Import sum for Sharks: 1.00000
INFO -     - Detritus fate sum for Sharks: 1.00000
WARNING -     - Missing EE for Sharks
INFO - Processing group: Skates (ID: 28)
INFO -     - BA rate 0/year derived from BA 0.0 / B 0.0664742588996887 (not stated by the source)
INFO -     - Biomass accumulation: 0.0 t/km^2/year, 0 /year
INFO -     - Total Diet + Import sum for Skates: 1.00000
INFO -     - Detritus fate sum for Skates: 1.00000
WARNING -     - Missing EE for Skates
INFO - Processing group: Small Demersal Fish (ID: 29)
WARNING -     - BA 0.0 given but no biomass, so the BA rate cannot be derived
INFO -     - Biomass accumulation: 0.0 t/km^2/year, -9999 /year
INFO -     - Total Diet + Import sum for Small Demersal Fish: 1.00000
INFO -     - Detritus fate sum for Small Demersal Fish: 1.00000
WARNING -     - Missing Biomass for Small Demersal Fish
INFO - Processing group: Small Zoobenthos (ID: 30)
WARNING -     - BA 0.0 given but no biomass, so the BA rate cannot be derived
INFO -     - Biomass accumulation: 0.0 t/km^2/year, -9999 /year
INFO -     - Total Diet + Import sum for Small Zoobenthos: 1.00000
INFO -     - Detritus fate sum for Small Zoobenthos: 1.00000
WARNING -     - Missing Biomass for Small Zoobenthos
INFO - Processing group: Squid (ID: 31)
WARNING -     - BA 0.0 given but no biomass, so the BA rate cannot be derived
INFO -     - Biomass accumulation: 0.0 t/km^2/year, -9999 /year
INFO -     - Total Diet + Import sum for Squid: 1.00000
INFO -     - Detritus fate sum for Squid: 1.00000
WARNING -     - Missing Biomass for Squid
INFO - Processing group: Toothed Whales and Dolphins (ID: 32)
INFO -     - BA rate 0/year derived from BA 0.0 / B 0.0020000000949949 (not stated by the source)
INFO -     - Biomass accumulation: 0.0 t/km^2/year, 0 /year
INFO -     - Total Diet + Import sum for Toothed Whales and Dolphins: 1.00000
INFO -     - Detritus fate sum for Toothed Whales and Dolphins: 1.00000
WARNING -     - Missing EE for Toothed Whales and Dolphins
INFO - Processing group: Toothfish juv (ID: 33)
WARNING -     - BA 0.0 given but no biomass, so the BA rate cannot be derived
INFO -     - Biomass accumulation: 0.0 t/km^2/year, -9999 /year
INFO -     - Total Diet + Import sum for Toothfish juv: 1.00000
INFO -     - Detritus fate sum for Toothfish juv: 1.00000
WARNING -     - Missing Biomass for Toothfish juv
INFO - Processing group: Zooplankton (ID: 34)
WARNING -     - BA 0.0 given but no biomass, so the BA rate cannot be derived
INFO -     - Biomass accumulation: 0.0 t/km^2/year, -9999 /year
INFO -     - Total Diet + Import sum for Zooplankton: 1.00000
INFO -     - Detritus fate sum for Zooplankton: 1.00000
WARNING -     - Missing Biomass for Zooplankton
INFO - Processing group: Discards (ID: 35)
INFO -     - BA rate 0/year derived from BA 0.0 / B 0.0058595249429345 (not stated by the source)
INFO -     - Biomass accumulation: 0.0 t/km^2/year, 0 /year
INFO -     -> Identified as Detritus group (pp = 2).
WARNING -     - Missing EE for Discards
INFO - Processing group: Detritus (ID: 36)
WARNING -     - BA 0.0 given but no biomass, so the BA rate cannot be derived
INFO -     - Biomass accumulation: 0.0 t/km^2/year, -9999 /year
INFO -     -> Identified as Detritus group (pp = 2).
WARNING -     - Missing Biomass for Detritus
INFO - 
Success: Output saved to C:\Users\idoca\Desktop\אישי\אקדמיה\תואר שני\מחקר\BTN\GlobalPPREstimation\regions\LME_014\models\PAT2024_FalklandShelf_2020_native\extracted_tables\14_Patagonian_Shelf_PAT2024-native_Falkland_Shelf_(2020).json
INFO - 
--- Mass balance check: NOT BALANCED ---
INFO - BA is unknown (-9999) for 0 of 36 group(s); those groups cannot be decided unless they reconcile without it.
INFO - NOTE  12 consumer(s) lack B or Q/B, so predation on their prey is under-counted and every recomputed EE below is a lower bound: 2 (Benthic Crustaceans), 6 (Grenadier), 11 (Jellyfish), 14 (Large Demersal Fish), 15 (Large Zoobenthos), 18 (Myctophidae)
INFO - NOTE  detritus pools (2): inflow ~708.7, consumption ~0.2298 t/km^2/year, implied EE ~0.000 (indicative - export is not separated, it uses recomputed EE where the source gave none, and any unknown BA is left out of the flows entirely)
WARNING - WARN  group 12 (Kelp): only 2 of B/P-B/Q-B/EE given (B, P/B) - Ecopath needs three
WARNING - WARN  group 22 (Phytoplankton): only 2 of B/P-B/Q-B/EE given (P/B, EE) - Ecopath needs three
WARNING - WARN  group 25 (Seabirds): P/Q = 0.017 outside the usual 0.02-0.5 range - check the P/B and Q/B columns
WARNING - WARN  group 33 (Toothfish juv): P/Q = 0.585 outside the usual 0.02-0.5 range - check the P/B and Q/B columns
ERROR - ERROR group 13 (Kingclip): recomputed EE = 1.524 > 1 - catch+BA+predation (0.008516) exceeds production (0.005589)
INFO - 1 error(s), 0 indeterminate, 4 warning(s), 2 note(s)
INFO - Check each error against a rendered image of the source page before changing anything. Do not adjust numbers to make this pass.
INFO - Mass balance section written to C:\Users\idoca\Desktop\אישי\אקדמיה\תואר שני\מחקר\BTN\GlobalPPREstimation\regions\LME_014\models\PAT2024_FalklandShelf_2020_native\extracted_tables\MASS_BALANCE.md
WARNING - --update-report was given but no REPORT.md was found here
INFO - Log saved to C:\Users\idoca\Desktop\אישי\אקדמיה\תואר שני\מחקר\BTN\GlobalPPREstimation\regions\LME_014\models\PAT2024_FalklandShelf_2020_native\extracted_tables\ewe_conversion.log
INFO - Reading JSON: C:\Users\idoca\Desktop\אישי\אקדמיה\תואר שני\מחקר\BTN\GlobalPPREstimation\regions\LME_014\models\PAT2024_FalklandShelf_2020_native\extracted_tables\14_Patagonian_Shelf_PAT2024-native_Falkland_Shelf_(2020).json
INFO - Writing reconstructed files to: C:\Users\idoca\Desktop\אישי\אקדמיה\תואר שני\מחקר\BTN\GlobalPPREstimation\regions\LME_014\models\PAT2024_FalklandShelf_2020_native\extracted_tables\14_Patagonian_Shelf_PAT2024-native_Falkland_Shelf_(2020)_reconstructed.xlsx
INFO -   -> Included 'Biomass accumulation' sheet
INFO -   -> Included 'Landings' sheet (calculated from 'export' param)
INFO -   -> Included 'Taxonomy' sheet
INFO -   -> Included 'Detritus fate' sheet (Pools identified: 2)
INFO - 
Success! Validation file generated.
