C:\Users\idoca\Desktop\אישי\אקדמיה\תואר שני\מחקר\BTN\GlobalPPREstimation\regions\LME_038\models\38_38001_Java_Sea_(mid1970s)\extracted_tables
 wrote 8 files to C:\Users\idoca\Desktop\אישי\אקדמיה\תואר שני\מחקר\BTN\GlobalPPREstimation\regions\LME_038\models\38_38001_Java_Sea_(mid1970s)\extracted_tables
  38_Indonesian_Sea_38001_Java_Sea_(mid1970s).json
  38_Indonesian_Sea_38001_Java_Sea_(mid1970s)_reconstructed.xlsx
  Basic_input.csv
  Biomass_accumulation.csv
  Detritus_fate.csv
  Diet_composition.csv
  Discards.csv
  ewe_conversion.log
  Landings.csv
  MASS_BALANCE.md
  Metadata.xlsx
  Taxonomy.xlsx
  TL.xlsx

38_38001_Java_Sea_(mid1970s) groups 28 diet sums {'3': 1.0, '4': 1.0, '5': 1.0, '6': 1.0, '7': 1.0, '8': 1.0, '9': 0.66, '10': 1.0, '11': 1.0, '12': 1.0, '13': 1.0, '14': 1.0, '15': 1.0, '16': 1.0, '17': 1.0, '18': 1.0, '19': 1.0, '20': 1.0, '21': 1.0, '22': 1.0, '23': 1.0, '24': 1.0, '25': 1.0, '26': 1.0, '27': 1.0} censored 0
C:\Users\idoca\Desktop\אישי\אקדמיה\תואר שני\מחקר\BTN\GlobalPPREstimation\regions\LME_038\models\38_38002_North_Coast_Central_Java_(1979)\extracted_tables
 wrote 8 files to C:\Users\idoca\Desktop\אישי\אקדמיה\תואר שני\מחקר\BTN\GlobalPPREstimation\regions\LME_038\models\38_38002_North_Coast_Central_Java_(1979)\extracted_tables
  38_Indonesian_Sea_38002_North_Coast_Central_Java_(1979).json
  38_Indonesian_Sea_38002_North_Coast_Central_Java_(1979)_reconstructed.xlsx
  Basic_input.csv
  Biomass_accumulation.csv
  Detritus_fate.csv
  Diet_composition.csv
  Discards.csv
  ewe_conversion.log
  Landings.csv
  MASS_BALANCE.md
  Metadata.xlsx
  Taxonomy.xlsx
  TL.xlsx

38_38002_North_Coast_Central_Java_(1979) groups 27 diet sums {'3': 1.0, '4': 1.0, '5': 1.0, '6': 1.0, '7': 1.0, '8': 0.87, '9': 1.01, '10': 0.9900000000000001, '11': 1.0, '12': 1.0, '13': 0.28, '14': 0.98, '15': 1.0, '16': 1.0, '17': 1.0, '18': 1.0, '19': 1.01, '20': 1.0, '21': 1.0, '22': 0.9900000000000001, '23': 1.0, '24': 0.99, '25': 217.78, '26': 1.0} censored 30
