{
  "selected_count": 23,
  "selections_unchanged": true,
  "regions": {
    "EEZ_598": "verified unnormalized unchanged; runtime equivalent with permitted BA/growth differences excluded",
    "EEZ_941": "verified unnormalized unchanged",
    "HS_071": "verified unnormalized unchanged",
    "HS_077": "printed_unnormalized_unchanged_source_deficits_unresolved",
    "LME_003": "author_source_unnormalized_unchanged",
    "LME_013": "printed_unnormalized_unchanged",
    "LME_014": "verified unnormalized unchanged",
    "LME_022": "verified unnormalized unchanged",
    "LME_024": "verified unnormalized canonical unchanged; bounded import-export blank restoration",
    "LME_026": "verified_unnormalized_unchanged",
    "LME_027": "native_preserved_unchanged_printed_fidelity_unresolved",
    "LME_028": "blocked_normalization_attribution_unchanged",
    "LME_029": "mixed: verified unnormalized selected model unchanged; confirmed normalized current extracted conversion JSON and reconstructed diet cells restored",
    "LME_032": "excluded_not_audited_or_modified",
    "LME_034": "excluded_not_audited_or_modified",
    "LME_035": "native_preserved_unchanged_printed_fidelity_unresolved",
    "LME_036": "excluded_not_audited_or_modified",
    "LME_037": "verified unnormalized canonical unchanged; corrected 63 exact unknown-import export cells",
    "LME_038": "corrected-restored; six printed cells; exactly equivalent actual runtime; unresolved source deficit/trust",
    "LME_047": "excluded_read_only_confirmed_normalized_91_cells",
    "LME_049": "verified unnormalized unchanged",
    "LME_050": "verified_unnormalized_canonical_unchanged_normalized_export_restored",
    "LME_052": "owner_restored_source_verified_read_only"
  }
}
