warning: unable to access 'C:\Users\idoca/.config/git/ignore': Permission denied
warning: unable to access 'original_research_archive/research/discard_sensitivity_expanded_2026_09_10/verification/pytest_cache/.gitignore': Permission denied
warning: could not open directory 'regions/LME_013/candidate_studies/HUM2018_20261003/source/vendor/bin/': Permission denied
warning: could not open directory 'regions/LME_013/candidate_studies/HUM2018_20261003/source/vendor/xlrd/': Permission denied
warning: could not open directory 'regions/LME_013/candidate_studies/HUM2018_20261003/source/vendor/xlrd-2.0.2.dist-info/': Permission denied
warning: could not open directory 'regions/LME_027/validation_reports/BancArguin_20261003/context/_deps/bin/': Permission denied
warning: could not open directory 'regions/LME_027/validation_reports/BancArguin_20261003/context/_deps/certifi/': Permission denied
warning: could not open directory 'regions/LME_027/validation_reports/BancArguin_20261003/context/_deps/certifi-2026.7.22.dist-info/': Permission denied
warning: could not open directory 'regions/LME_027/validation_reports/BancArguin_20261003/context/_deps/contourpy/': Permission denied
warning: could not open directory 'regions/LME_027/validation_reports/BancArguin_20261003/context/_deps/contourpy-1.4.0.dist-info/': Permission denied
warning: could not open directory 'regions/LME_027/validation_reports/BancArguin_20261003/context/_deps/cycler/': Permission denied
warning: could not open directory 'regions/LME_027/validation_reports/BancArguin_20261003/context/_deps/cycler-0.12.1.dist-info/': Permission denied
warning: could not open directory 'regions/LME_027/validation_reports/BancArguin_20261003/context/_deps/dateutil/': Permission denied
warning: could not open directory 'regions/LME_027/validation_reports/BancArguin_20261003/context/_deps/fitz/': Permission denied
warning: could not open directory 'regions/LME_027/validation_reports/BancArguin_20261003/context/_deps/fontTools/': Permission denied
warning: could not open directory 'regions/LME_027/validation_reports/BancArguin_20261003/context/_deps/fonttools-4.66.1.dist-info/': Permission denied
warning: could not open directory 'regions/LME_027/validation_reports/BancArguin_20261003/context/_deps/kiwisolver/': Permission denied
warning: could not open directory 'regions/LME_027/validation_reports/BancArguin_20261003/context/_deps/kiwisolver-1.5.1.dist-info/': Permission denied
warning: could not open directory 'regions/LME_027/validation_reports/BancArguin_20261003/context/_deps/matplotlib/': Permission denied
warning: could not open directory 'regions/LME_027/validation_reports/BancArguin_20261003/context/_deps/matplotlib-3.11.2.dist-info/': Permission denied
warning: could not open directory 'regions/LME_027/validation_reports/BancArguin_20261003/context/_deps/mpl_toolkits/': Permission denied
warning: could not open directory 'regions/LME_027/validation_reports/BancArguin_20261003/context/_deps/numpy/': Permission denied
warning: could not open directory 'regions/LME_027/validation_reports/BancArguin_20261003/context/_deps/numpy-2.5.3.dist-info/': Permission denied
warning: could not open directory 'regions/LME_027/validation_reports/BancArguin_20261003/context/_deps/numpy.libs/': Permission denied
warning: could not open directory 'regions/LME_027/validation_reports/BancArguin_20261003/context/_deps/packaging/': Permission denied
warning: could not open directory 'regions/LME_027/validation_reports/BancArguin_20261003/context/_deps/packaging-26.3.dist-info/': Permission denied
warning: could not open directory 'regions/LME_027/validation_reports/BancArguin_20261003/context/_deps/PIL/': Permission denied
warning: could not open directory 'regions/LME_027/validation_reports/BancArguin_20261003/context/_deps/pillow-12.3.0.dist-info/': Permission denied
warning: could not open directory 'regions/LME_027/validation_reports/BancArguin_20261003/context/_deps/pymupdf/': Permission denied
warning: could not open directory 'regions/LME_027/validation_reports/BancArguin_20261003/context/_deps/pymupdf-1.28.2.dist-info/': Permission denied
warning: could not open directory 'regions/LME_027/validation_reports/BancArguin_20261003/context/_deps/pyparsing/': Permission denied
warning: could not open directory 'regions/LME_027/validation_reports/BancArguin_20261003/context/_deps/pyparsing-3.3.3.dist-info/': Permission denied
warning: could not open directory 'regions/LME_027/validation_reports/BancArguin_20261003/context/_deps/pyproj/': Permission denied
warning: could not open directory 'regions/LME_027/validation_reports/BancArguin_20261003/context/_deps/pyproj-3.8.0.dist-info/': Permission denied
warning: could not open directory 'regions/LME_027/validation_reports/BancArguin_20261003/context/_deps/pyproj.libs/': Permission denied
warning: could not open directory 'regions/LME_027/validation_reports/BancArguin_20261003/context/_deps/python_dateutil-2.9.0.post0.dist-info/': Permission denied
warning: could not open directory 'regions/LME_027/validation_reports/BancArguin_20261003/context/_deps/shapely/': Permission denied
warning: could not open directory 'regions/LME_027/validation_reports/BancArguin_20261003/context/_deps/shapely-2.1.2.dist-info/': Permission denied
warning: could not open directory 'regions/LME_027/validation_reports/BancArguin_20261003/context/_deps/shapely.libs/': Permission denied
warning: could not open directory 'regions/LME_027/validation_reports/BancArguin_20261003/context/_deps/share/': Permission denied
warning: could not open directory 'regions/LME_027/validation_reports/BancArguin_20261003/context/_deps/six-1.17.0.dist-info/': Permission denied
