INFO - 
--- Mass balance check: INDETERMINATE ---
INFO - BA is unknown (-9999) for 24 of 24 group(s); those groups cannot be decided unless they reconcile without it.
INFO - NOTE  detritus pools (1): inflow ~1115, consumption ~308.7 t/km^2/year, implied EE ~0.277 (indicative - export is not separated, it uses recomputed EE where the source gave none, and any unknown BA is left out of the flows entirely)
WARNING - INDET group 8 (Piscivorous fish): recomputed EE = 1.043 > 1 without BA, and BA is unknown - undecidable until the source is checked for biomass accumulation
WARNING - INDET group 11 (Small BET): recomputed EE = 2.313 > 1 without BA, and BA is unknown - undecidable until the source is checked for biomass accumulation
WARNING - INDET group 12 (Small YFT): recomputed EE = 4.634 > 1 without BA, and BA is unknown - undecidable until the source is checked for biomass accumulation
WARNING - INDET group 13 (Small SKJ): recomputed EE = 30.762 > 1 without BA, and BA is unknown - undecidable until the source is checked for biomass accumulation
WARNING - INDET group 14 (Epi forage): recomputed EE = 2.957 > 1 without BA, and BA is unknown - undecidable until the source is checked for biomass accumulation
WARNING - INDET group 15 (M Meso forage): recomputed EE = 4.385 > 1 without BA, and BA is unknown - undecidable until the source is checked for biomass accumulation
WARNING - INDET group 16 (Meso forage): recomputed EE = 9.162 > 1 without BA, and BA is unknown - undecidable until the source is checked for biomass accumulation
WARNING - INDET group 17 (HM Bathy forage): recomputed EE = 6.976 > 1 without BA, and BA is unknown - undecidable until the source is checked for biomass accumulation
WARNING - INDET group 18 (M Bathy forage): recomputed EE = 10.650 > 1 without BA, and BA is unknown - undecidable until the source is checked for biomass accumulation
WARNING - INDET group 19 (Bathy forage): recomputed EE = 4.192 > 1 without BA, and BA is unknown - undecidable until the source is checked for biomass accumulation
WARNING - INDET group 21 (Microzpk): recomputed EE = 3.026 > 1 without BA, and BA is unknown - undecidable until the source is checked for biomass accumulation
WARNING - WARN  group 22 (Large phyto): only 2 of B/P-B/Q-B/EE given (B, P/B) - Ecopath needs three
WARNING - WARN  group 23 (Small phyto): only 2 of B/P-B/Q-B/EE given (B, P/B) - Ecopath needs three
INFO - 0 error(s), 11 indeterminate, 2 warning(s), 1 note(s)
INFO - An indeterminate group is a prompt to go back to the source for biomass accumulation, not a BA to enter. A BA this check suggested and then validated itself against would prove nothing.
INFO - Mass balance section written to C:\Users\idoca\Desktop\אישי\אקדמיה\תואר שני\מחקר\BTN\GlobalPPREstimation\regions\EEZ_941\models\941_200702_WCPO_Warm_Pool_Initial_(mixed_periods)\extracted_tables\MASS_BALANCE_CANONICAL.md
