{
  "diet_sum_range": [
    0.99956013582,
    1.00000013576
  ],
  "conditional_EE_gt1": [
    [
      4,
      "Fin whale",
      1.4776262288253872
    ]
  ],
  "loader": {
    "strict_source": {
      "status": "EXCEPTION",
      "type": "ValueError",
      "exception": "det_fate carries no detritus routing for any living group. For a multi-DET model the per-pool split cannot be inferred -- supply DetritusFate data for model with detritus groups [70, 71].",
      "traceback": "Traceback (most recent call last):\n  File \"C:\\Users\\idoca\\Desktop\\\u05d0\u05d9\u05e9\u05d9\\\u05d0\u05e7\u05d3\u05de\u05d9\u05d4\\\u05ea\u05d5\u05d0\u05e8 \u05e9\u05e0\u05d9\\\u05de\u05d7\u05e7\u05e8\\BTN\\GlobalPPREstimation\\regions\\LME_026\\extraction_review_20260928\\audit_diagnostics.py\", line 39, in <module>\n    calc=PPRCalculator.from_modeldata(data,underdetermined=False,normalize_DC=False,**settings)\n  File \"C:\\Users\\idoca\\Desktop\\\u05d0\u05d9\u05e9\u05d9\\\u05d0\u05e7\u05d3\u05de\u05d9\u05d4\\\u05ea\u05d5\u05d0\u05e8 \u05e9\u05e0\u05d9\\\u05de\u05d7\u05e7\u05e8\\BTN\\GlobalPPREstimation\\tools\\scientific_code\\PPREstimation\\PPRCalculator.py\", line 179, in from_modeldata\n    ModelData.validate_det_fate(instance._det_fate, instance._groups_df)\n    ~~~~~~~~~~~~~~~~~~~~~~~~~~~^^^^^^^^^^^^^^^^^^^^^^^^^^^^^^^^^^^^^^^^^\n  File \"C:\\Users\\idoca\\Desktop\\\u05d0\u05d9\u05e9\u05d9\\\u05d0\u05e7\u05d3\u05de\u05d9\u05d4\\\u05ea\u05d5\u05d0\u05e8 \u05e9\u05e0\u05d9\\\u05de\u05d7\u05e7\u05e8\\BTN\\GlobalPPREstimation\\tools\\scientific_code\\PPREstimation\\ModelData.py\", line 598, in validate_det_fate\n    raise ValueError(\n    ...<3 lines>...\n    )\nValueError: det_fate carries no detritus routing for any living group. For a multi-DET model the per-pool split cannot be inferred -- supply DetritusFate data for model with detritus groups [70, 71].\n"
    },
    "documented_loader_defaults": {
      "status": "EXCEPTION",
      "type": "ValueError",
      "exception": "det_fate carries no detritus routing for any living group. For a multi-DET model the per-pool split cannot be inferred -- supply DetritusFate data for model with detritus groups [70, 71].",
      "traceback": "Traceback (most recent call last):\n  File \"C:\\Users\\idoca\\Desktop\\\u05d0\u05d9\u05e9\u05d9\\\u05d0\u05e7\u05d3\u05de\u05d9\u05d4\\\u05ea\u05d5\u05d0\u05e8 \u05e9\u05e0\u05d9\\\u05de\u05d7\u05e7\u05e8\\BTN\\GlobalPPREstimation\\regions\\LME_026\\extraction_review_20260928\\audit_diagnostics.py\", line 39, in <module>\n    calc=PPRCalculator.from_modeldata(data,underdetermined=False,normalize_DC=False,**settings)\n  File \"C:\\Users\\idoca\\Desktop\\\u05d0\u05d9\u05e9\u05d9\\\u05d0\u05e7\u05d3\u05de\u05d9\u05d4\\\u05ea\u05d5\u05d0\u05e8 \u05e9\u05e0\u05d9\\\u05de\u05d7\u05e7\u05e8\\BTN\\GlobalPPREstimation\\tools\\scientific_code\\PPREstimation\\PPRCalculator.py\", line 179, in from_modeldata\n    ModelData.validate_det_fate(instance._det_fate, instance._groups_df)\n    ~~~~~~~~~~~~~~~~~~~~~~~~~~~^^^^^^^^^^^^^^^^^^^^^^^^^^^^^^^^^^^^^^^^^\n  File \"C:\\Users\\idoca\\Desktop\\\u05d0\u05d9\u05e9\u05d9\\\u05d0\u05e7\u05d3\u05de\u05d9\u05d4\\\u05ea\u05d5\u05d0\u05e8 \u05e9\u05e0\u05d9\\\u05de\u05d7\u05e7\u05e8\\BTN\\GlobalPPREstimation\\tools\\scientific_code\\PPREstimation\\ModelData.py\", line 598, in validate_det_fate\n    raise ValueError(\n    ...<3 lines>...\n    )\nValueError: det_fate carries no detritus routing for any living group. For a multi-DET model the per-pool split cannot be inferred -- supply DetritusFate data for model with detritus groups [70, 71].\n"
    }
  }
}
