C:\Users\idoca\Desktop\אישי\אקדמיה\תואר שני\מחקר\BTN\GlobalPPREstimation\tools\scientific_code\PPREstimation\ModelData.py:653: RuntimeWarning: 5 consumer group(s) have a diet composition (including diet_import) that does not sum to 1 (tol=0.001): 8 (Yellowtail (OYC & KC))=1.0050, 6 (Skipjack (all))=1.0020, 5 (Tunas (all))=1.0020, 3 (Seabirds (all))=1.0120, 2 (Toothed whales (all))=0.9950.
  warnings.warn(f"{len(bad)} consumer group(s) have a diet composition (including diet_import) "
INFO - Reading JSON: C:\Users\idoca\Desktop\אישי\אקדמיה\תואר שני\מחקר\BTN\GlobalPPREstimation\regions\LME_049\models\49_2019201301_Watari_Detritus_Pooled_Experiment_(2013)\model.json
INFO - Writing reconstructed files to: C:\Users\idoca\Desktop\אישי\אקדמיה\תואר שני\מחקר\BTN\GlobalPPREstimation\regions\LME_049\models\49_2019201301_Watari_Detritus_Pooled_Experiment_(2013)\evidence\canonical_reconstructed.xlsx
INFO -   -> Included 'Landings' sheet (calculated from 'export' param)
INFO -   -> Included 'Taxonomy' sheet
INFO -   -> Included 'Detritus fate' sheet (Pools identified: 1)
INFO - 
Success! Validation file generated.
INFO - 
--- Mass balance check: INDETERMINATE ---
INFO - BA is unknown (-9999) for 39 of 39 group(s); those groups cannot be decided unless they reconcile without it.
INFO - NOTE  1 consumer(s) lack B or Q/B, so predation on their prey is under-counted and every recomputed EE below is a lower bound: 3 (Seabirds (all))
INFO - NOTE  34 group(s) carry all four of B/P-B/Q-B/EE - Ecopath needs three, so one of them is probably a published model estimate rather than an input; record which in REPORT.md: 1 (Baleen whales (OYC & OF)), 2 (Toothed whales (all)), 4 (Sharks (all)), 5 (Tunas (all)), 6 (Skipjack (all)), 7 (Miscellaneous piscivores (all)), 8 (Yellowtail (OYC & KC)), 9 (Japanese sardine (all)) ...
INFO - NOTE  detritus pools (1): inflow ~1075, consumption ~53.89 t/km^2/year, implied EE ~0.050 (indicative - export is not separated, it uses recomputed EE where the source gave none, and any unknown BA is left out of the flows entirely)
WARNING - INDET group 1 (Baleen whales (OYC & OF)): printed EE 0.08 vs recomputed 0.000 (diff 0.080) with BA unknown - a BA of +0.000728 t/km^2/year (+0.08 of production) would close it - undecidable: this may be an extraction error or the BA the source never printed
WARNING - INDET group 5 (Tunas (all)): printed EE 0.75 vs recomputed 0.888 (diff 0.138) with BA unknown - a BA of -0.001828 t/km^2/year (-0.14 of production) would close it - undecidable: this may be an extraction error or the BA the source never printed
WARNING - INDET group 15 (Jack mackerel (OYC & KC)): printed EE 0.96 vs recomputed 0.875 (diff 0.085) with BA unknown - a BA of +0.009085 t/km^2/year (+0.09 of production) would close it - undecidable: this may be an extraction error or the BA the source never printed
WARNING - INDET group 16 (Righteye flounders (OYC)): recomputed EE = 1.026 > 1 without BA, and BA is unknown - a BA of -0.003746 t/km^2/year (-0.06 of production) would close it - undecidable until the source is checked for biomass accumulation
WARNING - INDET group 20 (Flatfishes (KC)): printed EE 0.95 vs recomputed 0.782 (diff 0.168) with BA unknown - a BA of +0.00094 t/km^2/year (+0.17 of production) would close it - undecidable: this may be an extraction error or the BA the source never printed
WARNING - INDET group 21 (Seabreams (KC)): printed EE 0.45 vs recomputed 0.000 (diff 0.450) with BA unknown - a BA of +0.00369 t/km^2/year (+0.45 of production) would close it - undecidable: this may be an extraction error or the BA the source never printed
WARNING - INDET group 22 (Demersal piscivores (KC)): printed EE 0.95 vs recomputed 0.896 (diff 0.054) with BA unknown - a BA of +0.00226 t/km^2/year (+0.05 of production) would close it - undecidable: this may be an extraction error or the BA the source never printed
WARNING - WARN  group 1 (Baleen whales (OYC & OF)): P/Q = 0.014 outside the usual 0.02-0.5 range - check the P/B and Q/B columns
WARNING - WARN  group 2 (Toothed whales (all)): P/Q = 0.010 outside the usual 0.02-0.5 range - check the P/B and Q/B columns
WARNING - WARN  group 3 (Seabirds (all)): P/Q = 0.003 outside the usual 0.02-0.5 range - check the P/B and Q/B columns
INFO - 0 error(s), 7 indeterminate, 3 warning(s), 3 note(s)
INFO - An indeterminate group is a prompt to go back to the source for biomass accumulation, not a BA to enter. A BA this check suggested and then validated itself against would prove nothing.
INFO - Mass balance section written to C:\Users\idoca\Desktop\אישי\אקדמיה\תואר שני\מחקר\BTN\GlobalPPREstimation\regions\LME_049\models\49_2019201301_Watari_Detritus_Pooled_Experiment_(2013)\evidence\MASS_BALANCE_CANONICAL.md
{
  "load_success": true,
  "model_balanced_after_completion": true,
  "max_abs_production_residual": 1.1368683772161603e-13,
  "max_abs_consumption_residual": 1.1368683772161603e-13,
  "scalar_transformations": 299,
  "known_scalar_changes": [
    {
      "group_seq": 3,
      "group_name": "Seabirds (all)",
      "source_field": "pb",
      "source_value": "0.12",
      "loaded_field": "pb",
      "loaded_value": 0.0,
      "status": "known source value changed"
    },
    {
      "group_seq": 3,
      "group_name": "Seabirds (all)",
      "source_field": "qb",
      "source_value": "36.67",
      "loaded_field": "qb",
      "loaded_value": 0.0,
      "status": "known source value changed"
    }
  ],
  "diet_cells_normalized": 83,
  "diet_consumers_normalized": [
    2,
    3,
    5,
    6,
    8
  ],
  "seabird_source_B": "<0.01; canonical -9999",
  "seabird_loaded_B": 1.0,
  "source_missing_catch_zero_groups": [
    1,
    2,
    3,
    20,
    21,
    24,
    25,
    26,
    28,
    32,
    33,
    34,
    35,
    36,
    37,
    38,
    39
  ],
  "solved_BA_all_source_groups": {
    "1": 0.0007279999999999995,
    "2": 0.0001999999999999988,
    "3": -2.4079145675966143e-16,
    "4": -0.0029800000000000017,
    "5": -0.001824550898203592,
    "6": 0.00015344910179641196,
    "7": -0.006987580838323321,
    "8": -0.002711999999999992,
    "9": 0.001413325283880551,
    "10": -0.021758933922599644,
    "11": -0.0011895161435923618,
    "12": 0.006858745162940494,
    "13": 0.006030745162940554,
    "14": -0.0026952719039533,
    "15": 0.009086680432579673,
    "16": -0.003746000000000013,
    "17": 0.00583199999999999,
    "18": -0.0005711741293532441,
    "19": 0.0005456865671641942,
    "20": 0.0009399999999999999,
    "21": 0.003689999999999999,
    "22": 0.002259999999999991,
    "23": 0.004413721393034753,
    "24": 0.0075907895862066255,
    "25": 0.008946454256865355,
    "26": 0.004588524779586489,
    "27": -0.007333248664450176,
    "28": -0.006519766077385247,
    "29": -0.018973162329057658,
    "30": -0.00722716232905718,
    "31": -0.011654550898201776,
    "32": 0.0016774491017965687,
    "33": -0.1721145508982005,
    "34": 0.05614544910179475,
    "35": 0.02667144910179431,
    "36": -1.373121999999995,
    "37": 0.299279999999996,
    "38": -1.4964619999999513,
    "39": 1021.6265989998954
  },
  "detritus_budget": {
    "group_name": "Detritus (pooled OYC KC OF; experiment)",
    "trophic_info": "DET",
    "taxon_descr": {
      "taxon": [
        {
          "taxon_name": "EXPERIMENT: shared OYC/KC/OF detritus pool; derived from source groups 39, 40, 41. Whole-model-area biomass sum; recycling routing is an explicit loader assumption, not published evidence."
        }
      ]
    },
    "tl": 1.0,
    "ge": 1.0,
    "ee": 1.0,
    "catch": 0.0,
    "biomass": 44.12,
    "pb": 24.37362418404352,
    "qb": 24.37362418404352,
    "p": 1075.5142989998953,
    "q": 1075.5142989998953,
    "predation": 53.88770000000001,
    "M0": 0.0,
    "gs": 0.0,
    "egestion": 0.0,
    "respiration": 0.0,
    "biomass_accum": 1021.6265989998954,
    "emigration": 0.0,
    "immigration": 0.0,
    "net_migration": 0.0,
    "flow_to_det": 0.0,
    "detritus_import": 0.0,
    "det_export": 0.0,
    "budget_utilization_predation_divided_by_inflow": 0.05010412232557891,
    "note": "Diagnostic budget ratio, not source EE; loader sets DET EE=1 by convention. Residual enters solved BA. No unknown internal transfer was added."
  },
  "engine_added_groups": {
    "40": {
      "group_name": "diet_import",
      "trophic_info": "Import",
      "taxon_descr": NaN,
      "tl": 1.0,
      "ge": 0.0,
      "ee": 0.0,
      "catch": 0.0,
      "biomass": 1.0,
      "pb": 0.0,
      "qb": 0.0,
      "p": -0.0,
      "q": -0.0,
      "predation": 0.0,
      "M0": 0.0,
      "gs": 0.0,
      "egestion": 0.0,
      "respiration": 0.0,
      "biomass_accum": 0.0,
      "emigration": 0.0,
      "immigration": 0.0,
      "net_migration": 0.0,
      "flow_to_det": 0.0,
      "detritus_import": 0.0,
      "det_export": 0.0
    }
  }
}
