{
  "unit_id": "LME_049",
  "production_selection": "UNCHANGED; none selected",
  "user_preferred_source": "KUR-2019",
  "preference_rationale": "User prefers 2019 because it has more detailed group structure; this preference is not adoption of an exact model.",
  "models": [
    {
      "unit_id": "LME_049",
      "model_id": "49_20192013_Western_North_Pacific_Watari_(2013)",
      "model_path": "regions\\LME_049\\models\\49_20192013_Western_North_Pacific_Watari_(2013)\\model.json",
      "paper_id": "KUR-2019",
      "model_years": "2013",
      "groups": 41,
      "consumers": 35,
      "coverage_class": "partial",
      "coverage_percent": null,
      "extraction_status": "source tables extracted; unresolved/censored parameters retained",
      "taxonomy_status": "main-article single stocks and group/spatial definitions; detailed supplement unavailable",
      "sppr_status": "FAIL",
      "scientific_status": "NOT ELIGIBLE: unresolved source inputs; not selected",
      "selected": false,
      "preference_status": "USER-PREFERRED SOURCE",
      "preference_rationale": "User prefers 2019 because it has more detailed group structure; this preference is not adoption of an exact model.",
      "report_path": "regions\\LME_049\\models\\49_20192013_Western_North_Pacific_Watari_(2013)\\extracted_tables\\REPORT.md",
      "diagnostic_path": "regions\\LME_049\\models\\49_20192013_Western_North_Pacific_Watari_(2013)\\diagnostic_summary.json"
    },
    {
      "unit_id": "LME_049",
      "model_id": "49_20252023_Kuroshio_Oyashio_Extension_Chen_(2023)",
      "model_path": "regions\\LME_049\\models\\49_20252023_Kuroshio_Oyashio_Extension_Chen_(2023)\\model.json",
      "paper_id": "KUR-2025",
      "model_years": "2023",
      "groups": 25,
      "consumers": 23,
      "coverage_class": "partial",
      "coverage_percent": null,
      "extraction_status": "source tables extracted; unresolved/censored parameters retained",
      "taxonomy_status": "all25 group main composition lists retained; source spelling; scope not exhaustive",
      "sppr_status": "completed conditional computational transformation",
      "scientific_status": "NOT ELIGIBLE: unresolved source inputs; not selected",
      "selected": false,
      "preference_status": "complementary candidate",
      "preference_rationale": null,
      "report_path": "regions\\LME_049\\models\\49_20252023_Kuroshio_Oyashio_Extension_Chen_(2023)\\extracted_tables\\REPORT.md",
      "diagnostic_path": "regions\\LME_049\\models\\49_20252023_Kuroshio_Oyashio_Extension_Chen_(2023)\\diagnostic_summary.json"
    }
  ],
  "paper_updates": [
    {
      "paper_id": "KUR-2019",
      "authors": "Watari et al.",
      "title": "Ecosystem modeling in the western North Pacific using Ecopath, with a focus on small pelagic fishes",
      "doi": "10.3354/meps12508",
      "publication_year": 2019,
      "main_file_status": "verified_local_pdf",
      "supplement_status": "identified but exact-byte download blocked HTTP401",
      "functional_groups": 41,
      "model_years": "2013",
      "full_model_loadable": "FAIL: missing three-pool detritus routing",
      "recommendation": "USER-PREFERRED SOURCE because of more detailed group structure; exact model not selected; missing detritus routing and source censoring require resolution.",
      "source_files": [
        "regions\\LME_049\\papers\\KUR-2019\\Watari-Ecosystemmodelingwestern-2019.pdf"
      ],
      "notes": "regions\\LME_049\\models\\49_20192013_Western_North_Pacific_Watari_(2013)\\extracted_tables\\REPORT.md"
    },
    {
      "paper_id": "KUR-2025",
      "authors": "Chen et al.",
      "title": "Study in the ecosystem structure and trophodynamics in the Kuroshio-Oyashio Extension area",
      "doi": "10.1016/j.ecolmodel.2025.111152",
      "publication_year": 2025,
      "main_file_status": "verified_local_pdf",
      "supplement_status": "verified_local_docx",
      "functional_groups": 25,
      "model_years": "2023",
      "full_model_loadable": "Loader completed conditionally; exact source SPPR unsupported and all3 diagnostic configurations FAIL",
      "recommendation": "Newest complementary offshore model; adds current trophodynamics where the 2019 domain is weak.",
      "source_files": [
        "regions\\LME_049\\papers\\KUR-2025\\1-s2.0-S0304380025001371-main.pdf",
        "regions\\LME_049\\papers\\KUR-2025\\1-s2.0-S0304380025001371-mmc1.docx"
      ],
      "notes": "regions\\LME_049\\models\\49_20252023_Kuroshio_Oyashio_Extension_Chen_(2023)\\extracted_tables\\REPORT.md"
    }
  ]
}
