INFO - Starting conversion for directory: C:\Users\idoca\Desktop\אישי\אקדמיה\תואר שני\מחקר\BTN\GlobalPPREstimation\regions\EEZ_941\models\941_200702_WCPO_Warm_Pool_Initial_(mixed_periods)\extracted_tables
INFO - Output will be saved as: 941_EEZ_Kiribati_Gilbert_Islands_proxy_200702_WCPO_Warm_Pool_Initial_(mixed_periods).json
INFO - Biomass accumulation file Biomass_accumulation.csv is entirely blank: BA is UNKNOWN for every group (-9999), not zero.
INFO - Processing group: Swordfish (ID: 1)
INFO -     - Total Diet + Import sum for Swordfish: 1.00000
INFO -     - Detritus fate sum for Swordfish: 0.00000
WARNING -     - Missing Detritus fate routing for Swordfish (Sum = 0.0)
WARNING -     - Missing EE for Swordfish
INFO - Processing group: Other Billfish (ID: 2)
INFO -     - Total Diet + Import sum for Other Billfish: 1.00000
INFO -     - Detritus fate sum for Other Billfish: 0.00000
WARNING -     - Missing Detritus fate routing for Other Billfish (Sum = 0.0)
WARNING -     - Missing EE for Other Billfish
INFO - Processing group: Blue Shark (ID: 3)
INFO -     - Total Diet + Import sum for Blue Shark: 1.00000
INFO -     - Detritus fate sum for Blue Shark: 0.00000
WARNING -     - Missing Detritus fate routing for Blue Shark (Sum = 0.0)
WARNING -     - Missing EE for Blue Shark
INFO - Processing group: Other Sharks (ID: 4)
INFO -     - Total Diet + Import sum for Other Sharks: 1.01000
WARNING -     - Diet Sum is not 1 (1.01000). Normalizing to 1.0
INFO -     - Detritus fate sum for Other Sharks: 0.00000
WARNING -     - Missing Detritus fate routing for Other Sharks (Sum = 0.0)
WARNING -     - Missing EE for Other Sharks
INFO - Processing group: BET (ID: 5)
INFO -     - Total Diet + Import sum for BET: 1.00000
INFO -     - Detritus fate sum for BET: 0.00000
WARNING -     - Missing Detritus fate routing for BET (Sum = 0.0)
WARNING -     - Missing EE for BET
INFO - Processing group: YFT (ID: 6)
INFO -     - Total Diet + Import sum for YFT: 1.00000
INFO -     - Detritus fate sum for YFT: 0.00000
WARNING -     - Missing Detritus fate routing for YFT (Sum = 0.0)
WARNING -     - Missing EE for YFT
INFO - Processing group: SKJ (ID: 7)
INFO -     - Total Diet + Import sum for SKJ: 1.00000
INFO -     - Detritus fate sum for SKJ: 0.00000
WARNING -     - Missing Detritus fate routing for SKJ (Sum = 0.0)
WARNING -     - Missing EE for SKJ
INFO - Processing group: Piscivorous fish (ID: 8)
INFO -     - Total Diet + Import sum for Piscivorous fish: 1.00000
INFO -     - Detritus fate sum for Piscivorous fish: 0.00000
WARNING -     - Missing Detritus fate routing for Piscivorous fish (Sum = 0.0)
WARNING -     - Missing EE for Piscivorous fish
INFO - Processing group: Small Billfish (ID: 9)
INFO -     - Total Diet + Import sum for Small Billfish: 1.00000
INFO -     - Detritus fate sum for Small Billfish: 0.00000
WARNING -     - Missing Detritus fate routing for Small Billfish (Sum = 0.0)
WARNING -     - Missing EE for Small Billfish
INFO - Processing group: Small Sharks (ID: 10)
INFO -     - Total Diet + Import sum for Small Sharks: 1.00000
INFO -     - Detritus fate sum for Small Sharks: 0.00000
WARNING -     - Missing Detritus fate routing for Small Sharks (Sum = 0.0)
WARNING -     - Missing EE for Small Sharks
INFO - Processing group: Small BET (ID: 11)
INFO -     - Total Diet + Import sum for Small BET: 1.00000
INFO -     - Detritus fate sum for Small BET: 0.00000
WARNING -     - Missing Detritus fate routing for Small BET (Sum = 0.0)
WARNING -     - Missing EE for Small BET
INFO - Processing group: Small YFT (ID: 12)
INFO -     - Total Diet + Import sum for Small YFT: 1.00040
WARNING -     - Diet Sum is not 1 (1.00040). Normalizing to 1.0
INFO -     - Detritus fate sum for Small YFT: 0.00000
WARNING -     - Missing Detritus fate routing for Small YFT (Sum = 0.0)
WARNING -     - Missing EE for Small YFT
INFO - Processing group: Small SKJ (ID: 13)
INFO -     - Total Diet + Import sum for Small SKJ: 1.00000
INFO -     - Detritus fate sum for Small SKJ: 0.00000
WARNING -     - Missing Detritus fate routing for Small SKJ (Sum = 0.0)
WARNING -     - Missing EE for Small SKJ
INFO - Processing group: Epi forage (ID: 14)
INFO -     - Total Diet + Import sum for Epi forage: 1.00000
INFO -     - Detritus fate sum for Epi forage: 0.00000
WARNING -     - Missing Detritus fate routing for Epi forage (Sum = 0.0)
WARNING -     - Missing EE for Epi forage
INFO - Processing group: M Meso forage (ID: 15)
INFO -     - Total Diet + Import sum for M Meso forage: 1.00000
INFO -     - Detritus fate sum for M Meso forage: 0.00000
WARNING -     - Missing Detritus fate routing for M Meso forage (Sum = 0.0)
WARNING -     - Missing EE for M Meso forage
INFO - Processing group: Meso forage (ID: 16)
INFO -     - Total Diet + Import sum for Meso forage: 1.00000
INFO -     - Detritus fate sum for Meso forage: 0.00000
WARNING -     - Missing Detritus fate routing for Meso forage (Sum = 0.0)
WARNING -     - Missing EE for Meso forage
INFO - Processing group: HM Bathy forage (ID: 17)
INFO -     - Total Diet + Import sum for HM Bathy forage: 1.00000
INFO -     - Detritus fate sum for HM Bathy forage: 0.00000
WARNING -     - Missing Detritus fate routing for HM Bathy forage (Sum = 0.0)
WARNING -     - Missing EE for HM Bathy forage
INFO - Processing group: M Bathy forage (ID: 18)
INFO -     - Total Diet + Import sum for M Bathy forage: 1.00000
INFO -     - Detritus fate sum for M Bathy forage: 0.00000
WARNING -     - Missing Detritus fate routing for M Bathy forage (Sum = 0.0)
WARNING -     - Missing EE for M Bathy forage
INFO - Processing group: Bathy forage (ID: 19)
INFO -     - Total Diet + Import sum for Bathy forage: 1.00000
INFO -     - Detritus fate sum for Bathy forage: 0.00000
WARNING -     - Missing Detritus fate routing for Bathy forage (Sum = 0.0)
WARNING -     - Missing EE for Bathy forage
INFO - Processing group: Mesozpk (ID: 20)
INFO -     - Total Diet + Import sum for Mesozpk: 1.00000
INFO -     - Detritus fate sum for Mesozpk: 0.00000
WARNING -     - Missing Detritus fate routing for Mesozpk (Sum = 0.0)
WARNING -     - Missing EE for Mesozpk
INFO - Processing group: Microzpk (ID: 21)
INFO -     - Total Diet + Import sum for Microzpk: 1.00000
INFO -     - Detritus fate sum for Microzpk: 0.00000
WARNING -     - Missing Detritus fate routing for Microzpk (Sum = 0.0)
WARNING -     - Missing EE for Microzpk
INFO - Processing group: Large phyto (ID: 22)
INFO -     -> Identified as Primary Producer (pp = 1).
WARNING -     - Missing EE for Large phyto
INFO - Processing group: Small phyto (ID: 23)
INFO -     -> Identified as Primary Producer (pp = 1).
WARNING -     - Missing EE for Small phyto
INFO - 
Success: Output saved to C:\Users\idoca\Desktop\אישי\אקדמיה\תואר שני\מחקר\BTN\GlobalPPREstimation\regions\EEZ_941\models\941_200702_WCPO_Warm_Pool_Initial_(mixed_periods)\extracted_tables\941_EEZ_Kiribati_Gilbert_Islands_proxy_200702_WCPO_Warm_Pool_Initial_(mixed_periods).json
INFO - 
--- Mass balance check: INDETERMINATE ---
INFO - BA is unknown (-9999) for 23 of 23 group(s); those groups cannot be decided unless they reconcile without it.
WARNING - INDET group 8 (Piscivorous fish): recomputed EE = 1.043 > 1 without BA, and BA is unknown - undecidable until the source is checked for biomass accumulation
WARNING - INDET group 11 (Small BET): recomputed EE = 2.312 > 1 without BA, and BA is unknown - undecidable until the source is checked for biomass accumulation
WARNING - INDET group 12 (Small YFT): recomputed EE = 4.634 > 1 without BA, and BA is unknown - undecidable until the source is checked for biomass accumulation
WARNING - INDET group 13 (Small SKJ): recomputed EE = 30.762 > 1 without BA, and BA is unknown - undecidable until the source is checked for biomass accumulation
WARNING - INDET group 14 (Epi forage): recomputed EE = 2.957 > 1 without BA, and BA is unknown - undecidable until the source is checked for biomass accumulation
WARNING - INDET group 15 (M Meso forage): recomputed EE = 4.385 > 1 without BA, and BA is unknown - undecidable until the source is checked for biomass accumulation
WARNING - INDET group 16 (Meso forage): recomputed EE = 9.162 > 1 without BA, and BA is unknown - undecidable until the source is checked for biomass accumulation
WARNING - INDET group 17 (HM Bathy forage): recomputed EE = 6.976 > 1 without BA, and BA is unknown - undecidable until the source is checked for biomass accumulation
WARNING - INDET group 18 (M Bathy forage): recomputed EE = 10.650 > 1 without BA, and BA is unknown - undecidable until the source is checked for biomass accumulation
WARNING - INDET group 19 (Bathy forage): recomputed EE = 4.192 > 1 without BA, and BA is unknown - undecidable until the source is checked for biomass accumulation
WARNING - INDET group 21 (Microzpk): recomputed EE = 3.026 > 1 without BA, and BA is unknown - undecidable until the source is checked for biomass accumulation
WARNING - WARN  group 22 (Large phyto): only 2 of B/P-B/Q-B/EE given (B, P/B) - Ecopath needs three
WARNING - WARN  group 23 (Small phyto): only 2 of B/P-B/Q-B/EE given (B, P/B) - Ecopath needs three
INFO - 0 error(s), 11 indeterminate, 2 warning(s), 0 note(s)
INFO - An indeterminate group is a prompt to go back to the source for biomass accumulation, not a BA to enter. A BA this check suggested and then validated itself against would prove nothing.
INFO - Mass balance section written to C:\Users\idoca\Desktop\אישי\אקדמיה\תואר שני\מחקר\BTN\GlobalPPREstimation\regions\EEZ_941\models\941_200702_WCPO_Warm_Pool_Initial_(mixed_periods)\extracted_tables\MASS_BALANCE.md
INFO - Updated the 'Mass balance' section of C:\Users\idoca\Desktop\אישי\אקדמיה\תואר שני\מחקר\BTN\GlobalPPREstimation\regions\EEZ_941\models\941_200702_WCPO_Warm_Pool_Initial_(mixed_periods)\extracted_tables\REPORT.md
INFO - Log saved to C:\Users\idoca\Desktop\אישי\אקדמיה\תואר שני\מחקר\BTN\GlobalPPREstimation\regions\EEZ_941\models\941_200702_WCPO_Warm_Pool_Initial_(mixed_periods)\extracted_tables\ewe_conversion.log
INFO - Reading JSON: C:\Users\idoca\Desktop\אישי\אקדמיה\תואר שני\מחקר\BTN\GlobalPPREstimation\regions\EEZ_941\models\941_200702_WCPO_Warm_Pool_Initial_(mixed_periods)\extracted_tables\941_EEZ_Kiribati_Gilbert_Islands_proxy_200702_WCPO_Warm_Pool_Initial_(mixed_periods).json
INFO - Writing reconstructed files to: C:\Users\idoca\Desktop\אישי\אקדמיה\תואר שני\מחקר\BTN\GlobalPPREstimation\regions\EEZ_941\models\941_200702_WCPO_Warm_Pool_Initial_(mixed_periods)\extracted_tables\941_EEZ_Kiribati_Gilbert_Islands_proxy_200702_WCPO_Warm_Pool_Initial_(mixed_periods)_reconstructed.xlsx
INFO -   -> Included 'Landings' sheet (calculated from 'export' param)
INFO -   -> Included 'Taxonomy' sheet
INFO - 
Success! Validation file generated.
