VERIFIED 111_111_North_Atlantic_(1950)
VERIFIED 112_112_North_Atlantic_(1997)
VERIFIED 115_115_Northern_Benguela_(1956)
VERIFIED 13_2_Northern_Humboldt_Current_(1995-1998)
VERIFIED 153_153_Tampa_Bay_(1950)
VERIFIED 266_266_Kuosheng_Bay_(1998)
VERIFIED 267_267_Lagoon_Chiku_-_Taiwan_(1997)
VERIFIED 28_28_Central_Atlantic_(1950)
VERIFIED 28_646_Guinea_(1998)
VERIFIED 29_29_Central_Atlantic_(1990)
VERIFIED 2_2_Alaska,_Prince_William_Sound_(1980)
VERIFIED 34_1_Bay_of_Bengal_(1978)
VERIFIED 429_429_Sørfjord_(1993)
VERIFIED 436_436_Western_Tropical_Pacific_Ocean_(1990)
VERIFIED 446_446_Hudson_Bay_(1970)
VERIFIED 462_462_Northern_Gulf_of_St_Lawrence_(1990)
VERIFIED 464_464_Germany,_Schlei_Fjord_(1980)
VERIFIED 485_485_South_Benguela_(1978)
VERIFIED 489_489_Sechura_Bay_(1996)
VERIFIED 490_490_Independence_Bay_(1996)
VERIFIED 496_496_Eritrea_(1998)
VERIFIED 52_1_Sea_of_Okhotsk_NE_(1980)
VERIFIED 663_663_South_Shetlands_(1990)
VERIFIED 756_756_Western_Antarctic_Peninsula_(1996)
PASS 304690 checks; 0 failures
