BASELINE 266_266_Kuosheng_Bay_(1998)
266_266_Kuosheng_Bay_(1998) S0 0.0 completed
266_266_Kuosheng_Bay_(1998) SC 0.0 completed
266_266_Kuosheng_Bay_(1998) SM 0.0 completed
266_266_Kuosheng_Bay_(1998) SE 0.0 completed
266_266_Kuosheng_Bay_(1998) SR 0.0 completed
266_266_Kuosheng_Bay_(1998) SC 0.01 completed
266_266_Kuosheng_Bay_(1998) SM 0.01 completed
266_266_Kuosheng_Bay_(1998) SE 0.01 completed
266_266_Kuosheng_Bay_(1998) SR 0.01 completed
266_266_Kuosheng_Bay_(1998) SC 0.02 completed
266_266_Kuosheng_Bay_(1998) SM 0.02 completed
266_266_Kuosheng_Bay_(1998) SE 0.02 completed
266_266_Kuosheng_Bay_(1998) SR 0.02 completed
266_266_Kuosheng_Bay_(1998) SC 0.03 completed
266_266_Kuosheng_Bay_(1998) SM 0.03 completed
266_266_Kuosheng_Bay_(1998) SE 0.03 completed
266_266_Kuosheng_Bay_(1998) SR 0.03 completed
266_266_Kuosheng_Bay_(1998) SC 0.04 completed
266_266_Kuosheng_Bay_(1998) SM 0.04 completed
266_266_Kuosheng_Bay_(1998) SE 0.04 completed
266_266_Kuosheng_Bay_(1998) SR 0.04 completed
266_266_Kuosheng_Bay_(1998) SC 0.05 completed
266_266_Kuosheng_Bay_(1998) SM 0.05 completed
266_266_Kuosheng_Bay_(1998) SE 0.05 completed
266_266_Kuosheng_Bay_(1998) SR 0.05 completed
266_266_Kuosheng_Bay_(1998) SC 0.06 completed
266_266_Kuosheng_Bay_(1998) SM 0.06 completed
266_266_Kuosheng_Bay_(1998) SE 0.06 completed
266_266_Kuosheng_Bay_(1998) SR 0.06 completed
266_266_Kuosheng_Bay_(1998) SC 0.07 completed
266_266_Kuosheng_Bay_(1998) SM 0.07 completed
266_266_Kuosheng_Bay_(1998) SE 0.07 completed
266_266_Kuosheng_Bay_(1998) SR 0.07 completed
266_266_Kuosheng_Bay_(1998) SC 0.08 completed
266_266_Kuosheng_Bay_(1998) SM 0.08 completed
266_266_Kuosheng_Bay_(1998) SE 0.08 completed
266_266_Kuosheng_Bay_(1998) SR 0.08 completed
266_266_Kuosheng_Bay_(1998) SC 0.09 completed
266_266_Kuosheng_Bay_(1998) SM 0.09 completed
266_266_Kuosheng_Bay_(1998) SE 0.09 completed
266_266_Kuosheng_Bay_(1998) SR 0.09 completed
266_266_Kuosheng_Bay_(1998) SC 0.1 completed
266_266_Kuosheng_Bay_(1998) SM 0.1 completed
266_266_Kuosheng_Bay_(1998) SE 0.1 completed
266_266_Kuosheng_Bay_(1998) SR 0.1 completed
266_266_Kuosheng_Bay_(1998) SC 0.11 completed
266_266_Kuosheng_Bay_(1998) SM 0.11 completed
266_266_Kuosheng_Bay_(1998) SE 0.11 completed
266_266_Kuosheng_Bay_(1998) SR 0.11 completed
266_266_Kuosheng_Bay_(1998) SC 0.12 completed
266_266_Kuosheng_Bay_(1998) SM 0.12 completed
266_266_Kuosheng_Bay_(1998) SE 0.12 completed
266_266_Kuosheng_Bay_(1998) SR 0.12 completed
266_266_Kuosheng_Bay_(1998) SC 0.13 completed
266_266_Kuosheng_Bay_(1998) SM 0.13 completed
266_266_Kuosheng_Bay_(1998) SE 0.13 completed
266_266_Kuosheng_Bay_(1998) SR 0.13 completed
266_266_Kuosheng_Bay_(1998) SC 0.14 completed
266_266_Kuosheng_Bay_(1998) SM 0.14 completed
266_266_Kuosheng_Bay_(1998) SE 0.14 completed
266_266_Kuosheng_Bay_(1998) SR 0.14 completed
266_266_Kuosheng_Bay_(1998) SC 0.15 completed
266_266_Kuosheng_Bay_(1998) SM 0.15 completed
266_266_Kuosheng_Bay_(1998) SE 0.15 completed
266_266_Kuosheng_Bay_(1998) SR 0.15 completed
266_266_Kuosheng_Bay_(1998) SC 0.16 completed
266_266_Kuosheng_Bay_(1998) SM 0.16 completed
266_266_Kuosheng_Bay_(1998) SE 0.16 completed
266_266_Kuosheng_Bay_(1998) SR 0.16 completed
266_266_Kuosheng_Bay_(1998) SC 0.17 completed
266_266_Kuosheng_Bay_(1998) SM 0.17 completed
266_266_Kuosheng_Bay_(1998) SE 0.17 completed
266_266_Kuosheng_Bay_(1998) SR 0.17 completed
266_266_Kuosheng_Bay_(1998) SC 0.18 completed
266_266_Kuosheng_Bay_(1998) SM 0.18 completed
266_266_Kuosheng_Bay_(1998) SE 0.18 completed
266_266_Kuosheng_Bay_(1998) SR 0.18 completed
266_266_Kuosheng_Bay_(1998) SC 0.19 completed
266_266_Kuosheng_Bay_(1998) SM 0.19 completed
266_266_Kuosheng_Bay_(1998) SE 0.19 completed
266_266_Kuosheng_Bay_(1998) SR 0.19 completed
266_266_Kuosheng_Bay_(1998) SC 0.2 completed
266_266_Kuosheng_Bay_(1998) SM 0.2 completed
266_266_Kuosheng_Bay_(1998) SE 0.2 completed
266_266_Kuosheng_Bay_(1998) SR 0.2 completed
266_266_Kuosheng_Bay_(1998) SC 0.25 completed
266_266_Kuosheng_Bay_(1998) SM 0.25 completed
266_266_Kuosheng_Bay_(1998) SE 0.25 completed
266_266_Kuosheng_Bay_(1998) SR 0.25 completed
266_266_Kuosheng_Bay_(1998) SC 0.3 completed
266_266_Kuosheng_Bay_(1998) SM 0.3 completed
266_266_Kuosheng_Bay_(1998) SE 0.3 completed
266_266_Kuosheng_Bay_(1998) SR 0.3 completed
266_266_Kuosheng_Bay_(1998) SC 0.4 completed
266_266_Kuosheng_Bay_(1998) SM 0.4 completed
266_266_Kuosheng_Bay_(1998) SE 0.4 completed
266_266_Kuosheng_Bay_(1998) SR 0.4 completed
266_266_Kuosheng_Bay_(1998) SC 0.5 completed
266_266_Kuosheng_Bay_(1998) SM 0.5 completed
266_266_Kuosheng_Bay_(1998) SE 0.5 completed
266_266_Kuosheng_Bay_(1998) SR 0.5 completed
266_266_Kuosheng_Bay_(1998) SC 0.75 completed
266_266_Kuosheng_Bay_(1998) SM 0.75 completed
266_266_Kuosheng_Bay_(1998) SE 0.75 completed
266_266_Kuosheng_Bay_(1998) SR 0.75 completed
266_266_Kuosheng_Bay_(1998) SC 1.0 completed
266_266_Kuosheng_Bay_(1998) SM 1.0 completed
266_266_Kuosheng_Bay_(1998) SE 1.0 completed
266_266_Kuosheng_Bay_(1998) SR 1.0 completed
Finished 2616 records 23580 group coefficients 50.4 seconds
