SCREEN 1 34_34_Chesapeake_(1950)
rejected_physical 0 Physical baseline exceeds prespecified closure tolerances
SCREEN 2 429_429_Sørfjord_(1993)
eligible 1 
SCREEN 3 153_153_Tampa_Bay_(1950)
eligible 2 
SCREEN 4 28_28_Central_Atlantic_(1950)
eligible 3 
SCREEN 5 111_111_North_Atlantic_(1950)
eligible 4 
SCREEN 6 179_179_Bamboung_(2003)
rejected_exception 4 KeyError: 'other_mort'
SCREEN 7 537_537_Santa_Pola_Bay_(2001)
eligible 5 
SCREEN 8 567_567_Arachania_(1992)
rejected_raw 5 No positive original living-group modeled harvest; Raw diet exceeds 0.001 rounding tolerance or contains invalid fractions
SCREEN 9 115_115_Northern_Benguela_(1956)
eligible 6 
SCREEN 10 447_447_Antarctic_(1970)
rejected_physical 6 Physical baseline exceeds prespecified closure tolerances
SCREEN 11 663_663_South_Shetlands_(1990)
eligible 7 
SCREEN 12 464_464_Germany,_Schlei_Fjord_(1980)
eligible 8 
SCREEN 13 496_496_Eritrea_(1998)
eligible 9 
SCREEN 14 431_431_Port_Phillip_Bay_(1994)
rejected_methods 9 No usable recycling-aware baseline at frozen settings
SCREEN 15 406_406_East_Bass_Strait_(1994)
rejected_raw 9 Negative living harvest; No positive original living-group modeled harvest
SCREEN 16 266_266_Kuosheng_Bay_(1998)
eligible 10 
SCREEN 17 175_175_Western_Bering_Sea_(1981)
eligible 11 
SCREEN 18 2_2_Alaska,_Prince_William_Sound_(1980)
eligible 12 
SCREEN 19 465_465_Albatross_Bay_(1986)
not_assessed_resource_limit 12 Baseline screening exceeded the 180-second per-candidate resource limit; numerical eligibility not established
SCREEN 20 436_436_Western_Tropical_Pacific_Ocean_(1990)
eligible 13 
SCREEN 21 53_53_Golfo_Dulce_(1993)
rejected_methods 13 No usable recycling-aware baseline at frozen settings
SCREEN 22 489_489_Sechura_Bay_(1996)
eligible 14 
SCREEN 23 777_777_Burrard_Inlet_1750-1980_CE_(1750)
rejected_physical 14 Physical baseline exceeds prespecified closure tolerances
SCREEN 24 763_763_West_Baffin_Bay,_Coastal_and_Shelf_(2016)
rejected_physical 14 Physical baseline exceeds prespecified closure tolerances
SCREEN 25 756_756_Western_Antarctic_Peninsula_(1996)
eligible 15 
SCREEN 26 781_781_Newfoundland_and_Labrador_shelf_region_(2018)
rejected_physical 15 Physical baseline exceeds prespecified closure tolerances
SCREEN 27 772_772_Falkland_Islands_(2020)
rejected_physical 15 Physical baseline exceeds prespecified closure tolerances
SCREEN 28 751_751_Malangen_Fjord_(2017)
rejected_methods 15 No usable recycling-aware baseline at frozen settings
SCREEN 29 774_774_Cockburn_Sound_(2015)
rejected_methods 15 No usable recycling-aware baseline at frozen settings
SCREEN 30 730_730_Moreton_Bay_Ecosystem_(1990)
eligible 16 
SCREEN 31 446_446_Hudson_Bay_(1970)
eligible 17 
SCREEN 32 403_403_Western_Channel_(1993)
eligible 18 
SCREEN 33 246_246_Celestun_(0)
rejected_physical 18 Physical baseline exceeds prespecified closure tolerances
SCREEN 34 29_29_Central_Atlantic_(1990)
eligible 19 
SCREEN 35 112_112_North_Atlantic_(1997)
eligible 20 
SELECTED 20 elapsed 499.9837830066681
