INFO - Starting conversion for directory: C:\Users\idoca\Desktop\אישי\אקדמיה\תואר שני\מחקר\BTN\GlobalPPREstimation\regions\LME_026\models\Piroddi_2022_Mediterranean_1995\extracted_tables
INFO - Output will be saved as: 26_2602022_Mediterranean_Piroddi_(1995).json
INFO - Biomass accumulation file Biomass_accumulation.csv is entirely blank: BA is UNKNOWN for every group (-9999), not zero.
INFO - Processing group: Bottlenose dolphin (ID: 1)
INFO -     - Total Diet + Import sum for Bottlenose dolphin: 1.00000
INFO -     - Detritus fate sum for Bottlenose dolphin: 0.00000
WARNING -     - Missing Detritus fate routing for Bottlenose dolphin (Sum = 0.0)
INFO - Processing group: Striped dolphin (ID: 2)
INFO -     - Total Diet + Import sum for Striped dolphin: 1.00000
INFO -     - Detritus fate sum for Striped dolphin: 0.00000
WARNING -     - Missing Detritus fate routing for Striped dolphin (Sum = 0.0)
INFO - Processing group: Common dolphin (ID: 3)
INFO -     - Total Diet + Import sum for Common dolphin: 1.00000
INFO -     - Detritus fate sum for Common dolphin: 0.00000
WARNING -     - Missing Detritus fate routing for Common dolphin (Sum = 0.0)
INFO - Processing group: Fin whale (ID: 4)
INFO -     - Total Diet + Import sum for Fin whale: 1.00000
INFO -     - Detritus fate sum for Fin whale: 0.00000
WARNING -     - Missing Detritus fate routing for Fin whale (Sum = 0.0)
INFO - Processing group: Sperm whale (ID: 5)
INFO -     - Total Diet + Import sum for Sperm whale: 1.00000
INFO -     - Detritus fate sum for Sperm whale: 0.00000
WARNING -     - Missing Detritus fate routing for Sperm whale (Sum = 0.0)
INFO - Processing group: Deep Sea cetaceans (ID: 6)
INFO -     - Total Diet + Import sum for Deep Sea cetaceans: 1.00000
INFO -     - Detritus fate sum for Deep Sea cetaceans: 0.00000
WARNING -     - Missing Detritus fate routing for Deep Sea cetaceans (Sum = 0.0)
INFO - Processing group: Monk seal (ID: 7)
INFO -     - Total Diet + Import sum for Monk seal: 1.00000
INFO -     - Detritus fate sum for Monk seal: 0.00000
WARNING -     - Missing Detritus fate routing for Monk seal (Sum = 0.0)
INFO - Processing group: Pelagic Seabird (ID: 8)
INFO -     - Total Diet + Import sum for Pelagic Seabird: 1.00000
INFO -     - Detritus fate sum for Pelagic Seabird: 0.00000
WARNING -     - Missing Detritus fate routing for Pelagic Seabird (Sum = 0.0)
INFO - Processing group: Gull&Cormorant (ID: 9)
INFO -     - Total Diet + Import sum for Gull&Cormorant: 1.00000
INFO -     - Detritus fate sum for Gull&Cormorant: 0.00000
WARNING -     - Missing Detritus fate routing for Gull&Cormorant (Sum = 0.0)
INFO - Processing group: Tern (ID: 10)
INFO -     - Total Diet + Import sum for Tern: 1.00000
INFO -     - Detritus fate sum for Tern: 0.00000
WARNING -     - Missing Detritus fate routing for Tern (Sum = 0.0)
INFO - Processing group: Loggerhead turtle (ID: 11)
INFO -     - Total Diet + Import sum for Loggerhead turtle: 1.00000
INFO -     - Detritus fate sum for Loggerhead turtle: 0.00000
WARNING -     - Missing Detritus fate routing for Loggerhead turtle (Sum = 0.0)
INFO - Processing group: Green turtle (ID: 12)
INFO -     - Total Diet + Import sum for Green turtle: 1.00000
INFO -     - Detritus fate sum for Green turtle: 0.00000
WARNING -     - Missing Detritus fate routing for Green turtle (Sum = 0.0)
INFO - Processing group: Pelagic shark (ID: 13)
INFO -     - Total Diet + Import sum for Pelagic shark: 1.00000
INFO -     - Detritus fate sum for Pelagic shark: 0.00000
WARNING -     - Missing Detritus fate routing for Pelagic shark (Sum = 0.0)
INFO - Processing group: NC large pelagic (ID: 14)
INFO -     - Total Diet + Import sum for NC large pelagic: 1.00000
INFO -     - Detritus fate sum for NC large pelagic: 0.00000
WARNING -     - Missing Detritus fate routing for NC large pelagic (Sum = 0.0)
INFO - Processing group: Bluefin tuna (ID: 15)
INFO -     - Total Diet + Import sum for Bluefin tuna: 1.00000
INFO -     - Detritus fate sum for Bluefin tuna: 0.00000
WARNING -     - Missing Detritus fate routing for Bluefin tuna (Sum = 0.0)
INFO - Processing group: Swordfish (ID: 16)
INFO -     - Total Diet + Import sum for Swordfish: 1.00000
INFO -     - Detritus fate sum for Swordfish: 0.00000
WARNING -     - Missing Detritus fate routing for Swordfish (Sum = 0.0)
INFO - Processing group: O large pelagic f. (ID: 17)
INFO -     - Total Diet + Import sum for O large pelagic f.: 1.00000
INFO -     - Detritus fate sum for O large pelagic f.: 0.00000
WARNING -     - Missing Detritus fate routing for O large pelagic f. (Sum = 0.0)
INFO - Processing group: Mackerel (ID: 18)
INFO -     - Total Diet + Import sum for Mackerel: 1.00000
INFO -     - Detritus fate sum for Mackerel: 0.00000
WARNING -     - Missing Detritus fate routing for Mackerel (Sum = 0.0)
INFO - Processing group: Horse mackerel (ID: 19)
INFO -     - Total Diet + Import sum for Horse mackerel: 1.00000
INFO -     - Detritus fate sum for Horse mackerel: 0.00000
WARNING -     - Missing Detritus fate routing for Horse mackerel (Sum = 0.0)
INFO - Processing group: O medium pelagic f. (ID: 20)
INFO -     - Total Diet + Import sum for O medium pelagic f.: 1.00000
INFO -     - Detritus fate sum for O medium pelagic f.: 0.00000
WARNING -     - Missing Detritus fate routing for O medium pelagic f. (Sum = 0.0)
INFO - Processing group: E. sardine Adult (ID: 21)
INFO -     - Total Diet + Import sum for E. sardine Adult: 1.00000
INFO -     - Detritus fate sum for E. sardine Adult: 0.00000
WARNING -     - Missing Detritus fate routing for E. sardine Adult (Sum = 0.0)
INFO - Processing group: E. sardine Recruit (ID: 22)
INFO -     - Total Diet + Import sum for E. sardine Recruit: 1.00000
INFO -     - Detritus fate sum for E. sardine Recruit: 0.00000
WARNING -     - Missing Detritus fate routing for E. sardine Recruit (Sum = 0.0)
INFO - Processing group: E. anchovy Adult (ID: 23)
INFO -     - Total Diet + Import sum for E. anchovy Adult: 1.00000
INFO -     - Detritus fate sum for E. anchovy Adult: 0.00000
WARNING -     - Missing Detritus fate routing for E. anchovy Adult (Sum = 0.0)
INFO - Processing group: E. Anchovy Recruit (ID: 24)
INFO -     - Total Diet + Import sum for E. Anchovy Recruit: 1.00000
INFO -     - Detritus fate sum for E. Anchovy Recruit: 0.00000
WARNING -     - Missing Detritus fate routing for E. Anchovy Recruit (Sum = 0.0)
INFO - Processing group: O small pelagic f. (ID: 25)
INFO -     - Total Diet + Import sum for O small pelagic f.: 1.00000
INFO -     - Detritus fate sum for O small pelagic f.: 0.00000
WARNING -     - Missing Detritus fate routing for O small pelagic f. (Sum = 0.0)
INFO - Processing group: Benthopelagic f. (ID: 26)
INFO -     - Total Diet + Import sum for Benthopelagic f.: 1.00000
INFO -     - Detritus fate sum for Benthopelagic f.: 0.00000
WARNING -     - Missing Detritus fate routing for Benthopelagic f. (Sum = 0.0)
INFO - Processing group: Mesopelagic f. (ID: 27)
INFO -     - Total Diet + Import sum for Mesopelagic f.: 1.00000
INFO -     - Detritus fate sum for Mesopelagic f.: 0.00000
WARNING -     - Missing Detritus fate routing for Mesopelagic f. (Sum = 0.0)
INFO - Processing group: Anglerfish (ID: 28)
INFO -     - Total Diet + Import sum for Anglerfish: 1.00000
INFO -     - Detritus fate sum for Anglerfish: 0.00000
WARNING -     - Missing Detritus fate routing for Anglerfish (Sum = 0.0)
INFO - Processing group: E. Hake Adult (ID: 29)
INFO -     - Total Diet + Import sum for E. Hake Adult: 0.99956
WARNING -     - Diet Sum is not 1 (0.99956). Normalizing to 1.0
INFO -     - Detritus fate sum for E. Hake Adult: 0.00000
WARNING -     - Missing Detritus fate routing for E. Hake Adult (Sum = 0.0)
INFO - Processing group: E. Hake Recruit (ID: 30)
INFO -     - Total Diet + Import sum for E. Hake Recruit: 1.00000
INFO -     - Detritus fate sum for E. Hake Recruit: 0.00000
WARNING -     - Missing Detritus fate routing for E. Hake Recruit (Sum = 0.0)
INFO - Processing group: OC large demersal f. (ID: 31)
INFO -     - Total Diet + Import sum for OC large demersal f.: 1.00000
INFO -     - Detritus fate sum for OC large demersal f.: 0.00000
WARNING -     - Missing Detritus fate routing for OC large demersal f. (Sum = 0.0)
INFO - Processing group: Gadidae (ID: 32)
INFO -     - Total Diet + Import sum for Gadidae: 1.00000
INFO -     - Detritus fate sum for Gadidae: 0.00000
WARNING -     - Missing Detritus fate routing for Gadidae (Sum = 0.0)
INFO - Processing group: Sparidae (ID: 33)
INFO -     - Total Diet + Import sum for Sparidae: 1.00000
INFO -     - Detritus fate sum for Sparidae: 0.00000
WARNING -     - Missing Detritus fate routing for Sparidae (Sum = 0.0)
INFO - Processing group: OC medium demersal f. (ID: 34)
INFO -     - Total Diet + Import sum for OC medium demersal f.: 1.00000
INFO -     - Detritus fate sum for OC medium demersal f.: 0.00000
WARNING -     - Missing Detritus fate routing for OC medium demersal f. (Sum = 0.0)
INFO - Processing group: Flatfish (ID: 35)
INFO -     - Total Diet + Import sum for Flatfish: 1.00000
INFO -     - Detritus fate sum for Flatfish: 0.00000
WARNING -     - Missing Detritus fate routing for Flatfish (Sum = 0.0)
INFO - Processing group: NC medium demersal f. (ID: 36)
INFO -     - Total Diet + Import sum for NC medium demersal f.: 1.00000
INFO -     - Detritus fate sum for NC medium demersal f.: 0.00000
WARNING -     - Missing Detritus fate routing for NC medium demersal f. (Sum = 0.0)
INFO - Processing group: Red mullet Adult (ID: 37)
INFO -     - Total Diet + Import sum for Red mullet Adult: 1.00000
INFO -     - Detritus fate sum for Red mullet Adult: 0.00000
WARNING -     - Missing Detritus fate routing for Red mullet Adult (Sum = 0.0)
INFO - Processing group: Red mullet Recruit (ID: 38)
INFO -     - Total Diet + Import sum for Red mullet Recruit: 1.00000
INFO -     - Detritus fate sum for Red mullet Recruit: 0.00000
WARNING -     - Missing Detritus fate routing for Red mullet Recruit (Sum = 0.0)
INFO - Processing group: Surmullet (ID: 39)
INFO -     - Total Diet + Import sum for Surmullet: 1.00000
INFO -     - Detritus fate sum for Surmullet: 0.00000
WARNING -     - Missing Detritus fate routing for Surmullet (Sum = 0.0)
INFO - Processing group: OC small demersal f. (ID: 40)
INFO -     - Total Diet + Import sum for OC small demersal f.: 1.00000
INFO -     - Detritus fate sum for OC small demersal f.: 0.00000
WARNING -     - Missing Detritus fate routing for OC small demersal f. (Sum = 0.0)
INFO - Processing group: NC small demersal f. (ID: 41)
INFO -     - Total Diet + Import sum for NC small demersal f.: 1.00000
INFO -     - Detritus fate sum for NC small demersal f.: 0.00000
WARNING -     - Missing Detritus fate routing for NC small demersal f. (Sum = 0.0)
INFO - Processing group: Bathydemersal f. (ID: 42)
INFO -     - Total Diet + Import sum for Bathydemersal f.: 1.00000
INFO -     - Detritus fate sum for Bathydemersal f.: 0.00000
WARNING -     - Missing Detritus fate routing for Bathydemersal f. (Sum = 0.0)
INFO - Processing group: Small-spotted catshark (ID: 43)
INFO -     - Total Diet + Import sum for Small-spotted catshark: 1.00000
INFO -     - Detritus fate sum for Small-spotted catshark: 0.00000
WARNING -     - Missing Detritus fate routing for Small-spotted catshark (Sum = 0.0)
INFO - Processing group: Blackmouth catshark (ID: 44)
INFO -     - Total Diet + Import sum for Blackmouth catshark: 1.00000
INFO -     - Detritus fate sum for Blackmouth catshark: 0.00000
WARNING -     - Missing Detritus fate routing for Blackmouth catshark (Sum = 0.0)
INFO - Processing group: O small demersal shark (ID: 45)
INFO -     - Total Diet + Import sum for O small demersal shark: 1.00000
INFO -     - Detritus fate sum for O small demersal shark: 0.00000
WARNING -     - Missing Detritus fate routing for O small demersal shark (Sum = 0.0)
INFO - Processing group: Ray&Skate (ID: 46)
INFO -     - Total Diet + Import sum for Ray&Skate: 1.00000
INFO -     - Detritus fate sum for Ray&Skate: 0.00000
WARNING -     - Missing Detritus fate routing for Ray&Skate (Sum = 0.0)
INFO - Processing group: Torpedo (ID: 47)
INFO -     - Total Diet + Import sum for Torpedo: 1.00000
INFO -     - Detritus fate sum for Torpedo: 0.00000
WARNING -     - Missing Detritus fate routing for Torpedo (Sum = 0.0)
INFO - Processing group: Benthic cephalopod (ID: 48)
INFO -     - Total Diet + Import sum for Benthic cephalopod: 1.00000
INFO -     - Detritus fate sum for Benthic cephalopod: 0.00000
WARNING -     - Missing Detritus fate routing for Benthic cephalopod (Sum = 0.0)
INFO - Processing group: Benthopelagic cephalopod (ID: 49)
INFO -     - Total Diet + Import sum for Benthopelagic cephalopod: 1.00000
INFO -     - Detritus fate sum for Benthopelagic cephalopod: 0.00000
WARNING -     - Missing Detritus fate routing for Benthopelagic cephalopod (Sum = 0.0)
INFO - Processing group: Mesopelagic cephalopod (ID: 50)
INFO -     - Total Diet + Import sum for Mesopelagic cephalopod: 1.00000
INFO -     - Detritus fate sum for Mesopelagic cephalopod: 0.00000
WARNING -     - Missing Detritus fate routing for Mesopelagic cephalopod (Sum = 0.0)
INFO - Processing group: Bivalve (ID: 51)
INFO -     - Total Diet + Import sum for Bivalve: 1.00000
INFO -     - Detritus fate sum for Bivalve: 0.00000
WARNING -     - Missing Detritus fate routing for Bivalve (Sum = 0.0)
INFO - Processing group: Gastropod (ID: 52)
INFO -     - Total Diet + Import sum for Gastropod: 1.00000
INFO -     - Detritus fate sum for Gastropod: 0.00000
WARNING -     - Missing Detritus fate routing for Gastropod (Sum = 0.0)
INFO - Processing group: Deep-water rose shrimp (ID: 53)
INFO -     - Total Diet + Import sum for Deep-water rose shrimp: 1.00000
INFO -     - Detritus fate sum for Deep-water rose shrimp: 0.00000
WARNING -     - Missing Detritus fate routing for Deep-water rose shrimp (Sum = 0.0)
INFO - Processing group: Blue and red shrimp (ID: 54)
INFO -     - Total Diet + Import sum for Blue and red shrimp: 1.00000
INFO -     - Detritus fate sum for Blue and red shrimp: 0.00000
WARNING -     - Missing Detritus fate routing for Blue and red shrimp (Sum = 0.0)
INFO - Processing group: Giant red shrimp (ID: 55)
INFO -     - Total Diet + Import sum for Giant red shrimp: 1.00000
INFO -     - Detritus fate sum for Giant red shrimp: 0.00000
WARNING -     - Missing Detritus fate routing for Giant red shrimp (Sum = 0.0)
INFO - Processing group: Commercial prawn (ID: 56)
INFO -     - Total Diet + Import sum for Commercial prawn: 1.00000
INFO -     - Detritus fate sum for Commercial prawn: 0.00000
WARNING -     - Missing Detritus fate routing for Commercial prawn (Sum = 0.0)
INFO - Processing group: NC shrimp/prawn (ID: 57)
INFO -     - Total Diet + Import sum for NC shrimp/prawn: 1.00000
INFO -     - Detritus fate sum for NC shrimp/prawn: 0.00000
WARNING -     - Missing Detritus fate routing for NC shrimp/prawn (Sum = 0.0)
INFO - Processing group: Norway lobster (ID: 58)
INFO -     - Total Diet + Import sum for Norway lobster: 1.00000
INFO -     - Detritus fate sum for Norway lobster: 0.00000
WARNING -     - Missing Detritus fate routing for Norway lobster (Sum = 0.0)
INFO - Processing group: OC decapod (ID: 59)
INFO -     - Total Diet + Import sum for OC decapod: 1.00000
INFO -     - Detritus fate sum for OC decapod: 0.00000
WARNING -     - Missing Detritus fate routing for OC decapod (Sum = 0.0)
INFO - Processing group: NC decapod (ID: 60)
INFO -     - Total Diet + Import sum for NC decapod: 1.00000
INFO -     - Detritus fate sum for NC decapod: 0.00000
WARNING -     - Missing Detritus fate routing for NC decapod (Sum = 0.0)
INFO - Processing group: Mobile benthos (ID: 61)
INFO -     - Total Diet + Import sum for Mobile benthos: 1.00000
INFO -     - Detritus fate sum for Mobile benthos: 0.00000
WARNING -     - Missing Detritus fate routing for Mobile benthos (Sum = 0.0)
INFO - Processing group: Sessile benthos (ID: 62)
INFO -     - Total Diet + Import sum for Sessile benthos: 1.00000
INFO -     - Detritus fate sum for Sessile benthos: 0.00000
WARNING -     - Missing Detritus fate routing for Sessile benthos (Sum = 0.0)
INFO - Processing group: Jellyfish&Salp (ID: 63)
INFO -     - Total Diet + Import sum for Jellyfish&Salp: 1.00000
INFO -     - Detritus fate sum for Jellyfish&Salp: 0.00000
WARNING -     - Missing Detritus fate routing for Jellyfish&Salp (Sum = 0.0)
INFO - Processing group: Coral&Gorgonian (ID: 64)
INFO -     - Total Diet + Import sum for Coral&Gorgonian: 1.00000
INFO -     - Detritus fate sum for Coral&Gorgonian: 0.00000
WARNING -     - Missing Detritus fate routing for Coral&Gorgonian (Sum = 0.0)
INFO - Processing group: Zooplankton (ID: 65)
INFO -     - Total Diet + Import sum for Zooplankton: 1.00000
INFO -     - Detritus fate sum for Zooplankton: 0.00000
WARNING -     - Missing Detritus fate routing for Zooplankton (Sum = 0.0)
INFO - Processing group: Seagrass (ID: 66)
INFO -     -> Identified as Primary Producer (pp = 1).
INFO - Processing group: Seaweed (ID: 67)
INFO -     -> Identified as Primary Producer (pp = 1).
INFO - Processing group: Small Phytoplankton (ID: 68)
INFO -     -> Identified as Primary Producer (pp = 1).
INFO - Processing group: Large Phytoplankton (ID: 69)
INFO -     -> Identified as Primary Producer (pp = 1).
INFO - Processing group: Discards (ID: 70)
INFO -     -> Identified as Detritus group (pp = 2).
INFO - Processing group: Detritus (ID: 71)
INFO -     -> Identified as Detritus group (pp = 2).
INFO - 
Success: Output saved to C:\Users\idoca\Desktop\אישי\אקדמיה\תואר שני\מחקר\BTN\GlobalPPREstimation\regions\LME_026\models\Piroddi_2022_Mediterranean_1995\extracted_tables\26_2602022_Mediterranean_Piroddi_(1995).json
INFO - 
--- Mass balance check: INDETERMINATE ---
INFO - BA is unknown (-9999) for 71 of 71 group(s); those groups cannot be decided unless they reconcile without it.
INFO - NOTE  65 group(s) carry all four of B/P-B/Q-B/EE - Ecopath needs three, so one of them is probably a published model estimate rather than an input; record which in REPORT.md: 1 (Bottlenose dolphin), 2 (Striped dolphin), 3 (Common dolphin), 4 (Fin whale), 5 (Sperm whale), 6 (Deep Sea cetaceans), 7 (Monk seal), 8 (Pelagic Seabird) ...
INFO - NOTE  detritus pools (2): inflow ~754.9, consumption ~30.21 t/km^2/year, implied EE ~0.040 (indicative - export is not separated, it uses recomputed EE where the source gave none, and any unknown BA is left out of the flows entirely)
WARNING - INDET group 1 (Bottlenose dolphin): printed EE 0.05 vs recomputed 0.201 (diff 0.151) with BA unknown - a BA of -2.251e-05 t/km^2/year (-0.15 of production) would close it - undecidable: this may be an extraction error or the BA the source never printed
WARNING - INDET group 2 (Striped dolphin): printed EE 0.65 vs recomputed 0.499 (diff 0.151) with BA unknown - a BA of +3.303e-05 t/km^2/year (+0.15 of production) would close it - undecidable: this may be an extraction error or the BA the source never printed
WARNING - INDET group 3 (Common dolphin): printed EE 0.01 vs recomputed 0.852 (diff 0.842) with BA unknown - a BA of -1.681e-05 t/km^2/year (-0.84 of production) would close it - undecidable: this may be an extraction error or the BA the source never printed
WARNING - INDET group 4 (Fin whale): recomputed EE = 1.478 > 1 without BA, and BA is unknown - undecidable until the source is checked for biomass accumulation
WARNING - INDET group 11 (Loggerhead turtle): printed EE 0.95 vs recomputed 0.675 (diff 0.275) with BA unknown - a BA of +0.0001332 t/km^2/year (+0.27 of production) would close it - undecidable: this may be an extraction error or the BA the source never printed
WARNING - INDET group 12 (Green turtle): printed EE 0.99 vs recomputed 0.641 (diff 0.349) with BA unknown - a BA of +1.852e-05 t/km^2/year (+0.35 of production) would close it - undecidable: this may be an extraction error or the BA the source never printed
WARNING - INDET group 15 (Bluefin tuna): printed EE 0.408032 vs recomputed 0.335 (diff 0.073) with BA unknown - a BA of +0.00508 t/km^2/year (+0.07 of production) would close it - undecidable: this may be an extraction error or the BA the source never printed
WARNING - WARN  group 1 (Bottlenose dolphin): P/Q = 0.003 outside the usual 0.02-0.5 range - check the P/B and Q/B columns
WARNING - WARN  group 2 (Striped dolphin): P/Q = 0.002 outside the usual 0.02-0.5 range - check the P/B and Q/B columns
WARNING - WARN  group 3 (Common dolphin): P/Q = 0.002 outside the usual 0.02-0.5 range - check the P/B and Q/B columns
WARNING - WARN  group 4 (Fin whale): P/Q = 0.003 outside the usual 0.02-0.5 range - check the P/B and Q/B columns
WARNING - WARN  group 5 (Sperm whale): P/Q = 0.006 outside the usual 0.02-0.5 range - check the P/B and Q/B columns
WARNING - WARN  group 6 (Deep Sea cetaceans): P/Q = 0.005 outside the usual 0.02-0.5 range - check the P/B and Q/B columns
WARNING - WARN  group 7 (Monk seal): P/Q = 0.003 outside the usual 0.02-0.5 range - check the P/B and Q/B columns
WARNING - WARN  group 8 (Pelagic Seabird): P/Q = 0.003 outside the usual 0.02-0.5 range - check the P/B and Q/B columns
WARNING - WARN  group 9 (Gull&Cormorant): P/Q = 0.002 outside the usual 0.02-0.5 range - check the P/B and Q/B columns
WARNING - WARN  group 10 (Tern): P/Q = 0.002 outside the usual 0.02-0.5 range - check the P/B and Q/B columns
INFO - 0 error(s), 7 indeterminate, 10 warning(s), 2 note(s)
INFO - An indeterminate group is a prompt to go back to the source for biomass accumulation, not a BA to enter. A BA this check suggested and then validated itself against would prove nothing.
INFO - Mass balance section written to C:\Users\idoca\Desktop\אישי\אקדמיה\תואר שני\מחקר\BTN\GlobalPPREstimation\regions\LME_026\models\Piroddi_2022_Mediterranean_1995\extracted_tables\MASS_BALANCE.md
INFO - Log saved to C:\Users\idoca\Desktop\אישי\אקדמיה\תואר שני\מחקר\BTN\GlobalPPREstimation\regions\LME_026\models\Piroddi_2022_Mediterranean_1995\extracted_tables\ewe_conversion.log
INFO - Reading JSON: C:\Users\idoca\Desktop\אישי\אקדמיה\תואר שני\מחקר\BTN\GlobalPPREstimation\regions\LME_026\models\Piroddi_2022_Mediterranean_1995\extracted_tables\26_2602022_Mediterranean_Piroddi_(1995).json
INFO - Writing reconstructed files to: C:\Users\idoca\Desktop\אישי\אקדמיה\תואר שני\מחקר\BTN\GlobalPPREstimation\regions\LME_026\models\Piroddi_2022_Mediterranean_1995\extracted_tables\26_2602022_Mediterranean_Piroddi_(1995)_reconstructed.xlsx
INFO -   -> Included 'Landings' sheet (calculated from 'export' param)
INFO -   -> Included 'Taxonomy' sheet
INFO -   -> Included 'Detritus fate' sheet (Pools identified: 2)
INFO - 
Success! Validation file generated.
