  # group                                B      P/B      Q/B      EE  EE calc    P/Q    catch
  1 Blue shark                      0.0111     0.46     2.75    0.05   0.0558  0.167        -
  2 Other sharks                    0.0057     0.39      2.5    0.13    0.135  0.156   0.0003
  3 Swordfish                       0.0117     0.49      2.5    0.16        0  0.196        -
  4 Tunas                            0.015     0.42      4.6    0.81    0.603 0.0913   0.0038
  5 Pelagic stingray                0.0005     0.75      2.5    0.51    0.533    0.3   0.0002
  6 Ocean sunfish                   0.0022     0.75      2.5    0.95     1.04    0.3        -
  7 Salmon                          0.0044     1.94     6.47    0.11   0.0715    0.3        -
  8 Large mesopelagic fishes        0.0002     0.45      1.5    0.55     44.7    0.3        -
  9 Large pelagic fishes            0.0008     1.59      5.3     0.6     4.79    0.3   0.0008
 10 Small mesopelagic fishes        0.1429      2.5       10    0.95     1.33   0.25   0.0004
 11 Small pelagic fishes               0.1     1.52     5.07    0.95     1.07    0.3   0.0002
 12 Pomfret                         0.0221     0.48      5.8    0.13    0.771 0.0828        -
 13 Medusafish; barrelfish and      0.0006     0.95     4.86    0.79    0.536  0.195        -
 14 Chub mackerel                   0.0743     2.79    11.63    0.17   0.0617   0.24   0.0125
 15 Japanese anchovy                0.1117     2.96     9.87    0.95   0.0992    0.3   0.0001
 16 Pacific sardine                 0.5777      0.9     5.61    0.74    0.715   0.16   0.1037
 17 Pacific saury                   0.3984     1.25     4.17    0.95     0.94    0.3     0.46
 18 Lantern fish                    0.0383      3.2       10    0.65     12.6   0.32        -
 19 Cephalopoda                     0.1278     2.56      7.3    0.95     2.14  0.351   0.0006
 20 Small cephalopoda               0.0525      3.5    13.64    0.95   0.0947  0.257        -
 21 Krill                           0.4641     2.56    12.05    0.95    0.474  0.212        -
 22 Other crustaceans               0.2702        8       30    0.95     1.69  0.267        -
 23 Zooplankton                      10.48    23.16    45.35    0.06   0.0458  0.511        -
 24 Phytoplankton                    7.189    153.8        -    0.43    0.428      -        -
 25 Detritus                          28.5        -        -    0.01        -      -        -

NOTE  group 1 (Blue shark): all four of B/P-B/Q-B/EE given — one is probably an Ecopath estimate; record which in the report
NOTE  group 2 (Other sharks): all four of B/P-B/Q-B/EE given — one is probably an Ecopath estimate; record which in the report
NOTE  group 3 (Swordfish): all four of B/P-B/Q-B/EE given — one is probably an Ecopath estimate; record which in the report
NOTE  group 4 (Tunas): all four of B/P-B/Q-B/EE given — one is probably an Ecopath estimate; record which in the report
NOTE  group 5 (Pelagic stingray): all four of B/P-B/Q-B/EE given — one is probably an Ecopath estimate; record which in the report
NOTE  group 6 (Ocean sunfish): all four of B/P-B/Q-B/EE given — one is probably an Ecopath estimate; record which in the report
NOTE  group 7 (Salmon): all four of B/P-B/Q-B/EE given — one is probably an Ecopath estimate; record which in the report
NOTE  group 8 (Large mesopelagic fishes): all four of B/P-B/Q-B/EE given — one is probably an Ecopath estimate; record which in the report
NOTE  group 9 (Large pelagic fishes): all four of B/P-B/Q-B/EE given — one is probably an Ecopath estimate; record which in the report
NOTE  group 10 (Small mesopelagic fishes): all four of B/P-B/Q-B/EE given — one is probably an Ecopath estimate; record which in the report
NOTE  group 11 (Small pelagic fishes): all four of B/P-B/Q-B/EE given — one is probably an Ecopath estimate; record which in the report
NOTE  group 12 (Pomfret): all four of B/P-B/Q-B/EE given — one is probably an Ecopath estimate; record which in the report
NOTE  group 13 (Medusafish; barrelfish and driftfish): all four of B/P-B/Q-B/EE given — one is probably an Ecopath estimate; record which in the report
NOTE  group 14 (Chub mackerel): all four of B/P-B/Q-B/EE given — one is probably an Ecopath estimate; record which in the report
NOTE  group 15 (Japanese anchovy): all four of B/P-B/Q-B/EE given — one is probably an Ecopath estimate; record which in the report
NOTE  group 16 (Pacific sardine): all four of B/P-B/Q-B/EE given — one is probably an Ecopath estimate; record which in the report
NOTE  group 17 (Pacific saury): all four of B/P-B/Q-B/EE given — one is probably an Ecopath estimate; record which in the report
NOTE  group 18 (Lantern fish): all four of B/P-B/Q-B/EE given — one is probably an Ecopath estimate; record which in the report
NOTE  group 19 (Cephalopoda): all four of B/P-B/Q-B/EE given — one is probably an Ecopath estimate; record which in the report
NOTE  group 20 (Small cephalopoda): all four of B/P-B/Q-B/EE given — one is probably an Ecopath estimate; record which in the report
NOTE  group 21 (Krill): all four of B/P-B/Q-B/EE given — one is probably an Ecopath estimate; record which in the report
NOTE  group 22 (Other crustaceans): all four of B/P-B/Q-B/EE given — one is probably an Ecopath estimate; record which in the report
NOTE  group 23 (Zooplankton): all four of B/P-B/Q-B/EE given — one is probably an Ecopath estimate; record which in the report
NOTE  detritus pools (1): inflow ~958.9, consumption ~3.242 t/km2/yr, implied EE ~0.003 (indicative — export not separated, and it uses recomputed EE where the paper gave none)
WARN  group 3 (Swordfish): printed EE 0.16 vs recomputed 0.000 (diff 0.160) — a BA of +0.0009173 t/km2/year (+0.16 of production) would close this; check whether the paper reports biomass accumulation
WARN  group 4 (Tunas): printed EE 0.81 vs recomputed 0.603 (diff 0.207) — a BA of +0.001303 t/km2/year (+0.21 of production) would close this; check whether the paper reports biomass accumulation
WARN  group 6 (Ocean sunfish): printed EE 0.95 vs recomputed 1.037 (diff 0.087) — a BA of -0.000143 t/km2/year (-0.09 of production) would close this; check whether the paper reports biomass accumulation
WARN  group 8 (Large mesopelagic fishes): printed EE 0.55 vs recomputed 44.708 (diff 44.158)
WARN  group 9 (Large pelagic fishes): printed EE 0.6 vs recomputed 4.785 (diff 4.185)
WARN  group 10 (Small mesopelagic fishes): printed EE 0.95 vs recomputed 1.330 (diff 0.380) — a BA of -0.1357 t/km2/year (-0.38 of production) would close this; check whether the paper reports biomass accumulation
WARN  group 11 (Small pelagic fishes): printed EE 0.95 vs recomputed 1.070 (diff 0.120) — a BA of -0.01821 t/km2/year (-0.12 of production) would close this; check whether the paper reports biomass accumulation
WARN  group 12 (Pomfret): printed EE 0.13 vs recomputed 0.771 (diff 0.641) — a BA of -0.006794 t/km2/year (-0.64 of production) would close this; check whether the paper reports biomass accumulation
WARN  group 13 (Medusafish; barrelfish and driftfish): printed EE 0.79 vs recomputed 0.536 (diff 0.254) — a BA of +0.000145 t/km2/year (+0.25 of production) would close this; check whether the paper reports biomass accumulation
WARN  group 14 (Chub mackerel): printed EE 0.17 vs recomputed 0.062 (diff 0.108) — a BA of +0.02246 t/km2/year (+0.11 of production) would close this; check whether the paper reports biomass accumulation
WARN  group 15 (Japanese anchovy): printed EE 0.95 vs recomputed 0.099 (diff 0.851) — a BA of +0.2813 t/km2/year (+0.85 of production) would close this; check whether the paper reports biomass accumulation
WARN  group 18 (Lantern fish): printed EE 0.65 vs recomputed 12.601 (diff 11.951)
WARN  group 19 (Cephalopoda): printed EE 0.95 vs recomputed 2.138 (diff 1.188)
WARN  group 20 (Small cephalopoda): printed EE 0.95 vs recomputed 0.095 (diff 0.855) — a BA of +0.1572 t/km2/year (+0.86 of production) would close this; check whether the paper reports biomass accumulation
WARN  group 21 (Krill): printed EE 0.95 vs recomputed 0.474 (diff 0.476) — a BA of +0.5659 t/km2/year (+0.48 of production) would close this; check whether the paper reports biomass accumulation
WARN  group 22 (Other crustaceans): printed EE 0.95 vs recomputed 1.687 (diff 0.737) — a BA of -1.592 t/km2/year (-0.74 of production) would close this; check whether the paper reports biomass accumulation
WARN  group 23 (Zooplankton): P/Q = 0.511 outside the usual 0.02-0.5 range — check the P/B and Q/B columns
ERROR group 6 (Ocean sunfish): recomputed EE = 1.037 > 1 — consumption+catch+BA (0.00171) exceeds production (0.00165)
ERROR group 8 (Large mesopelagic fishes): recomputed EE = 44.708 > 1 — consumption+catch+BA (0.004024) exceeds production (9e-05)
ERROR group 9 (Large pelagic fishes): recomputed EE = 4.785 > 1 — consumption+catch+BA (0.006087) exceeds production (0.001272)
ERROR group 10 (Small mesopelagic fishes): recomputed EE = 1.330 > 1 — consumption+catch+BA (0.4751) exceeds production (0.3573)
ERROR group 11 (Small pelagic fishes): recomputed EE = 1.070 > 1 — consumption+catch+BA (0.1626) exceeds production (0.152)
ERROR group 18 (Lantern fish): recomputed EE = 12.601 > 1 — consumption+catch+BA (1.544) exceeds production (0.1226)
ERROR group 19 (Cephalopoda): recomputed EE = 2.138 > 1 — consumption+catch+BA (0.6996) exceeds production (0.3272)
ERROR group 22 (Other crustaceans): recomputed EE = 1.687 > 1 — consumption+catch+BA (3.646) exceeds production (2.162)

8 error(s), 17 warning(s), 24 note(s)
Check each error against a rendered image of the source page before changing anything. Do not adjust numbers to make this pass.

