SUMMARIZED 111_111_North_Atlantic_(1950) 2616
SUMMARIZED 112_112_North_Atlantic_(1997) 2616
SUMMARIZED 115_115_Northern_Benguela_(1956) 2616
SUMMARIZED 13_2_Northern_Humboldt_Current_(1995-1998) 2616
SUMMARIZED 153_153_Tampa_Bay_(1950) 2616
SUMMARIZED 266_266_Kuosheng_Bay_(1998) 2616
SUMMARIZED 267_267_Lagoon_Chiku_-_Taiwan_(1997) 2616
SUMMARIZED 28_28_Central_Atlantic_(1950) 2616
SUMMARIZED 28_646_Guinea_(1998) 2616
SUMMARIZED 29_29_Central_Atlantic_(1990) 2616
SUMMARIZED 2_2_Alaska,_Prince_William_Sound_(1980) 2616
SUMMARIZED 34_1_Bay_of_Bengal_(1978) 2616
SUMMARIZED 429_429_Sørfjord_(1993) 2616
SUMMARIZED 436_436_Western_Tropical_Pacific_Ocean_(1990) 2616
SUMMARIZED 446_446_Hudson_Bay_(1970) 2616
SUMMARIZED 462_462_Northern_Gulf_of_St_Lawrence_(1990) 2616
SUMMARIZED 464_464_Germany,_Schlei_Fjord_(1980) 2616
SUMMARIZED 485_485_South_Benguela_(1978) 2616
SUMMARIZED 489_489_Sechura_Bay_(1996) 2616
SUMMARIZED 490_490_Independence_Bay_(1996) 2616
SUMMARIZED 496_496_Eritrea_(1998) 2616
SUMMARIZED 52_1_Sea_of_Okhotsk_NE_(1980) 2616
SUMMARIZED 663_663_South_Shetlands_(1990) 2616
SUMMARIZED 756_756_Western_Antarctic_Peninsula_(1996) 2616
SUMMARY {'scenario_records': 62784, 'group_coefficient_rows': 999500}
