BASELINE 175_175_Western_Bering_Sea_(1981)
175_175_Western_Bering_Sea_(1981) S0 0.0 completed
175_175_Western_Bering_Sea_(1981) SC 0.0 completed
175_175_Western_Bering_Sea_(1981) SM 0.0 completed
175_175_Western_Bering_Sea_(1981) SE 0.0 completed
175_175_Western_Bering_Sea_(1981) SR 0.0 completed
175_175_Western_Bering_Sea_(1981) SC 0.01 completed
175_175_Western_Bering_Sea_(1981) SM 0.01 completed
175_175_Western_Bering_Sea_(1981) SE 0.01 completed
175_175_Western_Bering_Sea_(1981) SR 0.01 completed
175_175_Western_Bering_Sea_(1981) SC 0.02 completed
175_175_Western_Bering_Sea_(1981) SM 0.02 completed
175_175_Western_Bering_Sea_(1981) SE 0.02 completed
175_175_Western_Bering_Sea_(1981) SR 0.02 completed
175_175_Western_Bering_Sea_(1981) SC 0.03 completed
175_175_Western_Bering_Sea_(1981) SM 0.03 completed
175_175_Western_Bering_Sea_(1981) SE 0.03 completed
175_175_Western_Bering_Sea_(1981) SR 0.03 completed
175_175_Western_Bering_Sea_(1981) SC 0.04 completed
175_175_Western_Bering_Sea_(1981) SM 0.04 completed
175_175_Western_Bering_Sea_(1981) SE 0.04 completed
175_175_Western_Bering_Sea_(1981) SR 0.04 completed
175_175_Western_Bering_Sea_(1981) SC 0.05 completed
175_175_Western_Bering_Sea_(1981) SM 0.05 completed
175_175_Western_Bering_Sea_(1981) SE 0.05 completed
175_175_Western_Bering_Sea_(1981) SR 0.05 completed
175_175_Western_Bering_Sea_(1981) SC 0.06 completed
175_175_Western_Bering_Sea_(1981) SM 0.06 completed
175_175_Western_Bering_Sea_(1981) SE 0.06 completed
175_175_Western_Bering_Sea_(1981) SR 0.06 completed
175_175_Western_Bering_Sea_(1981) SC 0.07 completed
175_175_Western_Bering_Sea_(1981) SM 0.07 completed
175_175_Western_Bering_Sea_(1981) SE 0.07 completed
175_175_Western_Bering_Sea_(1981) SR 0.07 completed
175_175_Western_Bering_Sea_(1981) SC 0.08 completed
175_175_Western_Bering_Sea_(1981) SM 0.08 completed
175_175_Western_Bering_Sea_(1981) SE 0.08 completed
175_175_Western_Bering_Sea_(1981) SR 0.08 completed
175_175_Western_Bering_Sea_(1981) SC 0.09 completed
175_175_Western_Bering_Sea_(1981) SM 0.09 completed
175_175_Western_Bering_Sea_(1981) SE 0.09 completed
175_175_Western_Bering_Sea_(1981) SR 0.09 completed
175_175_Western_Bering_Sea_(1981) SC 0.1 completed
175_175_Western_Bering_Sea_(1981) SM 0.1 completed
175_175_Western_Bering_Sea_(1981) SE 0.1 completed
175_175_Western_Bering_Sea_(1981) SR 0.1 completed
175_175_Western_Bering_Sea_(1981) SC 0.11 completed
175_175_Western_Bering_Sea_(1981) SM 0.11 completed
175_175_Western_Bering_Sea_(1981) SE 0.11 completed
175_175_Western_Bering_Sea_(1981) SR 0.11 completed
175_175_Western_Bering_Sea_(1981) SC 0.12 completed
175_175_Western_Bering_Sea_(1981) SM 0.12 completed
175_175_Western_Bering_Sea_(1981) SE 0.12 completed
175_175_Western_Bering_Sea_(1981) SR 0.12 completed
175_175_Western_Bering_Sea_(1981) SC 0.13 completed
175_175_Western_Bering_Sea_(1981) SM 0.13 completed
175_175_Western_Bering_Sea_(1981) SE 0.13 completed
175_175_Western_Bering_Sea_(1981) SR 0.13 completed
175_175_Western_Bering_Sea_(1981) SC 0.14 completed
175_175_Western_Bering_Sea_(1981) SM 0.14 completed
175_175_Western_Bering_Sea_(1981) SE 0.14 completed
175_175_Western_Bering_Sea_(1981) SR 0.14 completed
175_175_Western_Bering_Sea_(1981) SC 0.15 completed
175_175_Western_Bering_Sea_(1981) SM 0.15 completed
175_175_Western_Bering_Sea_(1981) SE 0.15 completed
175_175_Western_Bering_Sea_(1981) SR 0.15 completed
175_175_Western_Bering_Sea_(1981) SC 0.16 completed
175_175_Western_Bering_Sea_(1981) SM 0.16 completed
175_175_Western_Bering_Sea_(1981) SE 0.16 completed
175_175_Western_Bering_Sea_(1981) SR 0.16 completed
175_175_Western_Bering_Sea_(1981) SC 0.17 completed
175_175_Western_Bering_Sea_(1981) SM 0.17 completed
175_175_Western_Bering_Sea_(1981) SE 0.17 completed
175_175_Western_Bering_Sea_(1981) SR 0.17 completed
175_175_Western_Bering_Sea_(1981) SC 0.18 completed
175_175_Western_Bering_Sea_(1981) SM 0.18 completed
175_175_Western_Bering_Sea_(1981) SE 0.18 completed
175_175_Western_Bering_Sea_(1981) SR 0.18 completed
175_175_Western_Bering_Sea_(1981) SC 0.19 completed
175_175_Western_Bering_Sea_(1981) SM 0.19 completed
175_175_Western_Bering_Sea_(1981) SE 0.19 completed
175_175_Western_Bering_Sea_(1981) SR 0.19 completed
175_175_Western_Bering_Sea_(1981) SC 0.2 completed
175_175_Western_Bering_Sea_(1981) SM 0.2 completed
175_175_Western_Bering_Sea_(1981) SE 0.2 completed
175_175_Western_Bering_Sea_(1981) SR 0.2 completed
175_175_Western_Bering_Sea_(1981) SC 0.25 completed
175_175_Western_Bering_Sea_(1981) SM 0.25 completed
175_175_Western_Bering_Sea_(1981) SE 0.25 completed
175_175_Western_Bering_Sea_(1981) SR 0.25 completed
175_175_Western_Bering_Sea_(1981) SC 0.3 completed
175_175_Western_Bering_Sea_(1981) SM 0.3 completed
175_175_Western_Bering_Sea_(1981) SE 0.3 completed
175_175_Western_Bering_Sea_(1981) SR 0.3 completed
175_175_Western_Bering_Sea_(1981) SC 0.4 completed
175_175_Western_Bering_Sea_(1981) SM 0.4 completed
175_175_Western_Bering_Sea_(1981) SE 0.4 completed
175_175_Western_Bering_Sea_(1981) SR 0.4 completed
175_175_Western_Bering_Sea_(1981) SC 0.5 completed
175_175_Western_Bering_Sea_(1981) SM 0.5 completed
175_175_Western_Bering_Sea_(1981) SE 0.5 completed
175_175_Western_Bering_Sea_(1981) SR 0.5 completed
175_175_Western_Bering_Sea_(1981) SC 0.75 completed
175_175_Western_Bering_Sea_(1981) SM 0.75 completed
175_175_Western_Bering_Sea_(1981) SE 0.75 completed
175_175_Western_Bering_Sea_(1981) SR 0.75 completed
175_175_Western_Bering_Sea_(1981) SC 1.0 completed
175_175_Western_Bering_Sea_(1981) SM 1.0 completed
175_175_Western_Bering_Sea_(1981) SE 1.0 completed
175_175_Western_Bering_Sea_(1981) SR 1.0 completed
Finished 2616 records 48470 group coefficients 140.1 seconds
