C:\Users\idoca\Desktop\אישי\אקדמיה\תואר שני\מחקר\BTN\GlobalPPREstimation\regions\EEZ_941\models\941_200702_WCPO_Warm_Pool_Initial_(mixed_periods)\extracted_tables

wrote 8 files to C:\Users\idoca\Desktop\אישי\אקדמיה\תואר שני\מחקר\BTN\GlobalPPREstimation\regions\EEZ_941\models\941_200702_WCPO_Warm_Pool_Initial_(mixed_periods)\extracted_tables
  941_EEZ_Kiribati_Gilbert_Islands_proxy_200702_WCPO_Warm_Pool_Initial_(mixed_periods).json
  941_EEZ_Kiribati_Gilbert_Islands_proxy_200702_WCPO_Warm_Pool_Initial_(mixed_periods)_reconstructed.xlsx
  Basic_input.csv
  Biomass_accumulation.csv
  canonical_mass_balance.log
  CANONICAL_reconstructed.xlsx
  CANONICAL_RECONSTRUCTION.txt
  converter_to_canonical_audit.json
  DATABASE_CONVERSION.txt
  Detritus_fate.csv
  Diet_composition.csv
  Discards.csv
  ewe_conversion.log
  Landings.csv
  MASS_BALANCE.md
  MASS_BALANCE_CANONICAL.json
  MASS_BALANCE_CANONICAL.md
  MASS_BALANCE_SOURCE.txt
  Metadata.xlsx
  published_diet_column_sums.csv
  REPORT.md
  taxonomy.csv
  Taxonomy.xlsx
  TL.xlsx
  VALIDATION.txt
