
--- Running Pipeline Option 1 (Dir -> JSON -> Excel) ---

INFO - Starting conversion for directory: C:\Users\idoca\Desktop\אישי\אקדמיה\תואר שני\מחקר\BTN\GlobalPPREstimation\regions\LME_022\models\NS-2025_ECS-1890-1895\extracted_tables
INFO - Output will be saved as: 22_20251890_East_Coast_of_Scotland_(1890-1895).json
INFO - Biomass accumulation file Biomass_accumulation.csv is entirely blank: BA is UNKNOWN for every group (-9999), not zero.
INFO - Processing group: Phytoplankton (ID: 1)
INFO -     -> Identified as Primary Producer (pp = 1).
INFO - Processing group: Small zooplankton (ID: 2)
INFO -     - Total Diet + Import sum for Small zooplankton: 1.00000
INFO -     - Detritus fate sum for Small zooplankton: 0.00000
WARNING -     - Missing Detritus fate routing for Small zooplankton (Sum = 0.0)
INFO - Processing group: Large zooplankton (ID: 3)
INFO -     - Total Diet + Import sum for Large zooplankton: 1.00000
INFO -     - Detritus fate sum for Large zooplankton: 0.00000
WARNING -     - Missing Detritus fate routing for Large zooplankton (Sum = 0.0)
INFO - Processing group: Infauna (ID: 4)
INFO -     - Total Diet + Import sum for Infauna: 1.00000
INFO -     - Detritus fate sum for Infauna: 0.00000
WARNING -     - Missing Detritus fate routing for Infauna (Sum = 0.0)
INFO - Processing group: Epifauna (ID: 5)
INFO -     - Total Diet + Import sum for Epifauna: 1.00000
INFO -     - Detritus fate sum for Epifauna: 0.00000
WARNING -     - Missing Detritus fate routing for Epifauna (Sum = 0.0)
INFO - Processing group: Crustacea (ID: 6)
INFO -     - Total Diet + Import sum for Crustacea: 1.00010
WARNING -     - Diet Sum is not 1 (1.00010). Normalizing to 1.0
INFO -     - Detritus fate sum for Crustacea: 0.00000
WARNING -     - Missing Detritus fate routing for Crustacea (Sum = 0.0)
INFO - Processing group: Squid & Octopus (ID: 7)
INFO -     - Total Diet + Import sum for Squid & Octopus: 1.00009
WARNING -     - Diet Sum is not 1 (1.00009). Normalizing to 1.0
INFO -     - Detritus fate sum for Squid & Octopus: 0.00000
WARNING -     - Missing Detritus fate routing for Squid & Octopus (Sum = 0.0)
INFO - Processing group: Flatfishes (ID: 8)
INFO -     - Total Diet + Import sum for Flatfishes: 1.00050
WARNING -     - Diet Sum is not 1 (1.00050). Normalizing to 1.0
INFO -     - Detritus fate sum for Flatfishes: 0.00000
WARNING -     - Missing Detritus fate routing for Flatfishes (Sum = 0.0)
INFO - Processing group: Turbot (ID: 9)
INFO -     - Total Diet + Import sum for Turbot: 1.00000
INFO -     - Detritus fate sum for Turbot: 0.00000
WARNING -     - Missing Detritus fate routing for Turbot (Sum = 0.0)
INFO - Processing group: Cod (ID: 10)
INFO -     - Total Diet + Import sum for Cod: 0.99990
WARNING -     - Diet Sum is not 1 (0.99990). Normalizing to 1.0
INFO -     - Detritus fate sum for Cod: 0.00000
WARNING -     - Missing Detritus fate routing for Cod (Sum = 0.0)
INFO - Processing group: Ling (ID: 11)
INFO -     - Total Diet + Import sum for Ling: 1.00000
INFO -     - Detritus fate sum for Ling: 0.00000
WARNING -     - Missing Detritus fate routing for Ling (Sum = 0.0)
INFO - Processing group: Haddock (ID: 12)
INFO -     - Total Diet + Import sum for Haddock: 1.00010
WARNING -     - Diet Sum is not 1 (1.00010). Normalizing to 1.0
INFO -     - Detritus fate sum for Haddock: 0.00000
WARNING -     - Missing Detritus fate routing for Haddock (Sum = 0.0)
INFO - Processing group: Whiting (ID: 13)
INFO -     - Total Diet + Import sum for Whiting: 0.99970
WARNING -     - Diet Sum is not 1 (0.99970). Normalizing to 1.0
INFO -     - Detritus fate sum for Whiting: 0.00000
WARNING -     - Missing Detritus fate routing for Whiting (Sum = 0.0)
INFO - Processing group: Hake (ID: 14)
INFO -     - Total Diet + Import sum for Hake: 1.00000
INFO -     - Detritus fate sum for Hake: 0.00000
WARNING -     - Missing Detritus fate routing for Hake (Sum = 0.0)
INFO - Processing group: Saithe (ID: 15)
INFO -     - Total Diet + Import sum for Saithe: 1.00010
WARNING -     - Diet Sum is not 1 (1.00010). Normalizing to 1.0
INFO -     - Detritus fate sum for Saithe: 0.00000
WARNING -     - Missing Detritus fate routing for Saithe (Sum = 0.0)
INFO - Processing group: Monkfish (ID: 16)
INFO -     - Total Diet + Import sum for Monkfish: 1.00000
INFO -     - Detritus fate sum for Monkfish: 0.00000
WARNING -     - Missing Detritus fate routing for Monkfish (Sum = 0.0)
INFO - Processing group: Large Dem. fish (ID: 17)
INFO -     - Total Diet + Import sum for Large Dem. fish: 1.00020
WARNING -     - Diet Sum is not 1 (1.00020). Normalizing to 1.0
INFO -     - Detritus fate sum for Large Dem. fish: 0.00000
WARNING -     - Missing Detritus fate routing for Large Dem. fish (Sum = 0.0)
INFO - Processing group: Herring (ID: 18)
INFO -     - Total Diet + Import sum for Herring: 1.00000
INFO -     - Detritus fate sum for Herring: 0.00000
WARNING -     - Missing Detritus fate routing for Herring (Sum = 0.0)
INFO - Processing group: Small pelagics (ID: 19)
INFO -     - Total Diet + Import sum for Small pelagics: 1.00020
WARNING -     - Diet Sum is not 1 (1.00020). Normalizing to 1.0
INFO -     - Detritus fate sum for Small pelagics: 0.00000
WARNING -     - Missing Detritus fate routing for Small pelagics (Sum = 0.0)
INFO - Processing group: Large Pelagics (ID: 20)
INFO -     - Total Diet + Import sum for Large Pelagics: 1.00000
INFO -     - Detritus fate sum for Large Pelagics: 0.00000
WARNING -     - Missing Detritus fate routing for Large Pelagics (Sum = 0.0)
INFO - Processing group: Sharks & rays (ID: 21)
INFO -     - Total Diet + Import sum for Sharks & rays: 1.00000
INFO -     - Detritus fate sum for Sharks & rays: 0.00000
WARNING -     - Missing Detritus fate routing for Sharks & rays (Sum = 0.0)
INFO - Processing group: Seabirds (ID: 22)
INFO -     - Total Diet + Import sum for Seabirds: 0.99960
WARNING -     - Diet Sum is not 1 (0.99960). Normalizing to 1.0
INFO -     - Detritus fate sum for Seabirds: 0.00000
WARNING -     - Missing Detritus fate routing for Seabirds (Sum = 0.0)
INFO - Processing group: Seals (ID: 23)
INFO -     - Total Diet + Import sum for Seals: 1.00000
INFO -     - Detritus fate sum for Seals: 0.00000
WARNING -     - Missing Detritus fate routing for Seals (Sum = 0.0)
INFO - Processing group: Cetaceans (ID: 24)
INFO -     - Total Diet + Import sum for Cetaceans: 1.00000
INFO -     - Detritus fate sum for Cetaceans: 0.00000
WARNING -     - Missing Detritus fate routing for Cetaceans (Sum = 0.0)
INFO - Processing group: Detritus (ID: 25)
INFO -     -> Identified as Detritus group (pp = 2).
INFO - 
Success: Output saved to C:\Users\idoca\Desktop\אישי\אקדמיה\תואר שני\מחקר\BTN\GlobalPPREstimation\regions\LME_022\models\NS-2025_ECS-1890-1895\extracted_tables\22_20251890_East_Coast_of_Scotland_(1890-1895).json
INFO - 
--- Mass balance check: BALANCED ---
INFO - BA is unknown (-9999) for 25 of 25 group(s); those groups cannot be decided unless they reconcile without it.
INFO - NOTE  23 group(s) carry all four of B/P-B/Q-B/EE - Ecopath needs three, so one of them is probably a published model estimate rather than an input; record which in REPORT.md: 2 (Small zooplankton), 3 (Large zooplankton), 4 (Infauna), 5 (Epifauna), 6 (Crustacea), 7 (Squid & Octopus), 8 (Flatfishes), 9 (Turbot) ...
INFO - NOTE  detritus pools (1): inflow ~1392, consumption ~461.6 t/km^2/year, implied EE ~0.332 (indicative - export is not separated, it uses recomputed EE where the source gave none, and any unknown BA is left out of the flows entirely)
WARNING - WARN  group 22 (Seabirds): P/Q = 0.006 outside the usual 0.02-0.5 range - check the P/B and Q/B columns
WARNING - WARN  group 23 (Seals): P/Q = 0.004 outside the usual 0.02-0.5 range - check the P/B and Q/B columns
WARNING - WARN  group 24 (Cetaceans): P/Q = 0.002 outside the usual 0.02-0.5 range - check the P/B and Q/B columns
INFO - 0 error(s), 0 indeterminate, 3 warning(s), 2 note(s)
INFO - Mass balance section written to C:\Users\idoca\Desktop\אישי\אקדמיה\תואר שני\מחקר\BTN\GlobalPPREstimation\regions\LME_022\models\NS-2025_ECS-1890-1895\extracted_tables\MASS_BALANCE.md
WARNING - --update-report was given but no REPORT.md was found here
INFO - Log saved to C:\Users\idoca\Desktop\אישי\אקדמיה\תואר שני\מחקר\BTN\GlobalPPREstimation\regions\LME_022\models\NS-2025_ECS-1890-1895\extracted_tables\ewe_conversion.log
INFO - Reading JSON: C:\Users\idoca\Desktop\אישי\אקדמיה\תואר שני\מחקר\BTN\GlobalPPREstimation\regions\LME_022\models\NS-2025_ECS-1890-1895\extracted_tables\22_20251890_East_Coast_of_Scotland_(1890-1895).json
INFO - Writing reconstructed files to: C:\Users\idoca\Desktop\אישי\אקדמיה\תואר שני\מחקר\BTN\GlobalPPREstimation\regions\LME_022\models\NS-2025_ECS-1890-1895\extracted_tables\22_20251890_East_Coast_of_Scotland_(1890-1895)_reconstructed.xlsx
INFO -   -> Included 'Landings' sheet (calculated from 'export' param)
INFO -   -> Included 'Taxonomy' sheet
INFO -   -> Included 'Detritus fate' sheet (Pools identified: 1)
INFO - 
Success! Validation file generated.
