  # group                                B      P/B      Q/B      EE  EE calc    P/Q    catch
  1 Phytoplankton                      7.5      286        -    0.61     0.61      -        -
  2 Small zooplankton                34.02     9.17    29.96    0.84     0.84   0.31        -
  3 Large zooplankton                31.07        4     12.5     0.9      0.9   0.32        -
  4 Infauna                           5.28       20       80     0.9    0.902   0.25        -
  5 Epifauna                          2.82    18.09    72.65    0.88    0.878   0.25  0.03145
  6 Crustacea                         4.99     2.26    13.44    0.81     0.81   0.17  0.03626
  7 Squid & Octopus                   0.21        2    15.04    0.95    0.937   0.130.0005629
  8 Flatfishes                        4.09     0.39     2.35    0.89    0.887   0.17  0.05092
  9 Turbot                            1.09     0.45      2.2    0.08   0.0824    0.2  0.02187
 10 Cod                                2.1     1.03     4.41     0.2    0.199   0.23   0.1107
 11 Ling                              0.37     0.46     1.53    0.65    0.639    0.3  0.09397
 12 Haddock                            1.2     1.11     6.48    0.96    0.963   0.17   0.2726
 13 Whiting                           0.95        1     6.31    0.51    0.507   0.16  0.01114
 14 Hake                              0.59      0.5     1.68    0.59    0.583    0.3   0.1491
 15 Saithe                            1.21      0.6     2.88    0.98     0.96   0.21   0.2165
 16 Monkfish                          0.03      0.2     0.93    0.92    0.879   0.22 0.003293
 17 Large Dem. fish                   0.48     0.65      5.2    0.95     0.95   0.13   0.1225
 18 Herring                            9.8     0.85     4.25    0.69    0.693    0.2    2.156
 19 Small pelagics                   12.38     1.89     8.48    0.88    0.879   0.22  0.04193
 20 Large Pelagics                    4.53     0.54     4.82     0.9    0.901   0.115.023e-05
 21 Sharks & rays                     2.15     0.22     1.84    0.34    0.344   0.12  0.01466
 22 Seabirds                          0.01      0.4    66.67    0.03   0.0333   0.01        -
 23 Seals                                0     0.06       15    0.83        -      0   0.0001
 24 Cetaceans                         0.29     0.02       10    0.02   0.0166      0 9.65e-05
 25 Detritus                           100        -        -    0.33        -      -        -

NOTE  group 2 (Small zooplankton): all four of B/P-B/Q-B/EE given — one is probably an Ecopath estimate; record which in the report
NOTE  group 3 (Large zooplankton): all four of B/P-B/Q-B/EE given — one is probably an Ecopath estimate; record which in the report
NOTE  group 4 (Infauna): all four of B/P-B/Q-B/EE given — one is probably an Ecopath estimate; record which in the report
NOTE  group 5 (Epifauna): all four of B/P-B/Q-B/EE given — one is probably an Ecopath estimate; record which in the report
NOTE  group 6 (Crustacea): all four of B/P-B/Q-B/EE given — one is probably an Ecopath estimate; record which in the report
NOTE  group 7 (Squid & Octopus): all four of B/P-B/Q-B/EE given — one is probably an Ecopath estimate; record which in the report
NOTE  group 8 (Flatfishes): all four of B/P-B/Q-B/EE given — one is probably an Ecopath estimate; record which in the report
NOTE  group 9 (Turbot): all four of B/P-B/Q-B/EE given — one is probably an Ecopath estimate; record which in the report
NOTE  group 10 (Cod): all four of B/P-B/Q-B/EE given — one is probably an Ecopath estimate; record which in the report
NOTE  group 11 (Ling): all four of B/P-B/Q-B/EE given — one is probably an Ecopath estimate; record which in the report
NOTE  group 12 (Haddock): all four of B/P-B/Q-B/EE given — one is probably an Ecopath estimate; record which in the report
NOTE  group 13 (Whiting): all four of B/P-B/Q-B/EE given — one is probably an Ecopath estimate; record which in the report
NOTE  group 14 (Hake): all four of B/P-B/Q-B/EE given — one is probably an Ecopath estimate; record which in the report
NOTE  group 15 (Saithe): all four of B/P-B/Q-B/EE given — one is probably an Ecopath estimate; record which in the report
NOTE  group 16 (Monkfish): all four of B/P-B/Q-B/EE given — one is probably an Ecopath estimate; record which in the report
NOTE  group 17 (Large Dem. fish): all four of B/P-B/Q-B/EE given — one is probably an Ecopath estimate; record which in the report
NOTE  group 18 (Herring): all four of B/P-B/Q-B/EE given — one is probably an Ecopath estimate; record which in the report
NOTE  group 19 (Small pelagics): all four of B/P-B/Q-B/EE given — one is probably an Ecopath estimate; record which in the report
NOTE  group 20 (Large Pelagics): all four of B/P-B/Q-B/EE given — one is probably an Ecopath estimate; record which in the report
NOTE  group 21 (Sharks & rays): all four of B/P-B/Q-B/EE given — one is probably an Ecopath estimate; record which in the report
NOTE  group 22 (Seabirds): all four of B/P-B/Q-B/EE given — one is probably an Ecopath estimate; record which in the report
NOTE  group 23 (Seals): all four of B/P-B/Q-B/EE given — one is probably an Ecopath estimate; record which in the report
NOTE  group 24 (Cetaceans): all four of B/P-B/Q-B/EE given — one is probably an Ecopath estimate; record which in the report
NOTE  detritus pools (1): inflow ~1392, consumption ~461.6 t/km2/yr, implied EE ~0.332 (indicative — export not separated, and it uses recomputed EE where the paper gave none)
WARN  group 22 (Seabirds): P/Q = 0.010 outside the usual 0.02-0.5 range — check the P/B and Q/B columns
WARN  group 23 (Seals): P/Q = 0.000 outside the usual 0.02-0.5 range — check the P/B and Q/B columns
WARN  group 24 (Cetaceans): P/Q = 0.000 outside the usual 0.02-0.5 range — check the P/B and Q/B columns

0 error(s), 3 warning(s), 24 note(s)

