[
  {
    "method": "new_GE",
    "fraction": 0.01,
    "n_valid": 20,
    "n_total": 20,
    "median_change_pct": 0.04770555543842645,
    "min_change_pct": 5.190473228999792e-06,
    "max_change_pct": 0.8760078925348136,
    "median_retained_change_pct": -0.9527715001159731,
    "min_retained_change_pct": -0.999994861431508,
    "max_retained_change_pct": -0.1327521863905612,
    "standard_positive_excess": 6,
    "standard_negative_excess": 14
  },
  {
    "method": "new_GE",
    "fraction": 0.05,
    "n_valid": 20,
    "n_total": 20,
    "median_change_pct": 0.23898236267226863,
    "min_change_pct": 2.5952368454262853e-05,
    "max_change_pct": 4.536944088405881,
    "median_retained_change_pct": -4.772966755461356,
    "min_retained_change_pct": -4.999975345249963,
    "max_retained_change_pct": -0.689903116014412,
    "standard_positive_excess": 6,
    "standard_negative_excess": 14
  },
  {
    "method": "new_GE",
    "fraction": 0.1,
    "n_valid": 20,
    "n_total": 20,
    "median_change_pct": 0.47910607848611336,
    "min_change_pct": 5.190474277050328e-05,
    "max_change_pct": 9.49924850881121,
    "median_retained_change_pct": -9.568804529362506,
    "min_retained_change_pct": -9.99995328573149,
    "max_retained_change_pct": -1.4506763420699342,
    "standard_positive_excess": 6,
    "standard_negative_excess": 14
  },
  {
    "method": "new_GE",
    "fraction": 0.2,
    "n_valid": 20,
    "n_total": 20,
    "median_change_pct": 0.9628104635776902,
    "min_change_pct": 0.0001038095089889,
    "max_change_pct": 20.963970051295643,
    "median_retained_change_pct": -19.229751629137837,
    "min_retained_change_pct": -19.999916952392816,
    "max_retained_change_pct": -3.2288239589634893,
    "standard_positive_excess": 5,
    "standard_negative_excess": 15
  },
  {
    "method": "new_GE",
    "fraction": 0.5,
    "n_valid": 20,
    "n_total": 20,
    "median_change_pct": 2.4421857814411414,
    "min_change_pct": 0.0002595239480651,
    "max_change_pct": 75.99632764974899,
    "median_retained_change_pct": -48.77890710927943,
    "min_retained_change_pct": -49.99987023802597,
    "max_retained_change_pct": -12.001836175125502,
    "standard_positive_excess": 4,
    "standard_negative_excess": 16
  },
  {
    "method": "new_GE",
    "fraction": 1.0,
    "n_valid": 17,
    "n_total": 20,
    "median_change_pct": 5.14669942768935,
    "min_change_pct": 0.0005190484815287,
    "max_change_pct": 608.1203957684822,
    "median_retained_change_pct": -100.0,
    "min_retained_change_pct": -100.0,
    "max_retained_change_pct": -100.0,
    "standard_positive_excess": 3,
    "standard_negative_excess": 14
  },
  {
    "method": "new_TE_EEfix",
    "fraction": 0.01,
    "n_valid": 18,
    "n_total": 20,
    "median_change_pct": 1.0095327279323274,
    "min_change_pct": 0.0012209423957854,
    "max_change_pct": 1.0101010764041574,
    "median_retained_change_pct": -0.0005625993469815001,
    "min_retained_change_pct": -0.998791267028154,
    "max_retained_change_pct": 6.56401377696625e-08,
    "standard_positive_excess": 2,
    "standard_negative_excess": 16
  },
  {
    "method": "new_TE_EEfix",
    "fraction": 0.05,
    "n_valid": 18,
    "n_total": 20,
    "median_change_pct": 5.260169463111319,
    "min_change_pct": 0.0061050136003881,
    "max_change_pct": 5.26315826786472,
    "median_retained_change_pct": -0.00283901004423655,
    "min_retained_change_pct": -4.994200237079616,
    "max_retained_change_pct": 3.544714743952682e-07,
    "standard_positive_excess": 2,
    "standard_negative_excess": 16
  },
  {
    "method": "new_TE_EEfix",
    "fraction": 0.1,
    "n_valid": 18,
    "n_total": 20,
    "median_change_pct": 11.104727716271025,
    "min_change_pct": 0.0122107813381955,
    "max_change_pct": 11.111111979090694,
    "median_retained_change_pct": -0.0057450553560711,
    "min_retained_change_pct": -9.98901029679562,
    "max_retained_change_pct": 7.811816082892165e-07,
    "standard_positive_excess": 2,
    "standard_negative_excess": 16
  },
  {
    "method": "new_TE_EEfix",
    "fraction": 0.2,
    "n_valid": 18,
    "n_total": 20,
    "median_change_pct": 24.985284280009235,
    "min_change_pct": 0.0244245797853315,
    "max_change_pct": 25.00000238187141,
    "median_retained_change_pct": -0.0117725759926079,
    "min_retained_change_pct": -19.98046033617173,
    "max_retained_change_pct": 1.9054971156506893e-06,
    "standard_positive_excess": 1,
    "standard_negative_excess": 17
  },
  {
    "method": "new_TE_EEfix",
    "fraction": 0.5,
    "n_valid": 18,
    "n_total": 20,
    "median_change_pct": 99.93621354778773,
    "min_change_pct": 0.0610840889744723,
    "max_change_pct": 100.0000187920175,
    "median_retained_change_pct": -0.03189322610613325,
    "min_retained_change_pct": -49.969457955512766,
    "max_retained_change_pct": 9.396008748829844e-06,
    "standard_positive_excess": 1,
    "standard_negative_excess": 17
  },
  {
    "method": "new_TE_EEfix",
    "fraction": 1.0,
    "n_valid": 4,
    "n_total": 20,
    "median_change_pct": 543.9932828037963,
    "min_change_pct": 0.122243717693693,
    "max_change_pct": 16275481.5761114,
    "median_retained_change_pct": -100.0,
    "min_retained_change_pct": -100.0,
    "max_retained_change_pct": -100.0,
    "standard_positive_excess": 1,
    "standard_negative_excess": 3
  },
  {
    "method": "new_WithEgestion",
    "fraction": 0.01,
    "n_valid": 20,
    "n_total": 20,
    "median_change_pct": 0.012579656757416551,
    "min_change_pct": 3.638471635092344e-06,
    "max_change_pct": 0.7716881181935253,
    "median_retained_change_pct": -0.9875461398101582,
    "min_retained_change_pct": -0.999996397913061,
    "max_retained_change_pct": -0.2360287629884272,
    "standard_positive_excess": 12,
    "standard_negative_excess": 8
  },
  {
    "method": "new_WithEgestion",
    "fraction": 0.05,
    "n_valid": 20,
    "n_total": 20,
    "median_change_pct": 0.0629298457013094,
    "min_change_pct": 1.81923588638e-05,
    "max_change_pct": 3.97963615070569,
    "median_retained_change_pct": -4.940216646583756,
    "min_retained_change_pct": -4.999982717259089,
    "max_retained_change_pct": -1.2193456568295735,
    "standard_positive_excess": 12,
    "standard_negative_excess": 8
  },
  {
    "method": "new_WithEgestion",
    "fraction": 0.1,
    "n_valid": 20,
    "n_total": 20,
    "median_change_pct": 0.12593868549497506,
    "min_change_pct": 3.6384719126481e-05,
    "max_change_pct": 8.284549640530203,
    "median_retained_change_pct": -9.886655183054533,
    "min_retained_change_pct": -9.999967253752772,
    "max_retained_change_pct": -2.5439053235227997,
    "standard_positive_excess": 12,
    "standard_negative_excess": 8
  },
  {
    "method": "new_WithEgestion",
    "fraction": 0.2,
    "n_valid": 20,
    "n_total": 20,
    "median_change_pct": 0.25219394415920693,
    "min_change_pct": 7.276944389289497e-05,
    "max_change_pct": 18.04392778138435,
    "median_retained_change_pct": -19.798244844672645,
    "min_retained_change_pct": -19.999941784444896,
    "max_retained_change_pct": -5.564857774892539,
    "standard_positive_excess": 12,
    "standard_negative_excess": 8
  },
  {
    "method": "new_WithEgestion",
    "fraction": 0.5,
    "n_valid": 20,
    "n_total": 20,
    "median_change_pct": 0.6328711631833572,
    "min_change_pct": 0.0001819236518096,
    "max_change_pct": 61.54407959028918,
    "median_retained_change_pct": -49.683564418408324,
    "min_retained_change_pct": -49.999909038174096,
    "max_retained_change_pct": -19.22796020485541,
    "standard_positive_excess": 11,
    "standard_negative_excess": 9
  },
  {
    "method": "new_WithEgestion",
    "fraction": 1.0,
    "n_valid": 17,
    "n_total": 20,
    "median_change_pct": 1.322964911668656,
    "min_change_pct": 0.000363847444107,
    "max_change_pct": 313.3564939164414,
    "median_retained_change_pct": -100.0,
    "min_retained_change_pct": -100.0,
    "max_retained_change_pct": -100.0,
    "standard_positive_excess": 9,
    "standard_negative_excess": 8
  },
  {
    "method": "Ulanowicz_TE",
    "fraction": 0.01,
    "n_valid": 20,
    "n_total": 20,
    "median_change_pct": 0.7926315695958142,
    "min_change_pct": 0.0012134723182066,
    "max_change_pct": 1.0101010043758851,
    "median_retained_change_pct": -0.21529474610013638,
    "min_retained_change_pct": -0.998798662404954,
    "max_retained_change_pct": -5.667866176395364e-09,
    "standard_positive_excess": 4,
    "standard_negative_excess": 16
  },
  {
    "method": "Ulanowicz_TE",
    "fraction": 0.05,
    "n_valid": 20,
    "n_total": 20,
    "median_change_pct": 4.099676610395364,
    "min_change_pct": 0.0060676594223263,
    "max_change_pct": 5.2631578635886855,
    "median_retained_change_pct": -1.1053072201244185,
    "min_retained_change_pct": -4.99423572354879,
    "max_retained_change_pct": -2.9590785377564544e-08,
    "standard_positive_excess": 4,
    "standard_negative_excess": 16
  },
  {
    "method": "Ulanowicz_TE",
    "fraction": 0.1,
    "n_valid": 20,
    "n_total": 20,
    "median_change_pct": 8.569235655977124,
    "min_change_pct": 0.0121360635052747,
    "max_change_pct": 11.11111104154423,
    "median_retained_change_pct": -2.287687909620578,
    "min_retained_change_pct": -9.989077542845248,
    "max_retained_change_pct": -6.261019480646723e-08,
    "standard_positive_excess": 4,
    "standard_negative_excess": 16
  },
  {
    "method": "Ulanowicz_TE",
    "fraction": 0.2,
    "n_valid": 20,
    "n_total": 20,
    "median_change_pct": 18.846858827183297,
    "min_change_pct": 0.0242751062018875,
    "max_change_pct": 24.99999982326795,
    "median_retained_change_pct": -4.922512938253348,
    "min_retained_change_pct": -19.980579915038486,
    "max_retained_change_pct": -1.4138564763399586e-07,
    "standard_positive_excess": 4,
    "standard_negative_excess": 16
  },
  {
    "method": "Ulanowicz_TE",
    "fraction": 0.5,
    "n_valid": 20,
    "n_total": 20,
    "median_change_pct": 67.76854449953949,
    "min_change_pct": 0.0607101204216364,
    "max_change_pct": 99.99999887138186,
    "median_retained_change_pct": -16.115727750230256,
    "min_retained_change_pct": -49.969644939789184,
    "max_retained_change_pct": -5.643090661422434e-07,
    "standard_positive_excess": 4,
    "standard_negative_excess": 16
  },
  {
    "method": "Ulanowicz_TE",
    "fraction": 1.0,
    "n_valid": 14,
    "n_total": 20,
    "median_change_pct": 317.17825782422807,
    "min_change_pct": 0.1214948305269025,
    "max_change_pct": 3088909018.130879,
    "median_retained_change_pct": -100.0,
    "min_retained_change_pct": -100.0,
    "max_retained_change_pct": -100.0,
    "standard_positive_excess": 2,
    "standard_negative_excess": 12
  },
  {
    "method": "SPPR_1995_TEmean",
    "fraction": 0.01,
    "n_valid": 20,
    "n_total": 20,
    "median_change_pct": 0.7260466306793667,
    "min_change_pct": 0.001354564848488,
    "max_change_pct": 2.420290052282703,
    "median_retained_change_pct": -0.28121383562741403,
    "min_retained_change_pct": -0.9986589807999824,
    "max_retained_change_pct": 1.3960871517598503,
    "standard_positive_excess": 13,
    "standard_negative_excess": 7
  },
  {
    "method": "SPPR_1995_TEmean",
    "fraction": 0.05,
    "n_valid": 20,
    "n_total": 20,
    "median_change_pct": 3.703854680496288,
    "min_change_pct": 0.0067731740952758,
    "max_change_pct": 12.942652518340214,
    "median_retained_change_pct": -1.4813380535285303,
    "min_retained_change_pct": -4.993565484609497,
    "max_retained_change_pct": 7.2955198924231635,
    "standard_positive_excess": 13,
    "standard_negative_excess": 7
  },
  {
    "method": "SPPR_1995_TEmean",
    "fraction": 0.1,
    "n_valid": 20,
    "n_total": 20,
    "median_change_pct": 7.598932228769306,
    "min_change_pct": 0.0135472229226385,
    "max_change_pct": 28.280234560408516,
    "median_retained_change_pct": -3.1609609941076258,
    "min_retained_change_pct": -9.987807499369604,
    "max_retained_change_pct": 15.452211104367652,
    "standard_positive_excess": 12,
    "standard_negative_excess": 8
  },
  {
    "method": "SPPR_1995_TEmean",
    "fraction": 0.2,
    "n_valid": 20,
    "n_total": 20,
    "median_change_pct": 16.01421514194409,
    "min_change_pct": 0.0270979454404018,
    "max_change_pct": 68.66791519873456,
    "median_retained_change_pct": -7.188627886444721,
    "min_retained_change_pct": -19.97832164364768,
    "max_retained_change_pct": 34.9343321589876,
    "standard_positive_excess": 11,
    "standard_negative_excess": 9
  },
  {
    "method": "SPPR_1995_TEmean",
    "fraction": 0.5,
    "n_valid": 20,
    "n_total": 20,
    "median_change_pct": 47.39672851158569,
    "min_change_pct": 0.0677711239087441,
    "max_change_pct": 372.7740923070986,
    "median_retained_change_pct": -26.301635744207154,
    "min_retained_change_pct": -49.96611443804563,
    "max_retained_change_pct": 136.3870461535493,
    "standard_positive_excess": 11,
    "standard_negative_excess": 9
  },
  {
    "method": "SPPR_1995_TEmean",
    "fraction": 1.0,
    "n_valid": 17,
    "n_total": 20,
    "median_change_pct": -72.13894175274218,
    "min_change_pct": -99.85567313240806,
    "max_change_pct": 2973.226199057673,
    "median_retained_change_pct": -100.0,
    "min_retained_change_pct": -100.0,
    "max_retained_change_pct": -100.0,
    "standard_positive_excess": 17,
    "standard_negative_excess": 0
  }
]
