BASELINE 34_1_Bay_of_Bengal_(1978)
34_1_Bay_of_Bengal_(1978) S0 0.0 completed
34_1_Bay_of_Bengal_(1978) SC 0.0 completed
34_1_Bay_of_Bengal_(1978) SM 0.0 completed
34_1_Bay_of_Bengal_(1978) SE 0.0 completed
34_1_Bay_of_Bengal_(1978) SR 0.0 completed
34_1_Bay_of_Bengal_(1978) SC 0.01 completed
34_1_Bay_of_Bengal_(1978) SM 0.01 completed
34_1_Bay_of_Bengal_(1978) SE 0.01 completed
34_1_Bay_of_Bengal_(1978) SR 0.01 completed
34_1_Bay_of_Bengal_(1978) SC 0.02 completed
34_1_Bay_of_Bengal_(1978) SM 0.02 completed
34_1_Bay_of_Bengal_(1978) SE 0.02 completed
34_1_Bay_of_Bengal_(1978) SR 0.02 completed
34_1_Bay_of_Bengal_(1978) SC 0.03 completed
34_1_Bay_of_Bengal_(1978) SM 0.03 completed
34_1_Bay_of_Bengal_(1978) SE 0.03 completed
34_1_Bay_of_Bengal_(1978) SR 0.03 completed
34_1_Bay_of_Bengal_(1978) SC 0.04 completed
34_1_Bay_of_Bengal_(1978) SM 0.04 completed
34_1_Bay_of_Bengal_(1978) SE 0.04 completed
34_1_Bay_of_Bengal_(1978) SR 0.04 completed
34_1_Bay_of_Bengal_(1978) SC 0.05 completed
34_1_Bay_of_Bengal_(1978) SM 0.05 completed
34_1_Bay_of_Bengal_(1978) SE 0.05 completed
34_1_Bay_of_Bengal_(1978) SR 0.05 completed
34_1_Bay_of_Bengal_(1978) SC 0.06 completed
34_1_Bay_of_Bengal_(1978) SM 0.06 completed
34_1_Bay_of_Bengal_(1978) SE 0.06 completed
34_1_Bay_of_Bengal_(1978) SR 0.06 completed
34_1_Bay_of_Bengal_(1978) SC 0.07 completed
34_1_Bay_of_Bengal_(1978) SM 0.07 completed
34_1_Bay_of_Bengal_(1978) SE 0.07 completed
34_1_Bay_of_Bengal_(1978) SR 0.07 completed
34_1_Bay_of_Bengal_(1978) SC 0.08 completed
34_1_Bay_of_Bengal_(1978) SM 0.08 completed
34_1_Bay_of_Bengal_(1978) SE 0.08 completed
34_1_Bay_of_Bengal_(1978) SR 0.08 completed
34_1_Bay_of_Bengal_(1978) SC 0.09 completed
34_1_Bay_of_Bengal_(1978) SM 0.09 completed
34_1_Bay_of_Bengal_(1978) SE 0.09 completed
34_1_Bay_of_Bengal_(1978) SR 0.09 completed
34_1_Bay_of_Bengal_(1978) SC 0.1 completed
34_1_Bay_of_Bengal_(1978) SM 0.1 completed
34_1_Bay_of_Bengal_(1978) SE 0.1 completed
34_1_Bay_of_Bengal_(1978) SR 0.1 completed
34_1_Bay_of_Bengal_(1978) SC 0.11 completed
34_1_Bay_of_Bengal_(1978) SM 0.11 completed
34_1_Bay_of_Bengal_(1978) SE 0.11 completed
34_1_Bay_of_Bengal_(1978) SR 0.11 completed
34_1_Bay_of_Bengal_(1978) SC 0.12 completed
34_1_Bay_of_Bengal_(1978) SM 0.12 completed
34_1_Bay_of_Bengal_(1978) SE 0.12 completed
34_1_Bay_of_Bengal_(1978) SR 0.12 completed
34_1_Bay_of_Bengal_(1978) SC 0.13 completed
34_1_Bay_of_Bengal_(1978) SM 0.13 completed
34_1_Bay_of_Bengal_(1978) SE 0.13 completed
34_1_Bay_of_Bengal_(1978) SR 0.13 completed
34_1_Bay_of_Bengal_(1978) SC 0.14 completed
34_1_Bay_of_Bengal_(1978) SM 0.14 completed
34_1_Bay_of_Bengal_(1978) SE 0.14 completed
34_1_Bay_of_Bengal_(1978) SR 0.14 completed
34_1_Bay_of_Bengal_(1978) SC 0.15 completed
34_1_Bay_of_Bengal_(1978) SM 0.15 completed
34_1_Bay_of_Bengal_(1978) SE 0.15 completed
34_1_Bay_of_Bengal_(1978) SR 0.15 completed
34_1_Bay_of_Bengal_(1978) SC 0.16 completed
34_1_Bay_of_Bengal_(1978) SM 0.16 completed
34_1_Bay_of_Bengal_(1978) SE 0.16 completed
34_1_Bay_of_Bengal_(1978) SR 0.16 completed
34_1_Bay_of_Bengal_(1978) SC 0.17 completed
34_1_Bay_of_Bengal_(1978) SM 0.17 completed
34_1_Bay_of_Bengal_(1978) SE 0.17 completed
34_1_Bay_of_Bengal_(1978) SR 0.17 completed
34_1_Bay_of_Bengal_(1978) SC 0.18 completed
34_1_Bay_of_Bengal_(1978) SM 0.18 completed
34_1_Bay_of_Bengal_(1978) SE 0.18 completed
34_1_Bay_of_Bengal_(1978) SR 0.18 completed
34_1_Bay_of_Bengal_(1978) SC 0.19 completed
34_1_Bay_of_Bengal_(1978) SM 0.19 completed
34_1_Bay_of_Bengal_(1978) SE 0.19 completed
34_1_Bay_of_Bengal_(1978) SR 0.19 completed
34_1_Bay_of_Bengal_(1978) SC 0.2 completed
34_1_Bay_of_Bengal_(1978) SM 0.2 completed
34_1_Bay_of_Bengal_(1978) SE 0.2 completed
34_1_Bay_of_Bengal_(1978) SR 0.2 completed
34_1_Bay_of_Bengal_(1978) SC 0.25 completed
34_1_Bay_of_Bengal_(1978) SM 0.25 completed
34_1_Bay_of_Bengal_(1978) SE 0.25 completed
34_1_Bay_of_Bengal_(1978) SR 0.25 completed
34_1_Bay_of_Bengal_(1978) SC 0.3 completed
34_1_Bay_of_Bengal_(1978) SM 0.3 completed
34_1_Bay_of_Bengal_(1978) SE 0.3 completed
34_1_Bay_of_Bengal_(1978) SR 0.3 completed
34_1_Bay_of_Bengal_(1978) SC 0.4 completed
34_1_Bay_of_Bengal_(1978) SM 0.4 completed
34_1_Bay_of_Bengal_(1978) SE 0.4 completed
34_1_Bay_of_Bengal_(1978) SR 0.4 completed
34_1_Bay_of_Bengal_(1978) SC 0.5 completed
34_1_Bay_of_Bengal_(1978) SM 0.5 completed
34_1_Bay_of_Bengal_(1978) SE 0.5 completed
34_1_Bay_of_Bengal_(1978) SR 0.5 completed
34_1_Bay_of_Bengal_(1978) SC 0.75 completed
34_1_Bay_of_Bengal_(1978) SM 0.75 completed
34_1_Bay_of_Bengal_(1978) SE 0.75 completed
34_1_Bay_of_Bengal_(1978) SR 0.75 completed
34_1_Bay_of_Bengal_(1978) SC 1.0 completed
34_1_Bay_of_Bengal_(1978) SM 1.0 completed
34_1_Bay_of_Bengal_(1978) SE 1.0 completed
34_1_Bay_of_Bengal_(1978) SR 1.0 completed
Finished 2616 records 65500 group coefficients 586.6 seconds
