SCREEN 1 34_34_Chesapeake_(1950)
rejected_physical 0 Physical baseline exceeds prespecified closure tolerances
SCREEN 2 429_429_Sørfjord_(1993)
eligible 1 
SCREEN 3 153_153_Tampa_Bay_(1950)
eligible 2 
SCREEN 4 28_28_Central_Atlantic_(1950)
eligible 3 
SCREEN 5 111_111_North_Atlantic_(1950)
eligible 4 
SCREEN 6 179_179_Bamboung_(2003)
rejected_exception 4 KeyError: 'other_mort'
SCREEN 7 537_537_Santa_Pola_Bay_(2001)
rejected_source_fidelity 4 Nonzero source detritus onward/retention fate is overwritten by the frozen loader; source-faithful recycling baseline not established
SCREEN 8 567_567_Arachania_(1992)
rejected_raw 4 No positive original living-group modeled harvest; Raw diet exceeds 0.001 rounding tolerance or contains invalid fractions
SCREEN 9 115_115_Northern_Benguela_(1956)
eligible 5 
SCREEN 10 447_447_Antarctic_(1970)
rejected_physical 5 Physical baseline exceeds prespecified closure tolerances
SCREEN 11 663_663_South_Shetlands_(1990)
eligible 6 
SCREEN 12 464_464_Germany,_Schlei_Fjord_(1980)
eligible 7 
SCREEN 13 496_496_Eritrea_(1998)
eligible 8 
SCREEN 14 431_431_Port_Phillip_Bay_(1994)
rejected_methods 8 No usable recycling-aware baseline at frozen settings
SCREEN 15 406_406_East_Bass_Strait_(1994)
rejected_raw 8 Negative living harvest; No positive original living-group modeled harvest
SCREEN 16 266_266_Kuosheng_Bay_(1998)
eligible 9 
SCREEN 17 175_175_Western_Bering_Sea_(1981)
rejected_source_fidelity 9 Baseline detritus consumption is financed by invented negative accumulation for groups [35, 34]; missing source inflow cannot be repaired as stock draw
SCREEN 18 2_2_Alaska,_Prince_William_Sound_(1980)
eligible 10 
SCREEN 19 465_465_Albatross_Bay_(1986)
not_assessed_resource_limit 10 Baseline screening exceeded the 180-second per-candidate resource limit; numerical eligibility not established
SCREEN 20 436_436_Western_Tropical_Pacific_Ocean_(1990)
eligible 11 
SCREEN 21 53_53_Golfo_Dulce_(1993)
rejected_methods 11 No usable recycling-aware baseline at frozen settings
SCREEN 22 489_489_Sechura_Bay_(1996)
eligible 12 
SCREEN 23 777_777_Burrard_Inlet_1750-1980_CE_(1750)
rejected_physical 12 Physical baseline exceeds prespecified closure tolerances
SCREEN 24 763_763_West_Baffin_Bay,_Coastal_and_Shelf_(2016)
rejected_physical 12 Physical baseline exceeds prespecified closure tolerances
SCREEN 25 756_756_Western_Antarctic_Peninsula_(1996)
eligible 13 
SCREEN 26 781_781_Newfoundland_and_Labrador_shelf_region_(2018)
rejected_physical 13 Physical baseline exceeds prespecified closure tolerances
SCREEN 27 772_772_Falkland_Islands_(2020)
rejected_physical 13 Physical baseline exceeds prespecified closure tolerances
SCREEN 28 751_751_Malangen_Fjord_(2017)
rejected_methods 13 No usable recycling-aware baseline at frozen settings
SCREEN 29 774_774_Cockburn_Sound_(2015)
rejected_methods 13 No usable recycling-aware baseline at frozen settings
SCREEN 30 730_730_Moreton_Bay_Ecosystem_(1990)
rejected_source_fidelity 13 Baseline detritus consumption is financed by invented negative accumulation for groups [17]; missing source inflow cannot be repaired as stock draw
SCREEN 31 446_446_Hudson_Bay_(1970)
eligible 14 
SCREEN 32 403_403_Western_Channel_(1993)
rejected_source_fidelity 14 Nonzero source detritus onward/retention fate is overwritten by the frozen loader; source-faithful recycling baseline not established; Baseline detritus consumption is financed by invented negative accumulation for groups [51]; missing source inflow cannot be repaired as stock draw
SCREEN 33 246_246_Celestun_(0)
rejected_physical 14 Physical baseline exceeds prespecified closure tolerances
SCREEN 34 29_29_Central_Atlantic_(1990)
eligible 15 
SCREEN 35 112_112_North_Atlantic_(1997)
eligible 16 
SCREEN 36 180_180_Bamboung_(2006)
rejected_raw 16 No positive original living-group modeled harvest
SCREEN 37 452_452_Miramare_(2000)
rejected_raw 16 No positive original living-group modeled harvest
SCREEN 38 568_568_Barra_Del_Chuy_(1992)
rejected_raw 16 No positive original living-group modeled harvest; Raw diet exceeds 0.001 rounding tolerance or contains invalid fractions
SCREEN 39 485_485_South_Benguela_(1978)
eligible 17 
SCREEN 40 125_125_Ria_Formosa_(1996)
rejected_raw 17 No positive original living-group modeled harvest
SCREEN 41 456_456_Jurien_Bay_(2007)
rejected_physical 17 Baseline detritus consumption is financed by invented negative accumulation for groups [80, 77, 76]; missing source inflow cannot be repaired as stock draw
SCREEN 42 267_267_Lagoon_Chiku_-_Taiwan_(1997)
eligible 18 
SCREEN 43 252_252_Aleutian_Islands_(1963)
rejected_raw 18 Raw diet exceeds 0.001 rounding tolerance or contains invalid fractions
SCREEN 44 279_279_Prince_William_Sound_(1994)
rejected_raw 18 Negative living harvest
SCREEN 45 466_466_Gulf_of_Carpentaria_(1990)
rejected_physical 18 Baseline detritus consumption is financed by invented negative accumulation for groups [82, 81]; missing source inflow cannot be repaired as stock draw; Physical baseline exceeds prespecified closure tolerances
SCREEN 46 239_239_Central_Gulf_of_California_(1978)
rejected_physical 18 Baseline detritus consumption is financed by invented negative accumulation for groups [26]; missing source inflow cannot be repaired as stock draw
SCREEN 47 490_490_Independence_Bay_(1996)
eligible 19 
SCREEN 48 740_740_Northern_Gulf_of_Mexico_(2005)
rejected_physical 19 Physical baseline exceeds prespecified closure tolerances
SCREEN 49 782_782_Grand_Banks_region_(2018)
rejected_physical 19 Physical baseline exceeds prespecified closure tolerances
SCREEN 50 758_758_Rocas_Atoll_(2012)
rejected_raw 19 No positive original living-group modeled harvest; No documented natural detritus fate; loader closed-system default is insufficient for added-model eligibility
SCREEN 51 765_765_Medes_Island_MPA_(2000)
rejected_physical 19 Baseline detritus consumption is financed by invented negative accumulation for groups [67]; missing source inflow cannot be repaired as stock draw; Nonzero source detritus onward/retention fate is overwritten by the frozen loader; source-faithful recycling baseline not established; Physical baseline exceeds prespecified closure tolerances
SCREEN 52 462_462_Northern_Gulf_of_St_Lawrence_(1990)
eligible 20 
SELECTED 20 elapsed 248.36363768577576
