INFO - Starting conversion for directory: C:\Users\idoca\Desktop\אישי\אקדמיה\תואר שני\מחקר\BTN\GlobalPPREstimation\regions\LME_029\models\BEN2020_Southern_Benguela_1978\extracted_tables
INFO - Output will be saved as: 29_Benguela_Current_20201978_Southern_Benguela_(1978).json
INFO - Biomass accumulation loaded for 3 group(s) from Biomass_accumulation.csv
INFO - Processing group: Phytoplankton 1 (ID: 1)
INFO -     -> Identified as Primary Producer (pp = 1).
INFO - Processing group: Phytoplankton 2 (ID: 2)
INFO -     -> Identified as Primary Producer (pp = 1).
INFO - Processing group: Microzooplankton (ID: 3)
INFO -     - Total Diet + Import sum for Microzooplankton: 1.00000
INFO -     - Detritus fate sum for Microzooplankton: 0.00000
WARNING -     - Missing Detritus fate routing for Microzooplankton (Sum = 0.0)
INFO - Processing group: Mesozooplankton (ID: 4)
INFO -     - Total Diet + Import sum for Mesozooplankton: 1.00000
INFO -     - Detritus fate sum for Mesozooplankton: 0.00000
WARNING -     - Missing Detritus fate routing for Mesozooplankton (Sum = 0.0)
INFO - Processing group: Macrozooplankton (ID: 5)
INFO -     - Total Diet + Import sum for Macrozooplankton: 1.00000
INFO -     - Detritus fate sum for Macrozooplankton: 0.00000
WARNING -     - Missing Detritus fate routing for Macrozooplankton (Sum = 0.0)
INFO - Processing group: Gelatinous zooplankton (ID: 6)
INFO -     - Total Diet + Import sum for Gelatinous zooplankton: 1.00000
INFO -     - Detritus fate sum for Gelatinous zooplankton: 0.00000
WARNING -     - Missing Detritus fate routing for Gelatinous zooplankton (Sum = 0.0)
INFO - Processing group: Anchovy recruits (ID: 7)
INFO -     - Total Diet + Import sum for Anchovy recruits: 1.00000
INFO -     - Detritus fate sum for Anchovy recruits: 0.00000
WARNING -     - Missing Detritus fate routing for Anchovy recruits (Sum = 0.0)
INFO - Processing group: Anchovy spawners (ID: 8)
INFO -     - Total Diet + Import sum for Anchovy spawners: 1.00000
INFO -     - Detritus fate sum for Anchovy spawners: 0.00000
WARNING -     - Missing Detritus fate routing for Anchovy spawners (Sum = 0.0)
INFO - Processing group: Juvenile sardine (ID: 9)
INFO -     - BA 0.0684 t/km^2/year derived from rate 0.3 * B 0.228 (not stated by the source)
INFO -     - Biomass accumulation: 0.0684 t/km^2/year, 0.3 /year
INFO -     - Total Diet + Import sum for Juvenile sardine: 1.00000
INFO -     - Detritus fate sum for Juvenile sardine: 0.00000
WARNING -     - Missing Detritus fate routing for Juvenile sardine (Sum = 0.0)
INFO - Processing group: Adult sardine (ID: 10)
INFO -     - BA 0.18 t/km^2/year derived from rate 0.3 * B 0.6 (not stated by the source)
INFO -     - Biomass accumulation: 0.18 t/km^2/year, 0.3 /year
INFO -     - Total Diet + Import sum for Adult sardine: 1.00000
INFO -     - Detritus fate sum for Adult sardine: 0.00000
WARNING -     - Missing Detritus fate routing for Adult sardine (Sum = 0.0)
INFO - Processing group: Redeye (ID: 11)
INFO -     - Total Diet + Import sum for Redeye: 1.00000
INFO -     - Detritus fate sum for Redeye: 0.00000
WARNING -     - Missing Detritus fate routing for Redeye (Sum = 0.0)
INFO - Processing group: Other small pelagics (ID: 12)
INFO -     - Total Diet + Import sum for Other small pelagics: 1.00000
INFO -     - Detritus fate sum for Other small pelagics: 0.00000
WARNING -     - Missing Detritus fate routing for Other small pelagics (Sum = 0.0)
INFO - Processing group: Juvenile Hmack (ID: 13)
INFO -     - Total Diet + Import sum for Juvenile Hmack: 1.00000
INFO -     - Detritus fate sum for Juvenile Hmack: 0.00000
WARNING -     - Missing Detritus fate routing for Juvenile Hmack (Sum = 0.0)
INFO - Processing group: Adult Hmack (ID: 14)
INFO -     - Total Diet + Import sum for Adult Hmack: 1.00000
INFO -     - Detritus fate sum for Adult Hmack: 0.00000
WARNING -     - Missing Detritus fate routing for Adult Hmack (Sum = 0.0)
INFO - Processing group: Chub mackerel (ID: 15)
INFO -     - Total Diet + Import sum for Chub mackerel: 1.00000
INFO -     - Detritus fate sum for Chub mackerel: 0.00000
WARNING -     - Missing Detritus fate routing for Chub mackerel (Sum = 0.0)
INFO - Processing group: Lanternfish (ID: 16)
INFO -     - Total Diet + Import sum for Lanternfish: 1.00000
INFO -     - Detritus fate sum for Lanternfish: 0.00000
WARNING -     - Missing Detritus fate routing for Lanternfish (Sum = 0.0)
INFO - Processing group: Lightfish (ID: 17)
INFO -     - Total Diet + Import sum for Lightfish: 1.00000
INFO -     - Detritus fate sum for Lightfish: 0.00000
WARNING -     - Missing Detritus fate routing for Lightfish (Sum = 0.0)
INFO - Processing group: Snoek (ID: 18)
INFO -     - Total Diet + Import sum for Snoek: 1.00000
INFO -     - Detritus fate sum for Snoek: 0.00000
WARNING -     - Missing Detritus fate routing for Snoek (Sum = 0.0)
INFO - Processing group: Tuna&Swordfish (ID: 19)
INFO -     - Total Diet + Import sum for Tuna&Swordfish: 1.00000
INFO -     - Detritus fate sum for Tuna&Swordfish: 0.00000
WARNING -     - Missing Detritus fate routing for Tuna&Swordfish (Sum = 0.0)
INFO - Processing group: Large Sparids (ID: 20)
INFO -     - Total Diet + Import sum for Large Sparids: 1.00000
INFO -     - Detritus fate sum for Large Sparids: 0.00000
WARNING -     - Missing Detritus fate routing for Large Sparids (Sum = 0.0)
INFO - Processing group: Medium Sparids (ID: 21)
INFO -     - Total Diet + Import sum for Medium Sparids: 1.00000
INFO -     - Detritus fate sum for Medium Sparids: 0.00000
WARNING -     - Missing Detritus fate routing for Medium Sparids (Sum = 0.0)
INFO - Processing group: Sciaenids (ID: 22)
INFO -     - Total Diet + Import sum for Sciaenids: 1.00000
INFO -     - Detritus fate sum for Sciaenids: 0.00000
WARNING -     - Missing Detritus fate routing for Sciaenids (Sum = 0.0)
INFO - Processing group: Yellowtail (ID: 23)
INFO -     - Total Diet + Import sum for Yellowtail: 1.00000
INFO -     - Detritus fate sum for Yellowtail: 0.00000
WARNING -     - Missing Detritus fate routing for Yellowtail (Sum = 0.0)
INFO - Processing group: Other linefish (ID: 24)
INFO -     - Total Diet + Import sum for Other linefish: 1.00000
INFO -     - Detritus fate sum for Other linefish: 0.00000
WARNING -     - Missing Detritus fate routing for Other linefish (Sum = 0.0)
INFO - Processing group: Mullet (ID: 25)
INFO -     - Total Diet + Import sum for Mullet: 1.00000
INFO -     - Detritus fate sum for Mullet: 0.00000
WARNING -     - Missing Detritus fate routing for Mullet (Sum = 0.0)
INFO - Processing group: Chokka Squid (ID: 26)
INFO -     - Total Diet + Import sum for Chokka Squid: 1.00000
INFO -     - Detritus fate sum for Chokka Squid: 0.00000
WARNING -     - Missing Detritus fate routing for Chokka Squid (Sum = 0.0)
INFO - Processing group: Other cephalopods (ID: 27)
INFO -     - Total Diet + Import sum for Other cephalopods: 1.00000
INFO -     - Detritus fate sum for Other cephalopods: 0.00000
WARNING -     - Missing Detritus fate routing for Other cephalopods (Sum = 0.0)
INFO - Processing group: Small M. capensis (ID: 28)
INFO -     - Total Diet + Import sum for Small M. capensis: 1.00000
INFO -     - Detritus fate sum for Small M. capensis: 0.00000
WARNING -     - Missing Detritus fate routing for Small M. capensis (Sum = 0.0)
INFO - Processing group: Large M. capensis (ID: 29)
INFO -     - Total Diet + Import sum for Large M. capensis: 1.00000
INFO -     - Detritus fate sum for Large M. capensis: 0.00000
WARNING -     - Missing Detritus fate routing for Large M. capensis (Sum = 0.0)
INFO - Processing group: Small M. paradoxus (ID: 30)
INFO -     - Total Diet + Import sum for Small M. paradoxus: 1.00000
INFO -     - Detritus fate sum for Small M. paradoxus: 0.00000
WARNING -     - Missing Detritus fate routing for Small M. paradoxus (Sum = 0.0)
WARNING -     - Missing P/B for Small M. paradoxus
INFO - Processing group: Large M. paradoxus (ID: 31)
INFO -     - Total Diet + Import sum for Large M. paradoxus: 1.00000
INFO -     - Detritus fate sum for Large M. paradoxus: 0.00000
WARNING -     - Missing Detritus fate routing for Large M. paradoxus (Sum = 0.0)
WARNING -     - Missing P/B for Large M. paradoxus
INFO - Processing group: PF Demersals (ID: 32)
INFO -     - Total Diet + Import sum for PF Demersals: 1.00000
INFO -     - Detritus fate sum for PF Demersals: 0.00000
WARNING -     - Missing Detritus fate routing for PF Demersals (Sum = 0.0)
INFO - Processing group: BF Demersals (ID: 33)
INFO -     - Total Diet + Import sum for BF Demersals: 1.00000
INFO -     - Detritus fate sum for BF Demersals: 0.00000
WARNING -     - Missing Detritus fate routing for BF Demersals (Sum = 0.0)
INFO - Processing group: Agulhas Sole (ID: 34)
INFO -     - Total Diet + Import sum for Agulhas Sole: 1.00000
INFO -     - Detritus fate sum for Agulhas Sole: 0.00000
WARNING -     - Missing Detritus fate routing for Agulhas Sole (Sum = 0.0)
INFO - Processing group: PF Chondrichthyans (ID: 35)
INFO -     - Total Diet + Import sum for PF Chondrichthyans: 1.00000
INFO -     - Detritus fate sum for PF Chondrichthyans: 0.00000
WARNING -     - Missing Detritus fate routing for PF Chondrichthyans (Sum = 0.0)
INFO - Processing group: BF Chondrichthyans (ID: 36)
INFO -     - Total Diet + Import sum for BF Chondrichthyans: 1.00000
INFO -     - Detritus fate sum for BF Chondrichthyans: 0.00000
WARNING -     - Missing Detritus fate routing for BF Chondrichthyans (Sum = 0.0)
INFO - Processing group: Apex Chondrichthyans (ID: 37)
INFO -     - Total Diet + Import sum for Apex Chondrichthyans: 1.00010
WARNING -     - Diet Sum is not 1 (1.00010). Normalizing to 1.0
INFO -     - Detritus fate sum for Apex Chondrichthyans: 0.00000
WARNING -     - Missing Detritus fate routing for Apex Chondrichthyans (Sum = 0.0)
INFO - Processing group: Seals (ID: 38)
INFO -     - Total Diet + Import sum for Seals: 1.00000
INFO -     - Detritus fate sum for Seals: 0.00000
WARNING -     - Missing Detritus fate routing for Seals (Sum = 0.0)
INFO - Processing group: Cetaceans (ID: 39)
INFO -     - Total Diet + Import sum for Cetaceans: 1.00000
INFO -     - Detritus fate sum for Cetaceans: 0.00000
WARNING -     - Missing Detritus fate routing for Cetaceans (Sum = 0.0)
INFO - Processing group: African Penguin (ID: 40)
INFO -     - Total Diet + Import sum for African Penguin: 1.00000
INFO -     - Detritus fate sum for African Penguin: 0.00000
WARNING -     - Missing Detritus fate routing for African Penguin (Sum = 0.0)
INFO - Processing group: Cape Gannet (ID: 41)
INFO -     - Total Diet + Import sum for Cape Gannet: 1.00000
INFO -     - Detritus fate sum for Cape Gannet: 0.00000
WARNING -     - Missing Detritus fate routing for Cape Gannet (Sum = 0.0)
INFO - Processing group: Cape Cormorant (ID: 42)
INFO -     - Total Diet + Import sum for Cape Cormorant: 1.00020
WARNING -     - Diet Sum is not 1 (1.00020). Normalizing to 1.0
INFO -     - Detritus fate sum for Cape Cormorant: 0.00000
WARNING -     - Missing Detritus fate routing for Cape Cormorant (Sum = 0.0)
INFO - Processing group: Other seabirds (ID: 43)
INFO -     - Total Diet + Import sum for Other seabirds: 1.00000
INFO -     - Detritus fate sum for Other seabirds: 0.00000
WARNING -     - Missing Detritus fate routing for Other seabirds (Sum = 0.0)
INFO - Processing group: Benthic Producers (ID: 44)
INFO -     -> Identified as Primary Producer (pp = 1).
INFO - Processing group: Meiobenthos (ID: 45)
INFO -     - Total Diet + Import sum for Meiobenthos: 1.00000
INFO -     - Detritus fate sum for Meiobenthos: 0.00000
WARNING -     - Missing Detritus fate routing for Meiobenthos (Sum = 0.0)
INFO - Processing group: Macrobenthos (ID: 46)
INFO -     - Total Diet + Import sum for Macrobenthos: 1.00000
INFO -     - Detritus fate sum for Macrobenthos: 0.00000
WARNING -     - Missing Detritus fate routing for Macrobenthos (Sum = 0.0)
INFO - Processing group: WC rock lobster (ID: 47)
INFO -     - BA rate -1.206/year derived from BA -0.603 / B 0.5 (not stated by the source)
INFO -     - Biomass accumulation: -0.603 t/km^2/year, -1.206 /year
INFO -     - Total Diet + Import sum for WC rock lobster: 1.00000
INFO -     - Detritus fate sum for WC rock lobster: 0.00000
WARNING -     - Missing Detritus fate routing for WC rock lobster (Sum = 0.0)
INFO - Processing group: SC rock lobster (ID: 48)
INFO -     - Total Diet + Import sum for SC rock lobster: 1.00000
INFO -     - Detritus fate sum for SC rock lobster: 0.00000
WARNING -     - Missing Detritus fate routing for SC rock lobster (Sum = 0.0)
INFO - Processing group: Detritus (ID: 49)
INFO -     -> Identified as Detritus group (pp = 2).
INFO - 
Success: Output saved to C:\Users\idoca\Desktop\אישי\אקדמיה\תואר שני\מחקר\BTN\GlobalPPREstimation\regions\LME_029\models\BEN2020_Southern_Benguela_1978\extracted_tables\29_Benguela_Current_20201978_Southern_Benguela_(1978).json
INFO - 
--- Mass balance check: NOT BALANCED ---
INFO - BA is unknown (-9999) for 46 of 49 group(s); those groups cannot be decided unless they reconcile without it.
INFO - NOTE  43 group(s) carry all four of B/P-B/Q-B/EE - Ecopath needs three, so one of them is probably a published model estimate rather than an input; record which in REPORT.md: 3 (Microzooplankton), 4 (Mesozooplankton), 5 (Macrozooplankton), 6 (Gelatinous zooplankton), 7 (Anchovy recruits), 8 (Anchovy spawners), 9 (Juvenile sardine), 10 (Adult sardine) ...
INFO - NOTE  detritus pools (1): inflow ~1.234e+04, consumption ~3113 t/km^2/year, implied EE ~0.252 (indicative - export is not separated, it uses recomputed EE where the source gave none, and any unknown BA is left out of the flows entirely)
WARNING - INDET group 34 (Agulhas Sole): recomputed EE = 1.006 > 1 without BA, and BA is unknown - a BA of -6.698e-05 t/km^2/year (-0.02 of production) would close it - undecidable until the source is checked for biomass accumulation
WARNING - INDET group 40 (African Penguin): printed EE 0.612 vs recomputed 0.560 (diff 0.052) with BA unknown - a BA of +2.105e-05 t/km^2/year (+0.05 of production) would close it - undecidable: this may be an extraction error or the BA the source never printed
WARNING - INDET group 41 (Cape Gannet): printed EE 0.485 vs recomputed 0.565 (diff 0.080) with BA unknown - a BA of -3.195e-05 t/km^2/year (-0.08 of production) would close it - undecidable: this may be an extraction error or the BA the source never printed
WARNING - WARN  group 9 (Juvenile sardine): printed EE 0.984 vs recomputed 1.200 (diff 0.216), BA 0.0684 carried
WARNING - WARN  group 10 (Adult sardine): printed EE 0.979 vs recomputed 1.219 (diff 0.240), BA 0.18 carried
WARNING - WARN  group 38 (Seals): P/Q = 0.013 outside the usual 0.02-0.5 range - check the P/B and Q/B columns
WARNING - WARN  group 39 (Cetaceans): P/Q = 0.015 outside the usual 0.02-0.5 range - check the P/B and Q/B columns
WARNING - WARN  group 40 (African Penguin): P/Q = 0.002 outside the usual 0.02-0.5 range - check the P/B and Q/B columns
WARNING - WARN  group 41 (Cape Gannet): P/Q = 0.002 outside the usual 0.02-0.5 range - check the P/B and Q/B columns
WARNING - WARN  group 42 (Cape Cormorant): P/Q = 0.002 outside the usual 0.02-0.5 range - check the P/B and Q/B columns
WARNING - WARN  group 43 (Other seabirds): P/Q = 0.002 outside the usual 0.02-0.5 range - check the P/B and Q/B columns
ERROR - ERROR group 9 (Juvenile sardine): recomputed EE = 1.200 > 1 - catch+BA+predation (0.3829) exceeds production (0.3192)
ERROR - ERROR group 10 (Adult sardine): recomputed EE = 1.219 > 1 - catch+BA+predation (0.8774) exceeds production (0.72)
INFO - 2 error(s), 3 indeterminate, 8 warning(s), 2 note(s)
INFO - Check each error against a rendered image of the source page before changing anything. Do not adjust numbers to make this pass.
INFO - An indeterminate group is a prompt to go back to the source for biomass accumulation, not a BA to enter. A BA this check suggested and then validated itself against would prove nothing.
INFO - Mass balance section written to C:\Users\idoca\Desktop\אישי\אקדמיה\תואר שני\מחקר\BTN\GlobalPPREstimation\regions\LME_029\models\BEN2020_Southern_Benguela_1978\extracted_tables\MASS_BALANCE.md
WARNING - --update-report was given but no REPORT.md was found here
INFO - Log saved to C:\Users\idoca\Desktop\אישי\אקדמיה\תואר שני\מחקר\BTN\GlobalPPREstimation\regions\LME_029\models\BEN2020_Southern_Benguela_1978\extracted_tables\ewe_conversion.log
INFO - Reading JSON: C:\Users\idoca\Desktop\אישי\אקדמיה\תואר שני\מחקר\BTN\GlobalPPREstimation\regions\LME_029\models\BEN2020_Southern_Benguela_1978\extracted_tables\29_Benguela_Current_20201978_Southern_Benguela_(1978).json
INFO - Writing reconstructed files to: C:\Users\idoca\Desktop\אישי\אקדמיה\תואר שני\מחקר\BTN\GlobalPPREstimation\regions\LME_029\models\BEN2020_Southern_Benguela_1978\extracted_tables\29_Benguela_Current_20201978_Southern_Benguela_(1978)_reconstructed.xlsx
INFO -   -> Included 'Biomass accumulation' sheet
INFO -   -> Included 'Landings' sheet (calculated from 'export' param)
INFO -   -> Included 'Taxonomy' sheet
INFO -   -> Included 'Detritus fate' sheet (Pools identified: 1)
INFO - 
Success! Validation file generated.
