INFO - Reading JSON: C:\Users\idoca\Desktop\אישי\אקדמיה\תואר שני\מחקר\BTN\GlobalPPREstimation\regions\LME_049\models\49_20192013_Western_North_Pacific_Watari_(2013)\model.json
INFO - Writing reconstructed files to: C:\Users\idoca\Desktop\אישי\אקדמיה\תואר שני\מחקר\BTN\GlobalPPREstimation\regions\LME_049\models\49_20192013_Western_North_Pacific_Watari_(2013)\extracted_tables\canonical_reconstructed.xlsx
INFO -   -> Included 'Landings' sheet (calculated from 'export' param)
INFO -   -> Included 'Taxonomy' sheet
INFO -   -> Included 'Detritus fate' sheet (Pools identified: 3)
INFO - 
Success! Validation file generated.
INFO - 
--- Mass balance check: INDETERMINATE ---
INFO - BA is unknown (-9999) for 41 of 41 group(s); those groups cannot be decided unless they reconcile without it.
INFO - NOTE  1 consumer(s) lack B or Q/B, so predation on their prey is under-counted and every recomputed EE below is a lower bound: 3 (Seabirds (all))
INFO - NOTE  34 group(s) carry all four of B/P-B/Q-B/EE - Ecopath needs three, so one of them is probably a published model estimate rather than an input; record which in REPORT.md: 1 (Baleen whales (OYC & OF)), 2 (Toothed whales (all)), 4 (Sharks (all)), 5 (Tunas (all)), 6 (Skipjack (all)), 7 (Miscellaneous piscivores (all)), 8 (Yellowtail (OYC & KC)), 9 (Japanese sardine (all)) ...
INFO - NOTE  detritus pools (3): inflow ~1075, consumption ~53.89 t/km^2/year, implied EE ~0.050 (indicative - export is not separated, it uses recomputed EE where the source gave none, and any unknown BA is left out of the flows entirely)
WARNING - INDET group 1 (Baleen whales (OYC & OF)): printed EE 0.08 vs recomputed 0.000 (diff 0.080) with BA unknown - a BA of +0.000728 t/km^2/year (+0.08 of production) would close it - undecidable: this may be an extraction error or the BA the source never printed
WARNING - INDET group 5 (Tunas (all)): printed EE 0.75 vs recomputed 0.888 (diff 0.138) with BA unknown - a BA of -0.001828 t/km^2/year (-0.14 of production) would close it - undecidable: this may be an extraction error or the BA the source never printed
WARNING - INDET group 15 (Jack mackerel (OYC & KC)): printed EE 0.96 vs recomputed 0.875 (diff 0.085) with BA unknown - a BA of +0.009085 t/km^2/year (+0.09 of production) would close it - undecidable: this may be an extraction error or the BA the source never printed
WARNING - INDET group 16 (Righteye flounders (OYC)): recomputed EE = 1.026 > 1 without BA, and BA is unknown - a BA of -0.003746 t/km^2/year (-0.06 of production) would close it - undecidable until the source is checked for biomass accumulation
WARNING - INDET group 20 (Flatfishes (KC)): printed EE 0.95 vs recomputed 0.782 (diff 0.168) with BA unknown - a BA of +0.00094 t/km^2/year (+0.17 of production) would close it - undecidable: this may be an extraction error or the BA the source never printed
WARNING - INDET group 21 (Seabreams (KC)): printed EE 0.45 vs recomputed 0.000 (diff 0.450) with BA unknown - a BA of +0.00369 t/km^2/year (+0.45 of production) would close it - undecidable: this may be an extraction error or the BA the source never printed
WARNING - INDET group 22 (Demersal piscivores (KC)): printed EE 0.95 vs recomputed 0.896 (diff 0.054) with BA unknown - a BA of +0.00226 t/km^2/year (+0.05 of production) would close it - undecidable: this may be an extraction error or the BA the source never printed
WARNING - WARN  group 1 (Baleen whales (OYC & OF)): P/Q = 0.014 outside the usual 0.02-0.5 range - check the P/B and Q/B columns
WARNING - WARN  group 2 (Toothed whales (all)): P/Q = 0.010 outside the usual 0.02-0.5 range - check the P/B and Q/B columns
WARNING - WARN  group 3 (Seabirds (all)): P/Q = 0.003 outside the usual 0.02-0.5 range - check the P/B and Q/B columns
INFO - 0 error(s), 7 indeterminate, 3 warning(s), 3 note(s)
INFO - An indeterminate group is a prompt to go back to the source for biomass accumulation, not a BA to enter. A BA this check suggested and then validated itself against would prove nothing.
INFO - Mass balance section written to C:\Users\idoca\Desktop\אישי\אקדמיה\תואר שני\מחקר\BTN\GlobalPPREstimation\regions\LME_049\models\49_20192013_Western_North_Pacific_Watari_(2013)\extracted_tables\MASS_BALANCE_CANONICAL.md
