
--- Running Pipeline Option 1 (Dir -> JSON -> Excel) ---

INFO - Starting conversion for directory: C:\Users\idoca\Desktop\אישי\אקדמיה\תואר שני\מחקר\BTN\GlobalPPREstimation\regions\LME_049\models\49_20192013_Western_North_Pacific_Watari_(2013)\extracted_tables
INFO - Output will be saved as: 49_Kuroshio_Current_20192013_Western_North_Pacific_Watari_(2013).json
INFO - Biomass accumulation file Biomass_accumulation.csv is entirely blank: BA is UNKNOWN for every group (-9999), not zero.
INFO - Processing group: Baleen whales (OYC & OF) (ID: 1)
INFO -     - Total Diet + Import sum for Baleen whales (OYC & OF): 1.00000
INFO -     - Detritus fate sum for Baleen whales (OYC & OF): 0.00000
WARNING -     - Missing Detritus fate routing for Baleen whales (OYC & OF) (Sum = 0.0)
INFO - Processing group: Toothed whales (all) (ID: 2)
INFO -     - Total Diet + Import sum for Toothed whales (all): 0.99500
WARNING -     - Diet Sum is not 1 (0.99500). Normalizing to 1.0
INFO -     - Detritus fate sum for Toothed whales (all): 0.00000
WARNING -     - Missing Detritus fate routing for Toothed whales (all) (Sum = 0.0)
INFO - Processing group: Seabirds (all) (ID: 3)
INFO -     - Total Diet + Import sum for Seabirds (all): 1.01200
WARNING -     - Diet Sum is not 1 (1.01200). Normalizing to 1.0
INFO -     - Detritus fate sum for Seabirds (all): 0.00000
WARNING -     - Missing Detritus fate routing for Seabirds (all) (Sum = 0.0)
WARNING -     - Missing Biomass for Seabirds (all)
INFO - Processing group: Sharks (all) (ID: 4)
INFO -     - Total Diet + Import sum for Sharks (all): 1.00000
INFO -     - Detritus fate sum for Sharks (all): 0.00000
WARNING -     - Missing Detritus fate routing for Sharks (all) (Sum = 0.0)
INFO - Processing group: Tunas (all) (ID: 5)
INFO -     - Total Diet + Import sum for Tunas (all): 1.00200
WARNING -     - Diet Sum is not 1 (1.00200). Normalizing to 1.0
INFO -     - Detritus fate sum for Tunas (all): 0.00000
WARNING -     - Missing Detritus fate routing for Tunas (all) (Sum = 0.0)
INFO - Processing group: Skipjack (all) (ID: 6)
INFO -     - Total Diet + Import sum for Skipjack (all): 1.00200
WARNING -     - Diet Sum is not 1 (1.00200). Normalizing to 1.0
INFO -     - Detritus fate sum for Skipjack (all): 0.00000
WARNING -     - Missing Detritus fate routing for Skipjack (all) (Sum = 0.0)
INFO - Processing group: Miscellaneous piscivores (all) (ID: 7)
INFO -     - Total Diet + Import sum for Miscellaneous piscivores (all): 1.00000
INFO -     - Detritus fate sum for Miscellaneous piscivores (all): 0.00000
WARNING -     - Missing Detritus fate routing for Miscellaneous piscivores (all) (Sum = 0.0)
INFO - Processing group: Yellowtail (OYC & KC) (ID: 8)
INFO -     - Total Diet + Import sum for Yellowtail (OYC & KC): 1.00500
WARNING -     - Diet Sum is not 1 (1.00500). Normalizing to 1.0
INFO -     - Detritus fate sum for Yellowtail (OYC & KC): 0.00000
WARNING -     - Missing Detritus fate routing for Yellowtail (OYC & KC) (Sum = 0.0)
INFO - Processing group: Japanese sardine (all) (ID: 9)
INFO -     - Total Diet + Import sum for Japanese sardine (all): 1.00000
INFO -     - Detritus fate sum for Japanese sardine (all): 0.00000
WARNING -     - Missing Detritus fate routing for Japanese sardine (all) (Sum = 0.0)
INFO - Processing group: Japanese anchovy (all) (ID: 10)
INFO -     - Total Diet + Import sum for Japanese anchovy (all): 1.00000
INFO -     - Detritus fate sum for Japanese anchovy (all): 0.00000
WARNING -     - Missing Detritus fate routing for Japanese anchovy (all) (Sum = 0.0)
INFO - Processing group: Pacific saury (all) (ID: 11)
INFO -     - Total Diet + Import sum for Pacific saury (all): 1.00000
INFO -     - Detritus fate sum for Pacific saury (all): 0.00000
WARNING -     - Missing Detritus fate routing for Pacific saury (all) (Sum = 0.0)
INFO - Processing group: Chub mackerel (all) (ID: 12)
INFO -     - Total Diet + Import sum for Chub mackerel (all): 1.00000
INFO -     - Detritus fate sum for Chub mackerel (all): 0.00000
WARNING -     - Missing Detritus fate routing for Chub mackerel (all) (Sum = 0.0)
INFO - Processing group: Spotted mackerel (all) (ID: 13)
INFO -     - Total Diet + Import sum for Spotted mackerel (all): 1.00000
INFO -     - Detritus fate sum for Spotted mackerel (all): 0.00000
WARNING -     - Missing Detritus fate routing for Spotted mackerel (all) (Sum = 0.0)
INFO - Processing group: Round herring (KC) (ID: 14)
INFO -     - Total Diet + Import sum for Round herring (KC): 1.00000
INFO -     - Detritus fate sum for Round herring (KC): 0.00000
WARNING -     - Missing Detritus fate routing for Round herring (KC) (Sum = 0.0)
INFO - Processing group: Jack mackerel (OYC & KC) (ID: 15)
INFO -     - Total Diet + Import sum for Jack mackerel (OYC & KC): 1.00000
INFO -     - Detritus fate sum for Jack mackerel (OYC & KC): 0.00000
WARNING -     - Missing Detritus fate routing for Jack mackerel (OYC & KC) (Sum = 0.0)
INFO - Processing group: Righteye flounders (OYC) (ID: 16)
INFO -     - Total Diet + Import sum for Righteye flounders (OYC): 1.00000
INFO -     - Detritus fate sum for Righteye flounders (OYC): 0.00000
WARNING -     - Missing Detritus fate routing for Righteye flounders (OYC) (Sum = 0.0)
INFO - Processing group: Walleye pollock (OYC) (ID: 17)
INFO -     - Total Diet + Import sum for Walleye pollock (OYC): 1.00000
INFO -     - Detritus fate sum for Walleye pollock (OYC): 0.00000
WARNING -     - Missing Detritus fate routing for Walleye pollock (OYC) (Sum = 0.0)
INFO - Processing group: Pacific cod (OYC) (ID: 18)
INFO -     - Total Diet + Import sum for Pacific cod (OYC): 1.00000
INFO -     - Detritus fate sum for Pacific cod (OYC): 0.00000
WARNING -     - Missing Detritus fate routing for Pacific cod (OYC) (Sum = 0.0)
INFO - Processing group: Miscellaneous bottom fishes (OYC) (ID: 19)
INFO -     - Total Diet + Import sum for Miscellaneous bottom fishes (OYC): 1.00000
INFO -     - Detritus fate sum for Miscellaneous bottom fishes (OYC): 0.00000
WARNING -     - Missing Detritus fate routing for Miscellaneous bottom fishes (OYC) (Sum = 0.0)
INFO - Processing group: Flatfishes (KC) (ID: 20)
INFO -     - Total Diet + Import sum for Flatfishes (KC): 1.00000
INFO -     - Detritus fate sum for Flatfishes (KC): 0.00000
WARNING -     - Missing Detritus fate routing for Flatfishes (KC) (Sum = 0.0)
INFO - Processing group: Seabreams (KC) (ID: 21)
INFO -     - Total Diet + Import sum for Seabreams (KC): 1.00000
INFO -     - Detritus fate sum for Seabreams (KC): 0.00000
WARNING -     - Missing Detritus fate routing for Seabreams (KC) (Sum = 0.0)
INFO - Processing group: Demersal piscivores (KC) (ID: 22)
INFO -     - Total Diet + Import sum for Demersal piscivores (KC): 1.00000
INFO -     - Detritus fate sum for Demersal piscivores (KC): 0.00000
WARNING -     - Missing Detritus fate routing for Demersal piscivores (KC) (Sum = 0.0)
INFO - Processing group: Miscellaneous bottom fishes (KC) (ID: 23)
INFO -     - Total Diet + Import sum for Miscellaneous bottom fishes (KC): 1.00000
INFO -     - Detritus fate sum for Miscellaneous bottom fishes (KC): 0.00000
WARNING -     - Missing Detritus fate routing for Miscellaneous bottom fishes (KC) (Sum = 0.0)
INFO - Processing group: Mesopelagic fishes (OYC) (ID: 24)
INFO -     - Total Diet + Import sum for Mesopelagic fishes (OYC): 1.00000
INFO -     - Detritus fate sum for Mesopelagic fishes (OYC): 0.00000
WARNING -     - Missing Detritus fate routing for Mesopelagic fishes (OYC) (Sum = 0.0)
INFO - Processing group: Mesopelagic fishes (KC) (ID: 25)
INFO -     - Total Diet + Import sum for Mesopelagic fishes (KC): 1.00000
INFO -     - Detritus fate sum for Mesopelagic fishes (KC): 0.00000
WARNING -     - Missing Detritus fate routing for Mesopelagic fishes (KC) (Sum = 0.0)
INFO - Processing group: Mesopelagic fishes (OF) (ID: 26)
INFO -     - Total Diet + Import sum for Mesopelagic fishes (OF): 1.00000
INFO -     - Detritus fate sum for Mesopelagic fishes (OF): 0.00000
WARNING -     - Missing Detritus fate routing for Mesopelagic fishes (OF) (Sum = 0.0)
INFO - Processing group: Epipelagic cephalopods (all) (ID: 27)
INFO -     - Total Diet + Import sum for Epipelagic cephalopods (all): 1.00000
INFO -     - Detritus fate sum for Epipelagic cephalopods (all): 0.00000
WARNING -     - Missing Detritus fate routing for Epipelagic cephalopods (all) (Sum = 0.0)
INFO - Processing group: Mesopelagic cephalopods (all) (ID: 28)
INFO -     - Total Diet + Import sum for Mesopelagic cephalopods (all): 1.00000
INFO -     - Detritus fate sum for Mesopelagic cephalopods (all): 0.00000
WARNING -     - Missing Detritus fate routing for Mesopelagic cephalopods (all) (Sum = 0.0)
INFO - Processing group: Benthos (OYC) (ID: 29)
INFO -     - Total Diet + Import sum for Benthos (OYC): 1.00000
INFO -     - Detritus fate sum for Benthos (OYC): 0.00000
WARNING -     - Missing Detritus fate routing for Benthos (OYC) (Sum = 0.0)
INFO - Processing group: Benthos (KC) (ID: 30)
INFO -     - Total Diet + Import sum for Benthos (KC): 1.00000
INFO -     - Detritus fate sum for Benthos (KC): 0.00000
WARNING -     - Missing Detritus fate routing for Benthos (KC) (Sum = 0.0)
INFO - Processing group: Krill (OYC) (ID: 31)
INFO -     - Total Diet + Import sum for Krill (OYC): 1.00000
INFO -     - Detritus fate sum for Krill (OYC): 0.00000
WARNING -     - Missing Detritus fate routing for Krill (OYC) (Sum = 0.0)
INFO - Processing group: Krill (OF) (ID: 32)
INFO -     - Total Diet + Import sum for Krill (OF): 1.00000
INFO -     - Detritus fate sum for Krill (OF): 0.00000
WARNING -     - Missing Detritus fate routing for Krill (OF) (Sum = 0.0)
INFO - Processing group: Zooplankton (OYC) (ID: 33)
INFO -     - Total Diet + Import sum for Zooplankton (OYC): 1.00000
INFO -     - Detritus fate sum for Zooplankton (OYC): 0.00000
WARNING -     - Missing Detritus fate routing for Zooplankton (OYC) (Sum = 0.0)
INFO - Processing group: Zooplankton (KC) (ID: 34)
INFO -     - Total Diet + Import sum for Zooplankton (KC): 1.00000
INFO -     - Detritus fate sum for Zooplankton (KC): 0.00000
WARNING -     - Missing Detritus fate routing for Zooplankton (KC) (Sum = 0.0)
INFO - Processing group: Zooplankton (OF) (ID: 35)
INFO -     - Total Diet + Import sum for Zooplankton (OF): 1.00000
INFO -     - Detritus fate sum for Zooplankton (OF): 0.00000
WARNING -     - Missing Detritus fate routing for Zooplankton (OF) (Sum = 0.0)
INFO - Processing group: Phytoplankton (OYC) (ID: 36)
INFO -     -> Identified as Primary Producer (pp = 1).
INFO - Processing group: Phytoplankton (KC) (ID: 37)
INFO -     -> Identified as Primary Producer (pp = 1).
INFO - Processing group: Phytoplankton (OF) (ID: 38)
INFO -     -> Identified as Primary Producer (pp = 1).
INFO - Processing group: Detritus (OYC) (ID: 39)
INFO -     -> Identified as Detritus group (pp = 2).
WARNING -     - Missing EE for Detritus (OYC)
INFO - Processing group: Detritus (KC) (ID: 40)
INFO -     -> Identified as Detritus group (pp = 2).
WARNING -     - Missing EE for Detritus (KC)
INFO - Processing group: Detritus (OF) (ID: 41)
INFO -     -> Identified as Detritus group (pp = 2).
WARNING -     - Missing EE for Detritus (OF)
INFO - 
Success: Output saved to C:\Users\idoca\Desktop\אישי\אקדמיה\תואר שני\מחקר\BTN\GlobalPPREstimation\regions\LME_049\models\49_20192013_Western_North_Pacific_Watari_(2013)\extracted_tables\49_Kuroshio_Current_20192013_Western_North_Pacific_Watari_(2013).json
INFO - 
--- Mass balance check: INDETERMINATE ---
INFO - BA is unknown (-9999) for 41 of 41 group(s); those groups cannot be decided unless they reconcile without it.
INFO - NOTE  1 consumer(s) lack B or Q/B, so predation on their prey is under-counted and every recomputed EE below is a lower bound: 3 (Seabirds (all))
INFO - NOTE  34 group(s) carry all four of B/P-B/Q-B/EE - Ecopath needs three, so one of them is probably a published model estimate rather than an input; record which in REPORT.md: 1 (Baleen whales (OYC & OF)), 2 (Toothed whales (all)), 4 (Sharks (all)), 5 (Tunas (all)), 6 (Skipjack (all)), 7 (Miscellaneous piscivores (all)), 8 (Yellowtail (OYC & KC)), 9 (Japanese sardine (all)) ...
INFO - NOTE  detritus pools (3): inflow ~1076, consumption ~53.92 t/km^2/year, implied EE ~0.050 (indicative - export is not separated, it uses recomputed EE where the source gave none, and any unknown BA is left out of the flows entirely)
WARNING - INDET group 1 (Baleen whales (OYC & OF)): printed EE 0.08 vs recomputed 0.000 (diff 0.080) with BA unknown - a BA of +0.0007168 t/km^2/year (+0.08 of production) would close it - undecidable: this may be an extraction error or the BA the source never printed
WARNING - INDET group 5 (Tunas (all)): printed EE 0.75 vs recomputed 0.888 (diff 0.138) with BA unknown - a BA of -0.001825 t/km^2/year (-0.14 of production) would close it - undecidable: this may be an extraction error or the BA the source never printed
WARNING - INDET group 16 (Righteye flounders (OYC)): recomputed EE = 1.001 > 1 without BA, and BA is unknown - a BA of -0.002116 t/km^2/year (-0.03 of production) would close it - undecidable until the source is checked for biomass accumulation
WARNING - INDET group 20 (Flatfishes (KC)): printed EE 0.95 vs recomputed 0.652 (diff 0.298) with BA unknown - a BA of +0.002004 t/km^2/year (+0.30 of production) would close it - undecidable: this may be an extraction error or the BA the source never printed
WARNING - INDET group 21 (Seabreams (KC)): printed EE 0.45 vs recomputed 0.000 (diff 0.450) with BA unknown - a BA of +0.002952 t/km^2/year (+0.45 of production) would close it - undecidable: this may be an extraction error or the BA the source never printed
WARNING - WARN  group 1 (Baleen whales (OYC & OF)): P/Q = 0.014 outside the usual 0.02-0.5 range - check the P/B and Q/B columns
WARNING - WARN  group 2 (Toothed whales (all)): P/Q = 0.010 outside the usual 0.02-0.5 range - check the P/B and Q/B columns
WARNING - WARN  group 3 (Seabirds (all)): P/Q = 0.003 outside the usual 0.02-0.5 range - check the P/B and Q/B columns
INFO - 0 error(s), 5 indeterminate, 3 warning(s), 3 note(s)
INFO - An indeterminate group is a prompt to go back to the source for biomass accumulation, not a BA to enter. A BA this check suggested and then validated itself against would prove nothing.
INFO - Mass balance section written to C:\Users\idoca\Desktop\אישי\אקדמיה\תואר שני\מחקר\BTN\GlobalPPREstimation\regions\LME_049\models\49_20192013_Western_North_Pacific_Watari_(2013)\extracted_tables\MASS_BALANCE.md
WARNING - --update-report was given but no REPORT.md was found here
INFO - Log saved to C:\Users\idoca\Desktop\אישי\אקדמיה\תואר שני\מחקר\BTN\GlobalPPREstimation\regions\LME_049\models\49_20192013_Western_North_Pacific_Watari_(2013)\extracted_tables\ewe_conversion.log
INFO - Reading JSON: C:\Users\idoca\Desktop\אישי\אקדמיה\תואר שני\מחקר\BTN\GlobalPPREstimation\regions\LME_049\models\49_20192013_Western_North_Pacific_Watari_(2013)\extracted_tables\49_Kuroshio_Current_20192013_Western_North_Pacific_Watari_(2013).json
INFO - Writing reconstructed files to: C:\Users\idoca\Desktop\אישי\אקדמיה\תואר שני\מחקר\BTN\GlobalPPREstimation\regions\LME_049\models\49_20192013_Western_North_Pacific_Watari_(2013)\extracted_tables\49_Kuroshio_Current_20192013_Western_North_Pacific_Watari_(2013)_reconstructed.xlsx
INFO -   -> Included 'Landings' sheet (calculated from 'export' param)
INFO -   -> Included 'Taxonomy' sheet
INFO -   -> Included 'Detritus fate' sheet (Pools identified: 3)
INFO - 
Success! Validation file generated.
