  # group                                B      P/B      Q/B      EE  EE calc    P/Q    catch
  1 Baleen whales (OYC & OF)          0.16     0.07      5.1    0.08        0 0.0137        -
  2 Toothed whales (all)              0.25     0.08     8.16    0.01        0 0.0098        -
  3 Seabirds (all)                       -     0.12    36.67       0        -0.00327        -
  4 Sharks (all)                       0.2     0.39     2.19    0.09    0.128  0.178     0.01
  5 Tunas (all)                       0.04     0.33     6.75    0.75    0.888 0.0489     0.01
  6 Skipjack (all)                    0.09     0.46     16.2    0.77    0.766 0.0284     0.03
  7 Miscellaneous piscivores (a       0.53     0.52        5    0.62    0.646  0.104     0.02
  8 Yellowtail (OYC & KC)             0.27     0.93      3.1    0.56    0.239    0.3     0.06
  9 Japanese sardine (all)            0.78     0.69      2.3    0.98     1.09    0.3     0.14
 10 Japanese anchovy (all)            0.68     2.96     9.87    0.96     1.06    0.3      0.2
 11 Pacific saury (all)               0.94     1.25     4.17    0.79    0.794    0.3     0.46
 12 Chub mackerel (all)               1.49     0.66      2.2    0.74    0.735    0.3     0.25
 13 Spotted mackerel (all)            0.86     0.64     2.13    0.97    0.962    0.3     0.11
 14 Round herring (KC)                0.35      3.6       12    0.45   0.0962    0.3     0.04
 15 Jack mackerel (OYC & KC)          0.16     1.52     5.07    0.96     0.41    0.3     0.04
 16 Righteye flounders (OYC)          0.82     0.42      1.4    0.97    0.463    0.3     0.02
 17 Walleye pollock (OYC)             4.89     0.44     1.47    0.26   0.0494  0.299     0.08
 18 Pacific cod (OYC)                  1.5     0.45     1.51    0.79    0.241  0.298     0.03
 19 Miscellaneous bottom fishes       3.03     0.45     1.51    0.87    0.498  0.298     0.03
 20 Flatfishes (KC)                   0.06     0.56     1.87    0.95     0.13  0.299        -
 21 Seabreams (KC)                    0.08     0.41     1.36    0.45        0  0.301        -
 22 Demersal piscivores (KC)          0.28      0.7     2.32    0.95    0.213  0.302     0.01
 23 Miscellaneous bottom fishes       2.08      0.7     2.32    0.97    0.283  0.302     0.02
 24 Mesopelagic fishes (OYC)          5.94      1.5        6     0.9    0.303   0.25        -
 25 Mesopelagic fishes (KC)           4.99      1.5        6     0.9    0.196   0.25        -
 26 Mesopelagic fishes (OF)           1.44      1.5        6     0.9    0.541   0.25        -
 27 Epipelagic cephalopods (all       0.68     2.56      7.3    0.95     1.21  0.351     0.11
 28 Mesopelagic cephalopods (al       0.52      3.5    13.64    0.95     1.61  0.257        -
 29 Benthos (OYC)                     7.72     3.44    11.47     0.9    0.845    0.3     0.01
 30 Benthos (KC)                      13.7     3.22    10.73    0.61    0.575    0.3     0.01
 31 Krill (OYC)                      19.31     2.56    12.05    0.88    0.531  0.212     0.03
 32 Krill (OF)                        8.05     2.56    12.05     0.5    0.335  0.212        -
 33 Zooplankton (OYC)                35.65      5.8    19.33    0.31    0.235    0.3        -
 34 Zooplankton (KC)                 29.02      5.8    19.33    0.36     0.28    0.3        -
 35 Zooplankton (OF)                 41.88      5.8    19.33    0.13    0.105    0.3        -
 36 Phytoplankton (OYC)              13.56    153.8        -    0.41    0.413      -        -
 37 Phytoplankton (KC)               10.01    128.3        -    0.45    0.448      -        -
 38 Phytoplankton (OF)                9.04    153.8        -    0.63    0.631      -        -
 39 Detritus (OYC)                   47.91        -        -       -        -      -        -
 40 Detritus (KC)                    30.18        -        -       -        -      -        -
 41 Detritus (OF)                     47.5        -        -       -        -      -        -

NOTE  1 consumer(s) lack B or Q/B, so predation on their prey is under-counted and the EE check below is a lower bound: 3 (Seabirds (all))
NOTE  group 1 (Baleen whales (OYC & OF)): all four of B/P-B/Q-B/EE given — one is probably an Ecopath estimate; record which in the report
NOTE  group 2 (Toothed whales (all)): all four of B/P-B/Q-B/EE given — one is probably an Ecopath estimate; record which in the report
NOTE  group 4 (Sharks (all)): all four of B/P-B/Q-B/EE given — one is probably an Ecopath estimate; record which in the report
NOTE  group 5 (Tunas (all)): all four of B/P-B/Q-B/EE given — one is probably an Ecopath estimate; record which in the report
NOTE  group 6 (Skipjack (all)): all four of B/P-B/Q-B/EE given — one is probably an Ecopath estimate; record which in the report
NOTE  group 7 (Miscellaneous piscivores (all)): all four of B/P-B/Q-B/EE given — one is probably an Ecopath estimate; record which in the report
NOTE  group 8 (Yellowtail (OYC & KC)): all four of B/P-B/Q-B/EE given — one is probably an Ecopath estimate; record which in the report
NOTE  group 9 (Japanese sardine (all)): all four of B/P-B/Q-B/EE given — one is probably an Ecopath estimate; record which in the report
NOTE  group 10 (Japanese anchovy (all)): all four of B/P-B/Q-B/EE given — one is probably an Ecopath estimate; record which in the report
NOTE  group 11 (Pacific saury (all)): all four of B/P-B/Q-B/EE given — one is probably an Ecopath estimate; record which in the report
NOTE  group 12 (Chub mackerel (all)): all four of B/P-B/Q-B/EE given — one is probably an Ecopath estimate; record which in the report
NOTE  group 13 (Spotted mackerel (all)): all four of B/P-B/Q-B/EE given — one is probably an Ecopath estimate; record which in the report
NOTE  group 14 (Round herring (KC)): all four of B/P-B/Q-B/EE given — one is probably an Ecopath estimate; record which in the report
NOTE  group 15 (Jack mackerel (OYC & KC)): all four of B/P-B/Q-B/EE given — one is probably an Ecopath estimate; record which in the report
NOTE  group 16 (Righteye flounders (OYC)): all four of B/P-B/Q-B/EE given — one is probably an Ecopath estimate; record which in the report
NOTE  group 17 (Walleye pollock (OYC)): all four of B/P-B/Q-B/EE given — one is probably an Ecopath estimate; record which in the report
NOTE  group 18 (Pacific cod (OYC)): all four of B/P-B/Q-B/EE given — one is probably an Ecopath estimate; record which in the report
NOTE  group 19 (Miscellaneous bottom fishes (OYC)): all four of B/P-B/Q-B/EE given — one is probably an Ecopath estimate; record which in the report
NOTE  group 20 (Flatfishes (KC)): all four of B/P-B/Q-B/EE given — one is probably an Ecopath estimate; record which in the report
NOTE  group 21 (Seabreams (KC)): all four of B/P-B/Q-B/EE given — one is probably an Ecopath estimate; record which in the report
NOTE  group 22 (Demersal piscivores (KC)): all four of B/P-B/Q-B/EE given — one is probably an Ecopath estimate; record which in the report
NOTE  group 23 (Miscellaneous bottom fishes (KC)): all four of B/P-B/Q-B/EE given — one is probably an Ecopath estimate; record which in the report
NOTE  group 24 (Mesopelagic fishes (OYC)): all four of B/P-B/Q-B/EE given — one is probably an Ecopath estimate; record which in the report
NOTE  group 25 (Mesopelagic fishes (KC)): all four of B/P-B/Q-B/EE given — one is probably an Ecopath estimate; record which in the report
NOTE  group 26 (Mesopelagic fishes (OF)): all four of B/P-B/Q-B/EE given — one is probably an Ecopath estimate; record which in the report
NOTE  group 27 (Epipelagic cephalopods (all)): all four of B/P-B/Q-B/EE given — one is probably an Ecopath estimate; record which in the report
NOTE  group 28 (Mesopelagic cephalopods (all)): all four of B/P-B/Q-B/EE given — one is probably an Ecopath estimate; record which in the report
NOTE  group 29 (Benthos (OYC)): all four of B/P-B/Q-B/EE given — one is probably an Ecopath estimate; record which in the report
NOTE  group 30 (Benthos (KC)): all four of B/P-B/Q-B/EE given — one is probably an Ecopath estimate; record which in the report
NOTE  group 31 (Krill (OYC)): all four of B/P-B/Q-B/EE given — one is probably an Ecopath estimate; record which in the report
NOTE  group 32 (Krill (OF)): all four of B/P-B/Q-B/EE given — one is probably an Ecopath estimate; record which in the report
NOTE  group 33 (Zooplankton (OYC)): all four of B/P-B/Q-B/EE given — one is probably an Ecopath estimate; record which in the report
NOTE  group 34 (Zooplankton (KC)): all four of B/P-B/Q-B/EE given — one is probably an Ecopath estimate; record which in the report
NOTE  group 35 (Zooplankton (OF)): all four of B/P-B/Q-B/EE given — one is probably an Ecopath estimate; record which in the report
NOTE  detritus pools (3): inflow ~3507, consumption ~230.8 t/km2/yr, implied EE ~0.066 (indicative — export not separated, and it uses recomputed EE where the paper gave none)
WARN  group 1 (Baleen whales (OYC & OF)): printed EE 0.08 vs recomputed 0.000 (diff 0.080) — a BA of +0.000896 t/km2/year (+0.08 of production) would close this; check whether the paper reports biomass accumulation
WARN  group 1 (Baleen whales (OYC & OF)): P/Q = 0.014 outside the usual 0.02-0.5 range — check the P/B and Q/B columns
WARN  group 2 (Toothed whales (all)): P/Q = 0.010 outside the usual 0.02-0.5 range — check the P/B and Q/B columns
WARN  group 3 (Seabirds (all)): P/Q = 0.003 outside the usual 0.02-0.5 range — check the P/B and Q/B columns
WARN  group 5 (Tunas (all)): printed EE 0.75 vs recomputed 0.888 (diff 0.138) — a BA of -0.001828 t/km2/year (-0.14 of production) would close this; check whether the paper reports biomass accumulation
WARN  group 8 (Yellowtail (OYC & KC)): printed EE 0.56 vs recomputed 0.239 (diff 0.321) — a BA of +0.08062 t/km2/year (+0.32 of production) would close this; check whether the paper reports biomass accumulation
WARN  group 9 (Japanese sardine (all)): printed EE 0.98 vs recomputed 1.092 (diff 0.112) — a BA of -0.06028 t/km2/year (-0.11 of production) would close this; check whether the paper reports biomass accumulation
WARN  group 10 (Japanese anchovy (all)): printed EE 0.96 vs recomputed 1.060 (diff 0.100) — a BA of -0.2012 t/km2/year (-0.10 of production) would close this; check whether the paper reports biomass accumulation
WARN  group 14 (Round herring (KC)): printed EE 0.45 vs recomputed 0.096 (diff 0.354) — a BA of +0.4458 t/km2/year (+0.35 of production) would close this; check whether the paper reports biomass accumulation
WARN  group 15 (Jack mackerel (OYC & KC)): printed EE 0.96 vs recomputed 0.410 (diff 0.550) — a BA of +0.1339 t/km2/year (+0.55 of production) would close this; check whether the paper reports biomass accumulation
WARN  group 16 (Righteye flounders (OYC)): printed EE 0.97 vs recomputed 0.463 (diff 0.507) — a BA of +0.1745 t/km2/year (+0.51 of production) would close this; check whether the paper reports biomass accumulation
WARN  group 17 (Walleye pollock (OYC)): printed EE 0.26 vs recomputed 0.049 (diff 0.211) — a BA of +0.4531 t/km2/year (+0.21 of production) would close this; check whether the paper reports biomass accumulation
WARN  group 18 (Pacific cod (OYC)): printed EE 0.79 vs recomputed 0.241 (diff 0.549) — a BA of +0.3705 t/km2/year (+0.55 of production) would close this; check whether the paper reports biomass accumulation
WARN  group 19 (Miscellaneous bottom fishes (OYC)): printed EE 0.87 vs recomputed 0.498 (diff 0.372) — a BA of +0.5066 t/km2/year (+0.37 of production) would close this; check whether the paper reports biomass accumulation
WARN  group 20 (Flatfishes (KC)): printed EE 0.95 vs recomputed 0.130 (diff 0.820) — a BA of +0.02754 t/km2/year (+0.82 of production) would close this; check whether the paper reports biomass accumulation
WARN  group 21 (Seabreams (KC)): printed EE 0.45 vs recomputed 0.000 (diff 0.450) — a BA of +0.01476 t/km2/year (+0.45 of production) would close this; check whether the paper reports biomass accumulation
WARN  group 22 (Demersal piscivores (KC)): printed EE 0.95 vs recomputed 0.213 (diff 0.737) — a BA of +0.1445 t/km2/year (+0.74 of production) would close this; check whether the paper reports biomass accumulation
WARN  group 23 (Miscellaneous bottom fishes (KC)): printed EE 0.97 vs recomputed 0.283 (diff 0.687) — a BA of +1.001 t/km2/year (+0.69 of production) would close this; check whether the paper reports biomass accumulation
WARN  group 24 (Mesopelagic fishes (OYC)): printed EE 0.9 vs recomputed 0.303 (diff 0.597) — a BA of +5.323 t/km2/year (+0.60 of production) would close this; check whether the paper reports biomass accumulation
WARN  group 25 (Mesopelagic fishes (KC)): printed EE 0.9 vs recomputed 0.196 (diff 0.704) — a BA of +5.273 t/km2/year (+0.70 of production) would close this; check whether the paper reports biomass accumulation
WARN  group 26 (Mesopelagic fishes (OF)): printed EE 0.9 vs recomputed 0.541 (diff 0.359) — a BA of +0.7756 t/km2/year (+0.36 of production) would close this; check whether the paper reports biomass accumulation
WARN  group 27 (Epipelagic cephalopods (all)): printed EE 0.95 vs recomputed 1.206 (diff 0.256) — a BA of -0.4449 t/km2/year (-0.26 of production) would close this; check whether the paper reports biomass accumulation
WARN  group 28 (Mesopelagic cephalopods (all)): printed EE 0.95 vs recomputed 1.610 (diff 0.660) — a BA of -1.201 t/km2/year (-0.66 of production) would close this; check whether the paper reports biomass accumulation
WARN  group 29 (Benthos (OYC)): printed EE 0.9 vs recomputed 0.845 (diff 0.055) — a BA of +1.466 t/km2/year (+0.06 of production) would close this; check whether the paper reports biomass accumulation
WARN  group 31 (Krill (OYC)): printed EE 0.88 vs recomputed 0.531 (diff 0.349) — a BA of +17.23 t/km2/year (+0.35 of production) would close this; check whether the paper reports biomass accumulation
WARN  group 32 (Krill (OF)): printed EE 0.5 vs recomputed 0.335 (diff 0.165) — a BA of +3.397 t/km2/year (+0.16 of production) would close this; check whether the paper reports biomass accumulation
WARN  group 33 (Zooplankton (OYC)): printed EE 0.31 vs recomputed 0.235 (diff 0.075) — a BA of +15.46 t/km2/year (+0.07 of production) would close this; check whether the paper reports biomass accumulation
WARN  group 34 (Zooplankton (KC)): printed EE 0.36 vs recomputed 0.280 (diff 0.080) — a BA of +13.43 t/km2/year (+0.08 of production) would close this; check whether the paper reports biomass accumulation
ERROR group 9 (Japanese sardine (all)): recomputed EE = 1.092 > 1 — consumption+catch+BA (0.5877) exceeds production (0.5382)
ERROR group 10 (Japanese anchovy (all)): recomputed EE = 1.060 > 1 — consumption+catch+BA (2.133) exceeds production (2.013)
ERROR group 27 (Epipelagic cephalopods (all)): recomputed EE = 1.206 > 1 — consumption+catch+BA (2.099) exceeds production (1.741)
ERROR group 28 (Mesopelagic cephalopods (all)): recomputed EE = 1.610 > 1 — consumption+catch+BA (2.93) exceeds production (1.82)

4 error(s), 28 warning(s), 36 note(s)
Check each error against a rendered image of the source page before changing anything. Do not adjust numbers to make this pass.

