
--- Running Pipeline Option 1 (Dir -> JSON -> Excel) ---
INFO - Starting conversion for directory: C:\Users\idoca\Desktop\אישי\אקדמיה\תואר שני\מחקר\BTN\GlobalPPREstimation\regions\LME_037\models\Bacalso2026_Visayan_Sea_1997_baseline\extracted_tables
INFO - Output will be saved as: 37_3702026_Visayan_Sea_Bacalso_baseline_(1997).json
INFO - Biomass accumulation file Biomass_accumulation.csv is entirely blank: BA is UNKNOWN for every group (-9999), not zero.
INFO - Processing group: Seabirds (ID: 1)
INFO -     - Total Diet + Import sum for Seabirds: 1.00100
WARNING -     - Diet Sum is not 1 (1.00100). Normalizing to 1.0
INFO -     - Detritus fate sum for Seabirds: 0.00000
WARNING -     - Missing Detritus fate routing for Seabirds (Sum = 0.0)
INFO - Processing group: Sharks (juveniles/young adults) (ID: 2)
INFO -     - Total Diet + Import sum for Sharks (juveniles/young adults): 0.99960
WARNING -     - Diet Sum is not 1 (0.99960). Normalizing to 1.0
INFO -     - Detritus fate sum for Sharks (juveniles/young adults): 0.00000
WARNING -     - Missing Detritus fate routing for Sharks (juveniles/young adults) (Sum = 0.0)
INFO - Processing group: Rays (ID: 3)
INFO -     - Total Diet + Import sum for Rays: 1.00000
INFO -     - Detritus fate sum for Rays: 0.00000
WARNING -     - Missing Detritus fate routing for Rays (Sum = 0.0)
INFO - Processing group: Pel-pred fish (i) (ID: 4)
INFO -     - Total Diet + Import sum for Pel-pred fish (i): 1.00000
INFO -     - Detritus fate sum for Pel-pred fish (i): 0.00000
WARNING -     - Missing Detritus fate routing for Pel-pred fish (i) (Sum = 0.0)
INFO - Processing group: Pel-pred fish (a) (ID: 5)
INFO -     - Total Diet + Import sum for Pel-pred fish (a): 1.00100
WARNING -     - Diet Sum is not 1 (1.00100). Normalizing to 1.0
INFO -     - Detritus fate sum for Pel-pred fish (a): 0.00000
WARNING -     - Missing Detritus fate routing for Pel-pred fish (a) (Sum = 0.0)
INFO - Processing group: Anchovies (ID: 6)
INFO -     - Total Diet + Import sum for Anchovies: 1.00000
INFO -     - Detritus fate sum for Anchovies: 0.00000
WARNING -     - Missing Detritus fate routing for Anchovies (Sum = 0.0)
INFO - Processing group: Sardines (i) (ID: 7)
INFO -     - Total Diet + Import sum for Sardines (i): 1.00000
INFO -     - Detritus fate sum for Sardines (i): 0.00000
WARNING -     - Missing Detritus fate routing for Sardines (i) (Sum = 0.0)
INFO - Processing group: Sardines (a) (ID: 8)
INFO -     - Total Diet + Import sum for Sardines (a): 1.00000
INFO -     - Detritus fate sum for Sardines (a): 0.00000
WARNING -     - Missing Detritus fate routing for Sardines (a) (Sum = 0.0)
INFO - Processing group: Mackerels (i) (ID: 9)
INFO -     - Total Diet + Import sum for Mackerels (i): 1.00000
INFO -     - Detritus fate sum for Mackerels (i): 0.00000
WARNING -     - Missing Detritus fate routing for Mackerels (i) (Sum = 0.0)
INFO - Processing group: Mackerels (a) (ID: 10)
INFO -     - Total Diet + Import sum for Mackerels (a): 1.00000
INFO -     - Detritus fate sum for Mackerels (a): 0.00000
WARNING -     - Missing Detritus fate routing for Mackerels (a) (Sum = 0.0)
INFO - Processing group: Scads (i) (ID: 11)
INFO -     - Total Diet + Import sum for Scads (i): 1.00000
INFO -     - Detritus fate sum for Scads (i): 0.00000
WARNING -     - Missing Detritus fate routing for Scads (i) (Sum = 0.0)
INFO - Processing group: Scads (a) (ID: 12)
INFO -     - Total Diet + Import sum for Scads (a): 1.00000
INFO -     - Detritus fate sum for Scads (a): 0.00000
WARNING -     - Missing Detritus fate routing for Scads (a) (Sum = 0.0)
INFO - Processing group: Demersal fish (>30 cm) (ID: 13)
INFO -     - Total Diet + Import sum for Demersal fish (>30 cm): 1.00100
WARNING -     - Diet Sum is not 1 (1.00100). Normalizing to 1.0
INFO -     - Detritus fate sum for Demersal fish (>30 cm): 0.00000
WARNING -     - Missing Detritus fate routing for Demersal fish (>30 cm) (Sum = 0.0)
INFO - Processing group: Demersal fish (<30 cm) (ID: 14)
INFO -     - Total Diet + Import sum for Demersal fish (<30 cm): 1.00000
INFO -     - Detritus fate sum for Demersal fish (<30 cm): 0.00000
WARNING -     - Missing Detritus fate routing for Demersal fish (<30 cm) (Sum = 0.0)
INFO - Processing group: Jacks - barracudas (ID: 15)
INFO -     - Total Diet + Import sum for Jacks - barracudas: 1.00000
INFO -     - Detritus fate sum for Jacks - barracudas: 0.00000
WARNING -     - Missing Detritus fate routing for Jacks - barracudas (Sum = 0.0)
INFO - Processing group: Reef-associated carnivorous - piscivorous fish (>30 cm) (ID: 16)
INFO -     - Total Diet + Import sum for Reef-associated carnivorous - piscivorous fish (>30 cm): 1.00200
WARNING -     - Diet Sum is not 1 (1.00200). Normalizing to 1.0
INFO -     - Detritus fate sum for Reef-associated carnivorous - piscivorous fish (>30 cm): 0.00000
WARNING -     - Missing Detritus fate routing for Reef-associated carnivorous - piscivorous fish (>30 cm) (Sum = 0.0)
INFO - Processing group: Reef-associated zoobenthos-feeding fish (<30 cm) (ID: 17)
INFO -     - Total Diet + Import sum for Reef-associated zoobenthos-feeding fish (<30 cm): 1.00000
INFO -     - Detritus fate sum for Reef-associated zoobenthos-feeding fish (<30 cm): 0.00000
WARNING -     - Missing Detritus fate routing for Reef-associated zoobenthos-feeding fish (<30 cm) (Sum = 0.0)
INFO - Processing group: Reef-associated herbivorous fish (ID: 18)
INFO -     - Total Diet + Import sum for Reef-associated herbivorous fish: 1.00000
INFO -     - Detritus fate sum for Reef-associated herbivorous fish: 0.00000
WARNING -     - Missing Detritus fate routing for Reef-associated herbivorous fish (Sum = 0.0)
INFO - Processing group: Rabbitfish (ID: 19)
INFO -     - Total Diet + Import sum for Rabbitfish: 1.00000
INFO -     - Detritus fate sum for Rabbitfish: 0.00000
WARNING -     - Missing Detritus fate routing for Rabbitfish (Sum = 0.0)
INFO - Processing group: Reef-associated planktivorous fish (ID: 20)
INFO -     - Total Diet + Import sum for Reef-associated planktivorous fish: 1.00000
INFO -     - Detritus fate sum for Reef-associated planktivorous fish: 0.00000
WARNING -     - Missing Detritus fate routing for Reef-associated planktivorous fish (Sum = 0.0)
INFO - Processing group: Jellyfish (ID: 21)
INFO -     - Total Diet + Import sum for Jellyfish: 1.00000
INFO -     - Detritus fate sum for Jellyfish: 0.00000
WARNING -     - Missing Detritus fate routing for Jellyfish (Sum = 0.0)
INFO - Processing group: Octopus (ID: 22)
INFO -     - Total Diet + Import sum for Octopus: 1.00000
INFO -     - Detritus fate sum for Octopus: 0.00000
WARNING -     - Missing Detritus fate routing for Octopus (Sum = 0.0)
INFO - Processing group: Squids (ID: 23)
INFO -     - Total Diet + Import sum for Squids: 1.00000
INFO -     - Detritus fate sum for Squids: 0.00000
WARNING -     - Missing Detritus fate routing for Squids (Sum = 0.0)
INFO - Processing group: Marine crabs (ID: 24)
INFO -     - Total Diet + Import sum for Marine crabs: 1.00000
INFO -     - Detritus fate sum for Marine crabs: 0.00000
WARNING -     - Missing Detritus fate routing for Marine crabs (Sum = 0.0)
INFO - Processing group: Shrimps (ID: 25)
INFO -     - Total Diet + Import sum for Shrimps: 1.00000
INFO -     - Detritus fate sum for Shrimps: 0.00000
WARNING -     - Missing Detritus fate routing for Shrimps (Sum = 0.0)
INFO - Processing group: Mollusks (ID: 26)
INFO -     - Total Diet + Import sum for Mollusks: 1.00000
INFO -     - Detritus fate sum for Mollusks: 0.00000
WARNING -     - Missing Detritus fate routing for Mollusks (Sum = 0.0)
INFO - Processing group: Other epibenthos (ID: 27)
INFO -     - Total Diet + Import sum for Other epibenthos: 1.00000
INFO -     - Detritus fate sum for Other epibenthos: 0.00000
WARNING -     - Missing Detritus fate routing for Other epibenthos (Sum = 0.0)
INFO - Processing group: Worms - infauna (ID: 28)
INFO -     - Total Diet + Import sum for Worms - infauna: 1.00000
INFO -     - Detritus fate sum for Worms - infauna: 0.00000
WARNING -     - Missing Detritus fate routing for Worms - infauna (Sum = 0.0)
INFO - Processing group: Sessile benthos (ID: 29)
INFO -     - Total Diet + Import sum for Sessile benthos: 1.00000
INFO -     - Detritus fate sum for Sessile benthos: 0.00000
WARNING -     - Missing Detritus fate routing for Sessile benthos (Sum = 0.0)
INFO - Processing group: Zooplankton (ID: 30)
INFO -     - Total Diet + Import sum for Zooplankton: 1.00000
INFO -     - Detritus fate sum for Zooplankton: 0.00000
WARNING -     - Missing Detritus fate routing for Zooplankton (Sum = 0.0)
INFO - Processing group: Phytoplankton (ID: 31)
INFO -     -> Identified as Primary Producer (pp = 1).
INFO - Processing group: Benthic primary producers (ID: 32)
INFO -     -> Identified as Primary Producer (pp = 1).
INFO - Processing group: Detritus (ID: 33)
INFO -     -> Identified as Detritus group (pp = 2).
INFO - 
Success: Output saved to C:\Users\idoca\Desktop\אישי\אקדמיה\תואר שני\מחקר\BTN\GlobalPPREstimation\regions\LME_037\models\Bacalso2026_Visayan_Sea_1997_baseline\extracted_tables\37_3702026_Visayan_Sea_Bacalso_baseline_(1997).json
INFO - 
--- Mass balance check: BALANCED ---
INFO - BA is unknown (-9999) for 33 of 33 group(s); those groups cannot be decided unless they reconcile without it.
INFO - NOTE  30 group(s) carry all four of B/P-B/Q-B/EE - Ecopath needs three, so one of them is probably a published model estimate rather than an input; record which in REPORT.md: 1 (Seabirds), 2 (Sharks (juveniles/young adults)), 3 (Rays), 4 (Pel-pred fish (i)), 5 (Pel-pred fish (a)), 6 (Anchovies), 7 (Sardines (i)), 8 (Sardines (a)) ...
INFO - NOTE  detritus pools (1): inflow ~1208, consumption ~525.4 t/km^2/year, implied EE ~0.435 (indicative - export is not separated, it uses recomputed EE where the source gave none, and any unknown BA is left out of the flows entirely)
WARNING - WARN  group 1 (Seabirds): P/Q = 0.006 outside the usual 0.02-0.5 range - check the P/B and Q/B columns
INFO - 0 error(s), 0 indeterminate, 1 warning(s), 2 note(s)
INFO - Mass balance section written to C:\Users\idoca\Desktop\אישי\אקדמיה\תואר שני\מחקר\BTN\GlobalPPREstimation\regions\LME_037\models\Bacalso2026_Visayan_Sea_1997_baseline\extracted_tables\MASS_BALANCE.md
WARNING - --update-report was given but no REPORT.md was found here
INFO - Log saved to C:\Users\idoca\Desktop\אישי\אקדמיה\תואר שני\מחקר\BTN\GlobalPPREstimation\regions\LME_037\models\Bacalso2026_Visayan_Sea_1997_baseline\extracted_tables\ewe_conversion.log
INFO - Reading JSON: C:\Users\idoca\Desktop\אישי\אקדמיה\תואר שני\מחקר\BTN\GlobalPPREstimation\regions\LME_037\models\Bacalso2026_Visayan_Sea_1997_baseline\extracted_tables\37_3702026_Visayan_Sea_Bacalso_baseline_(1997).json
INFO - Writing reconstructed files to: C:\Users\idoca\Desktop\אישי\אקדמיה\תואר שני\מחקר\BTN\GlobalPPREstimation\regions\LME_037\models\Bacalso2026_Visayan_Sea_1997_baseline\extracted_tables\37_3702026_Visayan_Sea_Bacalso_baseline_(1997)_reconstructed.xlsx
INFO -   -> Included 'Landings' sheet (calculated from 'export' param)
INFO -   -> Included 'Taxonomy' sheet
INFO -   -> Included 'Detritus fate' sheet (Pools identified: 1)
INFO - 
Success! Validation file generated.
