  # group                                B      P/B      Q/B      EE  EE calc    P/Q    catch
  1 Seabirds                         0.002      0.4       64    0.02    0.024   0.01        -
  2 Sharks (juveniles/young adu      0.028     0.92     6.87    0.46    0.464   0.13    0.011
  3 Rays                             0.053     1.61     7.62    0.54    0.535   0.21    0.036
  4 Pel-pred fish (i)                0.076     1.66    19.88    0.55    0.549   0.08    0.048
  5 Pel-pred fish (a)                0.029     1.96    11.56    0.64    0.644   0.17    0.035
  6 Anchovies                        1.747     3.26     22.4     0.9      0.9   0.15    0.576
  7 Sardines (i)                     0.978     3.15    33.83    0.96    0.955   0.09    0.925
  8 Sardines (a)                      0.73     4.72    19.07    0.63    0.633   0.25    2.048
  9 Mackerels (i)                    0.755      3.1    34.32     0.9    0.899   0.09    0.858
 10 Mackerels (a)                    0.411      4.2    19.03     0.7    0.699   0.22    1.167
 11 Scads (i)                        0.805     2.75    31.31    0.67    0.668   0.09    0.826
 12 Scads (a)                         0.63     3.25     17.6    0.64    0.638   0.18    1.241
 13 Demersal fish (>30 cm)           0.296     2.14    10.44    0.67    0.676    0.2    0.292
 14 Demersal fish (<30 cm)           1.665     3.92    16.04    0.86    0.861   0.24    3.342
 15 Jacks - barracudas               0.286     2.24     13.6    0.46    0.458   0.16     0.27
 16 Reef-associated carnivorous      0.331     2.08     9.82    0.61    0.609   0.21    0.324
 17 Reef-associated zoobenthos-      1.326     2.64    16.92    0.79    0.789   0.16    1.195
 18 Reef-associated herbivorous      0.258     1.83       34    0.59    0.587   0.05    0.067
 19 Rabbitfish                       0.066      2.9    37.06    0.79    0.782   0.08    0.074
 20 Reef-associated planktivoro      0.377     2.14    18.04    0.67    0.667   0.12    0.176
 21 Jellyfish                        0.013      6.5       26     0.9    0.909   0.25        -
 22 Octopus                          0.121     2.32     13.2    0.85    0.851   0.18    0.024
 23 Squids                           0.471     2.72    14.79     0.9      0.9   0.18    0.555
 24 Marine crabs                     2.089      3.5     16.2     0.9      0.9   0.22    0.337
 25 Shrimps                           6.69     3.26       19     0.9      0.9   0.17    0.363
 26 Mollusks                         5.279     3.92    15.75     0.9      0.9   0.25    0.268
 27 Other epibenthos                 4.896     2.28    12.25     0.9      0.9   0.19    0.061
 28 Worms - infauna                  15.99      6.5       25     0.9      0.9   0.26        -
 29 Sessile benthos                  11.22     1.75       15     0.5      0.5   0.12    0.041
 30 Zooplankton                      14.57       33      145    0.95     0.95   0.23        -
 31 Phytoplankton                    16.07      135        -    0.86    0.864      -        -
 32 Benthic primary producers        26.75       15        -     0.5      0.5      -        -
 33 Detritus                         86.28        -        -    0.44        -      -        -

NOTE  group 1 (Seabirds): all four of B/P-B/Q-B/EE given — one is probably an Ecopath estimate; record which in the report
NOTE  group 2 (Sharks (juveniles/young adults)): all four of B/P-B/Q-B/EE given — one is probably an Ecopath estimate; record which in the report
NOTE  group 3 (Rays): all four of B/P-B/Q-B/EE given — one is probably an Ecopath estimate; record which in the report
NOTE  group 4 (Pel-pred fish (i)): all four of B/P-B/Q-B/EE given — one is probably an Ecopath estimate; record which in the report
NOTE  group 5 (Pel-pred fish (a)): all four of B/P-B/Q-B/EE given — one is probably an Ecopath estimate; record which in the report
NOTE  group 6 (Anchovies): all four of B/P-B/Q-B/EE given — one is probably an Ecopath estimate; record which in the report
NOTE  group 7 (Sardines (i)): all four of B/P-B/Q-B/EE given — one is probably an Ecopath estimate; record which in the report
NOTE  group 8 (Sardines (a)): all four of B/P-B/Q-B/EE given — one is probably an Ecopath estimate; record which in the report
NOTE  group 9 (Mackerels (i)): all four of B/P-B/Q-B/EE given — one is probably an Ecopath estimate; record which in the report
NOTE  group 10 (Mackerels (a)): all four of B/P-B/Q-B/EE given — one is probably an Ecopath estimate; record which in the report
NOTE  group 11 (Scads (i)): all four of B/P-B/Q-B/EE given — one is probably an Ecopath estimate; record which in the report
NOTE  group 12 (Scads (a)): all four of B/P-B/Q-B/EE given — one is probably an Ecopath estimate; record which in the report
NOTE  group 13 (Demersal fish (>30 cm)): all four of B/P-B/Q-B/EE given — one is probably an Ecopath estimate; record which in the report
NOTE  group 14 (Demersal fish (<30 cm)): all four of B/P-B/Q-B/EE given — one is probably an Ecopath estimate; record which in the report
NOTE  group 15 (Jacks - barracudas): all four of B/P-B/Q-B/EE given — one is probably an Ecopath estimate; record which in the report
NOTE  group 16 (Reef-associated carnivorous - piscivorous fish (>30 cm)): all four of B/P-B/Q-B/EE given — one is probably an Ecopath estimate; record which in the report
NOTE  group 17 (Reef-associated zoobenthos-feeding fish (<30 cm)): all four of B/P-B/Q-B/EE given — one is probably an Ecopath estimate; record which in the report
NOTE  group 18 (Reef-associated herbivorous fish): all four of B/P-B/Q-B/EE given — one is probably an Ecopath estimate; record which in the report
NOTE  group 19 (Rabbitfish): all four of B/P-B/Q-B/EE given — one is probably an Ecopath estimate; record which in the report
NOTE  group 20 (Reef-associated planktivorous fish): all four of B/P-B/Q-B/EE given — one is probably an Ecopath estimate; record which in the report
NOTE  group 21 (Jellyfish): all four of B/P-B/Q-B/EE given — one is probably an Ecopath estimate; record which in the report
NOTE  group 22 (Octopus): all four of B/P-B/Q-B/EE given — one is probably an Ecopath estimate; record which in the report
NOTE  group 23 (Squids): all four of B/P-B/Q-B/EE given — one is probably an Ecopath estimate; record which in the report
NOTE  group 24 (Marine crabs): all four of B/P-B/Q-B/EE given — one is probably an Ecopath estimate; record which in the report
NOTE  group 25 (Shrimps): all four of B/P-B/Q-B/EE given — one is probably an Ecopath estimate; record which in the report
NOTE  group 26 (Mollusks): all four of B/P-B/Q-B/EE given — one is probably an Ecopath estimate; record which in the report
NOTE  group 27 (Other epibenthos): all four of B/P-B/Q-B/EE given — one is probably an Ecopath estimate; record which in the report
NOTE  group 28 (Worms - infauna): all four of B/P-B/Q-B/EE given — one is probably an Ecopath estimate; record which in the report
NOTE  group 29 (Sessile benthos): all four of B/P-B/Q-B/EE given — one is probably an Ecopath estimate; record which in the report
NOTE  group 30 (Zooplankton): all four of B/P-B/Q-B/EE given — one is probably an Ecopath estimate; record which in the report
NOTE  detritus pools (1): inflow ~1208, consumption ~525.4 t/km2/yr, implied EE ~0.435 (indicative — export not separated, and it uses recomputed EE where the paper gave none)
WARN  group 1 (Seabirds): P/Q = 0.010 outside the usual 0.02-0.5 range — check the P/B and Q/B columns

0 error(s), 1 warning(s), 31 note(s)
