C:\Users\idoca\Desktop\אישי\אקדמיה\תואר שני\מחקר\BTN\GlobalPPREstimation\regions\LME_037\models\Bacalso2026_Visayan_Sea_1997_baseline\extracted_tables
wrote 8 files to C:\Users\idoca\Desktop\אישי\אקדמיה\תואר שני\מחקר\BTN\GlobalPPREstimation\regions\LME_037\models\Bacalso2026_Visayan_Sea_1997_baseline\extracted_tables
  37_3702026_Visayan_Sea_Bacalso_baseline_(1997).json
  37_3702026_Visayan_Sea_Bacalso_baseline_(1997)_reconstructed.xlsx
  BASELINE_PARAMETER_CROSSWALK.json
  Basic_input.csv
  Biomass_accumulation.csv
  cell_evidence.json
  Detritus_fate.csv
  Diet_composition.csv
  Discards.csv
  ewe_conversion.log
  fleet_cells_source.json
  Landings.csv
  MASS_BALANCE.md
  Metadata.xlsx
  taxonomy.csv
  Taxonomy.xlsx
  taxonomy_evidence.json
  TL.xlsx
