INFO - Starting conversion for directory: C:\Users\idoca\Desktop\אישי\אקדמיה\תואר שני\מחקר\BTN\GlobalPPREstimation\regions\LME_027\models\27_Villanueva2004_SineSaloum\extracted_tables\thesis\partial_import_evidence
INFO - Output will be saved as: 27_Canary_Current_Villanueva2004Thesis_Sine_Saloum_(1991-1992).json
INFO - Biomass accumulation file Biomass_accumulation.csv is entirely blank: BA is UNKNOWN for every group (-9999), not zero.
INFO - Processing group: Sphyraena guanchancho (ID: 1)
INFO -     - Total Diet + Import sum for Sphyraena guanchancho: 1.00000
INFO -     - Detritus fate sum for Sphyraena guanchancho: 0.00000
WARNING -     - Missing Detritus fate routing for Sphyraena guanchancho (Sum = 0.0)
INFO - Processing group: Scomberomorus tritor (ID: 2)
INFO -     - Total Diet + Import sum for Scomberomorus tritor: 0.99900
WARNING -     - Diet Sum is not 1 (0.99900); preserving source values for review
INFO -     - Detritus fate sum for Scomberomorus tritor: 0.00000
WARNING -     - Missing Detritus fate routing for Scomberomorus tritor (Sum = 0.0)
INFO - Processing group: Polydactylus quadrifilis (ID: 3)
INFO -     - Total Diet + Import sum for Polydactylus quadrifilis: 0.97000
WARNING -     - Diet Sum is not 1 (0.97000); preserving source values for review
INFO -     - Detritus fate sum for Polydactylus quadrifilis: 0.00000
WARNING -     - Missing Detritus fate routing for Polydactylus quadrifilis (Sum = 0.0)
INFO - Processing group: Galeoides decadactylus (ID: 4)
INFO -     - Total Diet + Import sum for Galeoides decadactylus: 1.00000
INFO -     - Detritus fate sum for Galeoides decadactylus: 0.00000
WARNING -     - Missing Detritus fate routing for Galeoides decadactylus (Sum = 0.0)
INFO - Processing group: Pseudotolithus elongatus (ID: 5)
INFO -     - Total Diet + Import sum for Pseudotolithus elongatus: 0.97900
WARNING -     - Diet Sum is not 1 (0.97900); preserving source values for review
INFO -     - Detritus fate sum for Pseudotolithus elongatus: 0.00000
WARNING -     - Missing Detritus fate routing for Pseudotolithus elongatus (Sum = 0.0)
INFO - Processing group: Pseudotolithus brachygnathus (ID: 6)
INFO -     - Total Diet + Import sum for Pseudotolithus brachygnathus: 1.00000
INFO -     - Detritus fate sum for Pseudotolithus brachygnathus: 0.00000
WARNING -     - Missing Detritus fate routing for Pseudotolithus brachygnathus (Sum = 0.0)
INFO - Processing group: Elops lacerta (ID: 7)
INFO -     - Total Diet + Import sum for Elops lacerta: 1.00000
INFO -     - Detritus fate sum for Elops lacerta: 0.00000
WARNING -     - Missing Detritus fate routing for Elops lacerta (Sum = 0.0)
INFO - Processing group: Arius latiscutatus (ID: 8)
INFO -     - Total Diet + Import sum for Arius latiscutatus: 0.98000
WARNING -     - Diet Sum is not 1 (0.98000); preserving source values for review
INFO -     - Detritus fate sum for Arius latiscutatus: 0.00000
WARNING -     - Missing Detritus fate routing for Arius latiscutatus (Sum = 0.0)
INFO - Processing group: Pomadasys jubelini (ID: 9)
INFO -     - Total Diet + Import sum for Pomadasys jubelini: 0.99000
WARNING -     - Diet Sum is not 1 (0.99000); preserving source values for review
INFO -     - Detritus fate sum for Pomadasys jubelini: 0.00000
WARNING -     - Missing Detritus fate routing for Pomadasys jubelini (Sum = 0.0)
INFO - Processing group: Chloroscombrus chrysurus (ID: 10)
INFO -     - Total Diet + Import sum for Chloroscombrus chrysurus: 0.98900
WARNING -     - Diet Sum is not 1 (0.98900); preserving source values for review
INFO -     - Detritus fate sum for Chloroscombrus chrysurus: 0.00000
WARNING -     - Missing Detritus fate routing for Chloroscombrus chrysurus (Sum = 0.0)
INFO - Processing group: Caranx hippos (ID: 11)
INFO -     - Total Diet + Import sum for Caranx hippos: 1.00000
INFO -     - Detritus fate sum for Caranx hippos: 0.00000
WARNING -     - Missing Detritus fate routing for Caranx hippos (Sum = 0.0)
INFO - Processing group: Trachinotus teraia (ID: 12)
INFO -     - Total Diet + Import sum for Trachinotus teraia: 1.00000
INFO -     - Detritus fate sum for Trachinotus teraia: 0.00000
WARNING -     - Missing Detritus fate routing for Trachinotus teraia (Sum = 0.0)
INFO - Processing group: Citarichthys stampflii (ID: 13)
INFO -     - Total Diet + Import sum for Citarichthys stampflii: 1.00000
INFO -     - Detritus fate sum for Citarichthys stampflii: 0.00000
WARNING -     - Missing Detritus fate routing for Citarichthys stampflii (Sum = 0.0)
INFO - Processing group: Cynoglossus senegalensis (ID: 14)
INFO -     - Total Diet + Import sum for Cynoglossus senegalensis: 1.00000
INFO -     - Detritus fate sum for Cynoglossus senegalensis: 0.00000
WARNING -     - Missing Detritus fate routing for Cynoglossus senegalensis (Sum = 0.0)
INFO - Processing group: Eucinostomus melanopterus (ID: 15)
INFO -     - Total Diet + Import sum for Eucinostomus melanopterus: 1.00000
INFO -     - Detritus fate sum for Eucinostomus melanopterus: 0.00000
WARNING -     - Missing Detritus fate routing for Eucinostomus melanopterus (Sum = 0.0)
INFO - Processing group: Drepane africana (ID: 16)
INFO -     - Total Diet + Import sum for Drepane africana: 1.00000
INFO -     - Detritus fate sum for Drepane africana: 0.00000
WARNING -     - Missing Detritus fate routing for Drepane africana (Sum = 0.0)
INFO - Processing group: Dasyatis margarita (ID: 17)
INFO -     - Total Diet + Import sum for Dasyatis margarita: 1.00000
INFO -     - Detritus fate sum for Dasyatis margarita: 0.00000
WARNING -     - Missing Detritus fate routing for Dasyatis margarita (Sum = 0.0)
INFO - Processing group: Ilisha africana (ID: 18)
INFO -     - Total Diet + Import sum for Ilisha africana: 1.00000
INFO -     - Detritus fate sum for Ilisha africana: 0.00000
WARNING -     - Missing Detritus fate routing for Ilisha africana (Sum = 0.0)
INFO - Processing group: Brachydeuterus auritus (ID: 19)
INFO -     - Total Diet + Import sum for Brachydeuterus auritus: 1.00000
INFO -     - Detritus fate sum for Brachydeuterus auritus: 0.00000
WARNING -     - Missing Detritus fate routing for Brachydeuterus auritus (Sum = 0.0)
INFO - Processing group: Epinephelus aeneus (ID: 20)
WARNING -     -> VALIDATION CONFLICT: Has Q/B value (6.992), but diet is empty!
INFO - Processing group: Hemiramphus brasiliensis (ID: 21)
INFO -     - Total Diet + Import sum for Hemiramphus brasiliensis: 1.00000
INFO -     - Detritus fate sum for Hemiramphus brasiliensis: 0.00000
WARNING -     - Missing Detritus fate routing for Hemiramphus brasiliensis (Sum = 0.0)
INFO - Processing group: Pellonula leonensis (ID: 22)
INFO -     - Total Diet + Import sum for Pellonula leonensis: 1.00000
INFO -     - Detritus fate sum for Pellonula leonensis: 0.00000
WARNING -     - Missing Detritus fate routing for Pellonula leonensis (Sum = 0.0)
INFO - Processing group: Trichiurus lepturus (ID: 23)
INFO -     - Total Diet + Import sum for Trichiurus lepturus: 1.00000
INFO -     - Detritus fate sum for Trichiurus lepturus: 0.00000
WARNING -     - Missing Detritus fate routing for Trichiurus lepturus (Sum = 0.0)
INFO - Processing group: Monodactylus sebae (ID: 24)
INFO -     - Total Diet + Import sum for Monodactylus sebae: 1.00000
INFO -     - Detritus fate sum for Monodactylus sebae: 0.00000
WARNING -     - Missing Detritus fate routing for Monodactylus sebae (Sum = 0.0)
INFO - Processing group: Ethmalosa fimbriata (ID: 25)
INFO -     - Total Diet + Import sum for Ethmalosa fimbriata: 1.00000
INFO -     - Detritus fate sum for Ethmalosa fimbriata: 0.00000
WARNING -     - Missing Detritus fate routing for Ethmalosa fimbriata (Sum = 0.0)
INFO - Processing group: Sardinella maderensis (ID: 26)
INFO -     - Total Diet + Import sum for Sardinella maderensis: 1.00000
INFO -     - Detritus fate sum for Sardinella maderensis: 0.00000
WARNING -     - Missing Detritus fate routing for Sardinella maderensis (Sum = 0.0)
INFO - Processing group: Liza grandisquamis (ID: 27)
INFO -     - Total Diet + Import sum for Liza grandisquamis: 1.00000
INFO -     - Detritus fate sum for Liza grandisquamis: 0.00000
WARNING -     - Missing Detritus fate routing for Liza grandisquamis (Sum = 0.0)
INFO - Processing group: Sarotherodon melanotheron (ID: 28)
INFO -     - Total Diet + Import sum for Sarotherodon melanotheron: 1.00000
INFO -     - Detritus fate sum for Sarotherodon melanotheron: 0.00000
WARNING -     - Missing Detritus fate routing for Sarotherodon melanotheron (Sum = 0.0)
INFO - Processing group: Tilapia guineensis (ID: 29)
INFO -     - Total Diet + Import sum for Tilapia guineensis: 1.00000
INFO -     - Detritus fate sum for Tilapia guineensis: 0.00000
WARNING -     - Missing Detritus fate routing for Tilapia guineensis (Sum = 0.0)
INFO - Processing group: Crevettes (ID: 30)
INFO -     - Total Diet + Import sum for Crevettes: 1.00000
INFO -     - Detritus fate sum for Crevettes: 0.00000
WARNING -     - Missing Detritus fate routing for Crevettes (Sum = 0.0)
INFO - Processing group: Crabes (ID: 31)
INFO -     - Total Diet + Import sum for Crabes: 1.00000
INFO -     - Detritus fate sum for Crabes: 0.00000
WARNING -     - Missing Detritus fate routing for Crabes (Sum = 0.0)
INFO - Processing group: Macrobenthos (ID: 32)
INFO -     - Total Diet + Import sum for Macrobenthos: 1.00000
INFO -     - Detritus fate sum for Macrobenthos: 0.00000
WARNING -     - Missing Detritus fate routing for Macrobenthos (Sum = 0.0)
INFO - Processing group: Meiobenthos (ID: 33)
INFO -     - Total Diet + Import sum for Meiobenthos: 1.00000
INFO -     - Detritus fate sum for Meiobenthos: 0.00000
WARNING -     - Missing Detritus fate routing for Meiobenthos (Sum = 0.0)
INFO - Processing group: Zooplancton (ID: 34)
INFO -     - Total Diet + Import sum for Zooplancton: 1.00000
INFO -     - Detritus fate sum for Zooplancton: 0.00000
WARNING -     - Missing Detritus fate routing for Zooplancton (Sum = 0.0)
INFO - Processing group: Phytoplancton (ID: 35)
INFO -     -> Identified as Primary Producer (pp = 1).
INFO - Processing group: Phytobenthos (ID: 36)
INFO -     -> Identified as Primary Producer (pp = 1).
INFO - Processing group: Détritus (ID: 37)
INFO -     -> Identified as Detritus group (pp = 2).
INFO - 
Success: Output saved to C:\Users\idoca\Desktop\אישי\אקדמיה\תואר שני\מחקר\BTN\GlobalPPREstimation\regions\LME_027\models\27_Villanueva2004_SineSaloum\extracted_tables\thesis\partial_import_evidence\27_Canary_Current_Villanueva2004Thesis_Sine_Saloum_(1991-1992).json
INFO - 
--- Mass balance check: NOT BALANCED ---
INFO - BA is unknown (-9999) for 37 of 37 group(s); those groups cannot be decided unless they reconcile without it.
INFO - NOTE  34 group(s) carry all four of B/P-B/Q-B/EE - Ecopath needs three, so one of them is probably a published model estimate rather than an input; record which in REPORT.md: 1 (Sphyraena guanchancho), 2 (Scomberomorus tritor), 3 (Polydactylus quadrifilis), 4 (Galeoides decadactylus), 5 (Pseudotolithus elongatus), 6 (Pseudotolithus brachygnathus), 7 (Elops lacerta), 8 (Arius latiscutatus) ...
INFO - NOTE  detritus pools (1): inflow ~1.003e+04, consumption ~1191 t/km^2/year, implied EE ~0.119 (indicative - export is not separated, it uses recomputed EE where the source gave none, and any unknown BA is left out of the flows entirely)
WARNING - INDET group 20 (Epinephelus aeneus): printed EE 0.850 vs recomputed 0.028 (diff 0.822) with BA unknown - a BA of +0.1174 t/km^2/year (+0.82 of production) would close it - undecidable: this may be an extraction error or the BA the source never printed
WARNING - INDET group 22 (Pellonula leonensis): printed EE 0.700 vs recomputed 0.472 (diff 0.228) with BA unknown - a BA of +0.1819 t/km^2/year (+0.23 of production) would close it - undecidable: this may be an extraction error or the BA the source never printed
WARNING - INDET group 30 (Crevettes): printed EE 0.950 vs recomputed 0.866 (diff 0.084) with BA unknown - a BA of +1.083 t/km^2/year (+0.08 of production) would close it - undecidable: this may be an extraction error or the BA the source never printed
WARNING - INDET group 37 (Détritus): recomputed EE = 700.598 > 1 without BA, and BA is unknown - undecidable until the source is checked for biomass accumulation
WARNING - INDET group 1: diet/import has unknown cells; known subtotal 1 is not a complete composition
WARNING - INDET group 1: unassimilated fraction unknown; indicative checks use a software assumption
WARNING - INDET group 1: discard removals unknown; reported catch does not establish complete removals
WARNING - INDET group 2: diet/import has unknown cells; known subtotal 0.999 is not a complete composition
WARNING - INDET group 2: unassimilated fraction unknown; indicative checks use a software assumption
WARNING - INDET group 2: discard removals unknown; reported catch does not establish complete removals
WARNING - INDET group 3: diet/import has unknown cells; known subtotal 0.97 is not a complete composition
WARNING - INDET group 3: unassimilated fraction unknown; indicative checks use a software assumption
WARNING - INDET group 3: discard removals unknown; reported catch does not establish complete removals
WARNING - INDET group 4: diet/import has unknown cells; known subtotal 1 is not a complete composition
WARNING - INDET group 4: unassimilated fraction unknown; indicative checks use a software assumption
WARNING - INDET group 4: discard removals unknown; reported catch does not establish complete removals
WARNING - INDET group 5: diet/import has unknown cells; known subtotal 0.979 is not a complete composition
WARNING - INDET group 5: unassimilated fraction unknown; indicative checks use a software assumption
WARNING - INDET group 5: discard removals unknown; reported catch does not establish complete removals
WARNING - INDET group 6: diet/import has unknown cells; known subtotal 1 is not a complete composition
WARNING - INDET group 6: unassimilated fraction unknown; indicative checks use a software assumption
WARNING - INDET group 6: discard removals unknown; reported catch does not establish complete removals
WARNING - INDET group 7: diet/import has unknown cells; known subtotal 1 is not a complete composition
WARNING - INDET group 7: unassimilated fraction unknown; indicative checks use a software assumption
WARNING - INDET group 7: discard removals unknown; reported catch does not establish complete removals
WARNING - INDET group 8: diet/import has unknown cells; known subtotal 0.98 is not a complete composition
WARNING - INDET group 8: unassimilated fraction unknown; indicative checks use a software assumption
WARNING - INDET group 8: discard removals unknown; reported catch does not establish complete removals
WARNING - INDET group 9: diet/import has unknown cells; known subtotal 0.99 is not a complete composition
WARNING - INDET group 9: unassimilated fraction unknown; indicative checks use a software assumption
WARNING - INDET group 9: discard removals unknown; reported catch does not establish complete removals
WARNING - INDET group 10: diet/import has unknown cells; known subtotal 0.989 is not a complete composition
WARNING - INDET group 10: unassimilated fraction unknown; indicative checks use a software assumption
WARNING - INDET group 10: discard removals unknown; reported catch does not establish complete removals
WARNING - INDET group 11: diet/import has unknown cells; known subtotal 1 is not a complete composition
WARNING - INDET group 11: unassimilated fraction unknown; indicative checks use a software assumption
WARNING - INDET group 11: discard removals unknown; reported catch does not establish complete removals
WARNING - INDET group 12: diet/import has unknown cells; known subtotal 1 is not a complete composition
WARNING - INDET group 12: unassimilated fraction unknown; indicative checks use a software assumption
WARNING - INDET group 12: discard removals unknown; reported catch does not establish complete removals
WARNING - INDET group 13: diet/import has unknown cells; known subtotal 1 is not a complete composition
WARNING - INDET group 13: unassimilated fraction unknown; indicative checks use a software assumption
WARNING - INDET group 13: discard removals unknown; reported catch does not establish complete removals
WARNING - INDET group 14: diet/import has unknown cells; known subtotal 1 is not a complete composition
WARNING - INDET group 14: unassimilated fraction unknown; indicative checks use a software assumption
WARNING - INDET group 14: discard removals unknown; reported catch does not establish complete removals
WARNING - INDET group 15: diet/import has unknown cells; known subtotal 1 is not a complete composition
WARNING - INDET group 15: unassimilated fraction unknown; indicative checks use a software assumption
WARNING - INDET group 15: discard removals unknown; reported catch does not establish complete removals
WARNING - INDET group 16: diet/import has unknown cells; known subtotal 1 is not a complete composition
WARNING - INDET group 16: unassimilated fraction unknown; indicative checks use a software assumption
WARNING - INDET group 16: discard removals unknown; reported catch does not establish complete removals
WARNING - INDET group 17: diet/import has unknown cells; known subtotal 1 is not a complete composition
WARNING - INDET group 17: unassimilated fraction unknown; indicative checks use a software assumption
WARNING - INDET group 17: discard removals unknown; reported catch does not establish complete removals
WARNING - INDET group 18: diet/import has unknown cells; known subtotal 1 is not a complete composition
WARNING - INDET group 18: unassimilated fraction unknown; indicative checks use a software assumption
WARNING - INDET group 18: discard removals unknown; reported catch does not establish complete removals
WARNING - INDET group 19: diet/import has unknown cells; known subtotal 1 is not a complete composition
WARNING - INDET group 19: unassimilated fraction unknown; indicative checks use a software assumption
WARNING - INDET group 19: discard removals unknown; reported catch does not establish complete removals
WARNING - INDET group 20: diet/import has unknown cells; known subtotal 0 is not a complete composition
WARNING - INDET group 20: unassimilated fraction unknown; indicative checks use a software assumption
WARNING - INDET group 20: discard removals unknown; reported catch does not establish complete removals
WARNING - INDET group 21: diet/import has unknown cells; known subtotal 1 is not a complete composition
WARNING - INDET group 21: unassimilated fraction unknown; indicative checks use a software assumption
WARNING - INDET group 21: discard removals unknown; reported catch does not establish complete removals
WARNING - INDET group 22: diet/import has unknown cells; known subtotal 1 is not a complete composition
WARNING - INDET group 22: unassimilated fraction unknown; indicative checks use a software assumption
WARNING - INDET group 22: discard removals unknown; reported catch does not establish complete removals
WARNING - INDET group 23: diet/import has unknown cells; known subtotal 1 is not a complete composition
WARNING - INDET group 23: unassimilated fraction unknown; indicative checks use a software assumption
WARNING - INDET group 23: discard removals unknown; reported catch does not establish complete removals
WARNING - INDET group 24: diet/import has unknown cells; known subtotal 1 is not a complete composition
WARNING - INDET group 24: unassimilated fraction unknown; indicative checks use a software assumption
WARNING - INDET group 24: discard removals unknown; reported catch does not establish complete removals
WARNING - INDET group 25: diet/import has unknown cells; known subtotal 1 is not a complete composition
WARNING - INDET group 25: unassimilated fraction unknown; indicative checks use a software assumption
WARNING - INDET group 25: discard removals unknown; reported catch does not establish complete removals
WARNING - INDET group 26: diet/import has unknown cells; known subtotal 1 is not a complete composition
WARNING - INDET group 26: unassimilated fraction unknown; indicative checks use a software assumption
WARNING - INDET group 26: discard removals unknown; reported catch does not establish complete removals
WARNING - INDET group 27: diet/import has unknown cells; known subtotal 1 is not a complete composition
WARNING - INDET group 27: unassimilated fraction unknown; indicative checks use a software assumption
WARNING - INDET group 27: discard removals unknown; reported catch does not establish complete removals
WARNING - INDET group 28: diet/import has unknown cells; known subtotal 1 is not a complete composition
WARNING - INDET group 28: unassimilated fraction unknown; indicative checks use a software assumption
WARNING - INDET group 28: discard removals unknown; reported catch does not establish complete removals
WARNING - INDET group 29: diet/import has unknown cells; known subtotal 1 is not a complete composition
WARNING - INDET group 29: unassimilated fraction unknown; indicative checks use a software assumption
WARNING - INDET group 29: discard removals unknown; reported catch does not establish complete removals
WARNING - INDET group 30: diet/import has unknown cells; known subtotal 1 is not a complete composition
WARNING - INDET group 30: unassimilated fraction unknown; indicative checks use a software assumption
WARNING - INDET group 30: discard removals unknown; reported catch does not establish complete removals
WARNING - INDET group 31: diet/import has unknown cells; known subtotal 1 is not a complete composition
WARNING - INDET group 31: unassimilated fraction unknown; indicative checks use a software assumption
WARNING - INDET group 31: discard removals unknown; reported catch does not establish complete removals
WARNING - INDET group 32: diet/import has unknown cells; known subtotal 1 is not a complete composition
WARNING - INDET group 32: unassimilated fraction unknown; indicative checks use a software assumption
WARNING - INDET group 32: discard removals unknown; reported catch does not establish complete removals
WARNING - INDET group 33: diet/import has unknown cells; known subtotal 1 is not a complete composition
WARNING - INDET group 33: unassimilated fraction unknown; indicative checks use a software assumption
WARNING - INDET group 33: discard removals unknown; reported catch does not establish complete removals
WARNING - INDET group 34: diet/import has unknown cells; known subtotal 1 is not a complete composition
WARNING - INDET group 34: unassimilated fraction unknown; indicative checks use a software assumption
WARNING - INDET group 34: discard removals unknown; reported catch does not establish complete removals
WARNING - INDET group 35: discard removals unknown; reported catch does not establish complete removals
WARNING - INDET group 36: discard removals unknown; reported catch does not establish complete removals
WARNING - INDET group 37: discard removals unknown; reported catch does not establish complete removals
ERROR - ERROR group 20 (Epinephelus aeneus) has Q/B=6.992 but no diet entries - its consumption is missing from every prey's budget
INFO - 1 error(s), 109 indeterminate, 0 warning(s), 2 note(s)
INFO - Check each error against a rendered image of the source page before changing anything. Do not adjust numbers to make this pass.
INFO - An indeterminate group is a prompt to go back to the source for biomass accumulation, not a BA to enter. A BA this check suggested and then validated itself against would prove nothing.
INFO - Mass balance section written to C:\Users\idoca\Desktop\אישי\אקדמיה\תואר שני\מחקר\BTN\GlobalPPREstimation\regions\LME_027\models\27_Villanueva2004_SineSaloum\extracted_tables\thesis\partial_import_evidence\MASS_BALANCE.md
INFO - Log saved to C:\Users\idoca\Desktop\אישי\אקדמיה\תואר שני\מחקר\BTN\GlobalPPREstimation\regions\LME_027\models\27_Villanueva2004_SineSaloum\extracted_tables\thesis\partial_import_evidence\ewe_conversion.log
INFO - Reading JSON: C:\Users\idoca\Desktop\אישי\אקדמיה\תואר שני\מחקר\BTN\GlobalPPREstimation\regions\LME_027\models\27_Villanueva2004_SineSaloum\extracted_tables\thesis\partial_import_evidence\27_Canary_Current_Villanueva2004Thesis_Sine_Saloum_(1991-1992).json
