{
  "taxa": 181,
  "resolved": 153,
  "unresolved": 28,
  "coverage": {
    "landings": {
      "1950": {
        "total_tonnes": 116479.5292903677,
        "mapped_tonnes": 111720.2385763757,
        "coverage_fraction": 0.9591405396039356
      },
      "2019": {
        "total_tonnes": 2741447.824026478,
        "mapped_tonnes": 2652610.816898822,
        "coverage_fraction": 0.9675948575971154
      }
    },
    "catch": {
      "1950": {
        "total_tonnes": 118783.9746783303,
        "mapped_tonnes": 113919.3904492129,
        "coverage_fraction": 0.9590467969918433
      },
      "2019": {
        "total_tonnes": 2883541.9537540907,
        "mapped_tonnes": 2787544.988310194,
        "coverage_fraction": 0.9667086635174779
      }
    },
    "discards": {
      "1950": {
        "total_tonnes": 2304.4453879626,
        "mapped_tonnes": 2199.1518728372,
        "coverage_fraction": 0.9543085222694334
      },
      "2019": {
        "total_tonnes": 142094.1297276131,
        "mapped_tonnes": 134934.1714113723,
        "coverage_fraction": 0.9496111603627395
      }
    }
  },
  "unresolved_by_2019_catch": [
    {
      "taxon": "Lates calcarifer",
      "common_name": "Barramundi",
      "functional_group": "Large demersals (>=90 cm)",
      "commercial_group": "Perch-likes",
      "unidentified": false,
      "tonnes2019": 82097.32156749521,
      "all_years_tonnes": 2446835.9159831568
    },
    {
      "taxon": "Cypselurus poecilopterus",
      "common_name": "Yellowing flyingfish",
      "functional_group": "Small pelagics (<30 cm)",
      "commercial_group": "Other fishes & inverts",
      "unidentified": false,
      "tonnes2019": 11840.7173148535,
      "all_years_tonnes": 681813.0846442863
    },
    {
      "taxon": "Platycephalidae",
      "common_name": "Flatheads",
      "functional_group": "Medium demersals (30 - 89 cm)",
      "commercial_group": "Scorpionfishes",
      "unidentified": false,
      "tonnes2019": 688.9524313477,
      "all_years_tonnes": 511433.642259014
    },
    {
      "taxon": "Exocoetidae",
      "common_name": "Flyingfishes",
      "functional_group": "Small pelagics (<30 cm)",
      "commercial_group": "Other fishes & inverts",
      "unidentified": false,
      "tonnes2019": 391.4240884647,
      "all_years_tonnes": 56016.0950525333
    },
    {
      "taxon": "Xiphias gladius",
      "common_name": "Swordfish",
      "functional_group": "Large pelagics (>=90 cm)",
      "commercial_group": "Tuna & billfishes",
      "unidentified": false,
      "tonnes2019": 307.5437510989,
      "all_years_tonnes": 3546.201308522
    },
    {
      "taxon": "Alopias",
      "common_name": "Thresher sharks",
      "functional_group": "Large sharks (>=90 cm)",
      "commercial_group": "Sharks & rays",
      "unidentified": false,
      "tonnes2019": 243.1905877164,
      "all_years_tonnes": 381.0393664586
    },
    {
      "taxon": "Istiompax indica",
      "common_name": "Black marlin",
      "functional_group": "Large pelagics (>=90 cm)",
      "commercial_group": "Tuna & billfishes",
      "unidentified": false,
      "tonnes2019": 106.5951354997,
      "all_years_tonnes": 1075.6148128954999
    },
    {
      "taxon": "Plotosus",
      "common_name": "Eel catfishes",
      "functional_group": "Medium reef assoc. fish (30 - 89 cm)",
      "commercial_group": "Other fishes & inverts",
      "unidentified": false,
      "tonnes2019": 80.9788173732,
      "all_years_tonnes": 987.0771022072
    },
    {
      "taxon": "Kajikia audax",
      "common_name": "Striped marlin",
      "functional_group": "Large pelagics (>=90 cm)",
      "commercial_group": "Tuna & billfishes",
      "unidentified": false,
      "tonnes2019": 72.42910258970001,
      "all_years_tonnes": 554.4907903617
    },
    {
      "taxon": "Coryphaena hippurus",
      "common_name": "Common dolphinfish",
      "functional_group": "Large pelagics (>=90 cm)",
      "commercial_group": "Perch-likes",
      "unidentified": false,
      "tonnes2019": 59.63975977370001,
      "all_years_tonnes": 908.0564998586
    },
    {
      "taxon": "Plotosidae",
      "common_name": "Eeltail catfishes",
      "functional_group": "Medium reef assoc. fish (30 - 89 cm)",
      "commercial_group": "Other fishes & inverts",
      "unidentified": false,
      "tonnes2019": 56.4512554783,
      "all_years_tonnes": 2567.5401408942
    },
    {
      "taxon": "Labridae",
      "common_name": "Wrasses, gropers, tuskfishes",
      "functional_group": "Medium reef assoc. fish (30 - 89 cm)",
      "commercial_group": "Perch-likes",
      "unidentified": false,
      "tonnes2019": 33.9734183453,
      "all_years_tonnes": 820.9121104039
    },
    {
      "taxon": "Miscellaneous aquatic invertebrates",
      "common_name": "Aquatic invertebrates",
      "functional_group": "Other demersal invertebrates",
      "commercial_group": "Other fishes & inverts",
      "unidentified": false,
      "tonnes2019": 7.152736224300001,
      "all_years_tonnes": 1154.7664752011
    },
    {
      "taxon": "Tetrapturus angustirostris",
      "common_name": "Shortbill spearfish",
      "functional_group": "Large pelagics (>=90 cm)",
      "commercial_group": "Tuna & billfishes",
      "unidentified": false,
      "tonnes2019": 3.175558443,
      "all_years_tonnes": 58.8972180955
    },
    {
      "taxon": "Paralichthyidae",
      "common_name": "Largetooth flounders",
      "functional_group": "Small to medium flatfishes (<90 cm)",
      "commercial_group": "Flatfishes",
      "unidentified": false,
      "tonnes2019": 2.7615350456,
      "all_years_tonnes": 308.2428623872
    },
    {
      "taxon": "Istiophorus platypterus",
      "common_name": "Indo-Pacific sailfish",
      "functional_group": "Large pelagics (>=90 cm)",
      "commercial_group": "Tuna & billfishes",
      "unidentified": false,
      "tonnes2019": 1.8751563867,
      "all_years_tonnes": 256.9972634366
    },
    {
      "taxon": "Megalops cyprinoides",
      "common_name": "Indo-Pacific tarpon",
      "functional_group": "Large pelagics (>=90 cm)",
      "commercial_group": "Other fishes & inverts",
      "unidentified": false,
      "tonnes2019": 1.0128234892,
      "all_years_tonnes": 37.4556423014
    },
    {
      "taxon": "Istiophoridae",
      "common_name": "Billfishes",
      "functional_group": "Large pelagics (>=90 cm)",
      "commercial_group": "Tuna & billfishes",
      "unidentified": false,
      "tonnes2019": 1.0080412702,
      "all_years_tonnes": 650.4907251352
    },
    {
      "taxon": "Isurus oxyrinchus",
      "common_name": "Shortfin mako",
      "functional_group": "Large sharks (>=90 cm)",
      "commercial_group": "Sharks & rays",
      "unidentified": false,
      "tonnes2019": 0.3926855788,
      "all_years_tonnes": 310.8033489274
    },
    {
      "taxon": "Isurus",
      "common_name": "Mako sharks",
      "functional_group": "Large sharks (>=90 cm)",
      "commercial_group": "Sharks & rays",
      "unidentified": false,
      "tonnes2019": 0.3696774226,
      "all_years_tonnes": 701.727726046
    },
    {
      "taxon": "Berycidae",
      "common_name": "Alfonsinos, redfishes",
      "functional_group": "Medium benthopelagics (30 - 89 cm)",
      "commercial_group": "Other fishes & inverts",
      "unidentified": false,
      "tonnes2019": 0,
      "all_years_tonnes": 12.0829492085
    },
    {
      "taxon": "Bramidae",
      "common_name": "Pomfrets",
      "functional_group": "Medium pelagics (30 - 89 cm)",
      "commercial_group": "Perch-likes",
      "unidentified": false,
      "tonnes2019": 0,
      "all_years_tonnes": 5.8590308856
    },
    {
      "taxon": "Congridae",
      "common_name": "Conger, garden eels",
      "functional_group": "Large demersals (>=90 cm)",
      "commercial_group": "Other fishes & inverts",
      "unidentified": false,
      "tonnes2019": 0,
      "all_years_tonnes": 30.9767536743
    },
    {
      "taxon": "Lampris guttatus",
      "common_name": "Opah",
      "functional_group": "Large bathypelagics (>=90 cm)",
      "commercial_group": "Other fishes & inverts",
      "unidentified": false,
      "tonnes2019": 0,
      "all_years_tonnes": 7.7121046226
    },
    {
      "taxon": "Latidae",
      "common_name": "Lates perches",
      "functional_group": "Large demersals (>=90 cm)",
      "commercial_group": "Perch-likes",
      "unidentified": false,
      "tonnes2019": 0,
      "all_years_tonnes": 46297.9607675194
    },
    {
      "taxon": "Lepidocybium flavobrunneum",
      "common_name": "Escolar",
      "functional_group": "Large bathypelagics (>=90 cm)",
      "commercial_group": "Perch-likes",
      "unidentified": false,
      "tonnes2019": 0,
      "all_years_tonnes": 0.000200767
    },
    {
      "taxon": "Makaira",
      "common_name": "Blue marlins",
      "functional_group": "Large pelagics (>=90 cm)",
      "commercial_group": "Tuna & billfishes",
      "unidentified": false,
      "tonnes2019": 0,
      "all_years_tonnes": 124.326465166
    },
    {
      "taxon": "Scombroidei",
      "common_name": "Tunas, bonitos, billfishes",
      "functional_group": "Large pelagics (>=90 cm)",
      "commercial_group": "Tuna & billfishes",
      "unidentified": false,
      "tonnes2019": 0,
      "all_years_tonnes": 1722.6105167839
    }
  ],
  "weight_checks": "all resolved weights sum1; exact group ids; all181 catch taxa represented; no basal/Import/mammal mapping",
  "caveat": "Mapped does not mean certain; coarse and stage allocations are explicit proxies. Source Java Sea model extrapolated over Indonesian Sea LME and1950-2019, not spatially representative validation."
}
