
--- Running Pipeline Option 1 (Dir -> JSON -> Excel) ---

INFO - Starting conversion for directory: C:\Users\idoca\Desktop\אישי\אקדמיה\תואר שני\מחקר\BTN\GlobalPPREstimation\regions\LME_049\models\49_20252023_Kuroshio_Oyashio_Extension_Chen_(2023)\extracted_tables
INFO - Output will be saved as: 49_Kuroshio_Current_20252023_Kuroshio_Oyashio_Extension_Chen_(2023).json
INFO - Biomass accumulation file Biomass_accumulation.csv is entirely blank: BA is UNKNOWN for every group (-9999), not zero.
INFO - Processing group: Blue shark (ID: 1)
INFO -     - Total Diet + Import sum for Blue shark: 0.99000
WARNING -     - Diet Sum is not 1 (0.99000). Normalizing to 1.0
INFO -     - Detritus fate sum for Blue shark: 0.00000
WARNING -     - Missing Detritus fate routing for Blue shark (Sum = 0.0)
INFO - Processing group: Other sharks (ID: 2)
INFO -     - Total Diet + Import sum for Other sharks: 0.99000
WARNING -     - Diet Sum is not 1 (0.99000). Normalizing to 1.0
INFO -     - Detritus fate sum for Other sharks: 0.00000
WARNING -     - Missing Detritus fate routing for Other sharks (Sum = 0.0)
INFO - Processing group: Swordfish (ID: 3)
INFO -     - Total Diet + Import sum for Swordfish: 0.99000
WARNING -     - Diet Sum is not 1 (0.99000). Normalizing to 1.0
INFO -     - Detritus fate sum for Swordfish: 0.00000
WARNING -     - Missing Detritus fate routing for Swordfish (Sum = 0.0)
INFO - Processing group: Tunas (ID: 4)
INFO -     - Total Diet + Import sum for Tunas: 0.98000
WARNING -     - Diet Sum is not 1 (0.98000). Normalizing to 1.0
INFO -     - Detritus fate sum for Tunas: 0.00000
WARNING -     - Missing Detritus fate routing for Tunas (Sum = 0.0)
INFO - Processing group: Pelagic stingray (ID: 5)
INFO -     - Total Diet + Import sum for Pelagic stingray: 0.99000
WARNING -     - Diet Sum is not 1 (0.99000). Normalizing to 1.0
INFO -     - Detritus fate sum for Pelagic stingray: 0.00000
WARNING -     - Missing Detritus fate routing for Pelagic stingray (Sum = 0.0)
INFO - Processing group: Ocean sunfish (ID: 6)
INFO -     - Total Diet + Import sum for Ocean sunfish: 1.00000
INFO -     - Detritus fate sum for Ocean sunfish: 0.00000
WARNING -     - Missing Detritus fate routing for Ocean sunfish (Sum = 0.0)
INFO - Processing group: Salmon (ID: 7)
INFO -     - Total Diet + Import sum for Salmon: 1.00000
INFO -     - Detritus fate sum for Salmon: 0.00000
WARNING -     - Missing Detritus fate routing for Salmon (Sum = 0.0)
INFO - Processing group: Large mesopelagic fishes (ID: 8)
INFO -     - Total Diet + Import sum for Large mesopelagic fishes: 0.99000
WARNING -     - Diet Sum is not 1 (0.99000). Normalizing to 1.0
INFO -     - Detritus fate sum for Large mesopelagic fishes: 0.00000
WARNING -     - Missing Detritus fate routing for Large mesopelagic fishes (Sum = 0.0)
INFO - Processing group: Large pelagic fishes (ID: 9)
INFO -     - Total Diet + Import sum for Large pelagic fishes: 0.98000
WARNING -     - Diet Sum is not 1 (0.98000). Normalizing to 1.0
INFO -     - Detritus fate sum for Large pelagic fishes: 0.00000
WARNING -     - Missing Detritus fate routing for Large pelagic fishes (Sum = 0.0)
INFO - Processing group: Small mesopelagic fishes (ID: 10)
INFO -     - Total Diet + Import sum for Small mesopelagic fishes: 0.99000
WARNING -     - Diet Sum is not 1 (0.99000). Normalizing to 1.0
INFO -     - Detritus fate sum for Small mesopelagic fishes: 0.00000
WARNING -     - Missing Detritus fate routing for Small mesopelagic fishes (Sum = 0.0)
INFO - Processing group: Small pelagic fishes (ID: 11)
INFO -     - Total Diet + Import sum for Small pelagic fishes: 1.00000
INFO -     - Detritus fate sum for Small pelagic fishes: 0.00000
WARNING -     - Missing Detritus fate routing for Small pelagic fishes (Sum = 0.0)
INFO - Processing group: Pomfret (ID: 12)
INFO -     - Total Diet + Import sum for Pomfret: 0.99000
WARNING -     - Diet Sum is not 1 (0.99000). Normalizing to 1.0
INFO -     - Detritus fate sum for Pomfret: 0.00000
WARNING -     - Missing Detritus fate routing for Pomfret (Sum = 0.0)
INFO - Processing group: Medusafish; barrelfish and driftfish (ID: 13)
INFO -     - Total Diet + Import sum for Medusafish; barrelfish and driftfish: 0.98000
WARNING -     - Diet Sum is not 1 (0.98000). Normalizing to 1.0
INFO -     - Detritus fate sum for Medusafish; barrelfish and driftfish: 0.00000
WARNING -     - Missing Detritus fate routing for Medusafish; barrelfish and driftfish (Sum = 0.0)
INFO - Processing group: Chub mackerel (ID: 14)
INFO -     - Total Diet + Import sum for Chub mackerel: 0.99000
WARNING -     - Diet Sum is not 1 (0.99000). Normalizing to 1.0
INFO -     - Detritus fate sum for Chub mackerel: 0.00000
WARNING -     - Missing Detritus fate routing for Chub mackerel (Sum = 0.0)
INFO - Processing group: Japanese anchovy (ID: 15)
INFO -     - Total Diet + Import sum for Japanese anchovy: 1.00000
INFO -     - Detritus fate sum for Japanese anchovy: 0.00000
WARNING -     - Missing Detritus fate routing for Japanese anchovy (Sum = 0.0)
INFO - Processing group: Pacific sardine (ID: 16)
INFO -     - Total Diet + Import sum for Pacific sardine: 1.00000
INFO -     - Detritus fate sum for Pacific sardine: 0.00000
WARNING -     - Missing Detritus fate routing for Pacific sardine (Sum = 0.0)
INFO - Processing group: Pacific saury (ID: 17)
INFO -     - Total Diet + Import sum for Pacific saury: 1.00000
INFO -     - Detritus fate sum for Pacific saury: 0.00000
WARNING -     - Missing Detritus fate routing for Pacific saury (Sum = 0.0)
INFO - Processing group: Lantern fish (ID: 18)
INFO -     - Total Diet + Import sum for Lantern fish: 1.00000
INFO -     - Detritus fate sum for Lantern fish: 0.00000
WARNING -     - Missing Detritus fate routing for Lantern fish (Sum = 0.0)
INFO - Processing group: Cephalopoda (ID: 19)
INFO -     - Total Diet + Import sum for Cephalopoda: 1.00000
INFO -     - Detritus fate sum for Cephalopoda: 0.00000
WARNING -     - Missing Detritus fate routing for Cephalopoda (Sum = 0.0)
INFO - Processing group: Small cephalopoda (ID: 20)
INFO -     - Total Diet + Import sum for Small cephalopoda: 1.00000
INFO -     - Detritus fate sum for Small cephalopoda: 0.00000
WARNING -     - Missing Detritus fate routing for Small cephalopoda (Sum = 0.0)
INFO - Processing group: Krill (ID: 21)
INFO -     - Total Diet + Import sum for Krill: 1.00000
INFO -     - Detritus fate sum for Krill: 0.00000
WARNING -     - Missing Detritus fate routing for Krill (Sum = 0.0)
INFO - Processing group: Other crustaceans (ID: 22)
INFO -     - Total Diet + Import sum for Other crustaceans: 1.00000
INFO -     - Detritus fate sum for Other crustaceans: 0.00000
WARNING -     - Missing Detritus fate routing for Other crustaceans (Sum = 0.0)
INFO - Processing group: Zooplankton (ID: 23)
INFO -     - Total Diet + Import sum for Zooplankton: 0.99000
WARNING -     - Diet Sum is not 1 (0.99000). Normalizing to 1.0
INFO -     - Detritus fate sum for Zooplankton: 0.00000
WARNING -     - Missing Detritus fate routing for Zooplankton (Sum = 0.0)
INFO - Processing group: Phytoplankton (ID: 24)
INFO -     -> Identified as Primary Producer (pp = 1).
INFO - Processing group: Detritus (ID: 25)
INFO -     -> Identified as Detritus group (pp = 2).
INFO - 
Success: Output saved to C:\Users\idoca\Desktop\אישי\אקדמיה\תואר שני\מחקר\BTN\GlobalPPREstimation\regions\LME_049\models\49_20252023_Kuroshio_Oyashio_Extension_Chen_(2023)\extracted_tables\49_Kuroshio_Current_20252023_Kuroshio_Oyashio_Extension_Chen_(2023).json
INFO - 
--- Mass balance check: INDETERMINATE ---
INFO - BA is unknown (-9999) for 25 of 25 group(s); those groups cannot be decided unless they reconcile without it.
INFO - NOTE  23 group(s) carry all four of B/P-B/Q-B/EE - Ecopath needs three, so one of them is probably a published model estimate rather than an input; record which in REPORT.md: 1 (Blue shark), 2 (Other sharks), 3 (Swordfish), 4 (Tunas), 5 (Pelagic stingray), 6 (Ocean sunfish), 7 (Salmon), 8 (Large mesopelagic fishes) ...
INFO - NOTE  detritus pools (1): inflow ~958.9, consumption ~3.242 t/km^2/year, implied EE ~0.003 (indicative - export is not separated, it uses recomputed EE where the source gave none, and any unknown BA is left out of the flows entirely)
WARNING - INDET group 3 (Swordfish): printed EE 0.16 vs recomputed 0.000 (diff 0.160) with BA unknown - a BA of +0.0009173 t/km^2/year (+0.16 of production) would close it - undecidable: this may be an extraction error or the BA the source never printed
WARNING - INDET group 4 (Tunas): printed EE 0.81 vs recomputed 0.603 (diff 0.207) with BA unknown - a BA of +0.001303 t/km^2/year (+0.21 of production) would close it - undecidable: this may be an extraction error or the BA the source never printed
WARNING - INDET group 6 (Ocean sunfish): recomputed EE = 1.056 > 1 without BA, and BA is unknown - a BA of -0.0001746 t/km^2/year (-0.11 of production) would close it - undecidable until the source is checked for biomass accumulation
WARNING - INDET group 8 (Large mesopelagic fishes): recomputed EE = 45.364 > 1 without BA, and BA is unknown - undecidable until the source is checked for biomass accumulation
WARNING - INDET group 9 (Large pelagic fishes): recomputed EE = 4.835 > 1 without BA, and BA is unknown - undecidable until the source is checked for biomass accumulation
WARNING - INDET group 10 (Small mesopelagic fishes): recomputed EE = 1.334 > 1 without BA, and BA is unknown - a BA of -0.137 t/km^2/year (-0.38 of production) would close it - undecidable until the source is checked for biomass accumulation
WARNING - INDET group 11 (Small pelagic fishes): recomputed EE = 1.083 > 1 without BA, and BA is unknown - a BA of -0.02016 t/km^2/year (-0.13 of production) would close it - undecidable until the source is checked for biomass accumulation
WARNING - INDET group 12 (Pomfret): printed EE 0.13 vs recomputed 0.782 (diff 0.652) with BA unknown - a BA of -0.006913 t/km^2/year (-0.65 of production) would close it - undecidable: this may be an extraction error or the BA the source never printed
WARNING - INDET group 13 (Medusafish; barrelfish and driftfish): printed EE 0.79 vs recomputed 0.541 (diff 0.249) with BA unknown - a BA of +0.000142 t/km^2/year (+0.25 of production) would close it - undecidable: this may be an extraction error or the BA the source never printed
WARNING - INDET group 14 (Chub mackerel): printed EE 0.17 vs recomputed 0.062 (diff 0.108) with BA unknown - a BA of +0.02245 t/km^2/year (+0.11 of production) would close it - undecidable: this may be an extraction error or the BA the source never printed
WARNING - INDET group 15 (Japanese anchovy): printed EE 0.95 vs recomputed 0.100 (diff 0.850) with BA unknown - a BA of +0.2811 t/km^2/year (+0.85 of production) would close it - undecidable: this may be an extraction error or the BA the source never printed
WARNING - INDET group 18 (Lantern fish): recomputed EE = 12.703 > 1 without BA, and BA is unknown - undecidable until the source is checked for biomass accumulation
WARNING - INDET group 19 (Cephalopoda): recomputed EE = 2.145 > 1 without BA, and BA is unknown - undecidable until the source is checked for biomass accumulation
WARNING - INDET group 20 (Small cephalopoda): printed EE 0.95 vs recomputed 0.097 (diff 0.853) with BA unknown - a BA of +0.1568 t/km^2/year (+0.85 of production) would close it - undecidable: this may be an extraction error or the BA the source never printed
WARNING - INDET group 21 (Krill): printed EE 0.95 vs recomputed 0.476 (diff 0.474) with BA unknown - a BA of +0.5626 t/km^2/year (+0.47 of production) would close it - undecidable: this may be an extraction error or the BA the source never printed
WARNING - INDET group 22 (Other crustaceans): recomputed EE = 1.687 > 1 without BA, and BA is unknown - a BA of -1.593 t/km^2/year (-0.74 of production) would close it - undecidable until the source is checked for biomass accumulation
WARNING - WARN  group 23 (Zooplankton): P/Q = 0.511 outside the usual 0.02-0.5 range - check the P/B and Q/B columns
INFO - 0 error(s), 16 indeterminate, 1 warning(s), 2 note(s)
INFO - An indeterminate group is a prompt to go back to the source for biomass accumulation, not a BA to enter. A BA this check suggested and then validated itself against would prove nothing.
INFO - Mass balance section written to C:\Users\idoca\Desktop\אישי\אקדמיה\תואר שני\מחקר\BTN\GlobalPPREstimation\regions\LME_049\models\49_20252023_Kuroshio_Oyashio_Extension_Chen_(2023)\extracted_tables\MASS_BALANCE.md
WARNING - --update-report was given but no REPORT.md was found here
INFO - Log saved to C:\Users\idoca\Desktop\אישי\אקדמיה\תואר שני\מחקר\BTN\GlobalPPREstimation\regions\LME_049\models\49_20252023_Kuroshio_Oyashio_Extension_Chen_(2023)\extracted_tables\ewe_conversion.log
INFO - Reading JSON: C:\Users\idoca\Desktop\אישי\אקדמיה\תואר שני\מחקר\BTN\GlobalPPREstimation\regions\LME_049\models\49_20252023_Kuroshio_Oyashio_Extension_Chen_(2023)\extracted_tables\49_Kuroshio_Current_20252023_Kuroshio_Oyashio_Extension_Chen_(2023).json
INFO - Writing reconstructed files to: C:\Users\idoca\Desktop\אישי\אקדמיה\תואר שני\מחקר\BTN\GlobalPPREstimation\regions\LME_049\models\49_20252023_Kuroshio_Oyashio_Extension_Chen_(2023)\extracted_tables\49_Kuroshio_Current_20252023_Kuroshio_Oyashio_Extension_Chen_(2023)_reconstructed.xlsx
INFO -   -> Included 'Landings' sheet (calculated from 'export' param)
INFO -   -> Included 'Taxonomy' sheet
INFO -   -> Included 'Detritus fate' sheet (Pools identified: 1)
INFO - 
Success! Validation file generated.
