{
  "canonical_diet_and_import_cells_identical": true,
  "changed_source_parameter_counts": {
    "biomass": 37,
    "ee": 36,
    "export": 28,
    "ge": 16,
    "pb": 4,
    "qb": 2
  },
  "GE_changed_A_rows": [
    4,
    5,
    28,
    31,
    38
  ],
  "ratio_PPR_all": 5.2202499422259665,
  "ratio_catch": 5.367202991678973,
  "PPR_gap": 350.6936567853995,
  "sardine_share_of_gap_pct": 89.03828283957947,
  "catch_effect_share_pct": 97.45000009902097,
  "coefficient_effect_share_pct": 2.54999990097908,
  "weighted_mean_SPPR_1985": 20.207543521213548,
  "weighted_mean_SPPR_2013": 20.77639753687595,
  "living_GE_basis_effect": 9.288894486213763,
  "detritus_multiplier_effect": -0.3462065854462001,
  "living_GE_parameter_attribution": [
    {
      "seq": 4,
      "name": "Mackerel",
      "GE1985": 0.1074918566775244,
      "GE2013": 0.1758957654723127,
      "coefficient_difference_PPR_attribution": 7.342494327728806
    },
    {
      "seq": 5,
      "name": "Jack mackerel",
      "GE1985": 0.254606365159129,
      "GE2013": 0.3350083752093802,
      "coefficient_difference_PPR_attribution": 1.921620286121588
    },
    {
      "seq": 28,
      "name": "Bivalve",
      "GE1985": 0.2999400119976004,
      "GE2013": 0.3,
      "coefficient_difference_PPR_attribution": 0.0001013351612120535
    },
    {
      "seq": 31,
      "name": "Goby",
      "GE1985": 0.1430907604251839,
      "GE2013": 0.1210139002452984,
      "coefficient_difference_PPR_attribution": -0.016120802586451554
    },
    {
      "seq": 38,
      "name": "Zooplankton",
      "GE1985": 0.3000064922417711,
      "GE2013": 0.300064935064935,
      "coefficient_difference_PPR_attribution": 0.040799339788608786
    }
  ],
  "algebra_validation": "Both matrix-solve basal bases match direct diagnose_sppr outputs within 1e-11; all contribution decompositions sum to original GE gap. These hybrid matrices are explanatory algebra, not model candidates; no loader or source balancing performed for them."
}
                       name  coefficient_effect_symmetric
group_seq                                                
4                  Mackerel                      7.214811
5             Jack mackerel                      1.073173
10         Spanish mackerel                      0.439000
6                Yellowtail                      0.283575
8                      Tuna                      0.062069
21             Other squids                      0.052258
1                   Sardine                      0.026276
7              Frigate tuna                      0.019997
9                  Sailfish                      0.012466
12                 Flounder                      0.004355
             name      M0_1985     q_1985  egestion_1985  m_eff_1985  c_contribution_1985  b_contribution_1985     M0_2013     q_2013  egestion_2013  m_eff_2013  c_contribution_2013  b_contribution_2013
39  Phytoplankton  2081.367150  4162.7343        0.00000    0.723111             0.723111             0.000000  900.866300  1801.7326        0.00000    0.672895             0.672895             0.000000
1         Sardine    38.854452   666.5360      133.30720    0.013499             0.272320             0.000000    0.082110     4.9300        0.98600    0.000061             0.001237             0.000000
38    Zooplankton    97.041000  2310.4500      462.09000    0.033714             0.112378             0.000000  204.396072   896.2800      179.25600    0.152672             0.508797             0.000000
3         Anchovy     6.969024    49.6604        9.93208    0.002421             0.022360             0.000000    0.981240    22.2105        4.44210    0.000733             0.006767             0.000000
21   Other squids     1.581200    16.7500        3.35000    0.000549             0.010039             0.000059    5.051600    43.2500        8.65000    0.003773             0.068004             0.000407
4        Mackerel     0.620004    26.2178        5.24356    0.000215             0.006283             0.000000    0.025272     0.7982        0.15964    0.000019             0.000336             0.000000
17    Flying fish     0.618585     7.3187        1.46374    0.000215             0.004661             0.000000    0.074175     1.1225        0.22450    0.000055             0.001202             0.000000
5   Jack mackerel     0.969760     8.6565        1.73130    0.000337             0.003957             0.000000    0.213200     4.8954        0.97908    0.000159             0.001421             0.000000
6      Yellowtail     0.252960     3.3116        0.66232    0.000088             0.003124             0.000007    0.760554     6.8667        1.37334    0.000568             0.019796             0.000043
19      Barracuda     0.162840     5.2982        1.05964    0.000057             0.002281             0.000078    0.104811     2.2001        0.44002    0.000078             0.003143             0.000108
LOWEST COEFFICIENT RATIOS
                   name  SPPR_all_1985  SPPR_all_2013  SPPR_ratio_1985_to_2013
group_seq                                                                     
31                 Goby      23.905453      29.476892                 0.810990
24         Sea cucumber       3.964954       4.529884                 0.875288
26                 Crab       6.746999       7.708318                 0.875288
34         Brittle star       3.991015       4.559658                 0.875288
35           Polychaeta       3.967188       4.532436                 0.875288
40             Detritus       1.191348       1.361092                 0.875288
25          Other conch       3.971159       4.536973                 0.875288
33             Starfish       6.423887       7.152853                 0.898087
