INFO - Starting conversion for directory: C:\Users\idoca\Desktop\אישי\אקדמיה\תואר שני\מחקר\BTN\GlobalPPREstimation\regions\LME_003\models\CAL-2016_California_Current_2000-2014\extracted_tables
INFO - Output will be saved as: 3_California_Current_CAL-2016_California_Current_(2000-2014).json
INFO - Biomass accumulation loaded for 93 group(s) from Biomass_accumulation.csv
INFO - Processing group: phytoplankton (ID: 1)
WARNING -     - BA 0 given but no biomass, so the BA rate cannot be derived
INFO -     - Biomass accumulation: 0 t/km^2/year, -9999 /year
INFO -     - Detritus fate sum for phytoplankton: 1.00000
INFO -     -> Identified as Primary Producer (pp = 1).
WARNING -     - Missing Biomass for phytoplankton
INFO - Processing group: infauna (ID: 2)
WARNING -     - BA 0 given but no biomass, so the BA rate cannot be derived
INFO -     - Biomass accumulation: 0 t/km^2/year, -9999 /year
INFO -     - Total Diet + Import sum for infauna: 1.00000
INFO -     - Detritus fate sum for infauna: 1.00000
WARNING -     - Missing Biomass for infauna
INFO - Processing group: amphipods (ID: 3)
WARNING -     - BA 0 given but no biomass, so the BA rate cannot be derived
INFO -     - Biomass accumulation: 0 t/km^2/year, -9999 /year
INFO -     - Total Diet + Import sum for amphipods: 1.00000
INFO -     - Detritus fate sum for amphipods: 1.00000
WARNING -     - Missing Biomass for amphipods
INFO - Processing group: epibenthic (ID: 4)
WARNING -     - BA 0 given but no biomass, so the BA rate cannot be derived
INFO -     - Biomass accumulation: 0 t/km^2/year, -9999 /year
INFO -     - Total Diet + Import sum for epibenthic: 1.00000
INFO -     - Detritus fate sum for epibenthic: 1.00000
WARNING -     - Missing Biomass for epibenthic
INFO - Processing group: micro-zoop (ID: 5)
WARNING -     - BA 0 given but no biomass, so the BA rate cannot be derived
INFO -     - Biomass accumulation: 0 t/km^2/year, -9999 /year
INFO -     - Total Diet + Import sum for micro-zoop: 1.00000
INFO -     - Detritus fate sum for micro-zoop: 1.00000
WARNING -     - Missing Biomass for micro-zoop
INFO - Processing group: copepods (ID: 6)
WARNING -     - BA 0 given but no biomass, so the BA rate cannot be derived
INFO -     - Biomass accumulation: 0 t/km^2/year, -9999 /year
INFO -     - Total Diet + Import sum for copepods: 1.00000
INFO -     - Detritus fate sum for copepods: 1.00000
WARNING -     - Missing Biomass for copepods
INFO - Processing group: euphausiids (ID: 7)
WARNING -     - BA 0 given but no biomass, so the BA rate cannot be derived
INFO -     - Biomass accumulation: 0 t/km^2/year, -9999 /year
INFO -     - Total Diet + Import sum for euphausiids: 1.00000
INFO -     - Detritus fate sum for euphausiids: 1.00000
WARNING -     - Missing Biomass for euphausiids
INFO - Processing group: carniv-zoops (ID: 8)
WARNING -     - BA 0 given but no biomass, so the BA rate cannot be derived
INFO -     - Biomass accumulation: 0 t/km^2/year, -9999 /year
INFO -     - Total Diet + Import sum for carniv-zoops: 1.00000
INFO -     - Detritus fate sum for carniv-zoops: 1.00000
WARNING -     - Missing Biomass for carniv-zoops
INFO - Processing group: small jellies (ID: 9)
WARNING -     - BA 0 given but no biomass, so the BA rate cannot be derived
INFO -     - Biomass accumulation: 0 t/km^2/year, -9999 /year
INFO -     - Total Diet + Import sum for small jellies: 1.00000
INFO -     - Detritus fate sum for small jellies: 1.00000
WARNING -     - Missing Biomass for small jellies
INFO - Processing group: large jellies (ID: 10)
WARNING -     - BA 0 given but no biomass, so the BA rate cannot be derived
INFO -     - Biomass accumulation: 0 t/km^2/year, -9999 /year
INFO -     - Total Diet + Import sum for large jellies: 1.00000
INFO -     - Detritus fate sum for large jellies: 1.00000
WARNING -     - Missing Biomass for large jellies
INFO - Processing group: pandalid shp (ID: 11)
WARNING -     - BA 0 given but no biomass, so the BA rate cannot be derived
INFO -     - Biomass accumulation: 0 t/km^2/year, -9999 /year
INFO -     - Total Diet + Import sum for pandalid shp: 1.00000
INFO -     - Detritus fate sum for pandalid shp: 1.00000
WARNING -     - Missing Biomass for pandalid shp
INFO - Processing group: benthic shp (ID: 12)
WARNING -     - BA 0 given but no biomass, so the BA rate cannot be derived
INFO -     - Biomass accumulation: 0 t/km^2/year, -9999 /year
INFO -     - Total Diet + Import sum for benthic shp: 1.00000
INFO -     - Detritus fate sum for benthic shp: 1.00000
WARNING -     - Missing Biomass for benthic shp
INFO - Processing group: Dungeness (ID: 13)
WARNING -     - BA 0 given but no biomass, so the BA rate cannot be derived
INFO -     - Biomass accumulation: 0 t/km^2/year, -9999 /year
INFO -     - Total Diet + Import sum for Dungeness: 1.00000
INFO -     - Detritus fate sum for Dungeness: 1.00000
WARNING -     - Missing Biomass for Dungeness
INFO - Processing group: tanner crb (ID: 14)
WARNING -     - BA 0 given but no biomass, so the BA rate cannot be derived
INFO -     - Biomass accumulation: 0 t/km^2/year, -9999 /year
INFO -     - Total Diet + Import sum for tanner crb: 1.00000
INFO -     - Detritus fate sum for tanner crb: 1.00000
WARNING -     - Missing Biomass for tanner crb
INFO - Processing group: mesopelagics (ID: 15)
INFO -     - BA rate 0/year derived from BA 0 / B 9.933774834 (not stated by the source)
INFO -     - Biomass accumulation: 0 t/km^2/year, 0 /year
INFO -     - Total Diet + Import sum for mesopelagics: 1.00000
INFO -     - Detritus fate sum for mesopelagics: 1.00000
WARNING -     - Missing EE for mesopelagics
INFO - Processing group: Benthic fish (ID: 16)
WARNING -     - BA 0 given but no biomass, so the BA rate cannot be derived
INFO -     - Biomass accumulation: 0 t/km^2/year, -9999 /year
INFO -     - Total Diet + Import sum for Benthic fish: 1.00000
INFO -     - Detritus fate sum for Benthic fish: 1.00000
WARNING -     - Missing Biomass for Benthic fish
INFO - Processing group: surf perch (ID: 17)
WARNING -     - BA 0 given but no biomass, so the BA rate cannot be derived
INFO -     - Biomass accumulation: 0 t/km^2/year, -9999 /year
INFO -     - Total Diet + Import sum for surf perch: 1.00000
INFO -     - Detritus fate sum for surf perch: 1.00000
WARNING -     - Missing Biomass for surf perch
INFO - Processing group: Other cephal. (ID: 18)
WARNING -     - BA 0 given but no biomass, so the BA rate cannot be derived
INFO -     - Biomass accumulation: 0 t/km^2/year, -9999 /year
INFO -     - Total Diet + Import sum for Other cephal.: 1.00000
INFO -     - Detritus fate sum for Other cephal.: 1.00000
WARNING -     - Missing Biomass for Other cephal.
INFO - Processing group: Market squid (ID: 19)
WARNING -     - BA 0 given but no biomass, so the BA rate cannot be derived
INFO -     - Biomass accumulation: 0 t/km^2/year, -9999 /year
INFO -     - Total Diet + Import sum for Market squid: 1.00000
INFO -     - Detritus fate sum for Market squid: 1.00000
WARNING -     - Missing Biomass for Market squid
INFO - Processing group: Sardine (ID: 20)
INFO -     - BA rate 0/year derived from BA 0 / B 3.240503311 (not stated by the source)
INFO -     - Biomass accumulation: 0 t/km^2/year, 0 /year
INFO -     - Total Diet + Import sum for Sardine: 1.00000
INFO -     - Detritus fate sum for Sardine: 1.00000
WARNING -     - Missing EE for Sardine
INFO - Processing group: Anchovy (ID: 21)
INFO -     - BA rate 0/year derived from BA 0 / B 1.501728568 (not stated by the source)
INFO -     - Biomass accumulation: 0 t/km^2/year, 0 /year
INFO -     - Total Diet + Import sum for Anchovy: 1.00000
INFO -     - Detritus fate sum for Anchovy: 1.00000
WARNING -     - Missing EE for Anchovy
INFO - Processing group: Herring (ID: 22)
INFO -     - BA rate 0/year derived from BA 0 / B 0.662251656 (not stated by the source)
INFO -     - Biomass accumulation: 0 t/km^2/year, 0 /year
INFO -     - Total Diet + Import sum for Herring: 1.00000
INFO -     - Detritus fate sum for Herring: 1.00000
WARNING -     - Missing EE for Herring
INFO - Processing group: Pacific Mackerel (ID: 23)
INFO -     - BA rate 0/year derived from BA 0 / B 0.491839073 (not stated by the source)
INFO -     - Biomass accumulation: 0 t/km^2/year, 0 /year
INFO -     - Total Diet + Import sum for Pacific Mackerel: 1.00000
INFO -     - Detritus fate sum for Pacific Mackerel: 1.00000
WARNING -     - Missing EE for Pacific Mackerel
INFO - Processing group: Sand lance (ID: 24)
WARNING -     - BA 0 given but no biomass, so the BA rate cannot be derived
INFO -     - Biomass accumulation: 0 t/km^2/year, -9999 /year
INFO -     - Total Diet + Import sum for Sand lance: 1.00000
INFO -     - Detritus fate sum for Sand lance: 1.00000
WARNING -     - Missing Biomass for Sand lance
INFO - Processing group: Whitebait smelt (ID: 25)
INFO -     - BA rate 0/year derived from BA 0 / B 0.0802732 (not stated by the source)
INFO -     - Biomass accumulation: 0 t/km^2/year, 0 /year
INFO -     - Total Diet + Import sum for Whitebait smelt: 1.00000
INFO -     - Detritus fate sum for Whitebait smelt: 1.00000
WARNING -     - Missing EE for Whitebait smelt
INFO - Processing group: Other smelt (ID: 26)
WARNING -     - BA 0 given but no biomass, so the BA rate cannot be derived
INFO -     - Biomass accumulation: 0 t/km^2/year, -9999 /year
INFO -     - Total Diet + Import sum for Other smelt: 1.00000
INFO -     - Detritus fate sum for Other smelt: 1.00000
WARNING -     - Missing Biomass for Other smelt
INFO - Processing group: Saury (ID: 27)
INFO -     - BA rate 0/year derived from BA 0 / B 1.149668874 (not stated by the source)
INFO -     - Biomass accumulation: 0 t/km^2/year, 0 /year
INFO -     - Total Diet + Import sum for Saury: 1.00000
INFO -     - Detritus fate sum for Saury: 1.00000
WARNING -     - Missing EE for Saury
INFO - Processing group: Juv. rock. (ID: 28)
WARNING -     - BA 0 given but no biomass, so the BA rate cannot be derived
INFO -     - Biomass accumulation: 0 t/km^2/year, -9999 /year
INFO -     - Total Diet + Import sum for Juv. rock.: 1.00000
INFO -     - Detritus fate sum for Juv. rock.: 1.00000
WARNING -     - Missing Biomass for Juv. rock.
INFO - Processing group: Juv. hake (ID: 29)
WARNING -     - BA 0 given but no biomass, so the BA rate cannot be derived
INFO -     - Biomass accumulation: 0 t/km^2/year, -9999 /year
INFO -     - Total Diet + Import sum for Juv. hake: 1.00000
INFO -     - Detritus fate sum for Juv. hake: 1.00000
WARNING -     - Missing Biomass for Juv. hake
INFO - Processing group: Juv. flat. (ID: 30)
WARNING -     - BA 0 given but no biomass, so the BA rate cannot be derived
INFO -     - Biomass accumulation: 0 t/km^2/year, -9999 /year
INFO -     - Total Diet + Import sum for Juv. flat.: 1.00000
INFO -     - Detritus fate sum for Juv. flat.: 1.00000
WARNING -     - Missing Biomass for Juv. flat.
INFO - Processing group: Juv. round. (ID: 31)
WARNING -     - BA 0 given but no biomass, so the BA rate cannot be derived
INFO -     - Biomass accumulation: 0 t/km^2/year, -9999 /year
INFO -     - Total Diet + Import sum for Juv. round.: 1.00000
INFO -     - Detritus fate sum for Juv. round.: 1.00000
WARNING -     - Missing Biomass for Juv. round.
INFO - Processing group: Juv. thorny. (ID: 32)
WARNING -     - BA 0 given but no biomass, so the BA rate cannot be derived
INFO -     - Biomass accumulation: 0 t/km^2/year, -9999 /year
INFO -     - Total Diet + Import sum for Juv. thorny.: 1.00000
INFO -     - Detritus fate sum for Juv. thorny.: 1.00000
WARNING -     - Missing Biomass for Juv. thorny.
INFO - Processing group: Yellowtail rock. (ID: 33)
INFO -     - BA rate 0/year derived from BA 0 / B 0.545163633 (not stated by the source)
INFO -     - Biomass accumulation: 0 t/km^2/year, 0 /year
INFO -     - Total Diet + Import sum for Yellowtail rock.: 1.00000
INFO -     - Detritus fate sum for Yellowtail rock.: 1.00000
WARNING -     - Missing EE for Yellowtail rock.
INFO - Processing group: Black rock. (ID: 34)
INFO -     - BA rate 0/year derived from BA 0 / B 0.1242011 (not stated by the source)
INFO -     - Biomass accumulation: 0 t/km^2/year, 0 /year
INFO -     - Total Diet + Import sum for Black rock.: 1.00000
INFO -     - Detritus fate sum for Black rock.: 1.00000
WARNING -     - Missing EE for Black rock.
INFO - Processing group: Nearshore rock. (ID: 35)
INFO -     - BA rate 0/year derived from BA 0 / B 0.08012399 (not stated by the source)
INFO -     - Biomass accumulation: 0 t/km^2/year, 0 /year
INFO -     - Total Diet + Import sum for Nearshore rock.: 1.00000
INFO -     - Detritus fate sum for Nearshore rock.: 1.00000
WARNING -     - Missing EE for Nearshore rock.
INFO - Processing group: Yelloweye rock. (ID: 36)
INFO -     - BA rate 0/year derived from BA 0 / B 0.008983841 (not stated by the source)
INFO -     - Biomass accumulation: 0 t/km^2/year, 0 /year
INFO -     - Total Diet + Import sum for Yelloweye rock.: 1.00000
INFO -     - Detritus fate sum for Yelloweye rock.: 1.00000
WARNING -     - Missing EE for Yelloweye rock.
INFO - Processing group: Greenstriped (ID: 37)
INFO -     - BA rate 0/year derived from BA 0 / B 0.097823179 (not stated by the source)
INFO -     - Biomass accumulation: 0 t/km^2/year, 0 /year
INFO -     - Total Diet + Import sum for Greenstriped: 1.00000
INFO -     - Detritus fate sum for Greenstriped: 1.00000
WARNING -     - Missing EE for Greenstriped
INFO - Processing group: Shelf rock. (ID: 38)
INFO -     - BA rate 0/year derived from BA 0 / B 0.439965033 (not stated by the source)
INFO -     - Biomass accumulation: 0 t/km^2/year, 0 /year
INFO -     - Total Diet + Import sum for Shelf rock.: 1.00000
INFO -     - Detritus fate sum for Shelf rock.: 1.00000
WARNING -     - Missing EE for Shelf rock.
INFO - Processing group: Shortbelly (ID: 39)
INFO -     - BA rate 0/year derived from BA 0 / B 0.360264901 (not stated by the source)
INFO -     - Biomass accumulation: 0 t/km^2/year, 0 /year
INFO -     - Total Diet + Import sum for Shortbelly: 1.00000
INFO -     - Detritus fate sum for Shortbelly: 1.00000
WARNING -     - Missing EE for Shortbelly
INFO - Processing group: Petrale sole (ID: 40)
INFO -     - BA rate 0/year derived from BA 0 / B 0.078555298 (not stated by the source)
INFO -     - Biomass accumulation: 0 t/km^2/year, 0 /year
INFO -     - Total Diet + Import sum for Petrale sole: 1.00000
INFO -     - Detritus fate sum for Petrale sole: 1.00000
WARNING -     - Missing EE for Petrale sole
INFO - Processing group: Halibut (ID: 41)
INFO -     - BA rate 0/year derived from BA 0 / B 0.18512944 (not stated by the source)
INFO -     - Biomass accumulation: 0 t/km^2/year, 0 /year
INFO -     - Total Diet + Import sum for Halibut: 1.00000
INFO -     - Detritus fate sum for Halibut: 1.00000
WARNING -     - Missing EE for Halibut
INFO - Processing group: Hake (ID: 42)
INFO -     - BA rate 0/year derived from BA 0 / B 8.043867215 (not stated by the source)
INFO -     - Biomass accumulation: 0 t/km^2/year, 0 /year
INFO -     - Total Diet + Import sum for Hake: 1.00000
INFO -     - Detritus fate sum for Hake: 1.00000
WARNING -     - Missing EE for Hake
INFO - Processing group: Lingcod (ID: 43)
INFO -     - BA rate 0/year derived from BA 0 / B 0.312460265 (not stated by the source)
INFO -     - Biomass accumulation: 0 t/km^2/year, 0 /year
INFO -     - Total Diet + Import sum for Lingcod: 1.00000
INFO -     - Detritus fate sum for Lingcod: 1.00000
WARNING -     - Missing EE for Lingcod
INFO - Processing group: Arrowtooth (ID: 44)
INFO -     - BA rate 0/year derived from BA 0 / B 0.344084437 (not stated by the source)
INFO -     - Biomass accumulation: 0 t/km^2/year, 0 /year
INFO -     - Total Diet + Import sum for Arrowtooth: 1.00000
INFO -     - Detritus fate sum for Arrowtooth: 1.00000
WARNING -     - Missing EE for Arrowtooth
INFO - Processing group: Sablefish (ID: 45)
INFO -     - BA rate 0/year derived from BA 0 / B 0.896231788 (not stated by the source)
INFO -     - Biomass accumulation: 0 t/km^2/year, 0 /year
INFO -     - Total Diet + Import sum for Sablefish: 1.00000
INFO -     - Detritus fate sum for Sablefish: 1.00000
WARNING -     - Missing EE for Sablefish
INFO - Processing group: Albacore (ID: 46)
INFO -     - BA rate 0/year derived from BA 0 / B 0.095615672 (not stated by the source)
INFO -     - Biomass accumulation: 0 t/km^2/year, 0 /year
INFO -     - Total Diet + Import sum for Albacore: 1.00000
INFO -     - Detritus fate sum for Albacore: 1.00000
WARNING -     - Missing EE for Albacore
INFO - Processing group: Salmon (ID: 47)
INFO -     - BA rate 0/year derived from BA 0 / B 0.124642576 (not stated by the source)
INFO -     - Biomass accumulation: 0 t/km^2/year, 0 /year
INFO -     - Total Diet + Import sum for Salmon: 1.00000
INFO -     - Detritus fate sum for Salmon: 1.00000
WARNING -     - Missing EE for Salmon
INFO - Processing group: Grenadiers (ID: 48)
INFO -     - BA rate 0/year derived from BA 0 / B 0.36435566 (not stated by the source)
INFO -     - Biomass accumulation: 0 t/km^2/year, 0 /year
INFO -     - Total Diet + Import sum for Grenadiers: 1.00000
INFO -     - Detritus fate sum for Grenadiers: 1.00000
WARNING -     - Missing EE for Grenadiers
INFO - Processing group: Dogfish (ID: 49)
INFO -     - BA rate 0/year derived from BA 0 / B 0.859089052 (not stated by the source)
INFO -     - Biomass accumulation: 0 t/km^2/year, 0 /year
INFO -     - Total Diet + Import sum for Dogfish: 1.00000
INFO -     - Detritus fate sum for Dogfish: 1.00000
WARNING -     - Missing EE for Dogfish
INFO - Processing group: Canary rock. (ID: 50)
INFO -     - BA rate 0/year derived from BA 0 / B 0.077562914 (not stated by the source)
INFO -     - Biomass accumulation: 0 t/km^2/year, 0 /year
INFO -     - Total Diet + Import sum for Canary rock.: 1.00000
INFO -     - Detritus fate sum for Canary rock.: 1.00000
WARNING -     - Missing EE for Canary rock.
INFO - Processing group: P. Ocean Perch (ID: 51)
INFO -     - BA rate 0/year derived from BA 0 / B 0.100933775 (not stated by the source)
INFO -     - Biomass accumulation: 0 t/km^2/year, 0 /year
INFO -     - Total Diet + Import sum for P. Ocean Perch: 1.00000
INFO -     - Detritus fate sum for P. Ocean Perch: 1.00000
WARNING -     - Missing EE for P. Ocean Perch
INFO - Processing group: Widow rock. (ID: 52)
INFO -     - BA rate 0/year derived from BA 0 / B 0.259449283 (not stated by the source)
INFO -     - Biomass accumulation: 0 t/km^2/year, 0 /year
INFO -     - Total Diet + Import sum for Widow rock.: 1.00000
INFO -     - Detritus fate sum for Widow rock.: 1.00000
WARNING -     - Missing EE for Widow rock.
INFO - Processing group: Splitnose rock. (ID: 53)
INFO -     - BA rate 0/year derived from BA 0 / B 0.336721589 (not stated by the source)
INFO -     - Biomass accumulation: 0 t/km^2/year, 0 /year
INFO -     - Total Diet + Import sum for Splitnose rock.: 1.00000
INFO -     - Detritus fate sum for Splitnose rock.: 1.00000
WARNING -     - Missing EE for Splitnose rock.
INFO - Processing group: Slope rock. (ID: 54)
INFO -     - BA rate 0/year derived from BA 0 / B 0.230325174 (not stated by the source)
INFO -     - Biomass accumulation: 0 t/km^2/year, 0 /year
INFO -     - Total Diet + Import sum for Slope rock.: 1.00000
INFO -     - Detritus fate sum for Slope rock.: 1.00000
WARNING -     - Missing EE for Slope rock.
INFO - Processing group: Shortspine thorny. (ID: 55)
INFO -     - BA rate 0/year derived from BA 0 / B 1.09813245 (not stated by the source)
INFO -     - Biomass accumulation: 0 t/km^2/year, 0 /year
INFO -     - Total Diet + Import sum for Shortspine thorny.: 1.00000
INFO -     - Detritus fate sum for Shortspine thorny.: 1.00000
WARNING -     - Missing EE for Shortspine thorny.
INFO - Processing group: Longspine thorny. (ID: 56)
INFO -     - BA rate 0/year derived from BA 0 / B 0.308796556 (not stated by the source)
INFO -     - Biomass accumulation: 0 t/km^2/year, 0 /year
INFO -     - Total Diet + Import sum for Longspine thorny.: 1.00000
INFO -     - Detritus fate sum for Longspine thorny.: 1.00000
WARNING -     - Missing EE for Longspine thorny.
INFO - Processing group: Flatfish (ID: 57)
INFO -     - BA rate 0/year derived from BA 0 / B 3.56936053 (not stated by the source)
INFO -     - Biomass accumulation: 0 t/km^2/year, 0 /year
INFO -     - Total Diet + Import sum for Flatfish: 1.00000
INFO -     - Detritus fate sum for Flatfish: 1.00000
WARNING -     - Missing EE for Flatfish
INFO - Processing group: Skates (ID: 58)
INFO -     - BA rate 0/year derived from BA 0 / B 0.40241797 (not stated by the source)
INFO -     - Biomass accumulation: 0 t/km^2/year, 0 /year
INFO -     - Total Diet + Import sum for Skates: 1.00000
INFO -     - Detritus fate sum for Skates: 1.00000
WARNING -     - Missing EE for Skates
INFO - Processing group: Sharks (ID: 59)
WARNING -     - BA 0 given but no biomass, so the BA rate cannot be derived
INFO -     - Biomass accumulation: 0 t/km^2/year, -9999 /year
INFO -     - Total Diet + Import sum for Sharks: 1.00000
INFO -     - Detritus fate sum for Sharks: 1.00000
WARNING -     - Missing Biomass for Sharks
INFO - Processing group: Common murre (ID: 60)
INFO -     - BA rate 0/year derived from BA 0 / B 0.003271902 (not stated by the source)
INFO -     - Biomass accumulation: 0 t/km^2/year, 0 /year
INFO -     - Total Diet + Import sum for Common murre: 1.00000
INFO -     - Detritus fate sum for Common murre: 1.00000
WARNING -     - Missing EE for Common murre
INFO - Processing group: Cassin's auklet (ID: 61)
INFO -     - BA rate 0/year derived from BA 0 / B 0.00122623 (not stated by the source)
INFO -     - Biomass accumulation: 0 t/km^2/year, 0 /year
INFO -     - Total Diet + Import sum for Cassin's auklet: 1.00000
INFO -     - Detritus fate sum for Cassin's auklet: 1.00000
WARNING -     - Missing EE for Cassin's auklet
INFO - Processing group: Rhino. auklet (ID: 62)
INFO -     - BA rate 0/year derived from BA 0 / B 0.000276258 (not stated by the source)
INFO -     - Biomass accumulation: 0 t/km^2/year, 0 /year
INFO -     - Total Diet + Import sum for Rhino. auklet: 1.00000
INFO -     - Detritus fate sum for Rhino. auklet: 1.00000
WARNING -     - Missing EE for Rhino. auklet
INFO - Processing group: Tufted Puffin (ID: 63)
INFO -     - BA rate 0/year derived from BA 0 / B 0.000181 (not stated by the source)
INFO -     - Biomass accumulation: 0 t/km^2/year, 0 /year
INFO -     - Total Diet + Import sum for Tufted Puffin: 1.00000
INFO -     - Detritus fate sum for Tufted Puffin: 1.00000
WARNING -     - Missing EE for Tufted Puffin
INFO - Processing group: Cali. gull (ID: 64)
INFO -     - BA rate 0/year derived from BA 0 / B 0.000651829 (not stated by the source)
INFO -     - Biomass accumulation: 0 t/km^2/year, 0 /year
INFO -     - Total Diet + Import sum for Cali. gull: 1.00000
INFO -     - Detritus fate sum for Cali. gull: 1.00000
WARNING -     - Missing EE for Cali. gull
INFO - Processing group: Western Gull (ID: 65)
INFO -     - BA rate 0/year derived from BA 0 / B 0.000963162 (not stated by the source)
INFO -     - Biomass accumulation: 0 t/km^2/year, 0 /year
INFO -     - Total Diet + Import sum for Western Gull: 1.00000
INFO -     - Detritus fate sum for Western Gull: 1.00000
WARNING -     - Missing EE for Western Gull
INFO - Processing group: Kittiwake (ID: 66)
INFO -     - BA rate 0/year derived from BA 0 / B 0.000127 (not stated by the source)
INFO -     - Biomass accumulation: 0 t/km^2/year, 0 /year
INFO -     - Total Diet + Import sum for Kittiwake: 1.00000
INFO -     - Detritus fate sum for Kittiwake: 1.00000
WARNING -     - Missing EE for Kittiwake
INFO - Processing group: Albatross (ID: 67)
INFO -     - BA rate 0/year derived from BA 0 / B 0.000751347 (not stated by the source)
INFO -     - Biomass accumulation: 0 t/km^2/year, 0 /year
INFO -     - Total Diet + Import sum for Albatross: 1.00000
INFO -     - Detritus fate sum for Albatross: 1.00000
WARNING -     - Missing EE for Albatross
INFO - Processing group: Fulmar (ID: 68)
INFO -     - BA rate 0/year derived from BA 0 / B 0.00024052 (not stated by the source)
INFO -     - Biomass accumulation: 0 t/km^2/year, 0 /year
INFO -     - Total Diet + Import sum for Fulmar: 1.00000
INFO -     - Detritus fate sum for Fulmar: 1.00000
WARNING -     - Missing EE for Fulmar
INFO - Processing group: Shearwater (ID: 69)
INFO -     - BA rate 0/year derived from BA 0 / B 0.00363638 (not stated by the source)
INFO -     - Biomass accumulation: 0 t/km^2/year, 0 /year
INFO -     - Total Diet + Import sum for Shearwater: 1.00000
INFO -     - Detritus fate sum for Shearwater: 1.00000
WARNING -     - Missing EE for Shearwater
INFO - Processing group: Leach's S. Petrel (ID: 70)
INFO -     - BA rate 0/year derived from BA 0 / B 0.00059601 (not stated by the source)
INFO -     - Biomass accumulation: 0 t/km^2/year, 0 /year
INFO -     - Total Diet + Import sum for Leach's S. Petrel: 1.00000
INFO -     - Detritus fate sum for Leach's S. Petrel: 1.00000
WARNING -     - Missing EE for Leach's S. Petrel
INFO - Processing group: Transient Orcas (ID: 71)
INFO -     - BA rate 0/year derived from BA 0 / B 0.002673169 (not stated by the source)
INFO -     - Biomass accumulation: 0 t/km^2/year, 0 /year
INFO -     - Total Diet + Import sum for Transient Orcas: 1.00000
INFO -     - Detritus fate sum for Transient Orcas: 1.00000
WARNING -     - Missing EE for Transient Orcas
INFO - Processing group: Resident Orcas (ID: 72)
INFO -     - BA rate 0/year derived from BA 0 / B 0.001094942 (not stated by the source)
INFO -     - Biomass accumulation: 0 t/km^2/year, 0 /year
INFO -     - Total Diet + Import sum for Resident Orcas: 1.00000
INFO -     - Detritus fate sum for Resident Orcas: 1.00000
WARNING -     - Missing EE for Resident Orcas
INFO - Processing group: Porpoises (ID: 73)
INFO -     - BA rate 0/year derived from BA 0 / B 0.026510643 (not stated by the source)
INFO -     - Biomass accumulation: 0 t/km^2/year, 0 /year
INFO -     - Total Diet + Import sum for Porpoises: 1.00000
INFO -     - Detritus fate sum for Porpoises: 1.00000
WARNING -     - Missing EE for Porpoises
INFO - Processing group: Humpback whale (ID: 74)
INFO -     - BA rate 0/year derived from BA 0 / B 0.249932809 (not stated by the source)
INFO -     - Biomass accumulation: 0 t/km^2/year, 0 /year
INFO -     - Total Diet + Import sum for Humpback whale: 1.00000
INFO -     - Detritus fate sum for Humpback whale: 1.00000
WARNING -     - Missing EE for Humpback whale
INFO - Processing group: Minke whale (ID: 75)
INFO -     - BA rate 0/year derived from BA 0 / B 0.005196272 (not stated by the source)
INFO -     - Biomass accumulation: 0 t/km^2/year, 0 /year
INFO -     - Total Diet + Import sum for Minke whale: 1.00000
INFO -     - Detritus fate sum for Minke whale: 1.00000
WARNING -     - Missing EE for Minke whale
INFO - Processing group: Fin whale (ID: 76)
INFO -     - BA rate 0/year derived from BA 0 / B 0.140079437 (not stated by the source)
INFO -     - Biomass accumulation: 0 t/km^2/year, 0 /year
INFO -     - Total Diet + Import sum for Fin whale: 1.00000
INFO -     - Detritus fate sum for Fin whale: 1.00000
WARNING -     - Missing EE for Fin whale
INFO - Processing group: Sperm whale (ID: 77)
INFO -     - BA rate 0/year derived from BA 0 / B 0.018288552 (not stated by the source)
INFO -     - Biomass accumulation: 0 t/km^2/year, 0 /year
INFO -     - Total Diet + Import sum for Sperm whale: 1.00000
INFO -     - Detritus fate sum for Sperm whale: 1.00000
WARNING -     - Missing EE for Sperm whale
INFO - Processing group: Harbor seals (ID: 78)
INFO -     - BA rate 0/year derived from BA 0 / B 0.019624161 (not stated by the source)
INFO -     - Biomass accumulation: 0 t/km^2/year, 0 /year
INFO -     - Total Diet + Import sum for Harbor seals: 1.00000
INFO -     - Detritus fate sum for Harbor seals: 1.00000
WARNING -     - Missing EE for Harbor seals
INFO - Processing group: Sea Lions (ID: 79)
INFO -     - BA rate 0/year derived from BA 0 / B 0.098724885 (not stated by the source)
INFO -     - Biomass accumulation: 0 t/km^2/year, 0 /year
INFO -     - Total Diet + Import sum for Sea Lions: 1.00000
INFO -     - Detritus fate sum for Sea Lions: 1.00000
WARNING -     - Missing EE for Sea Lions
INFO - Processing group: Juv. Ele. Seal (ID: 80)
INFO -     - BA rate 0/year derived from BA 0 / B 0.037952869 (not stated by the source)
INFO -     - Biomass accumulation: 0 t/km^2/year, 0 /year
INFO -     - Total Diet + Import sum for Juv. Ele. Seal: 1.00000
INFO -     - Detritus fate sum for Juv. Ele. Seal: 1.00000
WARNING -     - Missing EE for Juv. Ele. Seal
INFO - Processing group: Adult N. Ele. Seal (ID: 81)
INFO -     - BA rate 0/year derived from BA 0 / B 0.077504106 (not stated by the source)
INFO -     - Biomass accumulation: 0 t/km^2/year, 0 /year
INFO -     - Total Diet + Import sum for Adult N. Ele. Seal: 1.00000
INFO -     - Detritus fate sum for Adult N. Ele. Seal: 1.00000
WARNING -     - Missing EE for Adult N. Ele. Seal
INFO - Processing group: Fur seals (ID: 82)
INFO -     - BA rate 0/year derived from BA 0 / B 0.007867377 (not stated by the source)
INFO -     - Biomass accumulation: 0 t/km^2/year, 0 /year
INFO -     - Total Diet + Import sum for Fur seals: 1.00000
INFO -     - Detritus fate sum for Fur seals: 1.00000
WARNING -     - Missing EE for Fur seals
INFO - Processing group: Blue whale (ID: 83)
INFO -     - BA rate 0/year derived from BA 0 / B 0.639381628 (not stated by the source)
INFO -     - Biomass accumulation: 0 t/km^2/year, 0 /year
INFO -     - Total Diet + Import sum for Blue whale: 1.00000
INFO -     - Detritus fate sum for Blue whale: 1.00000
WARNING -     - Missing EE for Blue whale
INFO - Processing group: Gray whale (ID: 84)
INFO -     - BA rate 0/year derived from BA 0 / B 0.973494401 (not stated by the source)
INFO -     - Biomass accumulation: 0 t/km^2/year, 0 /year
INFO -     - Total Diet + Import sum for Gray whale: 1.00000
INFO -     - Detritus fate sum for Gray whale: 1.00000
WARNING -     - Missing EE for Gray whale
INFO - Processing group: Dolphins (ID: 85)
INFO -     - BA rate 0/year derived from BA 0 / B 0.071282689 (not stated by the source)
INFO -     - Biomass accumulation: 0 t/km^2/year, 0 /year
INFO -     - Total Diet + Import sum for Dolphins: 1.00000
INFO -     - Detritus fate sum for Dolphins: 1.00000
WARNING -     - Missing EE for Dolphins
INFO - Processing group: Brandt's corm. (ID: 86)
INFO -     - BA rate 0/year derived from BA 0 / B 0.000725157 (not stated by the source)
INFO -     - Biomass accumulation: 0 t/km^2/year, 0 /year
INFO -     - Total Diet + Import sum for Brandt's corm.: 1.00000
INFO -     - Detritus fate sum for Brandt's corm.: 1.00000
WARNING -     - Missing EE for Brandt's corm.
INFO - Processing group: Double corm. (ID: 87)
INFO -     - BA rate 0/year derived from BA 0 / B 0.000364417 (not stated by the source)
INFO -     - Biomass accumulation: 0 t/km^2/year, 0 /year
INFO -     - Total Diet + Import sum for Double corm.: 1.00000
INFO -     - Detritus fate sum for Double corm.: 1.00000
WARNING -     - Missing EE for Double corm.
INFO - Processing group: Pelagic cormorant (ID: 88)
INFO -     - BA rate 0/year derived from BA 0 / B 0.000263421 (not stated by the source)
INFO -     - Biomass accumulation: 0 t/km^2/year, 0 /year
INFO -     - Total Diet + Import sum for Pelagic cormorant: 1.00000
INFO -     - Detritus fate sum for Pelagic cormorant: 1.00000
WARNING -     - Missing EE for Pelagic cormorant
INFO - Processing group: Murrelet (ID: 89)
INFO -     - BA rate 0/year derived from BA 0 / B 2.78e-05 (not stated by the source)
INFO -     - Biomass accumulation: 0 t/km^2/year, 0 /year
INFO -     - Total Diet + Import sum for Murrelet: 1.00000
INFO -     - Detritus fate sum for Murrelet: 1.00000
WARNING -     - Missing EE for Murrelet
INFO - Processing group: Pigeon Guillemot (ID: 90)
INFO -     - BA rate 0/year derived from BA 0 / B 9.5e-05 (not stated by the source)
INFO -     - Biomass accumulation: 0 t/km^2/year, 0 /year
INFO -     - Total Diet + Import sum for Pigeon Guillemot: 1.00000
INFO -     - Detritus fate sum for Pigeon Guillemot: 1.00000
WARNING -     - Missing EE for Pigeon Guillemot
INFO - Processing group: Caspian tern (ID: 91)
INFO -     - BA rate 0/year derived from BA 0 / B 9.36e-05 (not stated by the source)
INFO -     - Biomass accumulation: 0 t/km^2/year, 0 /year
INFO -     - Total Diet + Import sum for Caspian tern: 1.00000
INFO -     - Detritus fate sum for Caspian tern: 1.00000
WARNING -     - Missing EE for Caspian tern
INFO - Processing group: Brown Pelican (ID: 92)
INFO -     - BA rate 0/year derived from BA 0 / B 0.000270332 (not stated by the source)
INFO -     - Biomass accumulation: 0 t/km^2/year, 0 /year
INFO -     - Total Diet + Import sum for Brown Pelican: 1.00000
INFO -     - Detritus fate sum for Brown Pelican: 1.00000
WARNING -     - Missing EE for Brown Pelican
INFO - Processing group: Detritus (ID: 93)
INFO -     - BA rate 0/year derived from BA 0 / B 10.0 (not stated by the source)
INFO -     - Biomass accumulation: 0 t/km^2/year, 0 /year
INFO -     -> Identified as Detritus group (pp = 2).
WARNING -     - Missing EE for Detritus
INFO - 
Success: Output saved to C:\Users\idoca\Desktop\אישי\אקדמיה\תואר שני\מחקר\BTN\GlobalPPREstimation\regions\LME_003\models\CAL-2016_California_Current_2000-2014\extracted_tables\3_California_Current_CAL-2016_California_Current_(2000-2014).json
INFO - 
--- Mass balance check: BALANCED ---
INFO - BA is unknown (-9999) for 0 of 93 group(s); those groups cannot be decided unless they reconcile without it.
INFO - NOTE  25 consumer(s) lack B or Q/B, so predation on their prey is under-counted and every recomputed EE below is a lower bound: 2 (infauna), 3 (amphipods), 4 (epibenthic), 5 (micro-zoop), 6 (copepods), 7 (euphausiids)
INFO - NOTE  detritus pools (1): inflow ~33.97, consumption ~0.1424 t/km^2/year, implied EE ~0.004 (indicative - export is not separated, it uses recomputed EE where the source gave none, and any unknown BA is left out of the flows entirely)
WARNING - WARN  group 60 (Common murre): P/Q = 0.000 outside the usual 0.02-0.5 range - check the P/B and Q/B columns
WARNING - WARN  group 61 (Cassin's auklet): P/Q = 0.001 outside the usual 0.02-0.5 range - check the P/B and Q/B columns
WARNING - WARN  group 62 (Rhino. auklet): P/Q = 0.001 outside the usual 0.02-0.5 range - check the P/B and Q/B columns
WARNING - WARN  group 63 (Tufted Puffin): P/Q = 0.000 outside the usual 0.02-0.5 range - check the P/B and Q/B columns
WARNING - WARN  group 64 (Cali. gull): P/Q = 0.001 outside the usual 0.02-0.5 range - check the P/B and Q/B columns
WARNING - WARN  group 65 (Western Gull): P/Q = 0.001 outside the usual 0.02-0.5 range - check the P/B and Q/B columns
WARNING - WARN  group 66 (Kittiwake): P/Q = 0.000 outside the usual 0.02-0.5 range - check the P/B and Q/B columns
WARNING - WARN  group 67 (Albatross): P/Q = 0.000 outside the usual 0.02-0.5 range - check the P/B and Q/B columns
WARNING - WARN  group 68 (Fulmar): P/Q = 0.000 outside the usual 0.02-0.5 range - check the P/B and Q/B columns
WARNING - WARN  group 69 (Shearwater): P/Q = 0.000 outside the usual 0.02-0.5 range - check the P/B and Q/B columns
WARNING - WARN  group 70 (Leach's S. Petrel): P/Q = 0.000 outside the usual 0.02-0.5 range - check the P/B and Q/B columns
WARNING - WARN  group 71 (Transient Orcas): P/Q = 0.002 outside the usual 0.02-0.5 range - check the P/B and Q/B columns
WARNING - WARN  group 72 (Resident Orcas): P/Q = 0.002 outside the usual 0.02-0.5 range - check the P/B and Q/B columns
WARNING - WARN  group 73 (Porpoises): P/Q = 0.002 outside the usual 0.02-0.5 range - check the P/B and Q/B columns
WARNING - WARN  group 74 (Humpback whale): P/Q = 0.005 outside the usual 0.02-0.5 range - check the P/B and Q/B columns
WARNING - WARN  group 75 (Minke whale): P/Q = 0.006 outside the usual 0.02-0.5 range - check the P/B and Q/B columns
WARNING - WARN  group 76 (Fin whale): P/Q = 0.006 outside the usual 0.02-0.5 range - check the P/B and Q/B columns
WARNING - WARN  group 77 (Sperm whale): P/Q = 0.002 outside the usual 0.02-0.5 range - check the P/B and Q/B columns
WARNING - WARN  group 78 (Harbor seals): P/Q = 0.003 outside the usual 0.02-0.5 range - check the P/B and Q/B columns
WARNING - WARN  group 79 (Sea Lions): P/Q = 0.005 outside the usual 0.02-0.5 range - check the P/B and Q/B columns
WARNING - WARN  group 81 (Adult N. Ele. Seal): P/Q = 0.015 outside the usual 0.02-0.5 range - check the P/B and Q/B columns
WARNING - WARN  group 82 (Fur seals): P/Q = 0.002 outside the usual 0.02-0.5 range - check the P/B and Q/B columns
WARNING - WARN  group 83 (Blue whale): P/Q = 0.009 outside the usual 0.02-0.5 range - check the P/B and Q/B columns
WARNING - WARN  group 84 (Gray whale): P/Q = 0.003 outside the usual 0.02-0.5 range - check the P/B and Q/B columns
WARNING - WARN  group 85 (Dolphins): P/Q = 0.002 outside the usual 0.02-0.5 range - check the P/B and Q/B columns
WARNING - WARN  group 86 (Brandt's corm.): P/Q = 0.002 outside the usual 0.02-0.5 range - check the P/B and Q/B columns
WARNING - WARN  group 87 (Double corm.): P/Q = 0.001 outside the usual 0.02-0.5 range - check the P/B and Q/B columns
WARNING - WARN  group 88 (Pelagic cormorant): P/Q = 0.001 outside the usual 0.02-0.5 range - check the P/B and Q/B columns
WARNING - WARN  group 89 (Murrelet): P/Q = 0.000 outside the usual 0.02-0.5 range - check the P/B and Q/B columns
WARNING - WARN  group 90 (Pigeon Guillemot): P/Q = 0.001 outside the usual 0.02-0.5 range - check the P/B and Q/B columns
WARNING - WARN  group 91 (Caspian tern): P/Q = 0.001 outside the usual 0.02-0.5 range - check the P/B and Q/B columns
WARNING - WARN  group 92 (Brown Pelican): P/Q = 0.002 outside the usual 0.02-0.5 range - check the P/B and Q/B columns
INFO - 0 error(s), 0 indeterminate, 32 warning(s), 2 note(s)
INFO - Mass balance section written to C:\Users\idoca\Desktop\אישי\אקדמיה\תואר שני\מחקר\BTN\GlobalPPREstimation\regions\LME_003\models\CAL-2016_California_Current_2000-2014\extracted_tables\MASS_BALANCE.md
WARNING - --update-report was given but no REPORT.md was found here
INFO - Log saved to C:\Users\idoca\Desktop\אישי\אקדמיה\תואר שני\מחקר\BTN\GlobalPPREstimation\regions\LME_003\models\CAL-2016_California_Current_2000-2014\extracted_tables\ewe_conversion.log
INFO - Reading JSON: C:\Users\idoca\Desktop\אישי\אקדמיה\תואר שני\מחקר\BTN\GlobalPPREstimation\regions\LME_003\models\CAL-2016_California_Current_2000-2014\extracted_tables\3_California_Current_CAL-2016_California_Current_(2000-2014).json
INFO - Writing reconstructed files to: C:\Users\idoca\Desktop\אישי\אקדמיה\תואר שני\מחקר\BTN\GlobalPPREstimation\regions\LME_003\models\CAL-2016_California_Current_2000-2014\extracted_tables\3_California_Current_CAL-2016_California_Current_(2000-2014)_reconstructed.xlsx
INFO -   -> Included 'Biomass accumulation' sheet
INFO -   -> Included 'Landings' sheet (calculated from 'export' param)
INFO -   -> Included 'Taxonomy' sheet
INFO -   -> Included 'Detritus fate' sheet (Pools identified: 1)
INFO - 
Success! Validation file generated.
